--------- beginning of main
06-16 12:58:59.634 W/auditd  (  112): type=2000 audit(0.0:1): initialized
06-16 12:58:59.890 I/auditd  (  112): type=1403 audit(0.0:2): policy loaded auid=4294967295 ses=4294967295
06-16 12:58:59.910 I/init    (   89): type=1400 audit(0.0:3): avc: denied { execute_no_trans } for path="/init" dev="rootfs" ino=7810 scontext=u:r:init:s0 tcontext=u:object_r:init_exec:s0 tclass=file permissive=1
06-16 12:58:59.910 I/ueventd (   89): type=1400 audit(0.0:4): avc: denied { create } for name="__kmsg__" scontext=u:r:init:s0 tcontext=u:object_r:device:s0 tclass=chr_file permissive=1
06-16 12:58:59.910 I/ueventd (   89): type=1400 audit(0.0:5): avc: denied { unlink } for name="__kmsg__" dev="tmpfs" ino=7878 scontext=u:r:init:s0 tcontext=u:object_r:device:s0 tclass=chr_file permissive=1
06-16 12:58:59.910 I/ueventd (   89): type=1400 audit(0.0:6): avc: denied { create } for scontext=u:r:init:s0 tcontext=u:r:init:s0 tclass=netlink_kobject_uevent_socket permissive=1
06-16 12:58:59.910 I/ueventd (   89): type=1400 audit(0.0:7): avc: denied { setopt } for scontext=u:r:init:s0 tcontext=u:r:init:s0 tclass=netlink_kobject_uevent_socket permissive=1
06-16 12:58:59.910 I/ueventd (   89): type=1400 audit(0.0:8): avc: denied { bind } for scontext=u:r:init:s0 tcontext=u:r:init:s0 tclass=netlink_kobject_uevent_socket permissive=1
06-16 12:58:59.910 I/ueventd (   89): type=1400 audit(0.0:9): avc: denied { read } for scontext=u:r:init:s0 tcontext=u:r:init:s0 tclass=netlink_kobject_uevent_socket permissive=1
06-16 12:58:59.910 I/ueventd (   89): type=1400 audit(0.0:10): avc: denied { create } for name="rtc0" scontext=u:r:init:s0 tcontext=u:object_r:rtc_device:s0 tclass=chr_file permissive=1
06-16 12:59:03.890 I/init    (    1): type=1400 audit(0.0:67): avc: denied { sys_module } for capability=16 scontext=u:r:init:s0 tcontext=u:r:init:s0 tclass=capability permissive=1
06-16 12:59:04.022 I/debuggerd64(  120): type=1400 audit(0.0:68): avc: denied { sendto } for path="/dev/socket/logdw" scontext=u:r:debuggerd:s0 tcontext=u:r:init:s0 tclass=unix_dgram_socket permissive=1
06-16 12:59:04.023 I/        (  120): debuggerd: starting
06-16 12:59:04.062 I/vold    (  121): type=1400 audit(0.0:69): avc: denied { read write } for path="socket:[8145]" dev="sockfs" ino=8145 scontext=u:r:vold:s0 tcontext=u:r:init:s0 tclass=unix_stream_socket permissive=1
06-16 12:59:04.110 I/vold    (  121): type=1400 audit(0.0:70): avc: denied { sendto } for path="/dev/socket/logdw" scontext=u:r:vold:s0 tcontext=u:r:init:s0 tclass=unix_dgram_socket permissive=1
--------- beginning of system
06-16 12:59:04.112 I/vold    (  121): Vold 3.0 (the awakening) firing up
06-16 12:59:04.366 I/ueventd (   89): type=1400 audit(0.0:71): avc: denied { relabelfrom } for name="ram0" dev="tmpfs" ino=8003 scontext=u:r:init:s0 tcontext=u:object_r:ram_device:s0 tclass=blk_file permissive=1
06-16 12:59:04.366 I/ueventd (   89): type=1400 audit(0.0:72): avc: denied { relabelto } for name="ram0" dev="tmpfs" ino=8003 scontext=u:r:init:s0 tcontext=u:object_r:ram_device:s0 tclass=blk_file permissive=1
06-16 12:59:04.374 I/ueventd (   89): type=1400 audit(0.0:73): avc: denied { relabelfrom } for name="xvda" dev="tmpfs" ino=7888 scontext=u:r:init:s0 tcontext=u:object_r:block_device:s0 tclass=blk_file permissive=1
06-16 12:59:04.374 I/ueventd (   89): type=1400 audit(0.0:74): avc: denied { relabelto } for name="xvda" dev="tmpfs" ino=7888 scontext=u:r:init:s0 tcontext=u:object_r:block_device:s0 tclass=blk_file permissive=1
06-16 12:59:04.374 I/vold    (  121): type=1400 audit(0.0:75): avc: denied { listen } for path="/dev/socket/vold" scontext=u:r:vold:s0 tcontext=u:r:init:s0 tclass=unix_stream_socket permissive=1
06-16 12:59:04.378 I/vdc     (  124): type=1400 audit(0.0:76): avc: denied { connectto } for path="/dev/socket/cryptd" scontext=u:r:vdc:s0 tcontext=u:r:init:s0 tclass=unix_stream_socket permissive=1
06-16 12:59:04.378 I/vold    (  128): type=1400 audit(0.0:77): avc: denied { accept } for path="/dev/socket/cryptd" scontext=u:r:vold:s0 tcontext=u:r:init:s0 tclass=unix_stream_socket permissive=1
06-16 12:59:04.378 I/vold    (  128): type=1400 audit(0.0:78): avc: denied { getopt } for path="/dev/socket/cryptd" scontext=u:r:vold:s0 tcontext=u:r:init:s0 tclass=unix_stream_socket permissive=1
06-16 12:59:04.398 I/vdc     (    1): 200 124 Command succeeded
06-16 12:59:04.406 I/ueventd (   89): type=1400 audit(0.0:79): avc: denied { relabelfrom } for name="loop0" dev="tmpfs" ino=8013 scontext=u:r:init:s0 tcontext=u:object_r:loop_device:s0 tclass=blk_file permissive=1
06-16 12:59:04.406 I/ueventd (   89): type=1400 audit(0.0:80): avc: denied { relabelto } for name="loop0" dev="tmpfs" ino=8013 scontext=u:r:init:s0 tcontext=u:object_r:loop_device:s0 tclass=blk_file permissive=1
06-16 12:59:04.434 I/tzdatacheck(  129): type=1400 audit(0.0:81): avc: denied { sendto } for path="/dev/socket/logdw" scontext=u:r:tzdatacheck:s0 tcontext=u:r:init:s0 tclass=unix_dgram_socket permissive=1
06-16 12:59:04.435 I//system/bin/tzdatacheck(  129): tzdata file /data/misc/zoneinfo/current/tzdata does not exist. No action required.
06-16 12:59:04.442 I/ueventd (   89): type=1400 audit(0.0:82): avc: denied { read } for scontext=u:r:init:s0 tcontext=u:r:init:s0 tclass=netlink_kobject_uevent_socket permissive=1
06-16 12:59:04.534 I/init    (    1): type=1400 audit(0.0:83): avc: denied { read } for name="httpd" dev="xvda5" ino=3526 scontext=u:r:init:s0 tcontext=u:object_r:httpd_exec:s0 tclass=lnk_file permissive=1
06-16 12:59:04.534 I/init    (    1): type=1400 audit(0.0:84): avc: denied { getattr } for path="/system/xbin/busybox" dev="xvda5" ino=3451 scontext=u:r:init:s0 tcontext=u:object_r:busybox_exec:s0 tclass=file permissive=1
06-16 12:59:04.542 I/init    (  133): type=1400 audit(0.0:85): avc: denied { execute } for name="busybox" dev="xvda5" ino=3451 scontext=u:r:init:s0 tcontext=u:object_r:busybox_exec:s0 tclass=file permissive=1
06-16 12:59:04.542 I/init    (  133): type=1400 audit(0.0:86): avc: denied { read open } for path="/system/xbin/busybox" dev="xvda5" ino=3451 scontext=u:r:init:s0 tcontext=u:object_r:busybox_exec:s0 tclass=file permissive=1
06-16 12:59:04.542 I/init    (  133): type=1400 audit(0.0:87): avc: denied { execute_no_trans } for path="/system/xbin/busybox" dev="xvda5" ino=3451 scontext=u:r:init:s0 tcontext=u:object_r:busybox_exec:s0 tclass=file permissive=1
06-16 12:59:04.558 I/cp      (  134): type=1400 audit(0.0:88): avc: denied { read } for name="www" dev="xvda7" ino=7939 scontext=u:r:toolbox:s0 tcontext=u:object_r:system_data_file:s0 tclass=dir permissive=1
06-16 12:59:04.558 I/cp      (  134): type=1400 audit(0.0:89): avc: denied { open } for path="/data/www" dev="xvda7" ino=7939 scontext=u:r:toolbox:s0 tcontext=u:object_r:system_data_file:s0 tclass=dir permissive=1
06-16 12:59:04.570 I/cp      (  134): type=1400 audit(0.0:90): avc: denied { write } for name="definition.v1.yaml" dev="xvda7" ino=7941 scontext=u:r:toolbox:s0 tcontext=u:object_r:system_data_file:s0 tclass=file permissive=1
06-16 12:59:04.570 I/cp      (  134): type=1400 audit(0.0:91): avc: denied { open } for path="/data/www/api/definition.v1.yaml" dev="xvda7" ino=7941 scontext=u:r:toolbox:s0 tcontext=u:object_r:system_data_file:s0 tclass=file permissive=1
06-16 12:59:04.582 I/sshd    (  132): type=1400 audit(0.0:92): avc: denied { sendto } for path="/dev/socket/logdw" scontext=u:r:start-ssh:s0 tcontext=u:r:init:s0 tclass=unix_dgram_socket permissive=1
06-16 12:59:04.583 I//system/bin/sshd(  132): Server listening on :: port 22.
06-16 12:59:04.583 I//system/bin/sshd(  132): Server listening on 0.0.0.0 port 22.
06-16 12:59:04.583 E//system/bin/sshd(  132): error: Couldn't create pid file "/var/run/sshd.pid": No such file or directory
06-16 12:59:04.646 I/httpd   (  133): type=1400 audit(0.0:93): avc: denied { create } for scontext=u:r:init:s0 tcontext=u:r:init:s0 tclass=tcp_socket permissive=1
06-16 12:59:04.646 I/httpd   (  133): type=1400 audit(0.0:94): avc: denied { setopt } for scontext=u:r:init:s0 tcontext=u:r:init:s0 tclass=tcp_socket permissive=1
06-16 12:59:04.646 I/httpd   (  133): type=1400 audit(0.0:95): avc: denied { bind } for scontext=u:r:init:s0 tcontext=u:r:init:s0 tclass=tcp_socket permissive=1
06-16 12:59:04.646 I/httpd   (  133): type=1400 audit(0.0:96): avc: denied { name_bind } for src=80 scontext=u:r:init:s0 tcontext=u:object_r:port:s0 tclass=tcp_socket permissive=1
06-16 12:59:04.646 I/httpd   (  133): type=1400 audit(0.0:97): avc: denied { node_bind } for src=80 scontext=u:r:init:s0 tcontext=u:object_r:node:s0 tclass=tcp_socket permissive=1
06-16 12:59:04.646 I/httpd   (  133): type=1400 audit(0.0:98): avc: denied { net_bind_service } for capability=10 scontext=u:r:init:s0 tcontext=u:r:init:s0 tclass=capability permissive=1
06-16 12:59:04.646 I/httpd   (  133): type=1400 audit(0.0:99): avc: denied { listen } for lport=80 scontext=u:r:init:s0 tcontext=u:r:init:s0 tclass=tcp_socket permissive=1
06-16 12:59:04.646 I/httpd   (  133): type=1400 audit(0.0:100): avc: denied { accept } for lport=80 scontext=u:r:init:s0 tcontext=u:r:init:s0 tclass=tcp_socket permissive=1
06-16 12:59:04.811 I/        (  119): debuggerd: starting
06-16 12:59:07.574 I/logd    (  116): type=1400 audit(0.0:102): avc: denied { getopt } for path="/dev/socket/logd" scontext=u:r:logd:s0 tcontext=u:r:init:s0 tclass=unix_stream_socket permissive=1
06-16 12:59:07.574 I/logd.control(  116): type=1400 audit(0.0:103): avc: denied { sendto } for path="/dev/socket/logdw" scontext=u:r:logd:s0 tcontext=u:r:init:s0 tclass=unix_dgram_socket permissive=1
06-16 12:59:07.602 I/gatekeeperd(  141): type=1400 audit(0.0:104): avc: denied { sendto } for path="/dev/socket/logdw" scontext=u:r:gatekeeperd:s0 tcontext=u:r:init:s0 tclass=unix_dgram_socket permissive=1
06-16 12:59:07.604 I/gatekeeperd(  141): Starting gatekeeperd...
06-16 12:59:07.614 I/init    (  143): type=1400 audit(0.0:105): avc: denied { execute_no_trans } for path="/sbin/adbd" dev="rootfs" ino=7824 scontext=u:r:init:s0 tcontext=u:object_r:rootfs:s0 tclass=file permissive=1
06-16 12:59:07.614 I/adbd    (  143): type=1400 audit(0.0:106): avc: denied { write } for name="property_service" dev="tmpfs" ino=1156 scontext=u:r:init:s0 tcontext=u:object_r:property_socket:s0 tclass=sock_file permissive=1
06-16 12:59:07.646 I/perfprofd(  142): type=1400 audit(0.0:107): avc: denied { sendto } for path="/dev/socket/logdw" scontext=u:r:perfprofd:s0 tcontext=u:r:init:s0 tclass=unix_dgram_socket permissive=1
06-16 12:59:07.648 I/perfprofd(  142): starting Android Wide Profiling daemon
06-16 12:59:07.651 E/perfprofd(  142): unable to open configuration file /data/data/com.google.android.gms/files/perfprofd.conf
06-16 12:59:07.651 I/perfprofd(  142): random seed set to 423008907
06-16 12:59:07.842 I/ueventd (   89): type=1400 audit(0.0:108): avc: denied { create } for name="fb0" scontext=u:r:init:s0 tcontext=u:object_r:graphics_device:s0 tclass=chr_file permissive=1
06-16 12:59:08.002 I/diskeventd(  252): type=1400 audit(0.0:109): avc: denied { create } for scontext=u:r:init:s0 tcontext=u:r:init:s0 tclass=netlink_kobject_uevent_socket permissive=1
06-16 12:59:08.002 I/diskeventd(  252): type=1400 audit(0.0:110): avc: denied { setopt } for scontext=u:r:init:s0 tcontext=u:r:init:s0 tclass=netlink_kobject_uevent_socket permissive=1
06-16 12:59:08.002 I/diskeventd(  252): type=1400 audit(0.0:111): avc: denied { bind } for scontext=u:r:init:s0 tcontext=u:r:init:s0 tclass=netlink_kobject_uevent_socket permissive=1
06-16 12:59:08.002 I/diskeventd(  252): type=1400 audit(0.0:112): avc: denied { getopt } for scontext=u:r:init:s0 tcontext=u:r:init:s0 tclass=netlink_kobject_uevent_socket permissive=1
06-16 12:59:08.006 I/logwrapper(  254): type=1400 audit(0.0:113): avc: denied { read write } for path="socket:[9003]" dev="sockfs" ino=9003 scontext=u:r:logwrapper:s0 tcontext=u:r:init:s0 tclass=unix_stream_socket permissive=1
06-16 12:59:08.010 I/logwrapper(  254): type=1400 audit(0.0:114): avc: denied { read write } for name="0" dev="devpts" ino=3 scontext=u:r:logwrapper:s0 tcontext=u:object_r:devpts:s0 tclass=chr_file permissive=1
06-16 12:59:08.010 I/logwrapper(  254): type=1400 audit(0.0:115): avc: denied { open } for path="/dev/pts/0" dev="devpts" ino=3 scontext=u:r:logwrapper:s0 tcontext=u:object_r:devpts:s0 tclass=chr_file permissive=1
06-16 12:59:08.013 I/crond   (  264): crond: crond (busybox 1.22.1 bionic) started, log level 8
06-16 12:59:08.014 I/crond   (  264): type=1400 audit(0.0:116): avc: denied { read } for name="crontab" dev="xvda7" ino=119043 scontext=u:r:vbox86-setup:s0 tcontext=u:object_r:system_data_file:s0 tclass=dir permissive=1
06-16 12:59:08.014 I/crond   (  264): type=1400 audit(0.0:117): avc: denied { open } for path="/data/crontab" dev="xvda7" ino=119043 scontext=u:r:vbox86-setup:s0 tcontext=u:object_r:system_data_file:s0 tclass=dir permissive=1
06-16 12:59:08.014 I/crond   (  264): type=1400 audit(0.0:118): avc: denied { read } for name="root" dev="xvda7" ino=119044 scontext=u:r:vbox86-setup:s0 tcontext=u:object_r:system_data_file:s0 tclass=file permissive=1
06-16 12:59:08.014 I/crond   (  264): type=1400 audit(0.0:119): avc: denied { open } for path="/data/crontab/root" dev="xvda7" ino=119044 scontext=u:r:vbox86-setup:s0 tcontext=u:object_r:system_data_file:s0 tclass=file permissive=1
06-16 12:59:08.014 I/crond   (  264): type=1400 audit(0.0:120): avc: denied { getattr } for path="/data/crontab/root" dev="xvda7" ino=119044 scontext=u:r:vbox86-setup:s0 tcontext=u:object_r:system_data_file:s0 tclass=file permissive=1
06-16 12:59:08.014 I/vinput  (  260): type=1400 audit(0.0:121): avc: denied { sendto } for path="/dev/socket/logdw" scontext=u:r:vinput:s0 tcontext=u:r:init:s0 tclass=unix_dgram_socket permissive=1
06-16 12:59:08.020 W/vinput  (  260): Empty command, we ignore it
06-16 12:59:08.022 I/logwrapper(  266): type=1400 audit(0.0:122): avc: denied { execute } for name="genybaseband" dev="xvda5" ino=339 scontext=u:r:logwrapper:s0 tcontext=u:object_r:genybaseband_exec:s0 tclass=file permissive=1
06-16 12:59:08.022 I/logwrapper(  266): type=1400 audit(0.0:123): avc: denied { read open } for path="/system/bin/genybaseband" dev="xvda5" ino=339 scontext=u:r:logwrapper:s0 tcontext=u:object_r:genybaseband_exec:s0 tclass=file permissive=1
06-16 12:59:08.022 I/logwrapper(  266): type=1400 audit(0.0:124): avc: denied { execute_no_trans } for path="/system/bin/genybaseband" dev="xvda5" ino=339 scontext=u:r:logwrapper:s0 tcontext=u:object_r:genybaseband_exec:s0 tclass=file permissive=1
06-16 12:59:08.022 I/lmkd    (  256): type=1400 audit(0.0:125): avc: denied { read write } for path="socket:[1901]" dev="sockfs" ino=1901 scontext=u:r:lmkd:s0 tcontext=u:r:init:s0 tclass=unix_stream_socket permissive=1
06-16 12:59:08.022 W/vinput  (  260): Vinput: Publish command vinput status ready configured:0 has no receiver
06-16 12:59:08.031 I/lowmemorykiller(  256): Using in-kernel low memory killer interface
06-16 12:59:08.037 E/network_profile_handler(  257): init_all_network_profile_state: wlan: wlan0 phone:rmnet0
06-16 12:59:08.037 I/network_profile(  257): Redis connect
06-16 12:59:08.037 I/network_profile(  257): Redis PUB: network_profile status ready
06-16 12:59:08.041 I/network_profile(  257): Redis read thread
06-16 12:59:08.041 I/network_profile(  257): Redis read wait
06-16 12:59:08.041 W/network_profile(  257): message not properly formated
06-16 12:59:08.064 I/SurfaceFlinger(  262): SurfaceFlinger is starting
06-16 12:59:08.075 I/SurfaceFlinger(  262): SurfaceFlinger's main thread ready to run. Initializing graphics H/W...
06-16 12:59:08.076 W/baseband-redis(  266): Redis message not properly formated
06-16 12:59:08.082 I/        (  284): installd firing up
06-16 12:59:08.119 I/Netd    (  290): Netd 1.0 starting
06-16 12:59:08.142 E/libEGL  (  262): load_driver(/vendor/lib64/egl/libGLES_swiftshader.so): dlopen failed: library "/vendor/lib64/egl/libGLES_swiftshader.so" not found
06-16 12:59:08.172 I/keystore(  285): Found keymaster0 module Keymaster OpenSSL HAL, version 2
06-16 12:59:08.172 I/SoftKeymaster(  285): system/keymaster/soft_keymaster_device.cpp, Line 131: Creating device
06-16 12:59:08.172 I/keystore(  285): Keymaster0 module is software-only.  Using SoftKeymasterDevice instead.
06-16 12:59:08.172 I/SoftKeymaster(  285): system/keymaster/soft_keymaster_device.cpp, Line 131: Creating device
06-16 12:59:08.599 I/mediacodec(  286): @@@ mediacodecservice starting
06-16 12:59:08.601 W/        (  286): No seccomp filter defined for this architecture.
06-16 12:59:08.601 I/cameraserver(  281): ServiceManager: 0xf229afc0
06-16 12:59:08.601 I/        (  280): sMaxFastTracks = 8
06-16 12:59:08.601 I/audioserver(  280): ServiceManager: 0xe859afc0
06-16 12:59:08.601 W/BatteryNotifier(  280): batterystats service unavailable!
06-16 12:59:08.602 I/AudioFlinger(  280): Using default 3000 mSec as standby time.
06-16 12:59:08.602 I/AudioPolicyService(  280): AudioPolicyService CSTOR in new mode
06-16 12:59:08.602 I/CameraService(  281): CameraService started (pid=281)
06-16 12:59:08.602 I/CameraService(  281): CameraService process starting
06-16 12:59:08.602 W/BatteryNotifier(  281): batterystats service unavailable!
06-16 12:59:08.603 W/BatteryNotifier(  281): batterystats service unavailable!
06-16 12:59:08.603 I/APM::ConfigParsingUtils(  280): loadAudioPolicyConfig() loaded /system/etc/audio_policy.conf
06-16 12:59:08.606 W/gatekeeperd(  141): falling back to software GateKeeper
06-16 12:59:08.614 I/iptables(  290): iptables v1.4.20: Couldn't find target `fw_dozable'
06-16 12:59:08.614 I/iptables(  290): 
06-16 12:59:08.614 I/iptables(  290): Try `iptables -h' or 'iptables --help' for more information.
06-16 12:59:08.614 I/iptables(  290): iptables terminated by exit(2)
06-16 12:59:08.614 E/Netd    (  290): exec() res=0, status=512 for /system/bin/iptables -w -t filter -D fw_INPUT -j fw_dozable 
06-16 12:59:08.616 I/ip6tables(  290): ip6tables v1.4.20: Couldn't find target `fw_dozable'
06-16 12:59:08.616 I/ip6tables(  290): 
06-16 12:59:08.616 I/ip6tables(  290): Try `ip6tables -h' or 'ip6tables --help' for more information.
06-16 12:59:08.616 I/ip6tables(  290): ip6tables terminated by exit(2)
06-16 12:59:08.616 E/Netd    (  290): exec() res=0, status=512 for /system/bin/ip6tables -w -t filter -D fw_INPUT -j fw_dozable 
06-16 12:59:08.622 I/iptables-restor(  496): type=1400 audit(0.0:191): avc: denied { module_request } for kmod="ipt_owner" scontext=u:r:netd:s0 tcontext=u:r:kernel:s0 tclass=system permissive=1
06-16 12:59:08.630 I/zygote64(  278): type=1400 audit(0.0:192): avc: denied { sendto } for path="/dev/socket/logdw" scontext=u:r:zygote:s0 tcontext=u:r:init:s0 tclass=unix_dgram_socket permissive=1
06-16 12:59:08.632 E/Netd    (  290): /system/bin/iptables-restore failed with res=0, status=256
06-16 12:59:08.633 E/Netd    (  290): /system/bin/ip6tables-restore failed with res=0, status=256
06-16 12:59:08.640 I/iptables(  290): iptables v1.4.20: Couldn't find target `fw_standby'
06-16 12:59:08.640 I/iptables(  290): 
06-16 12:59:08.640 I/iptables(  290): Try `iptables -h' or 'iptables --help' for more information.
06-16 12:59:08.646 I/iptables(  290): iptables terminated by exit(2)
06-16 12:59:08.646 E/Netd    (  290): exec() res=0, status=512 for /system/bin/iptables -w -t filter -D fw_INPUT -j fw_standby 
06-16 12:59:08.647 I/ip6tables(  290): ip6tables v1.4.20: Couldn't find target `fw_standby'
06-16 12:59:08.647 I/ip6tables(  290): 
06-16 12:59:08.647 I/ip6tables(  290): Try `ip6tables -h' or 'ip6tables --help' for more information.
06-16 12:59:08.653 I/ip6tables(  290): ip6tables terminated by exit(2)
06-16 12:59:08.653 E/Netd    (  290): exec() res=0, status=512 for /system/bin/ip6tables -w -t filter -D fw_INPUT -j fw_standby 
06-16 12:59:08.662 I/logd.writer(  115): type=1400 audit(0.0:193): avc: denied { read } for path="/dev/socket/logdw" scontext=u:r:logd:s0 tcontext=u:r:init:s0 tclass=unix_dgram_socket permissive=1
06-16 12:59:08.663 I/iptables(  290): iptables v1.4.20: Couldn't find target `fw_powersave'
06-16 12:59:08.663 I/iptables(  290): 
06-16 12:59:08.663 I/iptables(  290): Try `iptables -h' or 'iptables --help' for more information.
06-16 12:59:08.663 I/iptables(  290): iptables terminated by exit(2)
06-16 12:59:08.663 E/Netd    (  290): exec() res=0, status=512 for /system/bin/iptables -w -t filter -D fw_INPUT -j fw_powersave 
06-16 12:59:08.665 I/ip6tables(  290): ip6tables v1.4.20: Couldn't find target `fw_powersave'
06-16 12:59:08.665 I/ip6tables(  290): 
06-16 12:59:08.665 I/ip6tables(  290): Try `ip6tables -h' or 'ip6tables --help' for more information.
06-16 12:59:08.666 I/ip6tables(  290): ip6tables terminated by exit(2)
06-16 12:59:08.666 E/Netd    (  290): exec() res=0, status=512 for /system/bin/ip6tables -w -t filter -D fw_INPUT -j fw_powersave 
06-16 12:59:08.670 I/zygote64(  278): type=1400 audit(0.0:194): avc: denied { write } for name="trace_marker" dev="tracefs" ino=39 scontext=u:r:zygote:s0 tcontext=u:object_r:debugfs_tracing:s0 tclass=file permissive=1
06-16 12:59:08.670 I/zygote64(  278): type=1400 audit(0.0:195): avc: denied { open } for path="/sys/kernel/debug/tracing/trace_marker" dev="tracefs" ino=39 scontext=u:r:zygote:s0 tcontext=u:object_r:debugfs_tracing:s0 tclass=file permissive=1
06-16 12:59:08.670 E/Netd    (  290): /system/bin/iptables-restore failed with res=0, status=256
06-16 12:59:08.672 E/Netd    (  290): /system/bin/ip6tables-restore failed with res=0, status=256
06-16 12:59:08.694 I/cameraserver(  281): type=1400 audit(0.0:196): avc: denied { create } for scontext=u:r:cameraserver:s0 tcontext=u:r:cameraserver:s0 tclass=tcp_socket permissive=1
06-16 12:59:08.694 I/cameraserver(  281): type=1400 audit(0.0:197): avc: denied { write } for name="fwmarkd" dev="tmpfs" ino=1954 scontext=u:r:cameraserver:s0 tcontext=u:object_r:fwmarkd_socket:s0 tclass=sock_file permissive=1
06-16 12:59:08.694 I/cameraserver(  281): type=1400 audit(0.0:198): avc: denied { connect } for scontext=u:r:cameraserver:s0 tcontext=u:r:cameraserver:s0 tclass=tcp_socket permissive=1
06-16 12:59:08.694 I/cameraserver(  281): type=1400 audit(0.0:199): avc: denied { name_connect } for dest=24801 scontext=u:r:cameraserver:s0 tcontext=u:object_r:port:s0 tclass=tcp_socket permissive=1
06-16 12:59:08.694 I/cameraserver(  281): type=1400 audit(0.0:200): avc: denied { setopt } for laddr=127.0.0.1 lport=45310 faddr=127.0.0.1 fport=24801 scontext=u:r:cameraserver:s0 tcontext=u:r:cameraserver:s0 tclass=tcp_socket permissive=1
06-16 12:59:08.694 I/art     (  278): option[0]=-Xzygote
06-16 12:59:08.694 I/art     (  278): option[1]=-Xstacktracefile:/data/anr/traces.txt
06-16 12:59:08.694 I/art     (  278): option[2]=exit
06-16 12:59:08.694 I/art     (  278): option[3]=vfprintf
06-16 12:59:08.694 I/art     (  278): option[4]=sensitiveThread
06-16 12:59:08.694 I/art     (  278): option[5]=-verbose:gc
06-16 12:59:08.694 I/art     (  278): option[6]=-Xms8m
06-16 12:59:08.694 I/art     (  278): option[7]=-Xmx512m
06-16 12:59:08.694 I/art     (  278): option[8]=-XX:HeapGrowthLimit=192m
06-16 12:59:08.694 I/art     (  278): option[9]=-XX:HeapMinFree=512k
06-16 12:59:08.694 I/art     (  278): option[10]=-XX:HeapMaxFree=8m
06-16 12:59:08.694 I/art     (  278): option[11]=-XX:HeapTargetUtilization=0.75
06-16 12:59:08.694 I/art     (  278): option[12]=-Xusejit:true
06-16 12:59:08.694 I/art     (  278): option[13]=-Xjitsaveprofilinginfo
06-16 12:59:08.694 I/art     (  278): option[14]=-agentlib:jdwp=transport=dt_android_adb,suspend=n,server=y
06-16 12:59:08.694 I/art     (  278): option[15]=-Xlockprofthreshold:500
06-16 12:59:08.694 I/art     (  278): option[16]=-Ximage-compiler-option
06-16 12:59:08.694 I/art     (  278): option[17]=--runtime-arg
06-16 12:59:08.694 I/art     (  278): option[18]=-Ximage-compiler-option
06-16 12:59:08.694 I/art     (  278): option[19]=-Xms64m
06-16 12:59:08.694 I/art     (  278): option[20]=-Ximage-compiler-option
06-16 12:59:08.694 I/art     (  278): option[21]=--runtime-arg
06-16 12:59:08.694 I/art     (  278): option[22]=-Ximage-compiler-option
06-16 12:59:08.694 I/art     (  278): option[23]=-Xmx64m
06-16 12:59:08.694 I/art     (  278): option[24]=-Ximage-compiler-option
06-16 12:59:08.694 I/art     (  278): option[25]=--image-classes=/system/etc/preloaded-classes
06-16 12:59:08.694 I/art     (  278): option[26]=-Ximage-compiler-option
06-16 12:59:08.694 I/art     (  278): option[27]=--compiled-classes=/system/etc/compiled-classes
06-16 12:59:08.694 I/art     (  278): option[28]=-Xcompiler-option
06-16 12:59:08.694 I/art     (  278): option[29]=--runtime-arg
06-16 12:59:08.694 I/art     (  278): option[30]=-Xcompiler-option
06-16 12:59:08.694 I/art     (  278): option[31]=-Xms64m
06-16 12:59:08.694 I/art     (  278): option[32]=-Xcompiler-option
06-16 12:59:08.694 I/art     (  278): option[33]=--runtime-arg
06-16 12:59:08.694 I/art     (  278): option[34]=-Xcompiler-option
06-16 12:59:08.694 I/art     (  278): option[35]=-Xmx512m
06-16 12:59:08.694 I/art     (  278): option[36]=-Ximage-compiler-option
06-16 12:59:08.694 I/art     (  278): option[37]=--instruction-set-variant=x86_64
06-16 12:59:08.694 I/art     (  278): option[38]=-Xcompiler-option
06-16 12:59:08.694 I/art     (  278): option[39]=--instruction-set-variant=x86_64
06-16 12:59:08.694 I/art     (  278): option[40]=-Ximage-compiler-option
06-16 12:59:08.694 I/art     (  278): option[41]=--instruction-set-features=default
06-16 12:59:08.694 I/art     (  278): option[42]=-Xcompiler-option
06-16 12:59:08.694 I/art     (  278): option[43]=--instruction-set-features=default
06-16 12:59:08.694 I/art     (  278): option[44]=-Duser.locale=en-US
06-16 12:59:08.694 I/art     (  278): option[45]=--cpu-abilist=x86_64
06-16 12:59:08.694 I/art     (  278): option[46]=-Xfingerprint:Android/cloud/cloud:7.0/NBD92Y/1313:userdebug/test-keys
06-16 12:59:08.697 E/EmulatedCamera_Factory(  281): 2 cameras are being emulated.
06-16 12:59:08.697 E/EmulatedCamera_HotplugThread(  281): createFileIfNotExists: Could not create file '/data/misc/media/emulator.camera.hotplug.0', error: 'Permission denied' (13)
06-16 12:59:08.697 E/EmulatedCamera_HotplugThread(  281): createFileIfNotExists: Could not create file '/data/misc/media/emulator.camera.hotplug.1', error: 'Permission denied' (13)
06-16 12:59:08.697 E/cutils-trace(  281): Error opening trace file: Permission denied (13)
06-16 12:59:08.697 I/CameraService(  281): Loaded "Emulated Camera Module" camera module
06-16 12:59:08.697 E/CameraService(  281): setUpVendorTags: Vendor tag operations not fully defined. Ignoring definitions.
06-16 12:59:08.697 I/CameraFlashlight(  281): Opening camera 0
06-16 12:59:08.697 I/ServiceManager(  281): Waiting for service SurfaceFlinger...
06-16 12:59:08.706 E/genymotion_audio(  280): Fail to get mixer ctl: Master Playback Switch
06-16 12:59:08.706 E/genymotion_audio(  280): Fail to get mixer ctl: Master Playback Volume
06-16 12:59:08.706 E/genymotion_audio(  280): Fail to get mixer ctl: PCM Playback Switch
06-16 12:59:08.706 E/genymotion_audio(  280): Fail to get mixer ctl: PCM Playback Volume
06-16 12:59:08.706 E/genymotion_audio(  280): Fail to get mixer ctl: Capture Switch
06-16 12:59:08.706 E/genymotion_audio(  280): Fail to get mixer ctl: Capture Volume
06-16 12:59:08.706 I/genymotion_audio(  280): Starting audio input server
06-16 12:59:08.706 I/genymotion_audio(  280): Starting input server...
06-16 12:59:08.706 I/genymotion_audio(  280): pcm dump: lock server init ret: 0
06-16 12:59:08.706 I/genymotion_audio(  280): pcm dump: init input buffer with 1764 frames of 4 bytes
06-16 12:59:08.706 I/genymotion_audio(  280): Starting input pcm server
06-16 12:59:08.706 I/AudioFlinger(  280): loadHwModule() Loaded primary audio interface from Generic audio HW HAL (audio) handle 10
06-16 12:59:08.706 I/AudioFlinger(  280): openOutput(), module 10 Device 2, SamplingRate 44100, Format 0x000001, Channels 3, flags 2
06-16 12:59:08.706 I/genymotion_audio(  280): Starting pcm out server
06-16 12:59:08.706 W/AudioFlinger(  280): HAL output buffer size is 661 frames but AudioMixer requires multiples of 16 frames
06-16 12:59:08.706 I/AudioFlinger(  280): HAL output buffer size 661 frames, normal sink buffer size 1056 frames
06-16 12:59:08.710 I/audioserver(  526): type=1400 audit(0.0:201): avc: denied { listen } for path="/dev/socket/audio_out" scontext=u:r:audioserver:s0 tcontext=u:r:init:s0 tclass=unix_stream_socket permissive=1
06-16 12:59:08.710 I/audioserver(  524): type=1400 audit(0.0:202): avc: denied { accept } for path="/dev/socket/audio_in" scontext=u:r:audioserver:s0 tcontext=u:r:init:s0 tclass=unix_stream_socket permissive=1
06-16 12:59:08.711 I/genymotion_audio(  280): out sampling rate 0
06-16 12:59:08.711 I/genymotion_audio(  280): Input server: Trying to get unix socket
06-16 12:59:08.711 I/genymotion_audio(  280): Input server: done, checking...
06-16 12:59:08.711 I/genymotion_audio(  280): Input server: socket is okay, listening on it...
06-16 12:59:08.711 I/genymotion_audio(  280): Input server: done listening
06-16 12:59:08.711 I/genymotion_audio(  280): Input server waiting for connection
06-16 12:59:08.713 I/BufferProvider(  280): found effect "Multichannel Downmix To Stereo" from The Android Open Source Project
06-16 12:59:08.713 I/AudioFlinger(  280): Using module 10 has the primary audio interface
06-16 12:59:08.720 I/AudioFlinger(  280): AudioFlinger's thread 0xe801b880 ready to run
06-16 12:59:08.722 I/mediaextractor(  288): type=1400 audit(0.0:203): avc: denied { sendto } for path="/dev/socket/logdw" scontext=u:r:mediaextractor:s0 tcontext=u:r:init:s0 tclass=unix_dgram_socket permissive=1
06-16 12:59:08.724 W/BatteryNotifier(  280): batterystats service unavailable!
06-16 12:59:08.727 W//system/bin/mediaextractor(  288): libminijail: allowing syscall: socketcall
06-16 12:59:08.727 W//system/bin/mediaextractor(  288): libminijail: allowing syscall: writev
06-16 12:59:08.727 W//system/bin/mediaextractor(  288): libminijail: allowing syscall: fcntl64
06-16 12:59:08.727 W//system/bin/mediaextractor(  288): libminijail: allowing syscall: clock_gettime
06-16 12:59:08.727 W/BatteryNotifier(  280): batterystats service unavailable!
06-16 12:59:08.727 W//system/bin/mediaextractor(  288): libminijail: logging seccomp filter failures
06-16 12:59:08.731 W/BatteryNotifier(  280): batterystats service unavailable!
06-16 12:59:08.731 W/AudioFlinger(  280): no wake lock to update, system not ready yet
06-16 12:59:08.731 E/cutils-trace(  280): Error opening trace file: Permission denied (13)
06-16 12:59:08.731 I/genymotion_audio(  280): pcm dump: lock init ret: 0
06-16 12:59:08.731 I/genymotion_audio(  280): pcm dump: in->pcm_config.rate: 44100
06-16 12:59:08.731 I/genymotion_audio(  280): pcm dump: in->pcm_config.period_size: 441
06-16 12:59:08.731 I/genymotion_audio(  280): pcm dump: in->pcm_config.period_count: 4
06-16 12:59:08.731 I/genymotion_audio(  280): pcm dump: in->pcm_config.channels: 2
06-16 12:59:08.731 I/genymotion_audio(  280): pcm dump: to byte: 2
06-16 12:59:08.732 I/genymotion_audio(  280): in_read_worker: Start.  channels 2 format 0 rate 44100
06-16 12:59:08.732 I/genymotion_audio(  280): in_read_worker dump: in->pcm_config.period_size: 441
06-16 12:59:08.732 I/genymotion_audio(  280): in_read_worker dump: in->pcm_config.period_count: 4
06-16 12:59:08.732 I/genymotion_audio(  280): in_read_worker dump: in->pcm_config.channels: 2
06-16 12:59:08.732 I/genymotion_audio(  280): in_read_worker dump: to byte: 2
06-16 12:59:08.732 I/genymotion_audio(  280): in_read_worker standby/restart
06-16 12:59:08.735 I/AudioFlinger(  280): AudioFlinger's thread 0xe7903b40 ready to run
06-16 12:59:08.735 E/FastThread(  280): did not receive expected priority boost
06-16 12:59:08.735 I/RadioService(  280): RadioService
06-16 12:59:08.735 I/RadioService(  280): onFirstRef
06-16 12:59:08.735 E/RadioService(  280): couldn't load radio module radio.primary (No such file or directory)
06-16 12:59:08.735 E/SoundTriggerHwService(  280): couldn't load sound trigger module sound_trigger.primary (No such file or directory)
06-16 12:59:08.752 E/Netd    (  290): /system/bin/iptables-restore failed with res=0, status=256
06-16 12:59:08.755 E/Netd    (  290): /system/bin/ip6tables-restore failed with res=0, status=256
06-16 12:59:08.758 I/netd    (  290): type=1400 audit(0.0:204): avc: denied { sys_module } for capability=16 scontext=u:r:netd:s0 tcontext=u:r:netd:s0 tclass=capability permissive=1
06-16 12:59:08.762 I/netd    (  290): type=1400 audit(0.0:205): avc: denied { listen } for path="/dev/socket/dnsproxyd" scontext=u:r:netd:s0 tcontext=u:r:init:s0 tclass=unix_stream_socket permissive=1
06-16 12:59:08.765 E/Netd    (  290): cannot find interface dummy0
06-16 12:59:08.765 E/Netd    (  290): Unable to create netlink socket: Protocol not supported
06-16 12:59:08.765 E/Netd    (  290): Unable to open quota socket
06-16 12:59:08.766 I/mediaserver(  289): type=1400 audit(0.0:206): avc: denied { sendto } for path="/dev/socket/logdw" scontext=u:r:mediaserver:s0 tcontext=u:r:init:s0 tclass=unix_dgram_socket permissive=1
06-16 12:59:08.766 I/mediadrmserver(  287): type=1400 audit(0.0:207): avc: denied { sendto } for path="/dev/socket/logdw" scontext=u:r:mediadrmserver:s0 tcontext=u:r:init:s0 tclass=unix_dgram_socket permissive=1
06-16 12:59:08.769 I/mediaserver(  289): ServiceManager: 0xf12bc040
06-16 12:59:08.769 I/mediaserver(  287): ServiceManager: 0xecd3c040
06-16 12:59:08.833 W/BatteryNotifier(  289): batterystats service unavailable!
06-16 12:59:09.074 I/healthd (  292): type=1400 audit(0.0:208): avc: denied { call } for scontext=u:r:init:s0 tcontext=u:r:servicemanager:s0 tclass=binder permissive=1
06-16 12:59:09.074 I/healthd (  292): type=1400 audit(0.0:209): avc: denied { transfer } for scontext=u:r:init:s0 tcontext=u:r:servicemanager:s0 tclass=binder permissive=1
06-16 12:59:09.074 I/servicemanager(  258): type=1400 audit(0.0:210): avc: denied { search } for name="292" dev="proc" ino=12390 scontext=u:r:servicemanager:s0 tcontext=u:r:init:s0 tclass=dir permissive=1
06-16 12:59:09.076 E/SELinux (  258): avc:  denied  { add } for service=batteryproperties pid=292 uid=0 scontext=u:r:init:s0 tcontext=u:object_r:batteryproperties_service:s0 tclass=service_manager permissive=1
06-16 12:59:09.140 I/gralloc (  262): using (fd=11)
06-16 12:59:09.140 I/gralloc (  262): id           = Virtual FB
06-16 12:59:09.140 I/gralloc (  262): xres         = 600 px
06-16 12:59:09.140 I/gralloc (  262): yres         = 1024 px
06-16 12:59:09.140 I/gralloc (  262): xres_virtual = 600 px
06-16 12:59:09.140 I/gralloc (  262): yres_virtual = 2048 px
06-16 12:59:09.140 I/gralloc (  262): bpp          = 32
06-16 12:59:09.140 I/gralloc (  262): r            = 16:8
06-16 12:59:09.140 I/gralloc (  262): g            =  8:8
06-16 12:59:09.140 I/gralloc (  262): b            =  0:8
06-16 12:59:09.140 I/gralloc (  262): width        = 95 mm (160.421051 dpi)
06-16 12:59:09.140 I/gralloc (  262): height       = 162 mm (160.553085 dpi)
06-16 12:59:09.140 I/gralloc (  262): refresh rate = 60.00 Hz
06-16 12:59:09.141 E/SurfaceFlinger(  262): hwcomposer module not found
06-16 12:59:09.141 I/SurfaceFlinger(  262): Trying a simpler query for non-RGBA_8888
06-16 12:59:09.141 I/SurfaceFlinger(  262): EGL information: format=0x5
06-16 12:59:09.141 I/SurfaceFlinger(  262): vendor    : Android
06-16 12:59:09.141 I/SurfaceFlinger(  262): version   : 1.4 Android META-EGL
06-16 12:59:09.141 I/SurfaceFlinger(  262): extensions: EGL_KHR_get_all_proc_addresses EGL_ANDROID_presentation_time EGL_KHR_swap_buffers_with_damage EGL_ANDROID_create_native_client_buffer EGL_ANDROID_front_buffer_auto_refresh EGL_KHR_image_base EGL_KHR_gl_texture_2D_image EGL_KHR_gl_texture_cubemap_image EGL_KHR_gl_renderbuffer_image EGL_KHR_fence_sync EGL_KHR_create_context EGL_ANDROID_recordable 
06-16 12:59:09.141 I/SurfaceFlinger(  262): Client API: OpenGL_ES
06-16 12:59:09.141 I/SurfaceFlinger(  262): EGLSurface: 8-8-8-8, config=0x2f
06-16 12:59:09.149 I/SurfaceFlinger(  262): OpenGL ES informations: format=0x5
06-16 12:59:09.149 I/SurfaceFlinger(  262): vendor    : Google Inc.
06-16 12:59:09.149 I/SurfaceFlinger(  262): renderer  : Google SwiftShader
06-16 12:59:09.149 I/SurfaceFlinger(  262): version   : OpenGL ES 2.0 SwiftShader 3.3.0.2
06-16 12:59:09.149 I/SurfaceFlinger(  262): extensions: GL_OES_compressed_ETC1_RGB8_texture GL_OES_depth24 GL_OES_depth32 GL_OES_depth_texture GL_OES_depth_texture_cube_map GL_OES_EGL_image GL_OES_EGL_image_external GL_OES_EGL_sync GL_OES_element_index_uint GL_OES_framebuffer_object GL_OES_packed_depth_stencil GL_OES_rgb8_rgba8 GL_OES_standard_derivatives GL_OES_texture_float GL_OES_texture_float_linear GL_OES_texture_half_float GL_OES_texture_half_float_linear GL_OES_texture_npot GL_OES_texture_3D GL_OES_vertex_half_float GL_EXT_blend_minmax GL_EXT_color_buffer_half_float GL_EXT_draw_buffers GL_EXT_instanced_arrays GL_EXT_occlusion_query_boolean GL_EXT_read_format_bgra GL_EXT_texture_filter_anisotropic GL_EXT_texture_format_BGRA8888 GL_EXT_texture_rg GL_ANGLE_framebuffer_blit GL_ANGLE_framebuffer_multisample GL_ANGLE_instanced_arrays GL_CHROMIUM_texture_filtering_hint GL_NV_fence GL_NV_framebuffer_blit GL_NV_read_depth 
06-16 12:59:09.149 I/SurfaceFlinger(  262): GL_MAX_TEXTURE_SIZE = 8192
06-16 12:59:09.149 I/SurfaceFlinger(  262): GL_MAX_VIEWPORT_DIMS = 8192
06-16 12:59:09.149 E/cutils-trace(  262): Error opening trace file: Permission denied (13)
06-16 12:59:09.407 E/libEGL  (  573): load_driver(/vendor/lib64/egl/libGLES_swiftshader.so): dlopen failed: library "/vendor/lib64/egl/libGLES_swiftshader.so" not found
06-16 12:59:09.416 E/cutils-trace(  573): Error opening trace file: Permission denied (13)
06-16 12:59:09.706 I/cameraserver(  281): type=1400 audit(0.0:230): avc: denied { sendto } for path="/dev/socket/logdw" scontext=u:r:cameraserver:s0 tcontext=u:r:init:s0 tclass=unix_dgram_socket permissive=1
06-16 12:59:09.707 I/CameraFlashlight(  281): Destroying camera 0
06-16 12:59:09.707 I/CameraFlashlight(  281): Opening camera 1
06-16 12:59:09.710 I/CameraFlashlight(  281): Destroying camera 1
06-16 12:59:09.710 I/ServiceManager(  281): Waiting for service media.camera.proxy...
06-16 12:59:10.502 I/main    (  278): type=1400 audit(0.0:231): avc: denied { sendto } for path="/dev/socket/logdw" scontext=u:r:zygote:s0 tcontext=u:r:init:s0 tclass=unix_dgram_socket permissive=1
06-16 12:59:10.710 I/ServiceManager(  281): Waiting for service media.camera.proxy...
06-16 12:59:11.134 I/zygote  (  279): type=1400 audit(0.0:232): avc: denied { write } for name="trace_marker" dev="tracefs" ino=39 scontext=u:r:zygote:s0 tcontext=u:object_r:debugfs_tracing:s0 tclass=file permissive=1
06-16 12:59:11.134 I/zygote  (  279): type=1400 audit(0.0:233): avc: denied { open } for path="/sys/kernel/debug/tracing/trace_marker" dev="tracefs" ino=39 scontext=u:r:zygote:s0 tcontext=u:object_r:debugfs_tracing:s0 tclass=file permissive=1
06-16 12:59:11.224 I/art     (  279): option[0]=-Xzygote
06-16 12:59:11.224 I/art     (  279): option[1]=-Xstacktracefile:/data/anr/traces.txt
06-16 12:59:11.224 I/art     (  279): option[2]=exit
06-16 12:59:11.224 I/art     (  279): option[3]=vfprintf
06-16 12:59:11.224 I/art     (  279): option[4]=sensitiveThread
06-16 12:59:11.224 I/art     (  279): option[5]=-verbose:gc
06-16 12:59:11.224 I/art     (  279): option[6]=-Xms8m
06-16 12:59:11.224 I/art     (  279): option[7]=-Xmx512m
06-16 12:59:11.224 I/art     (  279): option[8]=-XX:HeapGrowthLimit=192m
06-16 12:59:11.224 I/art     (  279): option[9]=-XX:HeapMinFree=512k
06-16 12:59:11.224 I/art     (  279): option[10]=-XX:HeapMaxFree=8m
06-16 12:59:11.224 I/art     (  279): option[11]=-XX:HeapTargetUtilization=0.75
06-16 12:59:11.224 I/art     (  279): option[12]=-Xusejit:true
06-16 12:59:11.224 I/art     (  279): option[13]=-Xjitsaveprofilinginfo
06-16 12:59:11.224 I/art     (  279): option[14]=-agentlib:jdwp=transport=dt_android_adb,suspend=n,server=y
06-16 12:59:11.224 I/art     (  279): option[15]=-Xlockprofthreshold:500
06-16 12:59:11.224 I/art     (  279): option[16]=-Ximage-compiler-option
06-16 12:59:11.224 I/art     (  279): option[17]=--runtime-arg
06-16 12:59:11.224 I/art     (  279): option[18]=-Ximage-compiler-option
06-16 12:59:11.224 I/art     (  279): option[19]=-Xms64m
06-16 12:59:11.224 I/art     (  279): option[20]=-Ximage-compiler-option
06-16 12:59:11.224 I/art     (  279): option[21]=--runtime-arg
06-16 12:59:11.224 I/art     (  279): option[22]=-Ximage-compiler-option
06-16 12:59:11.224 I/art     (  279): option[23]=-Xmx64m
06-16 12:59:11.224 I/art     (  279): option[24]=-Ximage-compiler-option
06-16 12:59:11.224 I/art     (  279): option[25]=--image-classes=/system/etc/preloaded-classes
06-16 12:59:11.224 I/art     (  279): option[26]=-Ximage-compiler-option
06-16 12:59:11.224 I/art     (  279): option[27]=--compiled-classes=/system/etc/compiled-classes
06-16 12:59:11.224 I/art     (  279): option[28]=-Xcompiler-option
06-16 12:59:11.224 I/art     (  279): option[29]=--runtime-arg
06-16 12:59:11.224 I/art     (  279): option[30]=-Xcompiler-option
06-16 12:59:11.224 I/art     (  279): option[31]=-Xms64m
06-16 12:59:11.224 I/art     (  279): option[32]=-Xcompiler-option
06-16 12:59:11.224 I/art     (  279): option[33]=--runtime-arg
06-16 12:59:11.224 I/art     (  279): option[34]=-Xcompiler-option
06-16 12:59:11.224 I/art     (  279): option[35]=-Xmx512m
06-16 12:59:11.224 I/art     (  279): option[36]=-Ximage-compiler-option
06-16 12:59:11.224 I/art     (  279): option[37]=--instruction-set-variant=x86
06-16 12:59:11.224 I/art     (  279): option[38]=-Xcompiler-option
06-16 12:59:11.224 I/art     (  279): option[39]=--instruction-set-variant=x86
06-16 12:59:11.224 I/art     (  279): option[40]=-Ximage-compiler-option
06-16 12:59:11.224 I/art     (  279): option[41]=--instruction-set-features=default
06-16 12:59:11.224 I/art     (  279): option[42]=-Xcompiler-option
06-16 12:59:11.224 I/art     (  279): option[43]=--instruction-set-features=default
06-16 12:59:11.224 I/art     (  279): option[44]=-Duser.locale=en-US
06-16 12:59:11.224 I/art     (  279): option[45]=--cpu-abilist=x86
06-16 12:59:11.224 I/art     (  279): option[46]=-Xfingerprint:Android/cloud/cloud:7.0/NBD92Y/1313:userdebug/test-keys
06-16 12:59:11.711 I/ServiceManager(  281): Waiting for service media.camera.proxy...
06-16 12:59:11.738 I/AudioOut_D(  529): type=1400 audit(0.0:234): avc: denied { sendto } for path="/dev/socket/logdw" scontext=u:r:audioserver:s0 tcontext=u:r:init:s0 tclass=unix_dgram_socket permissive=1
06-16 12:59:11.741 W/BatteryNotifier(  280): batterystats service unavailable!
06-16 12:59:11.978 E/memtrack(  278): Couldn't load memtrack module (No such file or directory)
06-16 12:59:11.978 E/android.os.Debug(  278): failed to load memtrack module: -2
06-16 12:59:11.982 I/Radio-JNI(  278): register_android_hardware_Radio DONE
06-16 12:59:12.186 I/SamplingProfilerIntegration(  278): Profiling disabled.
06-16 12:59:12.226 I/main    (  278): type=1400 audit(0.0:235): avc: denied { listen } for path="/dev/socket/zygote" scontext=u:r:zygote:s0 tcontext=u:r:init:s0 tclass=unix_stream_socket permissive=1
06-16 12:59:12.229 I/Zygote  (  278): Installing ICU cache reference pinning...
06-16 12:59:12.231 I/Zygote  (  278): Preloading ICU data...
06-16 12:59:12.579 I/Zygote  (  278): Preloading classes...
06-16 12:59:12.663 E/memtrack(  279): Couldn't load memtrack module (No such file or directory)
06-16 12:59:12.663 E/android.os.Debug(  279): failed to load memtrack module: -2
06-16 12:59:12.664 I/Radio-JNI(  279): register_android_hardware_Radio DONE
06-16 12:59:12.683 I/SamplingProfilerIntegration(  279): Profiling disabled.
06-16 12:59:12.685 I/Zygote  (  279): Installing ICU cache reference pinning...
06-16 12:59:12.686 I/Zygote  (  279): Preloading ICU data...
06-16 12:59:12.711 I/ServiceManager(  281): Waiting for service media.camera.proxy...
06-16 12:59:12.739 I/Zygote  (  279): Preloading classes...
06-16 12:59:13.711 I/ServiceManager(  281): Waiting for service media.camera.proxy...
06-16 12:59:14.237 E/Typeface(  279): Error mapping font file /system/fonts/DroidSansFallback.ttf
06-16 12:59:14.238 E/Typeface(  278): Error mapping font file /system/fonts/DroidSansFallback.ttf
06-16 12:59:14.661 I/art     (  278): Thread[1,tid=278,Native,Thread*=0x7ffbf3095a00,peer=0x12c060d0,"main"] recursive attempt to load library "/system/lib64/libmedia_jni.so"
06-16 12:59:14.662 I/art     (  279): Thread[1,tid=279,Native,Thread*=0xe8b0b400,peer=0x12c060d0,"main"] recursive attempt to load library "/system/lib/libmedia_jni.so"
06-16 12:59:14.662 I/art     (  278): Thread[1,tid=278,Native,Thread*=0x7ffbf3095a00,peer=0x12c060d0,"main"] recursive attempt to load library "/system/lib64/libmedia_jni.so"
06-16 12:59:14.662 I/art     (  278): Thread[1,tid=278,Native,Thread*=0x7ffbf3095a00,peer=0x12c060d0,"main"] recursive attempt to load library "/system/lib64/libmedia_jni.so"
06-16 12:59:14.663 I/art     (  279): Thread[1,tid=279,Native,Thread*=0xe8b0b400,peer=0x12c060d0,"main"] recursive attempt to load library "/system/lib/libmedia_jni.so"
06-16 12:59:14.663 I/art     (  279): Thread[1,tid=279,Native,Thread*=0xe8b0b400,peer=0x12c060d0,"main"] recursive attempt to load library "/system/lib/libmedia_jni.so"
06-16 12:59:14.775 E/linker  (  279): library /system/lib/libavcodec.so with text relocation is whitelisted
06-16 12:59:14.775 W/linker  (  279): /system/lib/libavcodec.so has text relocations. This is wasting memory and prevents security hardening. Please fix.
06-16 12:59:14.775 E/linker  (  279): library /system/lib/libavcodec.so with text relocation is whitelisted
06-16 12:59:14.858 I/main    (  279): type=1400 audit(0.0:236): avc: denied { execmod } for path="/system/lib/libavcodec.so" dev="xvda5" ino=2166 scontext=u:r:zygote:s0 tcontext=u:object_r:system_file:s0 tclass=file permissive=1
06-16 12:59:14.912 E/linker  (  279): library /system/lib/libswresample.so with text relocation is whitelisted
06-16 12:59:14.912 W/linker  (  279): /system/lib/libswresample.so has text relocations. This is wasting memory and prevents security hardening. Please fix.
06-16 12:59:14.912 E/linker  (  279): library /system/lib/libswresample.so with text relocation is whitelisted
06-16 12:59:15.096 I/System  (  279): Loaded time zone names for "" in 60ms (60ms in ICU)
06-16 12:59:15.138 I/System  (  279): Loaded time zone names for "en_US" in 42ms (41ms in ICU)
06-16 12:59:15.154 I/Zygote  (  279): ...preloaded 4161 classes in 2415ms.
06-16 12:59:15.154 I/art     (  279): VMRuntime.preloadDexCaches starting
06-16 12:59:15.229 I/art     (  279): VMRuntime.preloadDexCaches strings total=282418 before=39296 after=39296
06-16 12:59:15.229 I/art     (  279): VMRuntime.preloadDexCaches types total=23493 before=7835 after=7862
06-16 12:59:15.229 I/art     (  279): VMRuntime.preloadDexCaches fields total=111426 before=40635 after=40849
06-16 12:59:15.229 I/art     (  279): VMRuntime.preloadDexCaches methods total=196896 before=82193 after=82753
06-16 12:59:15.229 I/art     (  279): VMRuntime.preloadDexCaches finished
06-16 12:59:15.255 I/System  (  278): Loaded time zone names for "" in 8ms (8ms in ICU)
06-16 12:59:15.259 I/System  (  278): Loaded time zone names for "en_US" in 3ms (3ms in ICU)
06-16 12:59:15.278 I/Zygote  (  278): ...preloaded 4161 classes in 2699ms.
06-16 12:59:15.278 I/art     (  278): VMRuntime.preloadDexCaches starting
06-16 12:59:15.309 I/art     (  278): VMRuntime.preloadDexCaches strings total=282418 before=39296 after=39296
06-16 12:59:15.309 I/art     (  278): VMRuntime.preloadDexCaches types total=23493 before=7835 after=7862
06-16 12:59:15.309 I/art     (  278): VMRuntime.preloadDexCaches fields total=111426 before=40635 after=40849
06-16 12:59:15.309 I/art     (  278): VMRuntime.preloadDexCaches methods total=196896 before=82193 after=82753
06-16 12:59:15.309 I/art     (  278): VMRuntime.preloadDexCaches finished
06-16 12:59:16.131 I/Zygote  (  278): Preloading resources...
06-16 12:59:16.132 I/Zygote  (  279): Preloading resources...
06-16 12:59:16.326 W/Resources(  279): Preloaded drawable resource #0x1080298 (android:drawable/editbox_dropdown_background_dark) that varies with configuration!!
06-16 12:59:16.326 W/Resources(  278): Preloaded drawable resource #0x1080298 (android:drawable/editbox_dropdown_background_dark) that varies with configuration!!
06-16 12:59:16.360 W/Resources(  279): Preloaded drawable resource #0x108030a (android:drawable/ic_clear_disabled) that varies with configuration!!
06-16 12:59:16.360 W/Resources(  279): Preloaded drawable resource #0x108030f (android:drawable/ic_clear_normal) that varies with configuration!!
06-16 12:59:16.361 W/Resources(  279): Preloaded drawable resource #0x1080344 (android:drawable/ic_go) that varies with configuration!!
06-16 12:59:16.361 W/Resources(  278): Preloaded drawable resource #0x108030a (android:drawable/ic_clear_disabled) that varies with configuration!!
06-16 12:59:16.362 W/Resources(  278): Preloaded drawable resource #0x108030f (android:drawable/ic_clear_normal) that varies with configuration!!
06-16 12:59:16.362 W/Resources(  278): Preloaded drawable resource #0x1080344 (android:drawable/ic_go) that varies with configuration!!
06-16 12:59:16.412 W/Resources(  278): Preloaded drawable resource #0x1080038 (android:drawable/ic_menu_close_clear_cancel) that varies with configuration!!
06-16 12:59:16.412 W/Resources(  279): Preloaded drawable resource #0x1080038 (android:drawable/ic_menu_close_clear_cancel) that varies with configuration!!
06-16 12:59:16.412 W/Resources(  278): Preloaded drawable resource #0x1080045 (android:drawable/ic_menu_more) that varies with configuration!!
