06-16 12:59:23.271 I/DisplayManagerService(  592): Display device added: DisplayDeviceInfo{"WebRTC_ScreenCapture": uniqueId="virtual:com.genymobile.webrtcd,1000,WebRTC_ScreenCapture,0", 600 x 1024, modeId 2, defaultModeId 2, supportedModes [{id=2, width=600, height=1024, fps=60.0}], colorTransformId 0, defaultColorTransformId 0, supportedColorTransforms [], HdrCapabilities null, density 400, 400.0 x 400.0 dpi, appVsyncOff 0, presDeadline 16666666, touch NONE, rotation 0, type VIRTUAL, state ON, owner com.genymobile.webrtcd (uid 1000), FLAG_SECURE, FLAG_PRIVATE}
06-16 12:59:23.272 I/FFMPEG  (  288): Input #0, ogg, from 'android-source:0xeb39b400':
06-16 12:59:23.272 I/FFMPEG  (  288):   Duration: 00:00:00.08, start: 0.000000, bitrate: 571 kb/s
06-16 12:59:23.272 I/FFMPEG  (  288):     Stream #0:0: Audio: vorbis, 48000 Hz, stereo, fltp, 160 kb/s
06-16 12:59:23.272 I/FFmpegExtractor(  288): FFmpegExtrator, url: android-source:0xeb39b400, format_name: ogg, format_long_name: Ogg
06-16 12:59:23.272 I/FFmpegExtractor(  288): list the formats suppoted by ffmpeg: 
06-16 12:59:23.272 I/FFmpegExtractor(  288): ========================================
06-16 12:59:23.272 I/FFmpegExtractor(  288): ========================================
06-16 12:59:23.272 I/FFmpegExtractor(  288): adjust mime(application/ogg -> audio/vorbis)
06-16 12:59:23.272 I/FFmpegExtractor(  288): sniff through BetterSniffFFMPEG success
06-16 12:59:23.283 I/org.webrtc.Logging(  746): SurfaceTextureHelper: Setting listener to org.webrtc.ScreenCapturerAndroid@181382f
06-16 12:59:23.285 I/Webrtcd.Screencapturer(  746): Start frame loop
06-16 12:59:23.298 I/healthd (  292): type=1400 audit(0.0:399): avc: denied { read } for scontext=u:r:init:s0 tcontext=u:r:init:s0 tclass=netlink_kobject_uevent_socket permissive=1
06-16 12:59:23.298 I/ueventd (   89): type=1400 audit(0.0:400): avc: denied { create } for name="mouse1" scontext=u:r:init:s0 tcontext=u:object_r:input_device:s0 tclass=chr_file permissive=1
06-16 12:59:23.301 E/EventHub(  592): could not get driver version for /dev/input/mouse1, Not a typewriter
06-16 12:59:23.302 I/MediaPlayerService(  289): MediaPlayerService::getOMX
06-16 12:59:23.302 I/OMXClient(  670): MuxOMX ctor
06-16 12:59:23.315 I/OMXMaster(  286): makeComponentInstance(OMX.google.vorbis.decoder) in mediacodec process
06-16 12:59:23.341 W/EventHub(  592): Unable to disable kernel key repeat for /dev/input/event4: Function not implemented
06-16 12:59:23.341 I/EventHub(  592): New device: id=5, fd=176, path='/dev/input/event4', name='Genymotion Virtual Input', classes=0x17, configuration='/system/usr/idc/Genymotion_Virtual_Input.idc', keyLayout='/system/usr/keylayout/Genymotion_Virtual_Input.kl', keyCharacterMap='/system/usr/keychars/Genymotion_Virtual_Input.kcm', builtinKeyboard=false, wakeMechanism=EPOLLWAKEUP, usingClockIoctl=true
06-16 12:59:23.341 I/InputReader(  592): Device reconfigured: id=5, name='Genymotion Virtual Input', size 600x1024, orientation 0, mode 1, display id 0
06-16 12:59:23.341 I/InputReader(  592): Device added: id=5, name='Genymotion Virtual Input', sources=0x00001103
06-16 12:59:23.343 I/ActivityManager(  592): Config changes=8 {1.0 310mcc270mnc [en_US] ldltr sw600dp w600dp h952dp 160dpi lrg port finger qwerty/v/v -nav/h s.7}
06-16 12:59:23.374 I/wpa_supplicant(  850): type=1400 audit(0.0:401): avc: denied { sendto } for path="/data/misc/wifi/sockets/wpa_ctrl_592-3" scontext=u:r:init:s0 tcontext=u:r:system_server:s0 tclass=unix_dgram_socket permissive=1
06-16 12:59:23.380 W/WifiMode(  592): WiredSSID, Invalid SupportedRates!!!
06-16 12:59:23.380 W/WifiMode(  592): WiredSSID, Invalid SupportedRates!!!
06-16 12:59:23.394 I/MediaPlayerService(  289): MediaPlayerService::getOMX
06-16 12:59:23.396 I/OMXClient(  592): MuxOMX ctor
06-16 12:59:23.406 I/OMXMaster(  286): makeComponentInstance(OMX.google.vorbis.decoder) in mediacodec process
06-16 12:59:23.423 I/FFmpegExtractor(  288): android-source:0xecbdc000
06-16 12:59:23.424 I/FFMPEG  (  288): Input #0, ogg, from 'android-source:0xecbdc000':
06-16 12:59:23.424 W/art     (  746): Suspending all threads took: 12.153ms
06-16 12:59:23.424 I/FFMPEG  (  288):   Duration: 00:00:00.11, start: 0.000000, bitrate: 431 kb/s
06-16 12:59:23.424 I/FFMPEG  (  288):     Stream #0:0: Audio: vorbis, 48000 Hz, mono, fltp, 140 kb/s
06-16 12:59:23.424 I/FFmpegExtractor(  288): FFmpegExtrator, url: android-source:0xecbdc000, format_name: ogg, format_long_name: Ogg
06-16 12:59:23.424 I/FFmpegExtractor(  288): list the formats suppoted by ffmpeg: 
06-16 12:59:23.424 I/FFmpegExtractor(  288): ========================================
06-16 12:59:23.424 I/FFmpegExtractor(  288): ========================================
06-16 12:59:23.424 I/FFmpegExtractor(  288): adjust mime(application/ogg -> audio/vorbis)
06-16 12:59:23.425 I/FFmpegExtractor(  288): sniff through BetterSniffFFMPEG success
06-16 12:59:23.425 I/art     (  746): Background partial concurrent mark sweep GC freed 3517(196KB) AllocSpace objects, 5(304KB) LOS objects, 40% free, 4MB/6MB, paused 12.381ms total 53.261ms
06-16 12:59:23.449 W/WifiMode(  592): WiredSSID, Invalid SupportedRates!!!
06-16 12:59:23.457 I/WindowManager(  592): Destroying surface Surface(name=com.android.launcher3/com.android.launcher3.Launcher) called by com.android.server.wm.WindowStateAnimator.destroySurface:2016 com.android.server.wm.WindowStateAnimator.destroySurfaceLocked:882 com.android.server.wm.WindowState.removeLocked:1456 com.android.server.wm.WindowManagerService.removeWindowInnerLocked:2485 com.android.server.wm.WindowManagerService.removeWindowLocked:2443 com.android.server.wm.WindowManagerService.removeWindowLocked:2312 com.android.server.wm.WindowManagerService.removeWindow:2307 com.android.server.wm.Session.remove:202 
06-16 12:59:23.468 I/AndroidLoggerFactory(  746): Logger name 'io.swagger.v3.parser.OpenAPIV3Parser' exceeds maximum length of 23 characters, using 'i*.s*.v*.p*.OpenAPIV3P*' instead.
06-16 12:59:23.478 I/MediaPlayerService(  289): MediaPlayerService::getOMX
06-16 12:59:23.478 I/OMXClient(  592): MuxOMX ctor
06-16 12:59:23.480 I/OMXMaster(  286): makeComponentInstance(OMX.google.vorbis.decoder) in mediacodec process
06-16 12:59:23.486 I/wpa_supplicant(  850): type=1400 audit(0.0:402): avc: denied { sendto } for path="/dev/socket/logdw" scontext=u:r:wpa:s0 tcontext=u:r:init:s0 tclass=unix_dgram_socket permissive=1
06-16 12:59:23.488 I/wpa_supplicant(  850): wlan0: Trying to associate with SSID 'WiredSSID'
06-16 12:59:23.488 I/wpa_supplicant(  850): wlan0: Associated with 01:80:c2:00:00:03
06-16 12:59:23.488 I/wpa_supplicant(  850): wlan0: CTRL-EVENT-CONNECTED - Connection to 01:80:c2:00:00:03 completed [id=0 id_str=%7B%22creatorUid%22%3A%22-1%22%2C%22configKey%22%3A%22%5C%22WiredSSID%5C%22NONE%22%7D]
06-16 12:59:23.490 E/WifiScanner(  592): listener cannot be found
06-16 12:59:23.499 W/Java7Support(  746): Unable to load JDK7 types (annotations, java.nio.file.Path): no Java7 support added
06-16 12:59:23.510 I/Binder:290_2(  563): type=1400 audit(0.0:403): avc: denied { sendto } for path="/dev/socket/logdw" scontext=u:r:netd:s0 tcontext=u:r:init:s0 tclass=unix_dgram_socket permissive=1
06-16 12:59:23.515 E/WifiNative-HAL(  592): setBssidBlacklist cmd 0 size 0
06-16 12:59:23.517 W/AlarmManager(  592): Unrecognized alarm listener com.android.server.wifi.WifiConnectivityManager$3@7bb81e
06-16 12:59:23.517 E/WifiScanner(  592): listener cannot be found
06-16 12:59:23.596 I/FFmpegExtractor(  288): android-source:0xe9cbf800
06-16 12:59:23.602 I/FFMPEG  (  288): Input #0, ogg, from 'android-source:0xe9cbf800':
06-16 12:59:23.602 I/FFMPEG  (  288):   Duration: 00:00:00.11, start: 0.000000, bitrate: 462 kb/s
06-16 12:59:23.602 I/FFMPEG  (  288):     Stream #0:0: Audio: vorbis, 48000 Hz, mono, fltp, 140 kb/s
06-16 12:59:23.602 I/FFmpegExtractor(  288): FFmpegExtrator, url: android-source:0xe9cbf800, format_name: ogg, format_long_name: Ogg
06-16 12:59:23.602 I/FFmpegExtractor(  288): list the formats suppoted by ffmpeg: 
06-16 12:59:23.602 I/FFmpegExtractor(  288): ========================================
06-16 12:59:23.602 I/FFmpegExtractor(  288): ========================================
06-16 12:59:23.602 I/FFmpegExtractor(  288): adjust mime(application/ogg -> audio/vorbis)
06-16 12:59:23.602 I/FFmpegExtractor(  288): sniff through BetterSniffFFMPEG success
06-16 12:59:23.610 I/MediaPlayerService(  289): MediaPlayerService::getOMX
06-16 12:59:23.611 I/OMXClient(  592): MuxOMX ctor
06-16 12:59:23.615 I/OMXMaster(  286): makeComponentInstance(OMX.google.vorbis.decoder) in mediacodec process
06-16 12:59:23.718 I/FFmpegExtractor(  288): android-source:0xecbdc000
06-16 12:59:23.722 I/FFMPEG  (  288): Input #0, ogg, from 'android-source:0xecbdc000':
06-16 12:59:23.722 I/FFMPEG  (  288):   Duration: 00:00:00.18, start: 0.000000, bitrate: 431 kb/s
06-16 12:59:23.722 I/FFMPEG  (  288):     Stream #0:0: Audio: vorbis, 44100 Hz, mono, fltp, 239 kb/s
06-16 12:59:23.722 I/FFMPEG  (  288):     Metadata:
06-16 12:59:23.722 I/FFMPEG  (  288):       ARTIST          : Copyright 2013 Android Open Source Project
06-16 12:59:23.722 I/FFmpegExtractor(  288): FFmpegExtrator, url: android-source:0xecbdc000, format_name: ogg, format_long_name: Ogg
06-16 12:59:23.722 I/FFmpegExtractor(  288): list the formats suppoted by ffmpeg: 
06-16 12:59:23.722 I/FFmpegExtractor(  288): ========================================
06-16 12:59:23.722 I/FFmpegExtractor(  288): ========================================
06-16 12:59:23.722 I/FFmpegExtractor(  288): adjust mime(application/ogg -> audio/vorbis)
06-16 12:59:23.722 I/FFmpegExtractor(  288): sniff through BetterSniffFFMPEG success
06-16 12:59:23.753 I/AndroidLoggerFactory(  746): Logger name 'io.swagger.v3.parser.processors.ExternalRefProcessor' exceeds maximum length of 23 characters, using 'i*.s*.v*.p*.p*.Externa*' instead.
06-16 12:59:23.768 I/Choreographer(  670): Skipped 42 frames!  The application may be doing too much work on its main thread.
06-16 12:59:23.768 I/MediaPlayerService(  289): MediaPlayerService::getOMX
06-16 12:59:23.768 I/OMXClient(  592): MuxOMX ctor
06-16 12:59:23.770 I/GnssLocationProvider(  592): WakeLock acquired by sendMessage(5, 0, null)
06-16 12:59:23.770 I/GnssLocationProvider(  592): WakeLock acquired by sendMessage(6, 0, null)
06-16 12:59:23.770 I/GnssLocationProvider(  592): WakeLock acquired by handleInjectNtpTime()
06-16 12:59:23.770 I/GnssLocationProvider(  592): WakeLock released by handleMessage(5, 0, null)
06-16 12:59:23.770 I/GnssLocationProvider(  592): WakeLock released by handleMessage(6, 0, null)
06-16 12:59:23.772 I/OMXMaster(  286): makeComponentInstance(OMX.google.vorbis.decoder) in mediacodec process
06-16 12:59:23.785 I/RecoverySystem(  592): No recovery log file
06-16 12:59:23.794 I/init    (    1): type=1400 audit(0.0:404): avc: denied { read } for name="httpd" dev="xvda5" ino=3526 scontext=u:r:init:s0 tcontext=u:object_r:httpd_exec:s0 tclass=lnk_file permissive=1
06-16 12:59:23.794 I/init    (    1): type=1400 audit(0.0:405): avc: denied { getattr } for path="/system/xbin/busybox" dev="xvda5" ino=3451 scontext=u:r:init:s0 tcontext=u:object_r:busybox_exec:s0 tclass=file permissive=1
06-16 12:59:23.794 I/Webrtcd.Service(  746): Webrtc server started on port 6443
06-16 12:59:23.795 I/GnssLocationProvider(  592): WakeLock acquired by sendMessage(10, 0, null)
06-16 12:59:23.795 I/GnssLocationProvider(  592): WakeLock released by handleInjectNtpTime()
06-16 12:59:23.795 I/GnssLocationProvider(  592): WakeLock released by handleMessage(10, 0, null)
06-16 12:59:23.806 I/init    ( 1341): type=1400 audit(0.0:406): avc: denied { execute } for name="busybox" dev="xvda5" ino=3451 scontext=u:r:init:s0 tcontext=u:object_r:busybox_exec:s0 tclass=file permissive=1
06-16 12:59:23.810 I/init    ( 1341): type=1400 audit(0.0:407): avc: denied { read open } for path="/system/xbin/busybox" dev="xvda5" ino=3451 scontext=u:r:init:s0 tcontext=u:object_r:busybox_exec:s0 tclass=file permissive=1
06-16 12:59:23.810 I/init    ( 1341): type=1400 audit(0.0:408): avc: denied { execute_no_trans } for path="/system/xbin/busybox" dev="xvda5" ino=3451 scontext=u:r:init:s0 tcontext=u:object_r:busybox_exec:s0 tclass=file permissive=1
06-16 12:59:23.810 I/lmkd    (  256): type=1400 audit(0.0:409): avc: denied { read } for path="socket:[12211]" dev="sockfs" ino=12211 scontext=u:r:lmkd:s0 tcontext=u:r:init:s0 tclass=unix_stream_socket permissive=1
06-16 12:59:23.810 I/BootReceiver(  592): Copying audit failures to DropBox
06-16 12:59:23.810 I/BootReceiver(  592): Checking for fsck errors
06-16 12:59:23.822 I/main    (  278): type=1400 audit(0.0:410): avc: denied { read } for path="/dev/socket/zygote" scontext=u:r:zygote:s0 tcontext=u:r:init:s0 tclass=unix_stream_socket permissive=1
06-16 12:59:23.822 I/main    (  278): type=1400 audit(0.0:411): avc: denied { getattr } for path="socket:[12920]" dev="sockfs" ino=12920 scontext=u:r:zygote:s0 tcontext=u:r:init:s0 tclass=unix_stream_socket permissive=1
06-16 12:59:23.822 I/main    (  278): type=1400 audit(0.0:412): avc: denied { getattr } for path="/sys/kernel/debug/tracing/trace_marker" dev="tracefs" ino=39 scontext=u:r:zygote:s0 tcontext=u:object_r:debugfs_tracing:s0 tclass=file permissive=1
06-16 12:59:23.826 I/main    (  278): type=1400 audit(0.0:413): avc: denied { write } for path="/dev/socket/zygote" scontext=u:r:zygote:s0 tcontext=u:r:init:s0 tclass=unix_stream_socket permissive=1
06-16 12:59:23.838 I/ActivityManager(  592): Start proc 1342:com.android.dialer/u0a8 for broadcast com.android.dialer/.calllog.CallLogReceiver
06-16 12:59:23.861 W/art     ( 1342): Unexpected CPU variant for X86 using defaults: x86_64
06-16 12:59:23.868 I/WindowManager(  592): Screen frozen for +523ms due to Window{d498205 u0 com.android.systemui.ImageWallpaper}
06-16 12:59:23.893 W/System  ( 1342): ClassLoader referenced unknown path: /system/priv-app/Dialer/lib/x86_64
06-16 12:59:24.037 I/ActivityManager(  592): Start proc 1360:com.android.calendar/u0a31 for broadcast com.android.calendar/.alerts.AlertReceiver
06-16 12:59:24.041 I/Telecom (  592): PhoneAccountRegistrar: SimCallManager queried, returning: null: TSI.gSCMFU@ADk
06-16 12:59:24.049 W/art     ( 1360): Unexpected CPU variant for X86 using defaults: x86_64
06-16 12:59:24.098 I/surfaceflinger(  262): type=1400 audit(0.0:428): avc: denied { execmem } for scontext=u:r:surfaceflinger:s0 tcontext=u:r:surfaceflinger:s0 tclass=process permissive=1
06-16 12:59:24.148 W/CountryDetector( 1342): No location permissions, not registering for location updates.
06-16 12:59:24.164 W/System  ( 1360): ClassLoader referenced unknown path: /system/app/Calendar/lib/x86_64
06-16 12:59:24.249 I/AlarmClock(  851): AlarmInitReceiver android.intent.action.BOOT_COMPLETED
06-16 12:59:24.254 I/main    (  278): type=1400 audit(0.0:429): avc: denied { getattr } for path="/sys/kernel/debug/tracing/trace_marker" dev="tracefs" ino=39 scontext=u:r:zygote:s0 tcontext=u:object_r:debugfs_tracing:s0 tclass=file permissive=1
06-16 12:59:24.259 W/art     ( 1381): Unexpected CPU variant for X86 using defaults: x86_64
06-16 12:59:24.273 I/ActivityManager(  592): Start proc 1381:com.android.email/u0a42 for broadcast com.android.email/.service.EmailBroadcastReceiver
06-16 12:59:24.286 W/System  ( 1381): ClassLoader referenced unknown path: /system/app/Email/lib/x86_64
06-16 12:59:24.414 I/Binder:592_2(  604): type=1400 audit(0.0:430): avc: denied { sendto } for path="/dev/socket/logdw" scontext=u:r:system_server:s0 tcontext=u:r:init:s0 tclass=unix_dgram_socket permissive=1
06-16 12:59:24.415 W/ActivityManager(  592): Unable to start service Intent { act=com.android.email.EXCHANGE_INTENT pkg=com.android.exchange } U=0: not found
06-16 12:59:24.424 W/ActivityManager(  592): Unable to start service Intent { act=com.android.email.EXCHANGE_INTENT pkg=com.android.exchange } U=0: not found
06-16 12:59:24.425 W/ActivityManager(  592): Unable to start service Intent { act=com.android.email.EXCHANGE_INTENT pkg=com.android.exchange } U=0: not found
06-16 12:59:24.439 I/SystemBroadcastReceiver(  665): Boot has been completed
06-16 12:59:24.439 I/SystemBroadcastReceiver(  665): toggleAppIcon() : FLAG_SYSTEM = true
06-16 12:59:24.446 I/JDWP    ( 1410): type=1400 audit(0.0:431): avc: denied { connectto } for path=006A6477702D636F6E74726F6C scontext=u:r:platform_app:s0:c512,c768 tcontext=u:r:init:s0 tclass=unix_stream_socket permissive=1
06-16 12:59:24.446 W/art     ( 1403): Unexpected CPU variant for X86 using defaults: x86_64
06-16 12:59:24.452 I/ActivityManager(  592): Start proc 1403:com.android.managedprovisioning/u0a15 for broadcast com.android.managedprovisioning/.BootReminder
06-16 12:59:24.453 W/ActivityManager(  592): Unable to start service Intent { act=com.android.email.EXCHANGE_INTENT pkg=com.android.exchange } U=0: not found
06-16 12:59:24.453 W/ActivityManager(  592): Unable to start service Intent { cmp=com.android.email/.service.AttachmentService } U=0: not found
06-16 12:59:24.454 I/EmailNotificati( 1417): type=1400 audit(0.0:432): avc: denied { sendto } for path="/dev/socket/logdw" scontext=u:r:untrusted_app:s0:c512,c768 tcontext=u:r:init:s0 tclass=unix_dgram_socket permissive=1
06-16 12:59:24.456 W/ActivityManager(  592): Unable to start service Intent { act=com.android.email.EXCHANGE_INTENT pkg=com.android.exchange } U=0: not found
06-16 12:59:24.456 W/ActivityManager(  592): Unable to start service Intent { act=com.android.email.EXCHANGE_INTENT pkg=com.android.exchange } U=0: not found
06-16 12:59:24.457 W/ActivityManager(  592): Unable to start service Intent { cmp=com.android.email/.service.AttachmentService } U=0: not found
06-16 12:59:24.457 I/Email   ( 1381): Observing account changes for notifications
06-16 12:59:24.461 W/ActivityManager(  592): Unable to start service Intent { cmp=com.android.email/.service.AttachmentService } U=0: not found
06-16 12:59:24.461 E/ActivityThread( 1381): Service com.android.email.service.EmailBroadcastProcessorService has leaked ServiceConnection com.android.emailcommon.service.ServiceProxy$ProxyConnection@225b8e6 that was originally bound here
06-16 12:59:24.461 E/ActivityThread( 1381): android.app.ServiceConnectionLeaked: Service com.android.email.service.EmailBroadcastProcessorService has leaked ServiceConnection com.android.emailcommon.service.ServiceProxy$ProxyConnection@225b8e6 that was originally bound here
06-16 12:59:24.461 E/ActivityThread( 1381): 	at android.app.LoadedApk$ServiceDispatcher.<init>(LoadedApk.java:1336)
06-16 12:59:24.461 E/ActivityThread( 1381): 	at android.app.LoadedApk.getServiceDispatcher(LoadedApk.java:1231)
06-16 12:59:24.461 E/ActivityThread( 1381): 	at android.app.ContextImpl.bindServiceCommon(ContextImpl.java:1478)
06-16 12:59:24.461 E/ActivityThread( 1381): 	at android.app.ContextImpl.bindService(ContextImpl.java:1450)
06-16 12:59:24.461 E/ActivityThread( 1381): 	at android.content.ContextWrapper.bindService(ContextWrapper.java:636)
06-16 12:59:24.461 E/ActivityThread( 1381): 	at com.android.emailcommon.service.ServiceProxy.setTask(ServiceProxy.java:181)
06-16 12:59:24.461 E/ActivityThread( 1381): 	at com.android.emailcommon.service.ServiceProxy.test(ServiceProxy.java:224)
06-16 12:59:24.461 E/ActivityThread( 1381): 	at com.android.email.service.EmailServiceUtils.isServiceAvailable(EmailServiceUtils.java:160)
06-16 12:59:24.461 E/ActivityThread( 1381): 	at com.android.email.provider.AccountReconciler.reconcileAccountsInternal(AccountReconciler.java:171)
06-16 12:59:24.461 E/ActivityThread( 1381): 	at com.android.email.provider.AccountReconciler.reconcileAccounts(AccountReconciler.java:115)
06-16 12:59:24.461 E/ActivityThread( 1381): 	at com.android.email.service.EmailBroadcastProcessorService.reconcileAndStartServices(EmailBroadcastProcessorService.java:305)
06-16 12:59:24.461 E/ActivityThread( 1381): 	at com.android.email.service.EmailBroadcastProcessorService.onBootCompleted(EmailBroadcastProcessorService.java:295)
06-16 12:59:24.461 E/ActivityThread( 1381): 	at com.android.email.service.EmailBroadcastProcessorService.onHandleIntent(EmailBroadcastProcessorService.java:130)
06-16 12:59:24.461 E/ActivityThread( 1381): 	at android.app.IntentService$ServiceHandler.handleMessage(IntentService.java:67)
06-16 12:59:24.461 E/ActivityThread( 1381): 	at android.os.Handler.dispatchMessage(Handler.java:102)
06-16 12:59:24.461 E/ActivityThread( 1381): 	at android.os.Looper.loop(Looper.java:154)
06-16 12:59:24.461 E/ActivityThread( 1381): 	at android.os.HandlerThread.run(HandlerThread.java:61)
06-16 12:59:24.461 W/ActivityManager(  592): Unbind failed: could not find connection for android.os.BinderProxy@a1020ba
06-16 12:59:24.462 W/ActivityManager(  592): Unable to start service Intent { act=com.android.email.EXCHANGE_INTENT pkg=com.android.exchange } U=0: not found
06-16 12:59:24.463 W/ActivityManager(  592): Unable to start service Intent { act=com.android.email.EXCHANGE_INTENT pkg=com.android.exchange } U=0: not found
06-16 12:59:24.463 W/System  ( 1403): ClassLoader referenced unknown path: /system/priv-app/ManagedProvisioning/lib/x86_64
06-16 12:59:24.498 W/art     ( 1418): Unexpected CPU variant for X86 using defaults: x86_64
06-16 12:59:24.505 I/ActivityManager(  592): Start proc 1418:com.android.messaging/u0a59 for broadcast com.android.messaging/.receiver.BootAndPackageReplacedReceiver
06-16 12:59:24.513 W/System  ( 1418): ClassLoader referenced unknown path: /system/app/messaging/lib/x86_64
06-16 12:59:24.638 I/timeinitialize( 1436): type=1400 audit(0.0:433): avc: denied { sendto } for path="/dev/socket/logdw" scontext=u:r:priv_app:s0:c512,c768 tcontext=u:r:init:s0 tclass=unix_dgram_socket permissive=1
06-16 12:59:24.640 W/art     ( 1436): Unexpected CPU variant for X86 using defaults: x86_64
06-16 12:59:24.642 I/JDWP    ( 1443): type=1400 audit(0.0:434): avc: denied { connectto } for path=006A6477702D636F6E74726F6C scontext=u:r:priv_app:s0:c512,c768 tcontext=u:r:init:s0 tclass=unix_stream_socket permissive=1
06-16 12:59:24.646 I/ActivityManager(  592): Start proc 1436:com.android.onetimeinitializer/u0a17 for broadcast com.android.onetimeinitializer/.OneTimeInitializerReceiver
06-16 12:59:24.647 I/MessagingApp( 1418): Carrier config changed. Reloading MMS config.
06-16 12:59:24.651 W/MessagingApp( 1418): canonicalizeMccMnc: invalid mccmnc:null ,null
06-16 12:59:24.654 I/MessagingAppDataModel( 1418): Fixup: Send failed - 0 Download failed - 0
06-16 12:59:24.654 W/MmsServiceBroker(  592): MmsService not connected. Try connecting...
06-16 12:59:24.654 I/MmsServiceBroker(  592): Connecting to MmsService
06-16 12:59:24.654 W/ContextImpl(  592): Calling a method in the system process without a qualified user: android.app.ContextImpl.bindService:1449 com.android.server.MmsServiceBroker.tryConnecting:240 com.android.server.MmsServiceBroker.-wrap3:-1 com.android.server.MmsServiceBroker$1.handleMessage:82 android.os.Handler.dispatchMessage:102 
06-16 12:59:24.655 W/System  ( 1436): ClassLoader referenced unknown path: /system/priv-app/OneTimeInitializer/lib/x86_64
06-16 12:59:24.658 I/m.android.phone(  733): type=1400 audit(0.0:435): avc: denied { sendto } for path="/dev/socket/logdw" scontext=u:r:radio:s0 tcontext=u:r:init:s0 tclass=unix_dgram_socket permissive=1
06-16 12:59:24.659 W/System  (  733): ClassLoader referenced unknown path: /system/priv-app/MmsService/lib/x86_64
06-16 12:59:24.662 I/Thread-2( 1434): type=1400 audit(0.0:436): avc: denied { sendto } for path="/dev/socket/logdw" scontext=u:r:platform_app:s0:c512,c768 tcontext=u:r:init:s0 tclass=unix_dgram_socket permissive=1
06-16 12:59:24.665 I/MmsServiceBroker(  592): MmsService connected
06-16 12:59:24.665 I/MmsService(  733): mms config for sub 1: null
06-16 12:59:24.666 I/MessagingApp( 1418): Carrier configs loaded: Bundle[{smsToMmsTextThreshold=-1, maxMessageTextSize=-1, recipientLimit=-1, maxImageHeight=480, maxMessageSize=307200, maxImageWidth=640, enabledMMS=true, enableMultipartSMS=true}] from resources+system for subId=1
06-16 12:59:24.666 I/MmsService(  733): MmsConfigManager receiver action: android.intent.action.SIM_STATE_CHANGED
06-16 12:59:24.666 I/MmsService(  733): MmsConfigManager receiver action: android.telephony.action.CARRIER_CONFIG_CHANGED
06-16 12:59:24.666 I/MmsService(  733): MmsConfigManager loads in background mcc/mnc: 310/270
06-16 12:59:24.666 I/MmsService(  733): MmsConfigManager loads in background mcc/mnc: 310/270
06-16 12:59:24.669 I/MmsService(  733): MmsConfigManager loads in background mcc/mnc: 310/270
06-16 12:59:24.675 W/MessagingApp( 1418): canonicalizeMccMnc: invalid mccmnc:null ,null
06-16 12:59:24.677 I/MmsService(  733): mms config for sub 1: Bundle[{httpSocketTimeout=60000, aliasMinChars=2, smsToMmsTextThreshold=-1, enableSMSDeliveryReports=true, maxMessageTextSize=-1, supportMmsContentDisposition=true, enabledTransID=false, aliasEnabled=false, supportHttpCharsetHeader=false, allowAttachAudio=true, smsToMmsTextLengthThreshold=-1, recipientLimit=2147483647, uaProfTagName=x-wap-profile, aliasMaxChars=48, maxImageHeight=1944, enableMMSDeliveryReports=false, userAgent=, config_cellBroadcastAppLinks=true, maxSubjectLength=40, httpParams=, enableGroupMms=true, emailGatewayNumber=, maxMessageSize=1048576, naiSuffix=, enableMMSReadReports=false, maxImageWidth=2592, uaProfUrl=, enabledMMS=true, enabledNotifyWapMMSC=false, sendMultipartSmsAsSeparateMessages=false, enableMultipartSMS=true}]
06-16 12:59:24.677 I/MessagingApp( 1418): Carrier configs loaded: Bundle[{httpSocketTimeout=60000, aliasMinChars=2, smsToMmsTextThreshold=-1, enableSMSDeliveryReports=true, maxMessageTextSize=-1, supportMmsContentDisposition=true, enabledTransID=false, aliasEnabled=false, supportHttpCharsetHeader=false, allowAttachAudio=true, smsToMmsTextLengthThreshold=-1, recipientLimit=2147483647, uaProfTagName=x-wap-profile, aliasMaxChars=48, maxImageHeight=1944, enableMMSDeliveryReports=false, userAgent=, config_cellBroadcastAppLinks=true, maxSubjectLength=40, httpParams=, enableGroupMms=true, emailGatewayNumber=, maxMessageSize=1048576, naiSuffix=, enableMMSReadReports=false, maxImageWidth=2592, uaProfUrl=, enabledMMS=true, enabledNotifyWapMMSC=false, sendMultipartSmsAsSeparateMessages=false, enableMultipartSMS=true}] from resources+system for subId=1
06-16 12:59:24.681 W/MessagingApp( 1418): canonicalizeMccMnc: invalid mccmnc:null ,null
06-16 12:59:24.683 I/MmsService(  733): mms config for sub 1: Bundle[{httpSocketTimeout=60000, aliasMinChars=2, smsToMmsTextThreshold=-1, enableSMSDeliveryReports=true, maxMessageTextSize=-1, supportMmsContentDisposition=true, enabledTransID=false, aliasEnabled=false, supportHttpCharsetHeader=false, allowAttachAudio=true, smsToMmsTextLengthThreshold=-1, recipientLimit=2147483647, uaProfTagName=x-wap-profile, aliasMaxChars=48, maxImageHeight=1944, enableMMSDeliveryReports=false, userAgent=, config_cellBroadcastAppLinks=true, maxSubjectLength=40, httpParams=, enableGroupMms=true, emailGatewayNumber=, maxMessageSize=1048576, naiSuffix=, enableMMSReadReports=false, maxImageWidth=2592, uaProfUrl=, enabledMMS=true, enabledNotifyWapMMSC=false, sendMultipartSmsAsSeparateMessages=false, enableMultipartSMS=true}]
06-16 12:59:24.683 I/MessagingApp( 1418): Carrier configs loaded: Bundle[{httpSocketTimeout=60000, aliasMinChars=2, smsToMmsTextThreshold=-1, enableSMSDeliveryReports=true, maxMessageTextSize=-1, supportMmsContentDisposition=true, enabledTransID=false, aliasEnabled=false, supportHttpCharsetHeader=false, allowAttachAudio=true, smsToMmsTextLengthThreshold=-1, recipientLimit=2147483647, uaProfTagName=x-wap-profile, aliasMaxChars=48, maxImageHeight=1944, enableMMSDeliveryReports=false, userAgent=, config_cellBroadcastAppLinks=true, maxSubjectLength=40, httpParams=, enableGroupMms=true, emailGatewayNumber=, maxMessageSize=1048576, naiSuffix=, enableMMSReadReports=false, maxImageWidth=2592, uaProfUrl=, enabledMMS=true, enabledNotifyWapMMSC=false, sendMultipartSmsAsSeparateMessages=false, enableMultipartSMS=true}] from resources+system for subId=1
06-16 12:59:24.691 I/MessagingAppDataModel( 1418): SyncMessagesAction: Starting batch for messages from 1646714763786 to 1750093164629 (message update limit = 80, message scan limit = 4000)
06-16 12:59:24.722 I/MessagingAppDataModel( 1418): SyncMessagesAction: All messages now in sync
06-16 12:59:24.773 W/AlarmManagerService(  592): Unable to set rtc to 1750093164: No such device
06-16 12:59:24.789 I/otion.superuse( 1465): type=1400 audit(0.0:437): avc: denied { sendto } for path="/dev/socket/logdw" scontext=u:r:system_app:s0 tcontext=u:r:init:s0 tclass=unix_dgram_socket permissive=1
06-16 12:59:24.796 W/art     ( 1465): Unexpected CPU variant for X86 using defaults: x86_64
06-16 12:59:24.802 I/ActivityManager(  592): Start proc 1465:com.genymotion.superuser/1000 for broadcast com.genymotion.superuser/com.koushikdutta.superuser.SuCheckerReceiver
06-16 12:59:24.841 W/System  ( 1465): ClassLoader referenced unknown path: /system/app/Superuser/lib/x86_64
06-16 12:59:24.851 W/MediaScanner( 1104): Error opening directory '/oem/media/', skipping: No such file or directory.
06-16 12:59:24.853 I/main    (  278): type=1400 audit(0.0:438): avc: denied { read } for path="/dev/socket/zygote" scontext=u:r:zygote:s0 tcontext=u:r:init:s0 tclass=unix_stream_socket permissive=1
06-16 12:59:24.853 I/main    (  278): type=1400 audit(0.0:439): avc: denied { getattr } for path="socket:[12920]" dev="sockfs" ino=12920 scontext=u:r:zygote:s0 tcontext=u:r:init:s0 tclass=unix_stream_socket permissive=1
06-16 12:59:24.861 I/Thread-2( 1480): type=1400 audit(0.0:440): avc: denied { execute } for name="su" dev="xvda5" ino=3656 scontext=u:r:system_app:s0 tcontext=u:object_r:su_exec:s0 tclass=file permissive=1
06-16 12:59:24.861 I/Thread-2( 1480): type=1400 audit(0.0:441): avc: denied { read open } for path="/system/xbin/su" dev="xvda5" ino=3656 scontext=u:r:system_app:s0 tcontext=u:object_r:su_exec:s0 tclass=file permissive=1
06-16 12:59:24.861 I/Thread-2( 1480): type=1400 audit(0.0:442): avc: denied { execute_no_trans } for path="/system/xbin/su" dev="xvda5" ino=3656 scontext=u:r:system_app:s0 tcontext=u:object_r:su_exec:s0 tclass=file permissive=1
06-16 12:59:24.861 I/main    (  278): type=1400 audit(0.0:443): avc: denied { write } for path="/dev/socket/zygote" scontext=u:r:zygote:s0 tcontext=u:r:init:s0 tclass=unix_stream_socket permissive=1
06-16 12:59:24.866 I/Superuser( 1465): Result: 16 com.genymotion.superuser
06-16 12:59:24.867 I/ActivityManager(  592): Start proc 1481:com.android.cellbroadcastreceiver/u0a4 for broadcast com.android.cellbroadcastreceiver/.CellBroadcastReceiver
06-16 12:59:24.867 W/art     ( 1481): Unexpected CPU variant for X86 using defaults: x86_64
06-16 12:59:24.892 W/System  ( 1481): ClassLoader referenced unknown path: /system/priv-app/CellBroadcastReceiver/lib/x86_64
06-16 12:59:24.909 I/rild    (  296): type=1400 audit(0.0:444): avc: denied { read } for path="socket:[13631]" dev="sockfs" ino=13631 scontext=u:r:rild:s0 tcontext=u:r:init:s0 tclass=unix_stream_socket permissive=1
06-16 12:59:24.909 I/rild    (  296): type=1400 audit(0.0:445): avc: denied { sendto } for path="/dev/socket/logdw" scontext=u:r:rild:s0 tcontext=u:r:init:s0 tclass=unix_dgram_socket permissive=1
06-16 12:59:24.909 I/rild    (  296): type=1400 audit(0.0:446): avc: denied { write } for path="socket:[13631]" dev="sockfs" ino=13631 scontext=u:r:rild:s0 tcontext=u:r:init:s0 tclass=unix_stream_socket permissive=1
06-16 12:59:24.928 I/OmtpVvmCarrierCfgHlpr(  733): Requesting VVM activation for subId: 1
06-16 12:59:24.929 I/genybaseband(  299): type=1400 audit(0.0:447): avc: denied { read } for path="socket:[9223]" dev="sockfs" ino=9223 scontext=u:r:logwrapper:s0 tcontext=u:r:init:s0 tclass=unix_stream_socket permissive=1
06-16 12:59:24.951 I/OmtpVvmCarrierCfgHlpr(  733): Requesting VVM activation for subId: 1
06-16 12:59:24.958 I/OmtpVvmCarrierCfgHlpr(  733): Requesting VVM activation for subId: 1
06-16 12:59:24.968 I/AlarmClock(  851): AlarmInitReceiver android.intent.action.TIME_SET
06-16 12:59:25.982 I/art     (  592): Starting a blocking GC Explicit
06-16 12:59:25.993 I/art     (  592): Explicit concurrent mark sweep GC freed 1214(69KB) AllocSpace objects, 1(116KB) LOS objects, 33% free, 7MB/11MB, paused 139us total 11.700ms
06-16 12:59:26.517 I/wpa_supplicant(  850): type=1400 audit(0.0:456): avc: denied { read } for path="/dev/socket/wpa_wlan0" scontext=u:r:wpa:s0 tcontext=u:r:init:s0 tclass=unix_dgram_socket permissive=1
06-16 12:59:26.517 I/wpa_supplicant(  850): type=1400 audit(0.0:457): avc: denied { getopt } for path="/dev/socket/wpa_wlan0" scontext=u:r:wpa:s0 tcontext=u:r:init:s0 tclass=unix_dgram_socket permissive=1
06-16 12:59:26.517 I/wpa_supplicant(  850): type=1400 audit(0.0:458): avc: denied { ioctl } for path="socket:[13234]" dev="sockfs" ino=13234 ioctlcmd=5411 scontext=u:r:wpa:s0 tcontext=u:r:init:s0 tclass=unix_dgram_socket permissive=1
06-16 12:59:26.517 I/wpa_supplicant(  850): type=1400 audit(0.0:459): avc: denied { write } for path="/dev/socket/wpa_wlan0" scontext=u:r:wpa:s0 tcontext=u:r:init:s0 tclass=unix_dgram_socket permissive=1
06-16 12:59:29.910 I/GlobalDismissManager( 1360): no sender configured
06-16 12:59:39.292 I/ActivityManager(  592): Waited long enough for: ServiceRecord{d6198dc u0 com.android.calendar/.alerts.InitAlarmsService}
06-16 12:59:42.025 I/rild    (  296): type=1400 audit(0.0:460): avc: denied { read } for path="socket:[13631]" dev="sockfs" ino=13631 scontext=u:r:rild:s0 tcontext=u:r:init:s0 tclass=unix_stream_socket permissive=1
06-16 12:59:42.029 I/rild    (  296): type=1400 audit(0.0:461): avc: denied { write } for path="socket:[13631]" dev="sockfs" ino=13631 scontext=u:r:rild:s0 tcontext=u:r:init:s0 tclass=unix_stream_socket permissive=1
06-16 12:59:43.380 W/WifiMode(  592): WiredSSID, Invalid SupportedRates!!!
06-16 12:59:43.380 W/WifiMode(  592): WiredSSID, Invalid SupportedRates!!!
06-16 12:59:43.380 W/WifiMode(  592): WiredSSID, Invalid SupportedRates!!!
06-16 12:59:46.561 I/diskeventd(  263): type=1400 audit(0.0:462): avc: denied { read } for scontext=u:r:init:s0 tcontext=u:r:init:s0 tclass=netlink_kobject_uevent_socket permissive=1
06-16 12:59:46.561 I/netd    (  554): type=1400 audit(0.0:463): avc: denied { write } for path="socket:[13327]" dev="sockfs" ino=13327 scontext=u:r:netd:s0 tcontext=u:r:init:s0 tclass=unix_stream_socket permissive=1
06-16 12:59:47.077 I/healthd (  292): type=1400 audit(0.0:464): avc: denied { call } for scontext=u:r:init:s0 tcontext=u:r:system_server:s0 tclass=binder permissive=1
06-16 12:59:47.545 I/wpa_supplicant(  850): type=1400 audit(0.0:465): avc: denied { sendto } for path="/data/misc/wifi/sockets/wpa_ctrl_592-2" scontext=u:r:init:s0 tcontext=u:r:system_server:s0 tclass=unix_dgram_socket permissive=1
06-16 13:00:01.017 I/crond   (  264): type=1400 audit(0.0:466): avc: denied { read } for name="crontab" dev="xvda7" ino=119043 scontext=u:r:vbox86-setup:s0 tcontext=u:object_r:system_data_file:s0 tclass=dir permissive=1
06-16 13:00:01.017 I/crond   (  264): type=1400 audit(0.0:467): avc: denied { open } for path="/data/crontab" dev="xvda7" ino=119043 scontext=u:r:vbox86-setup:s0 tcontext=u:object_r:system_data_file:s0 tclass=dir permissive=1
06-16 13:00:01.017 I/crond   (  264): type=1400 audit(0.0:468): avc: denied { read } for name="root" dev="xvda7" ino=119044 scontext=u:r:vbox86-setup:s0 tcontext=u:object_r:system_data_file:s0 tclass=file permissive=1
06-16 13:00:01.017 I/crond   (  264): type=1400 audit(0.0:469): avc: denied { open } for path="/data/crontab/root" dev="xvda7" ino=119044 scontext=u:r:vbox86-setup:s0 tcontext=u:object_r:system_data_file:s0 tclass=file permissive=1
06-16 13:00:01.017 I/crond   (  264): type=1400 audit(0.0:470): avc: denied { getattr } for path="/data/crontab/root" dev="xvda7" ino=119044 scontext=u:r:vbox86-setup:s0 tcontext=u:object_r:system_data_file:s0 tclass=file permissive=1
06-16 13:00:01.021 I/crond   ( 1529): type=1400 audit(0.0:471): avc: denied { setgid } for capability=6 scontext=u:r:vbox86-setup:s0 tcontext=u:r:vbox86-setup:s0 tclass=capability permissive=1
06-16 13:00:01.021 I/crond   ( 1529): type=1400 audit(0.0:472): avc: denied { setuid } for capability=7 scontext=u:r:vbox86-setup:s0 tcontext=u:r:vbox86-setup:s0 tclass=capability permissive=1
06-16 13:00:01.023 I/crond   (  264): crond: USER root pid 1529 cmd sleep 5400;reboot -p
06-16 13:00:03.380 W/WifiMode(  592): WiredSSID, Invalid SupportedRates!!!
06-16 13:00:03.380 W/WifiMode(  592): WiredSSID, Invalid SupportedRates!!!
06-16 13:00:03.380 W/WifiMode(  592): WiredSSID, Invalid SupportedRates!!!
06-16 13:00:42.378 I/ActivityManager(  592): Killing 991:com.android.keychain/1000 (adj 906): empty #17
06-16 13:00:43.380 W/WifiMode(  592): WiredSSID, Invalid SupportedRates!!!
06-16 13:00:43.380 W/WifiMode(  592): WiredSSID, Invalid SupportedRates!!!
06-16 13:00:43.380 W/WifiMode(  592): WiredSSID, Invalid SupportedRates!!!
06-16 13:01:05.969 I/netd    (  561): type=1400 audit(0.0:473): avc: denied { accept } for path="/dev/socket/fwmarkd" scontext=u:r:netd:s0 tcontext=u:r:init:s0 tclass=unix_stream_socket permissive=1
06-16 13:01:05.969 I/netd    (  561): type=1400 audit(0.0:474): avc: denied { getopt } for path="/dev/socket/fwmarkd" scontext=u:r:netd:s0 tcontext=u:r:init:s0 tclass=unix_stream_socket permissive=1
06-16 13:01:05.969 I/netd    (  561): type=1400 audit(0.0:475): avc: denied { read } for path="/dev/socket/fwmarkd" scontext=u:r:netd:s0 tcontext=u:r:init:s0 tclass=unix_stream_socket permissive=1
06-16 13:02:03.380 W/WifiMode(  592): WiredSSID, Invalid SupportedRates!!!
06-16 13:02:03.380 W/WifiMode(  592): WiredSSID, Invalid SupportedRates!!!
06-16 13:02:03.380 W/WifiMode(  592): WiredSSID, Invalid SupportedRates!!!
06-16 13:02:15.769 I//sbin/adbd(  144): type=1400 audit(0.0:476): avc: denied { setopt } for comm=73657276657220736F636B6574 laddr=::ffff:172.20.46.215 lport=5555 faddr=::ffff:172.20.28.252 fport=46336 scontext=u:r:init:s0 tcontext=u:r:init:s0 tclass=tcp_socket permissive=1
06-16 13:02:15.769 I//sbin/adbd(  144): type=1400 audit(0.0:477): avc: denied { accept } for comm=73657276657220736F636B6574 lport=5555 scontext=u:r:init:s0 tcontext=u:r:init:s0 tclass=tcp_socket permissive=1
06-16 13:02:15.773 I/<-0.0.0.0181( 1541): type=1400 audit(0.0:478): avc: denied { read } for path="socket:[8405]" dev="sockfs" ino=8405 scontext=u:r:init:s0 tcontext=u:r:init:s0 tclass=tcp_socket permissive=1
06-16 13:02:15.773 I/->0.0.0.0181( 1540): type=1400 audit(0.0:479): avc: denied { write } for path="socket:[8405]" dev="sockfs" ino=8405 scontext=u:r:init:s0 tcontext=u:r:init:s0 tclass=tcp_socket permissive=1
06-16 13:02:16.781 I/adbd    ( 1542): type=1400 audit(0.0:480): avc: denied { execute_no_trans } for path="/system/bin/sh" dev="xvda5" ino=489 scontext=u:r:init:s0 tcontext=u:object_r:shell_exec:s0 tclass=file permissive=1
06-16 13:02:16.781 I/getprop ( 1542): type=1400 audit(0.0:481): avc: denied { read write } for path="socket:[16805]" dev="sockfs" ino=16805 scontext=u:r:toolbox:s0 tcontext=u:r:init:s0 tclass=unix_stream_socket permissive=1
06-16 13:02:16.781 I/getprop ( 1542): type=1400 audit(0.0:482): avc: denied { getattr } for path="socket:[16805]" dev="sockfs" ino=16805 scontext=u:r:toolbox:s0 tcontext=u:r:init:s0 tclass=unix_stream_socket permissive=1
06-16 13:02:16.817 I//sbin/adbd( 1548): type=1400 audit(0.0:483): avc: denied { write } for comm=73657276696365203432 name="etc" dev="xvda5" ino=559 scontext=u:r:init:s0 tcontext=u:object_r:system_file:s0 tclass=dir permissive=1
06-16 13:02:16.821 I//sbin/adbd( 1548): type=1400 audit(0.0:484): avc: denied { remove_name } for comm=73657276696365203432 name="hosts" dev="xvda5" ino=576 scontext=u:r:init:s0 tcontext=u:object_r:system_file:s0 tclass=dir permissive=1
06-16 13:02:16.821 I//sbin/adbd( 1548): type=1400 audit(0.0:485): avc: denied { unlink } for comm=73657276696365203432 name="hosts" dev="xvda5" ino=576 scontext=u:r:init:s0 tcontext=u:object_r:system_file:s0 tclass=file permissive=1
06-16 13:02:16.825 I//sbin/adbd( 1548): type=1400 audit(0.0:486): avc: denied { add_name } for comm=73657276696365203432 name="hosts" scontext=u:r:init:s0 tcontext=u:object_r:system_file:s0 tclass=dir permissive=1
06-16 13:02:16.825 I//sbin/adbd( 1548): type=1400 audit(0.0:487): avc: denied { create } for comm=73657276696365203432 name="hosts" scontext=u:r:init:s0 tcontext=u:object_r:system_file:s0 tclass=file permissive=1
06-16 13:02:16.825 I//sbin/adbd( 1548): type=1400 audit(0.0:488): avc: denied { write } for comm=73657276696365203432 path="/system/etc/hosts" dev="xvda5" ino=576 scontext=u:r:init:s0 tcontext=u:object_r:system_file:s0 tclass=file permissive=1
06-16 13:02:16.825 I//sbin/adbd( 1548): type=1400 audit(0.0:489): avc: denied { setattr } for comm=73657276696365203432 name="hosts" dev="xvda5" ino=576 scontext=u:r:init:s0 tcontext=u:object_r:system_file:s0 tclass=file permissive=1
06-16 13:02:23.265 I/adbd    ( 1550): type=1400 audit(0.0:490): avc: denied { ioctl } for path="/dev/pts/1" dev="devpts" ino=4 ioctlcmd=540e scontext=u:r:init:s0 tcontext=u:object_r:devpts:s0 tclass=chr_file permissive=1
06-16 13:02:23.265 I/sh      ( 1550): type=1400 audit(0.0:491): avc: denied { getattr } for path="/dev/pts/1" dev="devpts" ino=4 scontext=u:r:init:s0 tcontext=u:object_r:devpts:s0 tclass=chr_file permissive=1
06-16 13:02:23.265 I/sh      ( 1552): type=1400 audit(0.0:492): avc: denied { execute_no_trans } for path="/system/bin/cmd" dev="xvda5" ino=291 scontext=u:r:init:s0 tcontext=u:object_r:system_file:s0 tclass=file permissive=1
06-16 13:02:23.273 I/cmd     ( 1552): type=1400 audit(0.0:493): avc: denied { call } for scontext=u:r:init:s0 tcontext=u:r:servicemanager:s0 tclass=binder permissive=1
06-16 13:02:23.273 I/servicemanager(  258): type=1400 audit(0.0:494): avc: denied { search } for name="1552" dev="proc" ino=16225 scontext=u:r:servicemanager:s0 tcontext=u:r:init:s0 tclass=dir permissive=1
06-16 13:02:23.273 I/servicemanager(  258): type=1400 audit(0.0:495): avc: denied { read } for name="current" dev="proc" ino=16241 scontext=u:r:servicemanager:s0 tcontext=u:r:init:s0 tclass=file permissive=1
06-16 13:02:23.273 I/servicemanager(  258): type=1400 audit(0.0:496): avc: denied { open } for path="/proc/1552/attr/current" dev="proc" ino=16241 scontext=u:r:servicemanager:s0 tcontext=u:r:init:s0 tclass=file permissive=1
06-16 13:02:23.273 I/servicemanager(  258): type=1400 audit(0.0:497): avc: denied { getattr } for scontext=u:r:servicemanager:s0 tcontext=u:r:init:s0 tclass=process permissive=1
06-16 13:02:23.273 I/servicemanager(  258): type=1400 audit(0.0:498): avc: denied { sendto } for path="/dev/socket/logdw" scontext=u:r:servicemanager:s0 tcontext=u:r:init:s0 tclass=unix_dgram_socket permissive=1
06-16 13:02:23.273 I/servicemanager(  258): type=1400 audit(0.0:499): avc: denied { transfer } for scontext=u:r:servicemanager:s0 tcontext=u:r:init:s0 tclass=binder permissive=1
06-16 13:02:23.273 I/cmd     ( 1552): type=1400 audit(0.0:500): avc: denied { transfer } for scontext=u:r:init:s0 tcontext=u:r:system_server:s0 tclass=binder permissive=1
06-16 13:02:23.276 E/SELinux (  258): avc:  denied  { find } for service=package pid=1552 uid=0 scontext=u:r:init:s0 tcontext=u:object_r:package_service:s0 tclass=service_manager permissive=1
06-16 13:02:23.297 I/installd(  284): type=1400 audit(0.0:501): avc: denied { read } for path="socket:[12711]" dev="sockfs" ino=12711 scontext=u:r:installd:s0 tcontext=u:r:init:s0 tclass=unix_stream_socket permissive=1
06-16 13:02:23.297 I/installd(  284): type=1400 audit(0.0:502): avc: denied { sendto } for path="/dev/socket/logdw" scontext=u:r:installd:s0 tcontext=u:r:init:s0 tclass=unix_dgram_socket permissive=1
06-16 13:02:23.297 I/installd(  284): type=1400 audit(0.0:503): avc: denied { write } for path="socket:[12711]" dev="sockfs" ino=12711 scontext=u:r:installd:s0 tcontext=u:r:init:s0 tclass=unix_stream_socket permissive=1
06-16 13:02:23.298 I/        (  284): free_cache(94482614) avail 2195742720
06-16 13:02:24.885 W/art     (  592): Long monitor contention with owner PackageInstaller (618) at void com.android.org.conscrypt.NativeCrypto.EVP_DigestUpdateDirect(com.android.org.conscrypt.NativeRef$EVP_MD_CTX, long, int)(NativeCrypto.java:-2) waiters=0 in android.content.pm.PackageInstaller$SessionInfo com.android.server.pm.PackageInstallerSession.generateInfo() for 320ms
06-16 13:02:24.889 I/logd.writer(  115): type=1400 audit(0.0:504): avc: denied { read } for path="/dev/socket/logdw" scontext=u:r:logd:s0 tcontext=u:r:init:s0 tclass=unix_dgram_socket permissive=1
06-16 13:02:24.893 I/ActivityManager(  592): Start proc 1556:com.android.defcontainer/u0a7 for service com.android.defcontainer/.DefaultContainerService
06-16 13:02:24.893 W/art     ( 1556): Unexpected CPU variant for X86 using defaults: x86_64
06-16 13:02:24.912 I/SELinux (  284): SELinux: Loaded file_contexts contexts from /file_contexts.bin.
06-16 13:02:24.912 I/PackageManager.DexOptimizer(  592): Running dexopt (dex2oat) on: /data/app/vmdl698851334.tmp/base.apk pkg=jp.jaxa.iss.kibo.rpc.sampleapk isa=x86_64 vmSafeMode=false debuggable=true target-filter=interpret-only oatDir = /data/app/vmdl698851334.tmp/oat sharedLibraries=null
06-16 13:02:24.921 I/dex2oat ( 1571): type=1400 audit(0.0:505): avc: denied { sendto } for path="/dev/socket/logdw" scontext=u:r:dex2oat:s0 tcontext=u:r:init:s0 tclass=unix_dgram_socket permissive=1
06-16 13:02:24.922 W/dex2oat ( 1571): Unexpected CPU variant for X86 using defaults: x86_64
06-16 13:02:24.922 I/dex2oat ( 1571): /system/bin/dex2oat --compiler-filter=interpret-only --debuggable
06-16 13:02:24.922 E/cutils-trace( 1571): Error opening trace file: Permission denied (13)
06-16 13:02:25.073 I/healthd (  292): type=1400 audit(0.0:506): avc: denied { read } for name="capacity" dev="fuse" ino=8 scontext=u:r:init:s0 tcontext=u:object_r:fuse:s0 tclass=file permissive=1
06-16 13:02:25.073 I/healthd (  292): type=1400 audit(0.0:507): avc: denied { open } for path="/dev/pipe/battery/BAT0/capacity" dev="fuse" ino=8 scontext=u:r:init:s0 tcontext=u:object_r:fuse:s0 tclass=file permissive=1
06-16 13:02:25.163 W/dex2oat ( 1571): Before Android 4.1, method int android.support.v7.widget.ListViewCompat.lookForSelectablePosition(int, boolean) would have incorrectly overridden the package-private method in android.widget.ListView
06-16 13:02:25.195 W/dex2oat ( 1571): Before Android 4.1, method android.graphics.PorterDuffColorFilter android.support.graphics.drawable.VectorDrawableCompat.updateTintFilter(android.graphics.PorterDuffColorFilter, android.content.res.ColorStateList, android.graphics.PorterDuff$Mode) would have incorrectly overridden the package-private method in android.graphics.drawable.Drawable
06-16 13:02:25.434 W/dex2oat ( 1571): Before Android 4.1, method double java.util.concurrent.ThreadLocalRandom.internalNextDouble(double, double) would have incorrectly overridden the package-private method in java.util.Random
06-16 13:02:25.434 W/dex2oat ( 1571): Before Android 4.1, method int java.util.concurrent.ThreadLocalRandom.internalNextInt(int, int) would have incorrectly overridden the package-private method in java.util.Random
06-16 13:02:25.434 W/dex2oat ( 1571): Before Android 4.1, method long java.util.concurrent.ThreadLocalRandom.internalNextLong(long, long) would have incorrectly overridden the package-private method in java.util.Random
06-16 13:02:25.750 I/dex2oat ( 1571): dex2oat took 828.670ms (threads: 2) arena alloc=2MB (2149224B) java alloc=11MB (11971184B) native alloc=15MB (16355736B) free=2MB (3042920B)
06-16 13:02:25.789 I/vold    (  127): type=1400 audit(0.0:508): avc: denied { read } for path="socket:[12285]" dev="sockfs" ino=12285 scontext=u:r:vold:s0 tcontext=u:r:init:s0 tclass=unix_stream_socket permissive=1
06-16 13:02:25.789 I/vold    (  127): type=1400 audit(0.0:509): avc: denied { sendto } for path="/dev/socket/logdw" scontext=u:r:vold:s0 tcontext=u:r:init:s0 tclass=unix_dgram_socket permissive=1
06-16 13:02:25.789 I/vold    (  127): type=1400 audit(0.0:510): avc: denied { write } for path="socket:[12285]" dev="sockfs" ino=12285 scontext=u:r:vold:s0 tcontext=u:r:init:s0 tclass=unix_stream_socket permissive=1
06-16 13:02:25.789 I/VoldConnector(  632): type=1400 audit(0.0:511): avc: denied { sendto } for path="/dev/socket/logdw" scontext=u:r:system_server:s0 tcontext=u:r:init:s0 tclass=unix_dgram_socket permissive=1
06-16 13:02:25.793 I/GnssLocationProvider(  592): WakeLock acquired by sendMessage(3, 0, com.android.server.location.GnssLocationProvider$GpsRequest@63fc735)
06-16 13:02:25.793 I/GnssLocationProvider(  592): WakeLock released by handleMessage(3, 0, com.android.server.location.GnssLocationProvider$GpsRequest@63fc735)
06-16 13:02:25.794 I/GnssLocationProvider(  592): WakeLock acquired by sendMessage(3, 0, com.android.server.location.GnssLocationProvider$GpsRequest@fd827ca)
06-16 13:02:25.796 I/GnssLocationProvider(  592): WakeLock released by handleMessage(3, 0, com.android.server.location.GnssLocationProvider$GpsRequest@fd827ca)
06-16 13:02:25.799 I/art     (  592): Starting a blocking GC Explicit
06-16 13:02:25.805 I/installd(  284): type=1400 audit(0.0:512): avc: denied { sendto } for path="/dev/socket/logdw" scontext=u:r:installd:s0 tcontext=u:r:init:s0 tclass=unix_dgram_socket permissive=1
06-16 13:02:25.805 I/Binder:592_6(  786): type=1400 audit(0.0:513): avc: denied { call } for scontext=u:r:system_server:s0 tcontext=u:r:init:s0 tclass=binder permissive=1
06-16 13:02:25.805 I/->0.0.0.0181( 1540): type=1400 audit(0.0:514): avc: denied { write } for path="socket:[8405]" dev="sockfs" ino=8405 scontext=u:r:init:s0 tcontext=u:r:init:s0 tclass=tcp_socket permissive=1
