06-16 13:02:25.805 I/<-0.0.0.0181( 1541): type=1400 audit(0.0:515): avc: denied { read } for path="socket:[8405]" dev="sockfs" ino=8405 scontext=u:r:init:s0 tcontext=u:r:init:s0 tclass=tcp_socket permissive=1
06-16 13:02:25.811 I/art     (  592): Explicit concurrent mark sweep GC freed 23771(1375KB) AllocSpace objects, 11(348KB) LOS objects, 33% free, 8MB/12MB, paused 360us total 11.976ms
06-16 13:02:25.811 E/        (  284): Couldn't opendir /data/app/vmdl698851334.tmp: No such file or directory
06-16 13:02:25.824 I/InputReader(  592): Reconfiguring input devices.  changes=0x00000010
06-16 13:02:25.825 I/droid.gallery3( 1574): type=1400 audit(0.0:516): avc: denied { sendto } for path="/dev/socket/logdw" scontext=u:r:untrusted_app:s0:c512,c768 tcontext=u:r:init:s0 tclass=unix_dgram_socket permissive=1
06-16 13:02:25.825 I/m.android.phone(  733): type=1400 audit(0.0:517): avc: denied { sendto } for path="/dev/socket/logdw" scontext=u:r:radio:s0 tcontext=u:r:init:s0 tclass=unix_dgram_socket permissive=1
06-16 13:02:25.833 I/ActivityManager(  592): Start proc 1574:com.android.gallery3d/u0a45 for broadcast com.android.gallery3d/.app.PackagesMonitor
06-16 13:02:25.834 W/art     ( 1574): Unexpected CPU variant for X86 using defaults: x86_64
06-16 13:02:25.837 I/JDWP    ( 1582): type=1400 audit(0.0:518): avc: denied { connectto } for path=006A6477702D636F6E74726F6C scontext=u:r:untrusted_app:s0:c512,c768 tcontext=u:r:init:s0 tclass=unix_stream_socket permissive=1
06-16 13:02:25.839 W/VoiceInteractionManagerService(  592): no available voice recognition services found for user 0
06-16 13:02:25.840 W/LocationProviderProxy-network(  592): Odd, no component found for service com.android.location.service.v3.NetworkLocationProvider
06-16 13:02:25.840 W/GeocoderProxy(  592): Odd, no component found for service com.android.location.service.GeocodeProvider
06-16 13:02:25.840 W/GeofenceProxy(  592): Odd, no component found for service com.android.location.service.GeofenceProvider
06-16 13:02:25.840 W/ActivityRecognitionProxy(  592): Odd, no component found for service com.android.location.service.ActivityRecognitionProvider
06-16 13:02:25.917 I/android.musicf( 1593): type=1400 audit(0.0:519): avc: denied { sendto } for path="/dev/socket/logdw" scontext=u:r:priv_app:s0:c512,c768 tcontext=u:r:init:s0 tclass=unix_dgram_socket permissive=1
06-16 13:02:25.917 I/JDWP    ( 1600): type=1400 audit(0.0:520): avc: denied { connectto } for path=006A6477702D636F6E74726F6C scontext=u:r:priv_app:s0:c512,c768 tcontext=u:r:init:s0 tclass=unix_stream_socket permissive=1
06-16 13:02:25.923 W/art     ( 1593): Unexpected CPU variant for X86 using defaults: x86_64
06-16 13:02:25.931 I/ActivityManager(  592): Start proc 1593:com.android.musicfx/u0a16 for broadcast com.android.musicfx/.Compatibility$Receiver
06-16 13:02:25.932 I/ActivityManager(  592): Killing 1069:com.genymobile.genymotionacme/1000 (adj 906): empty #17
06-16 13:02:25.937 W/System  ( 1593): ClassLoader referenced unknown path: /system/priv-app/MusicFX/lib/x86_64
06-16 13:02:25.941 I/main    (  278): type=1400 audit(0.0:521): avc: denied { read } for path="/dev/socket/zygote" scontext=u:r:zygote:s0 tcontext=u:r:init:s0 tclass=unix_stream_socket permissive=1
06-16 13:02:25.941 I/main    (  278): type=1400 audit(0.0:522): avc: denied { getattr } for path="socket:[12920]" dev="sockfs" ino=12920 scontext=u:r:zygote:s0 tcontext=u:r:init:s0 tclass=unix_stream_socket permissive=1
06-16 13:02:25.941 I/main    (  278): type=1400 audit(0.0:523): avc: denied { write } for path="/dev/socket/zygote" scontext=u:r:zygote:s0 tcontext=u:r:init:s0 tclass=unix_stream_socket permissive=1
06-16 13:02:25.952 W/art     ( 1610): Unexpected CPU variant for X86 using defaults: x86_64
06-16 13:02:25.959 I/ActivityManager(  592): Start proc 1610:com.svox.pico/u0a54 for broadcast com.svox.pico/.VoiceDataInstallerReceiver
06-16 13:02:25.959 I/ActivityManager(  592): Killing 1342:com.android.dialer/u0a8 (adj 906): empty #17
06-16 13:02:25.968 I/ActivityManager(  592): Killing 1403:com.android.managedprovisioning/u0a15 (adj 906): empty #17
06-16 13:02:26.709 I/wpa_supplicant(  850): type=1400 audit(0.0:524): avc: denied { read } for path="/dev/socket/wpa_wlan0" scontext=u:r:wpa:s0 tcontext=u:r:init:s0 tclass=unix_dgram_socket permissive=1
06-16 13:02:26.709 I/wpa_supplicant(  850): type=1400 audit(0.0:525): avc: denied { getopt } for path="/dev/socket/wpa_wlan0" scontext=u:r:wpa:s0 tcontext=u:r:init:s0 tclass=unix_dgram_socket permissive=1
06-16 13:02:26.709 I/wpa_supplicant(  850): type=1400 audit(0.0:526): avc: denied { ioctl } for path="socket:[13234]" dev="sockfs" ino=13234 ioctlcmd=5411 scontext=u:r:wpa:s0 tcontext=u:r:init:s0 tclass=unix_dgram_socket permissive=1
06-16 13:02:26.709 I/wpa_supplicant(  850): type=1400 audit(0.0:527): avc: denied { write } for path="/dev/socket/wpa_wlan0" scontext=u:r:wpa:s0 tcontext=u:r:init:s0 tclass=unix_dgram_socket permissive=1
06-16 13:02:27.321 I/netd    (  561): type=1400 audit(0.0:528): avc: denied { accept } for path="/dev/socket/fwmarkd" scontext=u:r:netd:s0 tcontext=u:r:init:s0 tclass=unix_stream_socket permissive=1
06-16 13:02:27.321 I/netd    (  561): type=1400 audit(0.0:529): avc: denied { getopt } for path="/dev/socket/fwmarkd" scontext=u:r:netd:s0 tcontext=u:r:init:s0 tclass=unix_stream_socket permissive=1
06-16 13:02:27.321 I/netd    (  561): type=1400 audit(0.0:530): avc: denied { read } for path="/dev/socket/fwmarkd" scontext=u:r:netd:s0 tcontext=u:r:init:s0 tclass=unix_stream_socket permissive=1
06-16 13:02:27.321 I/netd    (  561): type=1400 audit(0.0:531): avc: denied { write } for path="socket:[16980]" dev="sockfs" ino=16980 scontext=u:r:netd:s0 tcontext=u:r:init:s0 tclass=unix_stream_socket permissive=1
06-16 13:02:27.357 I/com.genymobile.webrtcd( 1305): type=1400 audit(0.0:532): avc: denied { sendto } for comm=4E616E6F4874747064204D61696E20 path="/dev/socket/logdw" scontext=u:r:system_app:s0 tcontext=u:r:init:s0 tclass=unix_dgram_socket permissive=1
06-16 13:02:34.913 I/lmkd    (  256): type=1400 audit(0.0:533): avc: denied { read } for path="socket:[12211]" dev="sockfs" ino=12211 scontext=u:r:lmkd:s0 tcontext=u:r:init:s0 tclass=unix_stream_socket permissive=1
06-16 13:02:34.917 I/ActivityManager(  592): Killing 1436:com.android.onetimeinitializer/u0a17 (adj 906): empty #17
06-16 13:02:42.301 I/rild    (  296): type=1400 audit(0.0:534): avc: denied { sendto } for path="/dev/socket/logdw" scontext=u:r:rild:s0 tcontext=u:r:init:s0 tclass=unix_dgram_socket permissive=1
06-16 13:03:02.333 I/rild    (  296): type=1400 audit(0.0:535): avc: denied { read } for path="socket:[13631]" dev="sockfs" ino=13631 scontext=u:r:rild:s0 tcontext=u:r:init:s0 tclass=unix_stream_socket permissive=1
06-16 13:03:02.333 I/rild    (  296): type=1400 audit(0.0:536): avc: denied { write } for path="socket:[13631]" dev="sockfs" ino=13631 scontext=u:r:rild:s0 tcontext=u:r:init:s0 tclass=unix_stream_socket permissive=1
06-16 13:04:43.379 W/WifiMode(  592): WiredSSID, Invalid SupportedRates!!!
06-16 13:04:43.380 W/WifiMode(  592): WiredSSID, Invalid SupportedRates!!!
06-16 13:04:43.380 W/WifiMode(  592): WiredSSID, Invalid SupportedRates!!!
06-16 13:05:16.801 I/adbd    ( 1632): type=1400 audit(0.0:537): avc: denied { execute_no_trans } for path="/system/bin/sh" dev="xvda5" ino=489 scontext=u:r:init:s0 tcontext=u:object_r:shell_exec:s0 tclass=file permissive=1
06-16 13:05:16.801 I/sh      ( 1632): type=1400 audit(0.0:538): avc: denied { execute_no_trans } for path="/system/bin/am" dev="xvda5" ino=256 scontext=u:r:init:s0 tcontext=u:object_r:system_file:s0 tclass=file permissive=1
06-16 13:05:16.937 I/app_process( 1632): type=1400 audit(0.0:539): avc: denied { sendto } for path="/dev/socket/logdw" scontext=u:r:zygote:s0 tcontext=u:r:init:s0 tclass=unix_dgram_socket permissive=1
06-16 13:05:16.953 I/main    ( 1632): type=1400 audit(0.0:540): avc: denied { execmem } for scontext=u:r:zygote:s0 tcontext=u:r:zygote:s0 tclass=process permissive=1
06-16 13:05:16.953 I/main    ( 1632): type=1400 audit(0.0:541): avc: denied { execute } for path="/dev/ashmem" dev="tmpfs" ino=7990 scontext=u:r:zygote:s0 tcontext=u:object_r:ashmem_device:s0 tclass=chr_file permissive=1
06-16 13:05:16.953 I/main    ( 1632): type=1400 audit(0.0:542): avc: denied { execute } for path=2F6465762F6173686D656D2F64616C76696B2D6A69742D636F64652D6361636865202864656C6574656429 dev="tmpfs" ino=17550 scontext=u:r:zygote:s0 tcontext=u:object_r:zygote_tmpfs:s0 tclass=file permissive=1
06-16 13:05:16.954 W/art     ( 1632): Unexpected CPU variant for X86 using defaults: x86_64
06-16 13:05:16.969 I/main    ( 1632): type=1400 audit(0.0:543): avc: denied { call } for scontext=u:r:zygote:s0 tcontext=u:r:servicemanager:s0 tclass=binder permissive=1
06-16 13:05:16.969 I/servicemanager(  258): type=1400 audit(0.0:544): avc: denied { search } for name="1632" dev="proc" ino=17426 scontext=u:r:servicemanager:s0 tcontext=u:r:zygote:s0 tclass=dir permissive=1
06-16 13:05:16.969 I/servicemanager(  258): type=1400 audit(0.0:545): avc: denied { read } for name="current" dev="proc" ino=17008 scontext=u:r:servicemanager:s0 tcontext=u:r:zygote:s0 tclass=file permissive=1
06-16 13:05:16.969 I/servicemanager(  258): type=1400 audit(0.0:546): avc: denied { open } for path="/proc/1632/attr/current" dev="proc" ino=17008 scontext=u:r:servicemanager:s0 tcontext=u:r:zygote:s0 tclass=file permissive=1
06-16 13:05:16.969 I/servicemanager(  258): type=1400 audit(0.0:547): avc: denied { getattr } for scontext=u:r:servicemanager:s0 tcontext=u:r:zygote:s0 tclass=process permissive=1
06-16 13:05:16.969 I/servicemanager(  258): type=1400 audit(0.0:548): avc: denied { sendto } for path="/dev/socket/logdw" scontext=u:r:servicemanager:s0 tcontext=u:r:init:s0 tclass=unix_dgram_socket permissive=1
06-16 13:05:16.969 E/memtrack( 1632): Couldn't load memtrack module (No such file or directory)
06-16 13:05:16.969 E/android.os.Debug( 1632): failed to load memtrack module: -2
06-16 13:05:16.970 I/Radio-JNI( 1632): register_android_hardware_Radio DONE
06-16 13:05:16.976 E/SELinux (  258): avc:  denied  { find } for service=activity pid=1632 uid=0 scontext=u:r:zygote:s0 tcontext=u:object_r:activity_service:s0 tclass=service_manager permissive=1
06-16 13:05:16.979 E/SELinux (  258): avc:  denied  { find } for service=package pid=1632 uid=0 scontext=u:r:zygote:s0 tcontext=u:object_r:package_service:s0 tclass=service_manager permissive=1
06-16 13:05:16.981 I/main    ( 1632): type=1400 audit(0.0:549): avc: denied { call } for scontext=u:r:zygote:s0 tcontext=u:r:system_server:s0 tclass=binder permissive=1
06-16 13:05:16.989 I/art     ( 1642): Late-enabling -Xcheck:jni
06-16 13:05:16.989 W/art     ( 1642): Unexpected CPU variant for X86 using defaults: x86_64
06-16 13:05:16.997 I/ActivityManager(  592): Start proc 1642:gov.nasa.arc.astrobee.android.gs.manager/u0a63 for service gov.nasa.arc.astrobee.android.gs.manager/.ManagerService
06-16 13:05:17.000 W/System  ( 1642): ClassLoader referenced unknown path: /data/app/gov.nasa.arc.astrobee.android.gs.manager-1/lib/x86_64
06-16 13:05:17.058 E/Notification( 1642): setLatestEventInfo() is deprecated and you should feel deprecated.
06-16 13:05:17.058 E/Notification( 1642): java.lang.Throwable
06-16 13:05:17.058 E/Notification( 1642): 	at android.app.Notification.setLatestEventInfo(Notification.java:2048)
06-16 13:05:17.058 E/Notification( 1642): 	at org.ros.android.NodeMainExecutorService.onStartCommand(NodeMainExecutorService.java:220)
06-16 13:05:17.058 E/Notification( 1642): 	at android.app.ActivityThread.handleServiceArgs(ActivityThread.java:3297)
06-16 13:05:17.058 E/Notification( 1642): 	at android.app.ActivityThread.-wrap21(ActivityThread.java)
06-16 13:05:17.058 E/Notification( 1642): 	at android.app.ActivityThread$H.handleMessage(ActivityThread.java:1565)
06-16 13:05:17.058 E/Notification( 1642): 	at android.os.Handler.dispatchMessage(Handler.java:102)
06-16 13:05:17.058 E/Notification( 1642): 	at android.os.Looper.loop(Looper.java:154)
06-16 13:05:17.058 E/Notification( 1642): 	at android.app.ActivityThread.main(ActivityThread.java:6077)
06-16 13:05:17.058 E/Notification( 1642): 	at java.lang.reflect.Method.invoke(Native Method)
06-16 13:05:17.058 E/Notification( 1642): 	at com.android.internal.os.ZygoteInit$MethodAndArgsCaller.run(ZygoteInit.java:865)
06-16 13:05:17.058 E/Notification( 1642): 	at com.android.internal.os.ZygoteInit.main(ZygoteInit.java:755)
06-16 13:05:17.077 I/Registrar( 1642): MasterXmlRpcEndpoint URI: http://llp:11311
06-16 13:05:17.081 I/Registrar( 1642): Registering publisher: Publisher<PublisherDefinition<PublisherIdentifier<NodeIdentifier</guest_science_manager, http://hlp:39869/>, TopicIdentifier</rosout>>, Topic<TopicIdentifier</rosout>, TopicDescription<rosgraph_msgs/Log, acffd30cd6b6de30f120938c17c593fb>>>>
06-16 13:05:17.089 I/netd    (  558): type=1400 audit(0.0:550): avc: denied { getopt } for path="/dev/socket/dnsproxyd" scontext=u:r:netd:s0 tcontext=u:r:init:s0:c512,c768 tclass=unix_stream_socket permissive=1
06-16 13:05:17.089 I/netd    (  558): type=1400 audit(0.0:551): avc: denied { read } for path="socket:[17617]" dev="sockfs" ino=17617 scontext=u:r:netd:s0 tcontext=u:r:init:s0:c512,c768 tclass=unix_stream_socket permissive=1
06-16 13:05:17.089 I/netd    ( 1672): type=1400 audit(0.0:552): avc: denied { write } for path="socket:[17617]" dev="sockfs" ino=17617 scontext=u:r:netd:s0 tcontext=u:r:init:s0:c512,c768 tclass=unix_stream_socket permissive=1
06-16 13:05:17.114 I/Registrar( 1642): Response<Success, Registered [/guest_science_manager] as publisher of [/rosout], [http://172.20.28.252:38069/]>
06-16 13:05:17.114 I/DefaultPublisher( 1642): Publisher registered: Publisher<PublisherDefinition<PublisherIdentifier<NodeIdentifier</guest_science_manager, http://hlp:39869/>, TopicIdentifier</rosout>>, Topic<TopicIdentifier</rosout>, TopicDescription<rosgraph_msgs/Log, acffd30cd6b6de30f120938c17c593fb>>>>
06-16 13:05:17.129 I/Registrar( 1642): Registering subscriber: Subscriber<Topic<TopicIdentifier</clock>, TopicDescription<rosgraph_msgs/Clock, a9c97c1d230cfc112e270351a944ee47>>>
06-16 13:05:17.140 I/Registrar( 1642): Response<Success, Subscribed to [/clock], [http://172.20.28.252:44231/]>
06-16 13:05:17.140 I/DefaultSubscriber( 1642): Subscriber registered: Subscriber<Topic<TopicIdentifier</clock>, TopicDescription<rosgraph_msgs/Clock, a9c97c1d230cfc112e270351a944ee47>>>
06-16 13:05:17.144 I/Registrar( 1642): Registering publisher: Publisher<PublisherDefinition<PublisherIdentifier<NodeIdentifier</guest_science_manager, http://hlp:39869/>, TopicIdentifier</gs/gs_manager/ack>>, Topic<TopicIdentifier</gs/gs_manager/ack>, TopicDescription<ff_msgs/AckStamped, cebddec69fd770df54633be444a9187d>>>>
06-16 13:05:17.145 I/Registrar( 1642): Registering publisher: Publisher<PublisherDefinition<PublisherIdentifier<NodeIdentifier</guest_science_manager, http://hlp:39869/>, TopicIdentifier</gs/gs_manager/config>>, Topic<TopicIdentifier</gs/gs_manager/config>, TopicDescription<ff_msgs/GuestScienceConfig, c6f632ed2411de4159494a3e7754794e>>>>
06-16 13:05:17.146 I/Registrar( 1642): Registering publisher: Publisher<PublisherDefinition<PublisherIdentifier<NodeIdentifier</guest_science_manager, http://hlp:39869/>, TopicIdentifier</gs/data>>, Topic<TopicIdentifier</gs/data>, TopicDescription<ff_msgs/GuestScienceData, edd2c791ea93ffa7cb0ec80c5bb00972>>>>
06-16 13:05:17.150 I/Registrar( 1642): Registering publisher: Publisher<PublisherDefinition<PublisherIdentifier<NodeIdentifier</guest_science_manager, http://hlp:39869/>, TopicIdentifier</gs/gs_manager/state>>, Topic<TopicIdentifier</gs/gs_manager/state>, TopicDescription<ff_msgs/GuestScienceState, 24e5a1ba8527257cc710720a32de6e51>>>>
06-16 13:05:17.152 I/Registrar( 1642): Registering publisher: Publisher<PublisherDefinition<PublisherIdentifier<NodeIdentifier</guest_science_manager, http://hlp:39869/>, TopicIdentifier</heartbeat>>, Topic<TopicIdentifier</heartbeat>, TopicDescription<ff_msgs/Heartbeat, 00da4d5a529de9d778f78787c87e306c>>>>
06-16 13:05:17.154 I/Registrar( 1642): Registering subscriber: Subscriber<Topic<TopicIdentifier</mgt/executive/command>, TopicDescription<ff_msgs/CommandStamped, ac01350894b1be9e3a7b4f390a14812d>>>
06-16 13:05:17.161 I/Registrar( 1642): Response<Success, Registered [/guest_science_manager] as publisher of [/gs/gs_manager/config], [http://172.20.28.252:40029/]>
06-16 13:05:17.161 I/DefaultPublisher( 1642): Publisher registered: Publisher<PublisherDefinition<PublisherIdentifier<NodeIdentifier</guest_science_manager, http://hlp:39869/>, TopicIdentifier</gs/gs_manager/config>>, Topic<TopicIdentifier</gs/gs_manager/config>, TopicDescription<ff_msgs/GuestScienceConfig, c6f632ed2411de4159494a3e7754794e>>>>
06-16 13:05:17.172 I/art     ( 1714): Late-enabling -Xcheck:jni
06-16 13:05:17.172 I/Registrar( 1642): Response<Success, Registered [/guest_science_manager] as publisher of [/gs/data], []>
06-16 13:05:17.172 I/DefaultPublisher( 1642): Publisher registered: Publisher<PublisherDefinition<PublisherIdentifier<NodeIdentifier</guest_science_manager, http://hlp:39869/>, TopicIdentifier</gs/data>>, Topic<TopicIdentifier</gs/data>, TopicDescription<ff_msgs/GuestScienceData, edd2c791ea93ffa7cb0ec80c5bb00972>>>>
06-16 13:05:17.172 W/art     ( 1714): Unexpected CPU variant for X86 using defaults: x86_64
06-16 13:05:17.173 I/Registrar( 1642): Response<Success, Registered [/guest_science_manager] as publisher of [/gs/gs_manager/ack], [http://172.20.28.252:40029/]>
06-16 13:05:17.173 I/DefaultPublisher( 1642): Publisher registered: Publisher<PublisherDefinition<PublisherIdentifier<NodeIdentifier</guest_science_manager, http://hlp:39869/>, TopicIdentifier</gs/gs_manager/ack>>, Topic<TopicIdentifier</gs/gs_manager/ack>, TopicDescription<ff_msgs/AckStamped, cebddec69fd770df54633be444a9187d>>>>
06-16 13:05:17.179 I/ActivityManager(  592): Start proc 1714:jp.jaxa.iss.kibo.rpc.sampleapk/u0a64 for broadcast jp.jaxa.iss.kibo.rpc.sampleapk/gov.nasa.arc.astrobee.android.gs.InfoInqueryBroadcastReceiver
06-16 13:05:17.194 I/ActivityManager(  592): Killing 1104:android.process.media/u0a10 (adj 906): empty #17
06-16 13:05:17.205 I/Registrar( 1642): Response<Success, Registered [/guest_science_manager] as publisher of [/heartbeat], [http://172.20.28.252:45345/]>
06-16 13:05:17.206 I/DefaultPublisher( 1642): Publisher registered: Publisher<PublisherDefinition<PublisherIdentifier<NodeIdentifier</guest_science_manager, http://hlp:39869/>, TopicIdentifier</heartbeat>>, Topic<TopicIdentifier</heartbeat>, TopicDescription<ff_msgs/Heartbeat, 00da4d5a529de9d778f78787c87e306c>>>>
06-16 13:05:17.215 I/Registrar( 1642): Response<Success, Registered [/guest_science_manager] as publisher of [/gs/gs_manager/state], [http://172.20.28.252:40029/]>
06-16 13:05:17.216 I/DefaultPublisher( 1642): Publisher registered: Publisher<PublisherDefinition<PublisherIdentifier<NodeIdentifier</guest_science_manager, http://hlp:39869/>, TopicIdentifier</gs/gs_manager/state>>, Topic<TopicIdentifier</gs/gs_manager/state>, TopicDescription<ff_msgs/GuestScienceState, 24e5a1ba8527257cc710720a32de6e51>>>>
06-16 13:05:17.227 I/Registrar( 1642): Response<Success, Subscribed to [/mgt/executive/command], [http://172.20.28.252:40029/]>
06-16 13:05:17.228 I/DefaultSubscriber( 1642): Subscriber registered: Subscriber<Topic<TopicIdentifier</mgt/executive/command>, TopicDescription<ff_msgs/CommandStamped, ac01350894b1be9e3a7b4f390a14812d>>>
06-16 13:05:17.905 I/wpa_supplicant(  850): type=1400 audit(0.0:553): avc: denied { sendto } for path="/data/misc/wifi/sockets/wpa_ctrl_592-2" scontext=u:r:init:s0 tcontext=u:r:system_server:s0 tclass=unix_dgram_socket permissive=1
06-16 13:05:19.425 I/adbd    ( 1733): type=1400 audit(0.0:554): avc: denied { ioctl } for path="/dev/pts/1" dev="devpts" ino=4 ioctlcmd=540e scontext=u:r:init:s0 tcontext=u:object_r:devpts:s0 tclass=chr_file permissive=1
06-16 13:05:19.429 I/sh      ( 1733): type=1400 audit(0.0:555): avc: denied { getattr } for path="/dev/pts/1" dev="devpts" ino=4 scontext=u:r:init:s0 tcontext=u:object_r:devpts:s0 tclass=chr_file permissive=1
06-16 13:05:19.433 I/logcat  ( 1735): type=1400 audit(0.0:556): avc: denied { read write } for path="/dev/pts/2" dev="devpts" ino=5 scontext=u:r:logd:s0 tcontext=u:object_r:devpts:s0 tclass=chr_file permissive=1
06-16 17:59:07.574 I/logd    (  116): type=1400 audit(0.0:101): avc: denied { accept } for path="/dev/socket/logd" scontext=u:r:logd:s0 tcontext=u:r:init:s0 tclass=unix_stream_socket permissive=1
06-16 13:05:19.441 I/logd    (  114): type=1400 audit(0.0:557): avc: denied { accept } for path="/dev/socket/logdr" scontext=u:r:logd:s0 tcontext=u:r:init:s0 tclass=unix_stream_socket permissive=1
06-16 13:05:19.441 I/logd    (  114): type=1400 audit(0.0:558): avc: denied { getopt } for path="/dev/socket/logdr" scontext=u:r:logd:s0 tcontext=u:r:init:s0 tclass=unix_stream_socket permissive=1
06-16 13:05:19.441 I/logd.reader(  114): type=1400 audit(0.0:559): avc: denied { read } for path="socket:[17191]" dev="sockfs" ino=17191 scontext=u:r:logd:s0 tcontext=u:r:init:s0 tclass=unix_stream_socket permissive=1
06-16 13:05:19.441 I/logd.reader(  114): type=1400 audit(0.0:560): avc: denied { setopt } for path="/dev/socket/logdr" scontext=u:r:logd:s0 tcontext=u:r:init:s0 tclass=unix_stream_socket permissive=1
06-16 13:05:19.441 I/logd.reader.per( 1737): type=1400 audit(0.0:561): avc: denied { write } for path="socket:[17191]" dev="sockfs" ino=17191 scontext=u:r:logd:s0 tcontext=u:r:init:s0 tclass=unix_stream_socket permissive=1
06-16 13:05:22.145 I/art     ( 1642): Do partial code cache collection, code=28KB, data=29KB
06-16 13:05:22.146 I/art     ( 1642): After code cache collection, code=26KB, data=28KB
06-16 13:05:22.146 I/art     ( 1642): Increasing code cache capacity to 128KB
06-16 13:05:32.413 E/OpenCV/StaticHelper( 1714): OpenCV error: Cannot load info library for OpenCV
06-16 13:05:32.420 I/OpenCV/StaticHelper( 1714): 
06-16 13:05:32.420 I/OpenCV/StaticHelper( 1714): General configuration for OpenCV 4.5.3 =====================================
06-16 13:05:32.420 I/OpenCV/StaticHelper( 1714):   Version control:               unknown
06-16 13:05:32.420 I/OpenCV/StaticHelper( 1714): 
06-16 13:05:32.420 I/OpenCV/StaticHelper( 1714):   Extra modules:
06-16 13:05:32.420 I/OpenCV/StaticHelper( 1714):     Location (extra):            /home/quickbirdstudios/opencv/releases/opencv_contrib-4.5.3/modules
06-16 13:05:32.420 I/OpenCV/StaticHelper( 1714):     Version control (extra):     unknown
06-16 13:05:32.420 I/OpenCV/StaticHelper( 1714): 
06-16 13:05:32.420 I/OpenCV/StaticHelper( 1714):   Platform:
06-16 13:05:32.420 I/OpenCV/StaticHelper( 1714):     Timestamp:                   2021-08-29T19:29:53Z
06-16 13:05:32.420 I/OpenCV/StaticHelper( 1714):     Host:                        Linux 5.4.0-80-generic x86_64
06-16 13:05:32.420 I/OpenCV/StaticHelper( 1714):     Target:                      Android 1 x86_64
06-16 13:05:32.420 I/OpenCV/StaticHelper( 1714):     CMake:                       3.21.1
06-16 13:05:32.420 I/OpenCV/StaticHelper( 1714):     CMake generator:             Ninja
06-16 13:05:32.420 I/OpenCV/StaticHelper( 1714):     CMake build tool:            /usr/bin/ninja-build
06-16 13:05:32.420 I/OpenCV/StaticHelper( 1714):     Configuration:               Release
06-16 13:05:32.420 I/OpenCV/StaticHelper( 1714): 
06-16 13:05:32.420 I/OpenCV/StaticHelper( 1714):   CPU/HW features:
06-16 13:05:32.420 I/OpenCV/StaticHelper( 1714):     Baseline:                    SSE SSE2 SSE3
06-16 13:05:32.420 I/OpenCV/StaticHelper( 1714):       requested:                 SSE3
06-16 13:05:32.420 I/OpenCV/StaticHelper( 1714):     Dispatched code generation:  SSE4_1 SSE4_2 FP16 AVX AVX2 AVX512_SKX
06-16 13:05:32.420 I/OpenCV/StaticHelper( 1714):       requested:                 SSE4_1 SSE4_2 AVX FP16 AVX2 AVX512_SKX
06-16 13:05:32.420 I/OpenCV/StaticHelper( 1714):       SSE4_1 (15 files):         + SSSE3 SSE4_1
06-16 13:05:32.420 I/OpenCV/StaticHelper( 1714):       SSE4_2 (1 files):          + SSSE3 SSE4_1 POPCNT SSE4_2
06-16 13:05:32.420 I/OpenCV/StaticHelper( 1714):       FP16 (0 files):            + SSSE3 SSE4_1 POPCNT SSE4_2 FP16 AVX
06-16 13:05:32.420 I/OpenCV/StaticHelper( 1714):       AVX (4 files):             + SSSE3 SSE4_1 POPCNT SSE4_2 AVX
06-16 13:05:32.420 I/OpenCV/StaticHelper( 1714):       AVX2 (29 files):           + SSSE3 SSE4_1 POPCNT SSE4_2 FP16 FMA3 AVX AVX2
06-16 13:05:32.420 I/OpenCV/StaticHelper( 1714):       AVX512_SKX (4 files):      + SSSE3 SSE4_1 POPCNT SSE4_2 FP16 FMA3 AVX AVX2 AVX_512F AVX512_COMMON AVX512_SKX
06-16 13:05:32.420 I/OpenCV/StaticHelper( 1714): 
06-16 13:05:32.420 I/OpenCV/StaticHelper( 1714):   C/C++:
06-16 13:05:32.420 I/OpenCV/StaticHelper( 1714):     Built as dynamic libs?:      NO
06-16 13:05:32.420 I/OpenCV/StaticHelper( 1714):     C++ standard:                11
06-16 13:05:32.420 I/OpenCV/StaticHelper( 1714):     C++ Compiler:                /home/quickbirdstudios/Android/SdkForTesting/ndk/22.1.7171670/toolchains/llvm/prebuilt/linux-x86_64/bin/clang++  (ver 11.0.5)
06-16 13:05:32.420 I/OpenCV/StaticHelper( 1714):     C++ flags (Release):         -DANDROID -fdata-sections -ffunction-sections -funwind-tables -fstack-protector-strong -no-canonical-prefixes -D_FORTIFY_SOURCE=2 -Wformat -Werror=format-security     -fsigned-char -W -Wall -Werror=return-type -Werror=non-virtual-dtor -Werror=address -Werror=sequence-point -Wformat -Werror=format-security -Wmissing-declarations -Wmissing-prototypes -Wstrict-prototypes -Wundef -Winit-self -Wpointer-arith -Wshadow -Wsign-promo -Wuninitialized -Winconsistent-missing-override -Wno-delete-non-virtual-dtor -Wno-unnamed-type-template-args -Wno-comment -Wno-deprecated-enum-enum-conversion -Wno-deprecated-anon-enum-enum-conversion -fdiagnostics-show-option -Wno-long-long -Qunused-arguments  -msse -msse2 -msse3 -fvisibility=hidden -fvisibility-inlines-hidden  -O2 -DNDEBUG   -DNDEBUG
06-16 13:05:32.420 I/OpenCV/StaticHelper( 1714):     C++ flags (Debug):           -DANDROID -fdata-sections -ffunction-sections -funwind-tables -fstack-protector-strong -no-canonical-prefixes -D_FORTIFY_SOURCE=2 -Wformat -Werror=format-security     -fsigned-char -W -Wall -Werror=return-type -Werror=non-virtual-dtor -Werror=address -Werror=sequence-point -Wformat -Werror=format-security -Wmissing-declarations -Wmissing-prototypes -Wstrict-prototypes -Wundef -Winit-self -Wpointer-arith -Wshadow -Wsign-promo -Wuninitialized -Winconsistent-missing-override -Wno-delete-non-virtual-dtor -Wno-unnamed-type-template-args -Wno-comment -Wno-deprecated-enum-enum-conversion -Wno-deprecated-anon-enum-enum-conversion -fdiagnostics-show-option -Wno-long-long -Qunused-arguments  -msse -msse2 -msse3 -fvisibility=hidden -fvisibility-inlines-hidden  -O0 -fno-limit-debug-info   -DDEBUG -D_DEBUG -g
06-16 13:05:32.420 I/OpenCV/StaticHelper( 1714):     C Compiler:                  /home/quickbirdstudios/Android/SdkForTesting/ndk/22.1.7171670/toolchains/llvm/prebuilt/linux-x86_64/bin/clang
06-16 13:05:32.420 I/OpenCV/StaticHelper( 1714):     C flags (Release):           -DANDROID -fdata-sections -ffunction-sections -funwind-tables -fstack-protector-strong -no-canonical-prefixes -D_FORTIFY_SOURCE=2 -Wformat -Werror=format-security    -fsigned-char -W -Wall -Werror=return-type -Werror=non-virtual-dtor -Werror=address -Werror=sequence-point -Wformat -Werror=format-security -Wmissing-declarations -Wmissing-prototypes -Wstrict-prototypes -Wundef -Winit-self -Wpointer-arith -Wshadow -Wsign-promo -Wuninitialized -Winconsistent-missing-override -Wno-delete-non-virtual-dtor -Wno-unnamed-type-template-args -Wno-comment -Wno-deprecated-enum-enum-conversion -Wno-deprecated-anon-enum-enum-conversion -fdiagnostics-show-option -Wno-long-long -Qunused-arguments  -msse -msse2 -msse3 -fvisibility=hidden -fvisibility-inlines-hidden  -O2 -DNDEBUG   -DNDEBUG
06-16 13:05:32.420 I/OpenCV/StaticHelper( 1714):     C flags (Debug):             -DANDROID -fdata-sections -ffunction-sections -funwind-tables -fstack-protector-strong -no-canonical-prefixes -D_FORTIFY_SOURCE=2 -Wformat -Werror=format-security    -fsigned-char -W -Wall -Werror=return-type -Werror=non-virtual-dtor -Werror=address -Werror=sequence-point -Wformat -Werror=format-security -Wmissing-declarations -Wmissing-prototypes -Wstrict-prototypes -Wundef -Winit-self -Wpointer-arith -Wshadow -Wsign-promo -Wuninitialized -Winconsistent-missing-override -Wno-delete-non-virtual-dtor -Wno-unnamed-type-template-args -Wno-comment -Wno-deprecated-enum-enum-conversion -Wno-deprecated-anon-enum-enum-conversion -fdiagnostics-show-option -Wno-long-long -Qunused-arguments  -msse -msse2 -msse3 -fvisibility=hidden -fvisibility-inlines-hidden  -O0 -fno-limit-debug-info   -DDEBUG -D_DEBUG -g
06-16 13:05:32.420 I/OpenCV/StaticHelper( 1714):     Linker flags (Release):      -Wl,--exclude-libs,libippicv.a -Wl,--exclude-libs,libippiw.a -Wl,--exclude-libs,libgcc.a -Wl,--exclude-libs,libgcc_real.a -Wl,--exclude-libs,libatomic.a -Wl,--build-id=sha1 -Wl,--no-rosegment -Wl,--fatal-warnings -Wl,--no-undefined -Qunused-arguments   -Wl,--as-needed  
06-16 13:05:32.421 I/OpenCV/StaticHelper( 1714):     Linker flags (Debug):        -Wl,--exclude-libs,libippicv.a -Wl,--exclude-libs,libippiw.a -Wl,--exclude-libs,libgcc.a -Wl,--exclude-libs,libgcc_real.a -Wl,--exclude-libs,libatomic.a -Wl,--build-id=sha1 -Wl,--no-rosegment -Wl,--fatal-warnings -Wl,--no-undefined -Qunused-arguments   -Wl,--as-needed  
06-16 13:05:32.421 I/OpenCV/StaticHelper( 1714):     ccache:                      YES
06-16 13:05:32.421 I/OpenCV/StaticHelper( 1714):     Precompiled headers:         NO
06-16 13:05:32.421 I/OpenCV/StaticHelper( 1714):     Extra dependencies:          z dl m log
06-16 13:05:32.421 I/OpenCV/StaticHelper( 1714):     3rdparty dependencies:       libcpufeatures libprotobuf ade tbb ittnotify libjpeg-turbo libwebp libpng libtiff libopenjp2 IlmImf quirc ippiw ippicv
06-16 13:05:32.421 I/OpenCV/StaticHelper( 1714): 
06-16 13:05:32.421 I/OpenCV/StaticHelper( 1714):   OpenCV modules:
06-16 13:05:32.421 I/OpenCV/StaticHelper( 1714):     To be built:                 aruco barcode bgsegm bioinspired calib3d ccalib core datasets dnn dnn_objdetect dnn_superres dpm face features2d flann fuzzy gapi hfs highgui img_hash imgcodecs imgproc intensity_transform java line_descriptor mcc ml objdetect optflow phase_unwrapping photo plot quality rapid reg rgbd saliency shape stereo stitching structured_light superres surface_matching text tracking video videoio videostab wechat_qrcode xfeatures2d ximgproc xobjdetect xphoto
06-16 13:05:32.421 I/OpenCV/StaticHelper( 1714):     Disabled:                    world
06-16 13:05:32.421 I/OpenCV/StaticHelper( 1714):     Disabled by dependency:      -
06-16 13:05:32.421 I/OpenCV/StaticHelper( 1714):     Unavailable:                 alphamat cudaarithm cudabgsegm cudacodec cudafeatures2d cudafilters cudaimgproc cudalegacy cudaobjdetect cudaoptflow cudastereo cudawarping cudev cvv freetype hdf julia matlab ovis python2 python3 sfm ts viz
06-16 13:05:32.421 I/OpenCV/StaticHelper( 1714):     Applications:                -
06-16 13:05:32.421 I/OpenCV/StaticHelper( 1714):     Documentation:               NO
06-16 13:05:32.421 I/OpenCV/StaticHelper( 1714):     Non-free algorithms:         NO
06-16 13:05:32.421 I/OpenCV/StaticHelper( 1714): 
06-16 13:05:32.421 I/OpenCV/StaticHelper( 1714):   Android NDK:                   /home/quickbirdstudios/Android/SdkForTesting/ndk/22.1.7171670 (ver 22.1.7171670)
06-16 13:05:32.421 I/OpenCV/StaticHelper( 1714):     Android ABI:                 x86_64
06-16 13:05:32.421 I/OpenCV/StaticHelper( 1714):     NDK toolchain:               x86_64-linux-android-clang
06-16 13:05:32.421 I/OpenCV/StaticHelper( 1714):     STL type:                    c++_shared
06-16 13:05:32.421 I/OpenCV/StaticHelper( 1714):     Native API level:            21
06-16 13:05:32.421 I/OpenCV/StaticHelper( 1714):   Android SDK:                   /home/quickbirdstudios/Android/SdkForTesting (tools: 26.1.1 build tools: 29.0.2)
06-16 13:05:32.421 I/OpenCV/StaticHelper( 1714): 
06-16 13:05:32.421 I/OpenCV/StaticHelper( 1714):   GUI: 
06-16 13:05:32.421 I/OpenCV/StaticHelper( 1714): 
06-16 13:05:32.421 I/OpenCV/StaticHelper( 1714):   Media I/O: 
06-16 13:05:32.421 I/OpenCV/StaticHelper( 1714):     ZLib:                        z (ver 1.2.11)
06-16 13:05:32.421 I/OpenCV/StaticHelper( 1714):     JPEG:                        build-libjpeg-turbo (ver 2.1.0-62)
06-16 13:05:32.421 I/OpenCV/StaticHelper( 1714):     WEBP:                        build (ver encoder: 0x020f)
06-16 13:05:32.421 I/OpenCV/StaticHelper( 1714):     PNG:                         build (ver 1.6.37)
06-16 13:05:32.421 I/OpenCV/StaticHelper( 1714):     TIFF:                        build (ver 42 - 4.2.0)
06-16 13:05:32.421 I/OpenCV/StaticHelper( 1714):     JPEG 2000:                   build (ver 2.4.0)
06-16 13:05:32.421 I/OpenCV/StaticHelper( 1714):     OpenEXR:                     build (ver 2.3.0)
06-16 13:05:32.421 I/OpenCV/StaticHelper( 1714):     HDR:                         YES
06-16 13:05:32.421 I/OpenCV/StaticHelper( 1714):     SUNRASTER:                   YES
06-16 13:05:32.421 I/OpenCV/StaticHelper( 1714):     PXM:                         YES
06-16 13:05:32.421 I/OpenCV/StaticHelper( 1714):     PFM:                         YES
06-16 13:05:32.421 I/OpenCV/StaticHelper( 1714): 
06-16 13:05:32.421 I/OpenCV/StaticHelper( 1714):   Video I/O:
06-16 13:05:32.421 I/OpenCV/StaticHelper( 1714): 
06-16 13:05:32.421 I/OpenCV/StaticHelper( 1714):   Parallel framework:            TBB (ver 2020.2 interface 11102)
06-16 13:05:32.421 I/OpenCV/StaticHelper( 1714): 
06-16 13:05:32.421 I/OpenCV/StaticHelper( 1714):   Trace:                         YES (with Intel ITT)
06-16 13:05:32.421 I/OpenCV/StaticHelper( 1714): 
06-16 13:05:32.421 I/OpenCV/StaticHelper( 1714):   Other third-party libraries:
06-16 13:05:32.421 I/OpenCV/StaticHelper( 1714):     Intel IPP:                   2020.0.0 Gold [2020.0.0]
06-16 13:05:32.421 I/OpenCV/StaticHelper( 1714):            at:                   /home/quickbirdstudios/opencv/releases/opencv-4.5.3-build/opencv-contrib_4.5.3/o4a/3rdparty/ippicv/ippicv_lnx/icv
06-16 13:05:32.421 I/OpenCV/StaticHelper( 1714):     Intel IPP IW:                sources (2020.0.0)
06-16 13:05:32.421 I/OpenCV/StaticHelper( 1714):               at:                /home/quickbirdstudios/opencv/releases/opencv-4.5.3-build/opencv-contrib_4.5.3/o4a/3rdparty/ippicv/ippicv_lnx/iw
06-16 13:05:32.421 I/OpenCV/StaticHelper( 1714):     Custom HAL:                  NO
06-16 13:05:32.421 I/OpenCV/StaticHelper( 1714):     Protobuf:                    build (3.5.1)
06-16 13:05:32.421 I/OpenCV/StaticHelper( 1714): 
06-16 13:05:32.421 I/OpenCV/StaticHelper( 1714):   Python (for build):            /usr/bin/python3
06-16 13:05:32.421 I/OpenCV/StaticHelper( 1714): 
06-16 13:05:32.421 I/OpenCV/StaticHelper( 1714):   Java:                          export all functions
06-16 13:05:32.421 I/OpenCV/StaticHelper( 1714):     ant:                         NO
06-16 13:05:32.421 I/OpenCV/StaticHelper( 1714):     Java wrappers:               YES
06-16 13:05:32.421 I/OpenCV/StaticHelper( 1714):     Java tests:                  NO
06-16 13:05:32.421 I/OpenCV/StaticHelper( 1714): 
06-16 13:05:32.421 I/OpenCV/StaticHelper( 1714):   Install to:                    /home/quickbirdstudios/opencv/releases/opencv-4.5.3-build/opencv-contrib_4.5.3/o4a/install
06-16 13:05:32.421 I/OpenCV/StaticHelper( 1714): -----------------------------------------------------------------
06-16 13:05:32.421 I/KiboRpcApi( 1714): [AARVersion] AAR version 6.0.0
06-16 13:05:32.433 I/Registrar( 1714): MasterXmlRpcEndpoint URI: http://llp:11311
06-16 13:05:32.440 I/Registrar( 1714): Registering publisher: Publisher<PublisherDefinition<PublisherIdentifier<NodeIdentifier</kibo_rpc_api, http://hlp:46847/>, TopicIdentifier</rosout>>, Topic<TopicIdentifier</rosout>, TopicDescription<rosgraph_msgs/Log, acffd30cd6b6de30f120938c17c593fb>>>>
06-16 13:05:32.451 I/Registrar( 1714): Response<Success, Registered [/kibo_rpc_api] as publisher of [/rosout], [http://172.20.28.252:38069/, http://172.20.28.252:34967/]>
06-16 13:05:32.451 I/DefaultPublisher( 1714): Publisher registered: Publisher<PublisherDefinition<PublisherIdentifier<NodeIdentifier</kibo_rpc_api, http://hlp:46847/>, TopicIdentifier</rosout>>, Topic<TopicIdentifier</rosout>, TopicDescription<rosgraph_msgs/Log, acffd30cd6b6de30f120938c17c593fb>>>>
06-16 13:05:32.457 I/Registrar( 1714): Registering subscriber: Subscriber<Topic<TopicIdentifier</clock>, TopicDescription<rosgraph_msgs/Clock, a9c97c1d230cfc112e270351a944ee47>>>
06-16 13:05:32.461 I/Registrar( 1714): Response<Success, Subscribed to [/clock], [http://172.20.28.252:44231/]>
06-16 13:05:32.462 I/DefaultSubscriber( 1714): Subscriber registered: Subscriber<Topic<TopicIdentifier</clock>, TopicDescription<rosgraph_msgs/Clock, a9c97c1d230cfc112e270351a944ee47>>>
06-16 13:05:32.467 I/Registrar( 1714): Registering publisher: Publisher<PublisherDefinition<PublisherIdentifier<NodeIdentifier</kibo_rpc_api, http://hlp:46847/>, TopicIdentifier</command>>, Topic<TopicIdentifier</command>, TopicDescription<ff_msgs/CommandStamped, ac01350894b1be9e3a7b4f390a14812d>>>>
06-16 13:05:32.478 I/Registrar( 1714): Response<Success, Registered [/kibo_rpc_api] as publisher of [/command], [http://172.20.28.252:44231/, http://172.20.28.252:40029/, http://172.20.28.252:34967/, http://172.20.28.252:40813/]>
06-16 13:05:32.478 I/DefaultPublisher( 1714): Publisher registered: Publisher<PublisherDefinition<PublisherIdentifier<NodeIdentifier</kibo_rpc_api, http://hlp:46847/>, TopicIdentifier</command>>, Topic<TopicIdentifier</command>, TopicDescription<ff_msgs/CommandStamped, ac01350894b1be9e3a7b4f390a14812d>>>>
06-16 13:05:32.479 I/Registrar( 1714): Registering subscriber: Subscriber<Topic<TopicIdentifier</mgt/ack>, TopicDescription<ff_msgs/AckStamped, cebddec69fd770df54633be444a9187d>>>
06-16 13:05:32.485 I/Registrar( 1714): MasterXmlRpcEndpoint URI: http://llp:11311
06-16 13:05:32.487 I/Registrar( 1714): MasterXmlRpcEndpoint URI: http://llp:11311
06-16 13:05:32.492 I/Registrar( 1714): Registering subscriber: Subscriber<Topic<TopicIdentifier</gnc/ekf>, TopicDescription<ff_msgs/EkfState, 543b97822b033d7199b506ad4005f134>>>
06-16 13:05:32.494 I/Registrar( 1714): Registering publisher: Publisher<PublisherDefinition<PublisherIdentifier<NodeIdentifier</SetterNode, http://hlp:37915/>, TopicIdentifier</rosout>>, Topic<TopicIdentifier</rosout>, TopicDescription<rosgraph_msgs/Log, acffd30cd6b6de30f120938c17c593fb>>>>
06-16 13:05:32.495 I/Registrar( 1714): Registering publisher: Publisher<PublisherDefinition<PublisherIdentifier<NodeIdentifier</GetterNode, http://hlp:37447/>, TopicIdentifier</rosout>>, Topic<TopicIdentifier</rosout>, TopicDescription<rosgraph_msgs/Log, acffd30cd6b6de30f120938c17c593fb>>>>
06-16 13:05:32.495 I/Registrar( 1714): Response<Success, Subscribed to [/mgt/ack], [http://172.20.28.252:40029/]>
06-16 13:05:32.498 I/DefaultSubscriber( 1714): Subscriber registered: Subscriber<Topic<TopicIdentifier</mgt/ack>, TopicDescription<ff_msgs/AckStamped, cebddec69fd770df54633be444a9187d>>>
06-16 13:05:32.504 I/Registrar( 1714): Response<Success, Subscribed to [/gnc/ekf], [http://172.20.28.252:36369/]>
06-16 13:05:32.504 I/DefaultSubscriber( 1714): Subscriber registered: Subscriber<Topic<TopicIdentifier</gnc/ekf>, TopicDescription<ff_msgs/EkfState, 543b97822b033d7199b506ad4005f134>>>
06-16 13:05:32.507 I/Registrar( 1714): Response<Success, Registered [/SetterNode] as publisher of [/rosout], [http://172.20.28.252:38069/, http://172.20.28.252:34967/]>
06-16 13:05:32.507 I/DefaultPublisher( 1714): Publisher registered: Publisher<PublisherDefinition<PublisherIdentifier<NodeIdentifier</SetterNode, http://hlp:37915/>, TopicIdentifier</rosout>>, Topic<TopicIdentifier</rosout>, TopicDescription<rosgraph_msgs/Log, acffd30cd6b6de30f120938c17c593fb>>>>
06-16 13:05:32.510 I/Registrar( 1714): Registering subscriber: Subscriber<Topic<TopicIdentifier</clock>, TopicDescription<rosgraph_msgs/Clock, a9c97c1d230cfc112e270351a944ee47>>>
06-16 13:05:32.514 I/Registrar( 1714): Response<Success, Registered [/GetterNode] as publisher of [/rosout], [http://172.20.28.252:38069/, http://172.20.28.252:34967/]>
06-16 13:05:32.514 I/DefaultPublisher( 1714): Publisher registered: Publisher<PublisherDefinition<PublisherIdentifier<NodeIdentifier</GetterNode, http://hlp:37447/>, TopicIdentifier</rosout>>, Topic<TopicIdentifier</rosout>, TopicDescription<rosgraph_msgs/Log, acffd30cd6b6de30f120938c17c593fb>>>>
06-16 13:05:32.515 I/Registrar( 1714): Registering subscriber: Subscriber<Topic<TopicIdentifier</clock>, TopicDescription<rosgraph_msgs/Clock, a9c97c1d230cfc112e270351a944ee47>>>
06-16 13:05:32.515 I/Registrar( 1714): Response<Success, Subscribed to [/clock], [http://172.20.28.252:44231/]>
06-16 13:05:32.515 I/DefaultSubscriber( 1714): Subscriber registered: Subscriber<Topic<TopicIdentifier</clock>, TopicDescription<rosgraph_msgs/Clock, a9c97c1d230cfc112e270351a944ee47>>>
06-16 13:05:32.528 I/Registrar( 1714): Registering publisher: Publisher<PublisherDefinition<PublisherIdentifier<NodeIdentifier</SetterNode, http://hlp:37915/>, TopicIdentifier</signals>>, Topic<TopicIdentifier</signals>, TopicDescription<ff_msgs/SignalState, 1d27ab072e4b4bf58f04e75ff6768d4e>>>>
06-16 13:05:32.550 I/Registrar( 1714): Response<Success, Subscribed to [/clock], [http://172.20.28.252:44231/]>
06-16 13:05:32.550 I/DefaultSubscriber( 1714): Subscriber registered: Subscriber<Topic<TopicIdentifier</clock>, TopicDescription<rosgraph_msgs/Clock, a9c97c1d230cfc112e270351a944ee47>>>
06-16 13:05:32.556 I/Registrar( 1714): Response<Success, Registered [/SetterNode] as publisher of [/signals], [http://172.20.28.252:34967/]>
06-16 13:05:32.556 I/DefaultPublisher( 1714): Publisher registered: Publisher<PublisherDefinition<PublisherIdentifier<NodeIdentifier</SetterNode, http://hlp:37915/>, TopicIdentifier</signals>>, Topic<TopicIdentifier</signals>, TopicDescription<ff_msgs/SignalState, 1d27ab072e4b4bf58f04e75ff6768d4e>>>>
06-16 13:05:32.562 I/Registrar( 1714): Registering subscriber: Subscriber<Topic<TopicIdentifier</gnc/ekf_noise>, TopicDescription<ff_msgs/EkfState, 543b97822b033d7199b506ad4005f134>>>
06-16 13:05:32.564 I/Registrar( 1714): Registering subscriber: Subscriber<Topic<TopicIdentifier</hw/imu>, TopicDescription<sensor_msgs/Imu, 6a62c6daae103f4ff57a132d6f95cec2>>>
06-16 13:05:32.566 I/Registrar( 1714): Registering subscriber: Subscriber<Topic<TopicIdentifier</hw/cam_nav>, TopicDescription<sensor_msgs/Image, 060021388200f6f0f447d0fcd9c64743>>>
06-16 13:05:32.568 I/Registrar( 1714): Registering subscriber: Subscriber<Topic<TopicIdentifier</hw/cam_dock>, TopicDescription<sensor_msgs/Image, 060021388200f6f0f447d0fcd9c64743>>>
06-16 13:05:32.574 I/Registrar( 1714): Response<Success, Subscribed to [/gnc/ekf_noise], [http://172.20.28.252:36369/]>
06-16 13:05:32.576 I/Registrar( 1714): Registering subscriber: Subscriber<Topic<TopicIdentifier</hw/depth_haz/points>, TopicDescription<sensor_msgs/PointCloud2, 1158d486dd51d683ce2f1be655c3c181>>>
06-16 13:05:32.576 I/DefaultSubscriber( 1714): Subscriber registered: Subscriber<Topic<TopicIdentifier</gnc/ekf_noise>, TopicDescription<ff_msgs/EkfState, 543b97822b033d7199b506ad4005f134>>>
06-16 13:05:32.581 I/Registrar( 1714): Response<Success, Subscribed to [/hw/cam_dock], [http://172.20.28.252:44231/]>
06-16 13:05:32.583 I/DefaultSubscriber( 1714): Subscriber registered: Subscriber<Topic<TopicIdentifier</hw/cam_dock>, TopicDescription<sensor_msgs/Image, 060021388200f6f0f447d0fcd9c64743>>>
06-16 13:05:32.584 I/Registrar( 1714): Registering subscriber: Subscriber<Topic<TopicIdentifier</hw/depth_perch/points>, TopicDescription<sensor_msgs/PointCloud2, 1158d486dd51d683ce2f1be655c3c181>>>
06-16 13:05:32.586 I/Registrar( 1714): Registering subscriber: Subscriber<Topic<TopicIdentifier</beh/dock/state>, TopicDescription<ff_msgs/DockState, 09d842ed9109dbc2bf96976f8fb2eaa5>>>
06-16 13:05:32.592 I/Registrar( 1714): Response<Success, Subscribed to [/hw/imu], [http://172.20.28.252:44231/]>
06-16 13:05:32.594 I/DefaultSubscriber( 1714): Subscriber registered: Subscriber<Topic<TopicIdentifier</hw/imu>, TopicDescription<sensor_msgs/Imu, 6a62c6daae103f4ff57a132d6f95cec2>>>
06-16 13:05:32.600 I/Registrar( 1714): Response<Success, Subscribed to [/hw/depth_haz/points], [http://172.20.28.252:44231/]>
06-16 13:05:32.600 I/DefaultSubscriber( 1714): Subscriber registered: Subscriber<Topic<TopicIdentifier</hw/depth_haz/points>, TopicDescription<sensor_msgs/PointCloud2, 1158d486dd51d683ce2f1be655c3c181>>>
06-16 13:05:32.600 I/Registrar( 1714): Response<Success, Subscribed to [/hw/cam_nav], [http://172.20.28.252:44231/]>
06-16 13:05:32.600 I/DefaultSubscriber( 1714): Subscriber registered: Subscriber<Topic<TopicIdentifier</hw/cam_nav>, TopicDescription<sensor_msgs/Image, 060021388200f6f0f447d0fcd9c64743>>>
06-16 13:05:32.610 I/Registrar( 1714): Response<Success, Subscribed to [/beh/dock/state], [http://172.20.28.252:37165/]>
06-16 13:05:32.610 I/DefaultSubscriber( 1714): Subscriber registered: Subscriber<Topic<TopicIdentifier</beh/dock/state>, TopicDescription<ff_msgs/DockState, 09d842ed9109dbc2bf96976f8fb2eaa5>>>
06-16 13:05:32.620 I/Registrar( 1714): Response<Success, Subscribed to [/hw/depth_perch/points], [http://172.20.28.252:44231/]>
06-16 13:05:32.620 I/DefaultSubscriber( 1714): Subscriber registered: Subscriber<Topic<TopicIdentifier</hw/depth_perch/points>, TopicDescription<sensor_msgs/PointCloud2, 1158d486dd51d683ce2f1be655c3c181>>>
06-16 13:05:32.670 I/art     ( 1714): Do partial code cache collection, code=29KB, data=30KB
06-16 13:05:32.670 I/art     ( 1714): After code cache collection, code=29KB, data=30KB
06-16 13:05:32.670 I/art     ( 1714): Increasing code cache capacity to 128KB
06-16 13:05:34.289 I/art     ( 1714): Do partial code cache collection, code=61KB, data=56KB
06-16 13:05:34.289 I/art     ( 1714): After code cache collection, code=61KB, data=56KB
06-16 13:05:34.289 I/art     ( 1714): Increasing code cache capacity to 256KB
06-16 13:05:35.950 I/art     ( 1642): Do partial code cache collection, code=61KB, data=52KB
06-16 13:05:35.950 I/art     ( 1642): After code cache collection, code=59KB, data=50KB
06-16 13:05:35.950 I/art     ( 1642): Increasing code cache capacity to 256KB
06-16 13:05:37.161 W/RobotNodeMain( 1714): Unmatched Ack received: Ack{id=3LocalParticipant; status=COMPLETED(3); completedStatus=OK(1)}
06-16 13:05:37.173 I/YourService( 1714): Start mission
06-16 13:05:37.174 I/KiboRpcApi( 1714): [Start] startMission
06-16 13:05:37.174 I/KiboRpcApi( 1714): Undock Start: 20250616 010537174
06-16 13:06:07.955 I/KiboRpcApi( 1714): [Start] printLogCommandResult
06-16 13:06:07.955 I/KiboRpcApi( 1714): [printLogCommandResult] Command status: OK(1)
06-16 13:06:07.955 I/KiboRpcApi( 1714): [printLogCommandResult] Done.
06-16 13:06:07.955 I/KiboRpcApi( 1714): [Finish] printLogCommandResult
06-16 13:06:07.955 I/KiboRpcApi( 1714): Undock Finish: 20250616 010607955
06-16 13:06:07.956 I/KiboRpcApi( 1714): Mission Start: 20250616 010607955
06-16 13:06:07.956 I/KiboRpcApi( 1714): [Finish] startMission
06-16 13:06:07.956 I/KiboRpcApi( 1714): [Start] moveTo
06-16 13:06:07.956 I/KiboRpcApi( 1714): Parameters: goalPoint == gov.nasa.arc.astrobee.types.Point[10.9, -9.923, 5.195], orientation == Mat33f::Quaternion{ x=0; y=0; z=-0.707; w=0.707}, printRobotPosition == false
06-16 13:06:07.959 I/KiboRpcApi( 1714): [Start] printLogCommandResult
06-16 13:06:07.959 I/KiboRpcApi( 1714): [printLogCommandResult] Command status: OK(1)
06-16 13:06:07.959 I/KiboRpcApi( 1714): [printLogCommandResult] Done.
06-16 13:06:07.959 I/KiboRpcApi( 1714): [Finish] printLogCommandResult
06-16 13:06:08.183 I/KiboRpcApi( 1714): [Start] printLogCommandResult
06-16 13:06:08.183 I/KiboRpcApi( 1714): [printLogCommandResult] Command status: OK(1)
06-16 13:06:08.183 I/KiboRpcApi( 1714): [printLogCommandResult] Done.
06-16 13:06:08.183 I/KiboRpcApi( 1714): [Finish] printLogCommandResult
06-16 13:06:25.076 I/KiboRpcApi( 1714): [Start] printLogCommandResult
06-16 13:06:25.076 I/KiboRpcApi( 1714): [printLogCommandResult] Command status: OK(1)
06-16 13:06:25.076 I/KiboRpcApi( 1714): [printLogCommandResult] Done.
06-16 13:06:25.076 I/KiboRpcApi( 1714): [Finish] printLogCommandResult
06-16 13:06:25.076 I/KiboRpcApi( 1714): [Finish] moveTo
06-16 13:06:25.076 I/KiboRpcApi( 1714): [Start] getMatNavCam
06-16 13:06:25.077 I/KiboRpcApi( 1714): [Finish] getMatNavCam
06-16 13:06:25.077 I/KiboRpcApi( 1714): [Start] saveMatImage
06-16 13:06:25.077 I/KiboRpcApi( 1714): Parameters: image, imageName == test.png
06-16 13:06:25.317 I/KiboRpcApi( 1714): [Finish] saveMatImage
06-16 13:06:25.313 I/logd.writer(  115): type=1400 audit(0.0:562): avc: denied { read } for path="/dev/socket/logdw" scontext=u:r:logd:s0 tcontext=u:r:init:s0 tclass=unix_dgram_socket permissive=1
06-16 13:06:25.337 I/KiboRpcApi( 1714): [Start] getNavCamIntrinsics
06-16 13:06:25.337 I/KiboRpcApi( 1714): [Finish] getNavCamIntrinsics
06-16 13:06:25.338 I/YourService( 1714): Detected 1 markers.
06-16 13:06:25.340 I/YourService( 1714): Corner[0] is close to expected position (-2.5, 2.5, 0)
06-16 13:06:25.343 I/KiboRpcApi( 1714): [Start] saveMatImage
06-16 13:06:25.343 I/KiboRpcApi( 1714): Parameters: image, imageName == cropped_region_640x480.png
06-16 13:06:25.367 I/KiboRpcApi( 1714): [Finish] saveMatImage
06-16 13:06:25.369 I/YourService( 1714): Cropped region saved as 640x480 image
06-16 13:06:25.371 I/YourService( 1714): Crop Point 0: (789.96, 524.76)
06-16 13:06:25.371 I/YourService( 1714): Crop Point 1: (858.14, 650.22)
06-16 13:06:25.371 I/YourService( 1714): Crop Point 2: (934.25, 582.37)
06-16 13:06:25.371 I/YourService( 1714): Crop Point 3: (875.05, 458.60)
