06-16 12:59:22.278 I/mediacodec(  286): type=1400 audit(0.0:370): avc: denied { sendto } for path="/dev/socket/logdw" scontext=u:r:mediacodec:s0 tcontext=u:r:init:s0 tclass=unix_dgram_socket permissive=1
06-16 12:59:22.279 E/GnssLocationProvider(  592): no AGPS interface in set_agps_server
06-16 12:59:22.279 I/CameraManagerGlobal(  670): Connecting to camera service
06-16 12:59:22.279 I/GnssLocationProvider(  592): WakeLock released by handleMessage(12, 0, null)
06-16 12:59:22.281 I/CameraService(  281): getCameraCharacteristics: Switching to HAL1 shim implementation...
06-16 12:59:22.281 I/CameraService(  281): CameraService::connect call (PID -1 "cameraserver", camera ID 0) for HAL version default and Camera API version 1
06-16 12:59:22.281 W/ACodec  (  289): [OMX.google.h264.decoder] stopping checking profiles after 32: 2/8000
06-16 12:59:22.281 E/OMXNodeInstance(  286): getExtensionIndex(11e000d:google.h264.decoder, OMX.google.android.index.configureVideoTunnelMode) ERROR: UnsupportedIndex(0x8000101a)
06-16 12:59:22.281 W/OMXNodeInstance(  286): [11e000d:google.h264.decoder] component does not support metadata mode; using fallback
06-16 12:59:22.294 E/CameraService(  281): getCameraPriorityFromProcState: Received invalid process state -1 from ActivityManagerService!
06-16 12:59:22.295 I/MediaPlayerService(  289): MediaPlayerService::getOMX
06-16 12:59:22.295 I/OMXClient(  289): MuxOMX ctor
06-16 12:59:22.295 I/OMXMaster(  286): makeComponentInstance(OMX.google.vp8.decoder) in mediacodec process
06-16 12:59:22.306 E/linker  (  289): library /system/lib/libavcodec.so with text relocation is whitelisted
06-16 12:59:22.306 W/linker  (  289): /system/lib/libavcodec.so has text relocations. This is wasting memory and prevents security hardening. Please fix.
06-16 12:59:22.306 E/linker  (  289): library /system/lib/libavcodec.so with text relocation is whitelisted
06-16 12:59:22.307 I/OpenGLRenderer( 1019): Initialized EGL, version 1.4
06-16 12:59:22.310 I/Binder:289_4(  918): type=1400 audit(0.0:371): avc: denied { execmod } for path="/system/lib/libavcodec.so" dev="xvda5" ino=2166 scontext=u:r:mediaserver:s0 tcontext=u:object_r:system_file:s0 tclass=file permissive=1
06-16 12:59:22.311 E/linker  (  289): library /system/lib/libswresample.so with text relocation is whitelisted
06-16 12:59:22.311 W/linker  (  289): /system/lib/libswresample.so has text relocations. This is wasting memory and prevents security hardening. Please fix.
06-16 12:59:22.311 E/linker  (  289): library /system/lib/libswresample.so with text relocation is whitelisted
06-16 12:59:22.311 E/WVMExtractor(  289): Failed to open libwvm.so: dlopen failed: library "libwvm.so" not found
06-16 12:59:22.326 I/system_server(  592): type=1400 audit(0.0:372): avc: denied { sendto } for path="/dev/socket/logdw" scontext=u:r:system_server:s0 tcontext=u:r:init:s0 tclass=unix_dgram_socket permissive=1
06-16 12:59:22.329 I/GnssLocationProvider(  592): WakeLock acquired by sendMessage(12, 0, null)
06-16 12:59:22.329 E/GnssLocationProvider(  592): no AGPS interface in set_agps_server
06-16 12:59:22.330 I/GnssLocationProvider(  592): WakeLock released by handleMessage(12, 0, null)
06-16 12:59:22.346 I/Binder:288_3(  807): type=1400 audit(0.0:373): avc: denied { sendto } for path="/dev/socket/logdw" scontext=u:r:mediaextractor:s0 tcontext=u:r:init:s0 tclass=unix_dgram_socket permissive=1
06-16 12:59:22.348 I/FFmpegExtractor(  288): android-source:0xeb39b400
06-16 12:59:22.349 I/FFMPEG  (  288): Input #0, ogg, from 'android-source:0xeb39b400':
06-16 12:59:22.349 I/FFMPEG  (  288):   Duration: 00:00:00.42, start: 0.000000, bitrate: 113 kb/s
06-16 12:59:22.349 I/FFMPEG  (  288):     Stream #0:0: Audio: vorbis, 48000 Hz, mono, fltp, 48 kb/s
06-16 12:59:22.349 I/FFMPEG  (  288):     Metadata:
06-16 12:59:22.349 I/FFMPEG  (  288):       TITLE           : Camera Shutter
06-16 12:59:22.349 I/FFMPEG  (  288):       ARTIST          : (c) 2012 Android Open Source Project
06-16 12:59:22.349 I/FFmpegExtractor(  288): FFmpegExtrator, url: android-source:0xeb39b400, format_name: ogg, format_long_name: Ogg
06-16 12:59:22.349 I/FFmpegExtractor(  288): list the formats suppoted by ffmpeg: 
06-16 12:59:22.349 I/FFmpegExtractor(  288): ========================================
06-16 12:59:22.349 I/FFmpegExtractor(  288): ========================================
06-16 12:59:22.349 I/FFmpegExtractor(  288): adjust mime(application/ogg -> audio/vorbis)
06-16 12:59:22.349 I/FFmpegExtractor(  288): sniff through BetterSniffFFMPEG success
06-16 12:59:22.351 E/GnssLocationProvider(  592): no AGPS interface in set_agps_server
06-16 12:59:22.362 I/wpa_supplicant(  850): type=1400 audit(0.0:374): avc: denied { read } for path="/dev/socket/wpa_wlan0" scontext=u:r:wpa:s0 tcontext=u:r:init:s0 tclass=unix_dgram_socket permissive=1
06-16 12:59:22.362 I/wpa_supplicant(  850): type=1400 audit(0.0:375): avc: denied { getopt } for path="/dev/socket/wpa_wlan0" scontext=u:r:wpa:s0 tcontext=u:r:init:s0 tclass=unix_dgram_socket permissive=1
06-16 12:59:22.362 I/wpa_supplicant(  850): type=1400 audit(0.0:376): avc: denied { ioctl } for path="socket:[13234]" dev="sockfs" ino=13234 ioctlcmd=5411 scontext=u:r:wpa:s0 tcontext=u:r:init:s0 tclass=unix_dgram_socket permissive=1
06-16 12:59:22.362 I/wpa_supplicant(  850): type=1400 audit(0.0:377): avc: denied { write } for path="/dev/socket/wpa_wlan0" scontext=u:r:wpa:s0 tcontext=u:r:init:s0 tclass=unix_dgram_socket permissive=1
06-16 12:59:22.362 I/wpa_supplicant(  850): type=1400 audit(0.0:378): avc: denied { sendto } for path="/data/misc/wifi/sockets/wpa_ctrl_592-3" scontext=u:r:init:s0 tcontext=u:r:system_server:s0 tclass=unix_dgram_socket permissive=1
06-16 12:59:22.365 W/WindowManager(  592): Keyguard drawn timeout. Setting mKeyguardDrawComplete
06-16 12:59:22.370 I/Telephony(  733): PstnIncomingCallNotifier: Unregistering: Handler (com.android.internal.telephony.GsmCdmaPhone) {d4eb41e}
06-16 12:59:22.372 I/Telecom (  592): PhoneAccountRegistrar: New phone account registered: [[ ] PhoneAccount: ComponentInfo{com.android.phone/com.android.services.telephony.TelephonyConnectionService}, [5fef04621e9a9b41849c3df35e75799299008300], UserHandle{0} Capabilities: CallProvider MultiUser PlaceEmerg SimSub  Schemes: tel voicemail  Extras: null]: TSI.rPA@ABY
06-16 12:59:22.373 I/Telecom (  592): : Sending phone-account registered intent as user: TSI.rPA@ABY
06-16 12:59:22.373 I/Telephony(  733): AccountEntry: Registered phoneAccount: [[ ] PhoneAccount: ComponentInfo{com.android.phone/com.android.services.telephony.TelephonyConnectionService}, [5fef04621e9a9b41849c3df35e75799299008300], UserHandle{0} Capabilities: CallProvider MultiUser PlaceEmerg SimSub  Schemes: tel voicemail  Extras: null] with handle: ComponentInfo{com.android.phone/com.android.services.telephony.TelephonyConnectionService}, [5fef04621e9a9b41849c3df35e75799299008300], UserHandle{0}
06-16 12:59:22.373 I/Telephony(  733): PstnIncomingCallNotifier: Registering: Handler (com.android.internal.telephony.GsmCdmaPhone) {d4eb41e}
06-16 12:59:22.374 I/wpa_supplicant(  850): type=1400 audit(0.0:379): avc: denied { getopt } for path="/dev/socket/wpa_wlan0" scontext=u:r:wpa:s0 tcontext=u:r:init:s0 tclass=unix_dgram_socket permissive=1
06-16 12:59:22.374 I/wpa_supplicant(  850): type=1400 audit(0.0:380): avc: denied { ioctl } for path="socket:[13234]" dev="sockfs" ino=13234 ioctlcmd=5411 scontext=u:r:wpa:s0 tcontext=u:r:init:s0 tclass=unix_dgram_socket permissive=1
06-16 12:59:22.374 I/wpa_supplicant(  850): type=1400 audit(0.0:381): avc: denied { write } for path="/dev/socket/wpa_wlan0" scontext=u:r:wpa:s0 tcontext=u:r:init:s0 tclass=unix_dgram_socket permissive=1
06-16 12:59:22.374 I/wpa_supplicant(  850): type=1400 audit(0.0:382): avc: denied { read } for path="/dev/socket/wpa_wlan0" scontext=u:r:wpa:s0 tcontext=u:r:init:s0 tclass=unix_dgram_socket permissive=1
06-16 12:59:22.374 I/m.android.phone(  733): type=1400 audit(0.0:383): avc: denied { sendto } for path="/dev/socket/logdw" scontext=u:r:radio:s0 tcontext=u:r:init:s0 tclass=unix_dgram_socket permissive=1
06-16 12:59:22.374 W/WifiNetworkHistory(  592): Upgrading network 0 to android.uid.system:1000
06-16 12:59:22.374 E/IpConfigStore(  592): Error parsing configuration: java.io.FileNotFoundException: /data/misc/wifi/ipconfig.txt (No such file or directory)
06-16 12:59:22.374 I/Telephony(  733): TelecomAccountRegistry: Unregistering phone account ComponentInfo{com.android.phone/com.android.services.telephony.TelephonyConnectionService}, [e0184adedf913b076626646d3f52c3b49c39ad6d], UserHandle{0}.
06-16 12:59:22.374 I/Telecom (  592): : Sending phone-account unregistered intent as user: TSI.uPA@ABg
06-16 12:59:22.375 I/WifiConnectivityManager(  592): PNO settings: min5GHzRssi -82 min24GHzRssi -85 currentConnectionBonus 16 sameNetworkBonus 24 secureNetworkBonus 80 initialScoreMax 100
06-16 12:59:22.375 I/WifiConnectivityManager(  592): ConnectivityScanManager initialized 
06-16 12:59:22.375 E/WifiLogger(  592): no ring buffers found
06-16 12:59:22.375 E/WifiLogger(  592): Failed to start packet fate monitoring
06-16 12:59:22.376 I/WifiScanningService(  592): wifi driver loaded with scan capabilities: max buckets=16
06-16 12:59:22.376 I/WifiConnectivityManager(  592): Set WiFi enabled
06-16 12:59:22.376 I/WifiConnectivityManager(  592): scheduleWatchdogTimer
06-16 12:59:22.376 W/AlarmManager(  592): Unrecognized alarm listener com.android.server.wifi.WifiConnectivityManager$3@7bb81e
06-16 12:59:22.376 E/WifiScanner(  592): listener cannot be found
06-16 12:59:22.378 I/FFmpegExtractor(  288): android-source:0xecbdca00
06-16 12:59:22.379 I/FFMPEG  (  288): Input #0, ogg, from 'android-source:0xecbdca00':
06-16 12:59:22.379 I/FFMPEG  (  288):   Duration: 00:00:00.54, start: 0.000000, bitrate: 95 kb/s
06-16 12:59:22.379 I/FFMPEG  (  288):     Stream #0:0: Audio: vorbis, 48000 Hz, mono, fltp, 48 kb/s
06-16 12:59:22.379 I/FFMPEG  (  288):     Metadata:
06-16 12:59:22.379 I/FFMPEG  (  288):       TITLE           : Video Record
06-16 12:59:22.379 I/FFMPEG  (  288):       ARTIST          : (c) 2012 Android Open Source Project
06-16 12:59:22.379 I/FFmpegExtractor(  288): FFmpegExtrator, url: android-source:0xecbdca00, format_name: ogg, format_long_name: Ogg
06-16 12:59:22.379 I/FFmpegExtractor(  288): list the formats suppoted by ffmpeg: 
06-16 12:59:22.379 I/FFmpegExtractor(  288): ========================================
06-16 12:59:22.379 I/FFmpegExtractor(  288): ========================================
06-16 12:59:22.379 I/FFmpegExtractor(  288): adjust mime(application/ogg -> audio/vorbis)
06-16 12:59:22.379 I/FFmpegExtractor(  288): sniff through BetterSniffFFMPEG success
06-16 12:59:22.383 I/FFmpegExtractor(  288): android-source:0xecbe2400
06-16 12:59:22.383 E/BatteryStatsService(  592): no controller energy info supplied
06-16 12:59:22.386 I/FFMPEG  (  288): Input #0, ogg, from 'android-source:0xecbe2400':
06-16 12:59:22.386 I/FFMPEG  (  288):   Duration: 00:00:00.51, start: 0.000000, bitrate: 101 kb/s
06-16 12:59:22.386 I/FFMPEG  (  288):     Stream #0:0: Audio: vorbis, 48000 Hz, mono, fltp, 48 kb/s
06-16 12:59:22.386 I/FFMPEG  (  288):     Metadata:
06-16 12:59:22.386 I/FFMPEG  (  288):       TITLE           : Video Stop
06-16 12:59:22.386 I/FFMPEG  (  288):       ARTIST          : (c) 2012 Android Open Source Project
06-16 12:59:22.386 I/FFmpegExtractor(  288): FFmpegExtrator, url: android-source:0xecbe2400, format_name: ogg, format_long_name: Ogg
06-16 12:59:22.386 I/FFmpegExtractor(  288): list the formats suppoted by ffmpeg: 
06-16 12:59:22.386 I/FFmpegExtractor(  288): ========================================
06-16 12:59:22.386 I/FFmpegExtractor(  288): ========================================
06-16 12:59:22.386 I/FFmpegExtractor(  288): adjust mime(application/ogg -> audio/vorbis)
06-16 12:59:22.386 I/FFmpegExtractor(  288): sniff through BetterSniffFFMPEG success
06-16 12:59:22.392 E/BatteryStatsService(  592): no controller energy info supplied
06-16 12:59:22.392 E/OMXNodeInstance(  286): getExtensionIndex(11e000e:google.vp8.decoder, OMX.google.android.index.configureVideoTunnelMode) ERROR: UnsupportedIndex(0x8000101a)
06-16 12:59:22.392 W/OMXNodeInstance(  286): [11e000e:google.vp8.decoder] component does not support metadata mode; using fallback
06-16 12:59:22.394 I/rild    (  296): type=1400 audit(0.0:384): avc: denied { sendto } for path="/dev/socket/logdw" scontext=u:r:rild:s0 tcontext=u:r:init:s0 tclass=unix_dgram_socket permissive=1
06-16 12:59:22.395 I/MediaPlayerService(  289): MediaPlayerService::getOMX
06-16 12:59:22.396 I/CameraFlashlight(  281): Opening camera 0
06-16 12:59:22.396 I/CameraFlashlight(  281): Destroying camera 0
06-16 12:59:22.397 I/CameraService(  281): disconnect: Disconnected client for camera 0 for PID 281
06-16 12:59:22.397 I/OMXClient(  289): MuxOMX ctor
06-16 12:59:22.406 I/genybaseband(  299): type=1400 audit(0.0:385): avc: denied { sendto } for path="/dev/socket/logdw" scontext=u:r:logwrapper:s0 tcontext=u:r:init:s0 tclass=unix_dgram_socket permissive=1
06-16 12:59:22.406 I/CameraService(  281): getCameraCharacteristics: Switching to HAL1 shim implementation...
06-16 12:59:22.406 I/CameraService(  281): CameraService::connect call (PID -1 "cameraserver", camera ID 1) for HAL version default and Camera API version 1
06-16 12:59:22.406 E/CameraService(  281): getCameraPriorityFromProcState: Received invalid process state -1 from ActivityManagerService!
06-16 12:59:22.411 I/OMXMaster(  286): makeComponentInstance(OMX.google.vp9.decoder) in mediacodec process
06-16 12:59:22.412 I/FFmpegExtractor(  288): android-source:0xeb39e600
06-16 12:59:22.413 I/FFMPEG  (  288): Input #0, ogg, from 'android-source:0xeb39e600':
06-16 12:59:22.413 I/FFMPEG  (  288):   Duration: 00:00:00.42, start: 0.000000, bitrate: 113 kb/s
06-16 12:59:22.413 I/FFMPEG  (  288):     Stream #0:0: Audio: vorbis, 48000 Hz, mono, fltp, 48 kb/s
06-16 12:59:22.413 I/FFMPEG  (  288):     Metadata:
06-16 12:59:22.413 I/FFMPEG  (  288):       TITLE           : Camera Shutter
06-16 12:59:22.413 I/FFMPEG  (  288):       ARTIST          : (c) 2012 Android Open Source Project
06-16 12:59:22.413 I/FFmpegExtractor(  288): FFmpegExtrator, url: android-source:0xeb39e600, format_name: ogg, format_long_name: Ogg
06-16 12:59:22.413 I/FFmpegExtractor(  288): list the formats suppoted by ffmpeg: 
06-16 12:59:22.413 I/FFmpegExtractor(  288): ========================================
06-16 12:59:22.413 I/FFmpegExtractor(  288): ========================================
06-16 12:59:22.413 I/FFmpegExtractor(  288): adjust mime(application/ogg -> audio/vorbis)
06-16 12:59:22.413 I/FFmpegExtractor(  288): sniff through BetterSniffFFMPEG success
06-16 12:59:22.415 I/GnssLocationProvider(  592): WakeLock acquired by sendMessage(12, 0, null)
06-16 12:59:22.415 E/GnssLocationProvider(  592): no AGPS interface in set_agps_server
06-16 12:59:22.415 I/GnssLocationProvider(  592): WakeLock released by handleMessage(12, 0, null)
06-16 12:59:22.424 I/FFmpegExtractor(  288): android-source:0xeb39b400
06-16 12:59:22.424 I/FFMPEG  (  288): Input #0, ogg, from 'android-source:0xeb39b400':
06-16 12:59:22.425 I/FFMPEG  (  288):   Duration: 00:00:00.54, start: 0.000000, bitrate: 95 kb/s
06-16 12:59:22.425 I/FFMPEG  (  288):     Stream #0:0: Audio: vorbis, 48000 Hz, mono, fltp, 48 kb/s
06-16 12:59:22.425 I/FFMPEG  (  288):     Metadata:
06-16 12:59:22.425 I/FFMPEG  (  288):       TITLE           : Video Record
06-16 12:59:22.425 I/FFMPEG  (  288):       ARTIST          : (c) 2012 Android Open Source Project
06-16 12:59:22.425 I/FFmpegExtractor(  288): FFmpegExtrator, url: android-source:0xeb39b400, format_name: ogg, format_long_name: Ogg
06-16 12:59:22.425 I/FFmpegExtractor(  288): list the formats suppoted by ffmpeg: 
06-16 12:59:22.425 I/FFmpegExtractor(  288): ========================================
06-16 12:59:22.425 I/FFmpegExtractor(  288): ========================================
06-16 12:59:22.425 I/FFmpegExtractor(  288): adjust mime(application/ogg -> audio/vorbis)
06-16 12:59:22.425 I/FFmpegExtractor(  288): sniff through BetterSniffFFMPEG success
06-16 12:59:22.425 I/GnssLocationProvider(  592): WakeLock acquired by sendMessage(12, 0, null)
06-16 12:59:22.425 E/GnssLocationProvider(  592): no AGPS interface in set_agps_server
06-16 12:59:22.426 I/GnssLocationProvider(  592): WakeLock released by handleMessage(12, 0, null)
06-16 12:59:22.445 I/Telephony(  733): PstnIncomingCallNotifier: Unregistering: Handler (com.android.internal.telephony.GsmCdmaPhone) {d4eb41e}
06-16 12:59:22.462 I/FFmpegExtractor(  288): android-source:0xecbe2400
06-16 12:59:22.463 I/FFMPEG  (  288): Input #0, ogg, from 'android-source:0xecbe2400':
06-16 12:59:22.463 I/FFMPEG  (  288):   Duration: 00:00:00.51, start: 0.000000, bitrate: 101 kb/s
06-16 12:59:22.463 I/FFMPEG  (  288):     Stream #0:0: Audio: vorbis, 48000 Hz, mono, fltp, 48 kb/s
06-16 12:59:22.463 I/FFMPEG  (  288):     Metadata:
06-16 12:59:22.463 I/FFMPEG  (  288):       TITLE           : Video Stop
06-16 12:59:22.463 I/FFMPEG  (  288):       ARTIST          : (c) 2012 Android Open Source Project
06-16 12:59:22.463 I/FFmpegExtractor(  288): FFmpegExtrator, url: android-source:0xecbe2400, format_name: ogg, format_long_name: Ogg
06-16 12:59:22.463 I/FFmpegExtractor(  288): list the formats suppoted by ffmpeg: 
06-16 12:59:22.463 I/FFmpegExtractor(  288): ========================================
06-16 12:59:22.464 I/FFmpegExtractor(  288): ========================================
06-16 12:59:22.464 I/FFmpegExtractor(  288): adjust mime(application/ogg -> audio/vorbis)
06-16 12:59:22.464 I/FFmpegExtractor(  288): sniff through BetterSniffFFMPEG success
06-16 12:59:22.480 I/Telecom (  592): PhoneAccountRegistrar: [ComponentInfo{com.android.phone/com.android.services.telephony.TelephonyConnectionService}, [5fef04621e9a9b41849c3df35e75799299008300], UserHandle{0}(icon: Icon(typ=BITMAP size=19x24) -> Icon(typ=BITMAP size=19x24))]: TSI.rPA@ABo
06-16 12:59:22.480 I/Telecom (  592): : Sending phone-account registered intent as user: TSI.rPA@ABo
06-16 12:59:22.481 I/Telephony(  733): AccountEntry: Registered phoneAccount: [[ ] PhoneAccount: ComponentInfo{com.android.phone/com.android.services.telephony.TelephonyConnectionService}, [5fef04621e9a9b41849c3df35e75799299008300], UserHandle{0} Capabilities: CallProvider MultiUser PlaceEmerg SimSub  Schemes: tel voicemail  Extras: null] with handle: ComponentInfo{com.android.phone/com.android.services.telephony.TelephonyConnectionService}, [5fef04621e9a9b41849c3df35e75799299008300], UserHandle{0}
06-16 12:59:22.481 I/Telephony(  733): PstnIncomingCallNotifier: Registering: Handler (com.android.internal.telephony.GsmCdmaPhone) {d4eb41e}
06-16 12:59:22.482 E/OMXNodeInstance(  286): getExtensionIndex(11e000f:google.vp9.decoder, OMX.google.android.index.configureVideoTunnelMode) ERROR: UnsupportedIndex(0x8000101a)
06-16 12:59:22.492 W/OMXNodeInstance(  286): [11e000f:google.vp9.decoder] component does not support metadata mode; using fallback
06-16 12:59:22.492 I/CameraFlashlight(  281): Opening camera 1
06-16 12:59:22.492 I/CameraFlashlight(  281): Destroying camera 1
06-16 12:59:22.493 I/MediaPlayerService(  289): MediaPlayerService::getOMX
06-16 12:59:22.495 I/OMXClient(  289): MuxOMX ctor
06-16 12:59:22.495 I/OMXMaster(  286): makeComponentInstance(OMX.google.hevc.decoder) in mediacodec process
06-16 12:59:22.495 I/CameraService(  281): disconnect: Disconnected client for camera 1 for PID 281
06-16 12:59:22.514 I/ndroid.systemui(  670): type=1400 audit(0.0:386): avc: denied { sendto } for path="/dev/socket/logdw" scontext=u:r:platform_app:s0:c512,c768 tcontext=u:r:init:s0 tclass=unix_dgram_socket permissive=1
06-16 12:59:22.515 I/StatusBar(  670): isKeyguardShowing() called before startKeyguard(), returning true
06-16 12:59:22.515 W/StatusBar(  670): isKeyguardSecure() called before startKeyguard(), returning false
06-16 12:59:22.515 W/StatusBar(  670): java.lang.Throwable
06-16 12:59:22.515 W/StatusBar(  670): 	at com.android.systemui.statusbar.BaseStatusBar.isKeyguardSecure(BaseStatusBar.java:2609)
06-16 12:59:22.515 W/StatusBar(  670): 	at com.android.systemui.statusbar.BaseStatusBar.isCameraAllowedByAdmin(BaseStatusBar.java:2632)
06-16 12:59:22.515 W/StatusBar(  670): 	at com.android.systemui.statusbar.phone.KeyguardBottomAreaView.updateCameraVisibility(KeyguardBottomAreaView.java:302)
06-16 12:59:22.515 W/StatusBar(  670): 	at com.android.systemui.statusbar.phone.KeyguardBottomAreaView.setPhoneStatusBar(KeyguardBottomAreaView.java:269)
06-16 12:59:22.515 W/StatusBar(  670): 	at com.android.systemui.statusbar.phone.PhoneStatusBar.makeStatusBarView(PhoneStatusBar.java:874)
06-16 12:59:22.515 W/StatusBar(  670): 	at com.android.systemui.statusbar.phone.PhoneStatusBar.addStatusBarWindow(PhoneStatusBar.java:3248)
06-16 12:59:22.515 W/StatusBar(  670): 	at com.android.systemui.statusbar.phone.PhoneStatusBar.createAndAddWindows(PhoneStatusBar.java:3244)
06-16 12:59:22.515 W/StatusBar(  670): 	at com.android.systemui.statusbar.BaseStatusBar.start(BaseStatusBar.java:752)
06-16 12:59:22.515 W/StatusBar(  670): 	at com.android.systemui.statusbar.phone.PhoneStatusBar.start(PhoneStatusBar.java:657)
06-16 12:59:22.515 W/StatusBar(  670): 	at com.android.systemui.statusbar.SystemBars.createStatusBarFromConfig(SystemBars.java:106)
06-16 12:59:22.515 W/StatusBar(  670): 	at com.android.systemui.statusbar.SystemBars.onNoService(SystemBars.java:58)
06-16 12:59:22.515 W/StatusBar(  670): 	at com.android.systemui.statusbar.ServiceMonitor.startService(ServiceMonitor.java:230)
06-16 12:59:22.515 W/StatusBar(  670): 	at com.android.systemui.statusbar.ServiceMonitor.-wrap5(ServiceMonitor.java)
06-16 12:59:22.515 W/StatusBar(  670): 	at com.android.systemui.statusbar.ServiceMonitor$1.handleMessage(ServiceMonitor.java:73)
06-16 12:59:22.515 W/StatusBar(  670): 	at android.os.Handler.dispatchMessage(Handler.java:102)
06-16 12:59:22.515 W/StatusBar(  670): 	at android.os.Looper.loop(Looper.java:154)
06-16 12:59:22.515 W/StatusBar(  670): 	at android.app.ActivityThread.main(ActivityThread.java:6077)
06-16 12:59:22.515 W/StatusBar(  670): 	at java.lang.reflect.Method.invoke(Native Method)
06-16 12:59:22.515 W/StatusBar(  670): 	at com.android.internal.os.ZygoteInit$MethodAndArgsCaller.run(ZygoteInit.java:865)
06-16 12:59:22.515 W/StatusBar(  670): 	at com.android.internal.os.ZygoteInit.main(ZygoteInit.java:755)
06-16 12:59:22.515 I/StatusBar(  670): isKeyguardShowing() called before startKeyguard(), returning true
06-16 12:59:22.515 W/StatusBar(  670): isKeyguardSecure() called before startKeyguard(), returning false
06-16 12:59:22.515 W/StatusBar(  670): java.lang.Throwable
06-16 12:59:22.515 W/StatusBar(  670): 	at com.android.systemui.statusbar.BaseStatusBar.isKeyguardSecure(BaseStatusBar.java:2609)
06-16 12:59:22.515 W/StatusBar(  670): 	at com.android.systemui.statusbar.BaseStatusBar.isCameraAllowedByAdmin(BaseStatusBar.java:2632)
06-16 12:59:22.515 W/StatusBar(  670): 	at com.android.systemui.statusbar.phone.KeyguardBottomAreaView.updateCameraVisibility(KeyguardBottomAreaView.java:302)
06-16 12:59:22.515 W/StatusBar(  670): 	at com.android.systemui.statusbar.phone.KeyguardBottomAreaView.setUserSetupComplete(KeyguardBottomAreaView.java:274)
06-16 12:59:22.515 W/StatusBar(  670): 	at com.android.systemui.statusbar.phone.PhoneStatusBar.makeStatusBarView(PhoneStatusBar.java:875)
06-16 12:59:22.515 W/StatusBar(  670): 	at com.android.systemui.statusbar.phone.PhoneStatusBar.addStatusBarWindow(PhoneStatusBar.java:3248)
06-16 12:59:22.515 W/StatusBar(  670): 	at com.android.systemui.statusbar.phone.PhoneStatusBar.createAndAddWindows(PhoneStatusBar.java:3244)
06-16 12:59:22.515 W/StatusBar(  670): 	at com.android.systemui.statusbar.BaseStatusBar.start(BaseStatusBar.java:752)
06-16 12:59:22.515 W/StatusBar(  670): 	at com.android.systemui.statusbar.phone.PhoneStatusBar.start(PhoneStatusBar.java:657)
06-16 12:59:22.515 W/StatusBar(  670): 	at com.android.systemui.statusbar.SystemBars.createStatusBarFromConfig(SystemBars.java:106)
06-16 12:59:22.515 W/StatusBar(  670): 	at com.android.systemui.statusbar.SystemBars.onNoService(SystemBars.java:58)
06-16 12:59:22.515 W/StatusBar(  670): 	at com.android.systemui.statusbar.ServiceMonitor.startService(ServiceMonitor.java:230)
06-16 12:59:22.515 W/StatusBar(  670): 	at com.android.systemui.statusbar.ServiceMonitor.-wrap5(ServiceMonitor.java)
06-16 12:59:22.515 W/StatusBar(  670): 	at com.android.systemui.statusbar.ServiceMonitor$1.handleMessage(ServiceMonitor.java:73)
06-16 12:59:22.515 W/StatusBar(  670): 	at android.os.Handler.dispatchMessage(Handler.java:102)
06-16 12:59:22.515 W/StatusBar(  670): 	at android.os.Looper.loop(Looper.java:154)
06-16 12:59:22.515 W/StatusBar(  670): 	at android.app.ActivityThread.main(ActivityThread.java:6077)
06-16 12:59:22.515 W/StatusBar(  670): 	at java.lang.reflect.Method.invoke(Native Method)
06-16 12:59:22.515 W/StatusBar(  670): 	at com.android.internal.os.ZygoteInit$MethodAndArgsCaller.run(ZygoteInit.java:865)
06-16 12:59:22.515 W/StatusBar(  670): 	at com.android.internal.os.ZygoteInit.main(ZygoteInit.java:755)
06-16 12:59:22.518 I/Telephony(  733): PstnIncomingCallNotifier: Unregistering: Handler (com.android.internal.telephony.GsmCdmaPhone) {d4eb41e}
06-16 12:59:22.522 I/Telecom (  592): PhoneAccountRegistrar: [ComponentInfo{com.android.phone/com.android.services.telephony.TelephonyConnectionService}, [5fef04621e9a9b41849c3df35e75799299008300], UserHandle{0}(icon: Icon(typ=BITMAP size=19x24) -> Icon(typ=BITMAP size=19x24))]: TSI.rPA@AB4
06-16 12:59:22.523 I/Telecom (  592): : Sending phone-account registered intent as user: TSI.rPA@AB4
06-16 12:59:22.524 I/Telephony(  733): AccountEntry: Registered phoneAccount: [[ ] PhoneAccount: ComponentInfo{com.android.phone/com.android.services.telephony.TelephonyConnectionService}, [5fef04621e9a9b41849c3df35e75799299008300], UserHandle{0} Capabilities: CallProvider MultiUser PlaceEmerg SimSub  Schemes: tel voicemail  Extras: null] with handle: ComponentInfo{com.android.phone/com.android.services.telephony.TelephonyConnectionService}, [5fef04621e9a9b41849c3df35e75799299008300], UserHandle{0}
06-16 12:59:22.524 I/Telephony(  733): PstnIncomingCallNotifier: Registering: Handler (com.android.internal.telephony.GsmCdmaPhone) {d4eb41e}
06-16 12:59:22.528 I/Telephony(  733): PstnIncomingCallNotifier: Unregistering: Handler (com.android.internal.telephony.GsmCdmaPhone) {d4eb41e}
06-16 12:59:22.541 E/OMXNodeInstance(  286): getExtensionIndex(11e0010:google.hevc.decoder, OMX.google.android.index.configureVideoTunnelMode) ERROR: UnsupportedIndex(0x8000101a)
06-16 12:59:22.541 W/OMXNodeInstance(  286): [11e0010:google.hevc.decoder] component does not support metadata mode; using fallback
06-16 12:59:22.546 I/Telecom (  592): PhoneAccountRegistrar: [ComponentInfo{com.android.phone/com.android.services.telephony.TelephonyConnectionService}, [5fef04621e9a9b41849c3df35e75799299008300], UserHandle{0}(icon: Icon(typ=BITMAP size=19x24) -> Icon(typ=BITMAP size=19x24))]: TSI.rPA@ACI
06-16 12:59:22.546 I/Telecom (  592): : Sending phone-account registered intent as user: TSI.rPA@ACI
06-16 12:59:22.547 I/Telephony(  733): AccountEntry: Registered phoneAccount: [[ ] PhoneAccount: ComponentInfo{com.android.phone/com.android.services.telephony.TelephonyConnectionService}, [5fef04621e9a9b41849c3df35e75799299008300], UserHandle{0} Capabilities: CallProvider MultiUser PlaceEmerg SimSub  Schemes: tel voicemail  Extras: null] with handle: ComponentInfo{com.android.phone/com.android.services.telephony.TelephonyConnectionService}, [5fef04621e9a9b41849c3df35e75799299008300], UserHandle{0}
06-16 12:59:22.547 I/Telephony(  733): PstnIncomingCallNotifier: Registering: Handler (com.android.internal.telephony.GsmCdmaPhone) {d4eb41e}
06-16 12:59:22.548 I/MediaPlayerService(  289): MediaPlayerService::getOMX
06-16 12:59:22.548 I/OMXClient(  289): MuxOMX ctor
06-16 12:59:22.548 I/OMXMaster(  286): makeComponentInstance(OMX.google.mpeg2v.decoder) in mediacodec process
06-16 12:59:22.548 E/OMX     (  286): FAILED to allocate omx component 'OMX.google.mpeg2v.decoder' err=InvalidComponentName(0x80001002)
06-16 12:59:22.591 I/MediaPlayerService(  289): MediaPlayerService::getOMX
06-16 12:59:22.607 I/OMXClient(  289): MuxOMX ctor
06-16 12:59:22.607 I/OMXMaster(  286): makeComponentInstance(OMX.ffmpeg.mpeg4.decoder) in mediacodec process
06-16 12:59:22.612 E/linker  (  286): library /system/lib/libavcodec.so with text relocation is whitelisted
06-16 12:59:22.612 W/linker  (  286): /system/lib/libavcodec.so has text relocations. This is wasting memory and prevents security hardening. Please fix.
06-16 12:59:22.612 E/linker  (  286): library /system/lib/libavcodec.so with text relocation is whitelisted
06-16 12:59:22.612 E/linker  (  286): library /system/lib/libswscale.so with text relocation is whitelisted
06-16 12:59:22.612 W/linker  (  286): /system/lib/libswscale.so has text relocations. This is wasting memory and prevents security hardening. Please fix.
06-16 12:59:22.612 E/linker  (  286): library /system/lib/libswscale.so with text relocation is whitelisted
06-16 12:59:22.615 I/Telecom (  592): PhoneAccountRegistrar: [ComponentInfo{com.android.phone/com.android.services.telephony.TelephonyConnectionService}, [5fef04621e9a9b41849c3df35e75799299008300], UserHandle{0}(icon: Icon(typ=BITMAP size=19x24) -> Icon(typ=BITMAP size=19x24))]: TSI.rPA@ACY
06-16 12:59:22.616 I/Telecom (  592): : Sending phone-account registered intent as user: TSI.rPA@ACY
06-16 12:59:22.630 I/CalendarProvider2(  865): Sending notification intent: Intent { act=android.intent.action.PROVIDER_CHANGED dat=content://com.android.calendar flg=0x20000000 }
06-16 12:59:22.630 W/ContentResolver(  865): Failed to get type for: content://com.android.calendar (Unknown URL content://com.android.calendar)
06-16 12:59:22.633 I/Telephony(  733): PstnIncomingCallNotifier: Unregistering: Handler (com.android.internal.telephony.GsmCdmaPhone) {d4eb41e}
06-16 12:59:22.649 I/Telecom (  592): PhoneAccountRegistrar: [ComponentInfo{com.android.phone/com.android.services.telephony.TelephonyConnectionService}, [5fef04621e9a9b41849c3df35e75799299008300], UserHandle{0}(icon: Icon(typ=BITMAP size=19x24) -> Icon(typ=BITMAP size=19x24))]: TSI.rPA@ACc
06-16 12:59:22.649 I/Telecom (  592): : Sending phone-account registered intent as user: TSI.rPA@ACc
06-16 12:59:22.650 I/Telephony(  733): AccountEntry: Registered phoneAccount: [[ ] PhoneAccount: ComponentInfo{com.android.phone/com.android.services.telephony.TelephonyConnectionService}, [5fef04621e9a9b41849c3df35e75799299008300], UserHandle{0} Capabilities: CallProvider MultiUser PlaceEmerg SimSub  Schemes: tel voicemail  Extras: null] with handle: ComponentInfo{com.android.phone/com.android.services.telephony.TelephonyConnectionService}, [5fef04621e9a9b41849c3df35e75799299008300], UserHandle{0}
06-16 12:59:22.650 I/Telephony(  733): PstnIncomingCallNotifier: Registering: Handler (com.android.internal.telephony.GsmCdmaPhone) {d4eb41e}
06-16 12:59:22.650 I/StatusBar(  670): isKeyguardShowing() called before startKeyguard(), returning true
06-16 12:59:22.650 W/StatusBar(  670): isKeyguardSecure() called before startKeyguard(), returning false
06-16 12:59:22.650 W/StatusBar(  670): java.lang.Throwable
06-16 12:59:22.650 W/StatusBar(  670): 	at com.android.systemui.statusbar.BaseStatusBar.isKeyguardSecure(BaseStatusBar.java:2609)
06-16 12:59:22.650 W/StatusBar(  670): 	at com.android.systemui.statusbar.BaseStatusBar.isCameraAllowedByAdmin(BaseStatusBar.java:2632)
06-16 12:59:22.650 W/StatusBar(  670): 	at com.android.systemui.statusbar.phone.KeyguardBottomAreaView.updateCameraVisibility(KeyguardBottomAreaView.java:302)
06-16 12:59:22.650 W/StatusBar(  670): 	at com.android.systemui.statusbar.phone.KeyguardBottomAreaView.setUserSetupComplete(KeyguardBottomAreaView.java:274)
06-16 12:59:22.650 W/StatusBar(  670): 	at com.android.systemui.statusbar.phone.PhoneStatusBar$1.onChange(PhoneStatusBar.java:421)
06-16 12:59:22.650 W/StatusBar(  670): 	at com.android.systemui.statusbar.phone.PhoneStatusBar.resetUserSetupObserver(PhoneStatusBar.java:3474)
06-16 12:59:22.650 W/StatusBar(  670): 	at com.android.systemui.statusbar.phone.PhoneStatusBar.makeStatusBarView(PhoneStatusBar.java:948)
06-16 12:59:22.650 W/StatusBar(  670): 	at com.android.systemui.statusbar.phone.PhoneStatusBar.addStatusBarWindow(PhoneStatusBar.java:3248)
06-16 12:59:22.650 W/StatusBar(  670): 	at com.android.systemui.statusbar.phone.PhoneStatusBar.createAndAddWindows(PhoneStatusBar.java:3244)
06-16 12:59:22.650 W/StatusBar(  670): 	at com.android.systemui.statusbar.BaseStatusBar.start(BaseStatusBar.java:752)
06-16 12:59:22.650 W/StatusBar(  670): 	at com.android.systemui.statusbar.phone.PhoneStatusBar.start(PhoneStatusBar.java:657)
06-16 12:59:22.650 W/StatusBar(  670): 	at com.android.systemui.statusbar.SystemBars.createStatusBarFromConfig(SystemBars.java:106)
06-16 12:59:22.650 W/StatusBar(  670): 	at com.android.systemui.statusbar.SystemBars.onNoService(SystemBars.java:58)
06-16 12:59:22.650 W/StatusBar(  670): 	at com.android.systemui.statusbar.ServiceMonitor.startService(ServiceMonitor.java:230)
06-16 12:59:22.650 W/StatusBar(  670): 	at com.android.systemui.statusbar.ServiceMonitor.-wrap5(ServiceMonitor.java)
06-16 12:59:22.650 W/StatusBar(  670): 	at com.android.systemui.statusbar.ServiceMonitor$1.handleMessage(ServiceMonitor.java:73)
06-16 12:59:22.650 W/StatusBar(  670): 	at android.os.Handler.dispatchMessage(Handler.java:102)
06-16 12:59:22.650 W/StatusBar(  670): 	at android.os.Looper.loop(Looper.java:154)
06-16 12:59:22.650 W/StatusBar(  670): 	at android.app.ActivityThread.main(ActivityThread.java:6077)
06-16 12:59:22.650 W/StatusBar(  670): 	at java.lang.reflect.Method.invoke(Native Method)
06-16 12:59:22.650 W/StatusBar(  670): 	at com.android.internal.os.ZygoteInit$MethodAndArgsCaller.run(ZygoteInit.java:865)
06-16 12:59:22.650 W/StatusBar(  670): 	at com.android.internal.os.ZygoteInit.main(ZygoteInit.java:755)
06-16 12:59:22.677 E/linker  (  286): library /system/lib/libswresample.so with text relocation is whitelisted
06-16 12:59:22.677 W/linker  (  286): /system/lib/libswresample.so has text relocations. This is wasting memory and prevents security hardening. Please fix.
06-16 12:59:22.677 E/linker  (  286): library /system/lib/libswresample.so with text relocation is whitelisted
06-16 12:59:22.682 I/WindowManager(  592): Destroying surface Surface(name=Android is starting) called by com.android.server.wm.WindowStateAnimator.destroySurface:2016 com.android.server.wm.WindowStateAnimator.destroySurfaceLocked:882 com.android.server.wm.WindowState.destroyOrSaveSurface:2100 com.android.server.wm.WindowSurfacePlacer.performSurfacePlacementInner:429 com.android.server.wm.WindowSurfacePlacer.performSurfacePlacementLoop:232 com.android.server.wm.WindowSurfacePlacer.performSurfacePlacement:180 com.android.server.wm.WindowManagerService$H.handleMessage:8092 android.os.Handler.dispatchMessage:102 
06-16 12:59:22.709 I/Telephony(  733): PstnIncomingCallNotifier: Unregistering: Handler (com.android.internal.telephony.GsmCdmaPhone) {d4eb41e}
06-16 12:59:22.712 I/Telecom (  592): PhoneAccountRegistrar: [ComponentInfo{com.android.phone/com.android.services.telephony.TelephonyConnectionService}, [5fef04621e9a9b41849c3df35e75799299008300], UserHandle{0}(icon: Icon(typ=BITMAP size=19x24) -> Icon(typ=BITMAP size=19x24))]: TSI.rPA@ACo
06-16 12:59:22.713 I/Telecom (  592): : Sending phone-account registered intent as user: TSI.rPA@ACo
06-16 12:59:22.742 E/OMXNodeInstance(  286): getParameter(11e0011:ffmpeg.mpeg4.decoder, ParamVideoProfileLevelQuerySupported(0x600000f)) ERROR: UnsupportedIndex(0x8000101a)
06-16 12:59:22.742 I/Telephony(  733): AccountEntry: Registered phoneAccount: [[ ] PhoneAccount: ComponentInfo{com.android.phone/com.android.services.telephony.TelephonyConnectionService}, [5fef04621e9a9b41849c3df35e75799299008300], UserHandle{0} Capabilities: CallProvider MultiUser PlaceEmerg SimSub  Schemes: tel voicemail  Extras: null] with handle: ComponentInfo{com.android.phone/com.android.services.telephony.TelephonyConnectionService}, [5fef04621e9a9b41849c3df35e75799299008300], UserHandle{0}
06-16 12:59:22.742 I/Telephony(  733): PstnIncomingCallNotifier: Registering: Handler (com.android.internal.telephony.GsmCdmaPhone) {d4eb41e}
06-16 12:59:22.743 E/OMXNodeInstance(  286): getExtensionIndex(11e0011:ffmpeg.mpeg4.decoder, OMX.google.android.index.configureVideoTunnelMode) ERROR: UnsupportedIndex(0x8000101a)
06-16 12:59:22.743 W/OMXNodeInstance(  286): [11e0011:ffmpeg.mpeg4.decoder] component does not support metadata mode; using fallback
06-16 12:59:22.743 E/OMXNodeInstance(  286): getExtensionIndex(11e0011:ffmpeg.mpeg4.decoder, OMX.google.android.index.prepareForAdaptivePlayback) ERROR: UnsupportedIndex(0x8000101a)
06-16 12:59:22.747 I/ActivityManager(  592): Displayed com.android.launcher3/.Launcher: +1s142ms
06-16 12:59:22.748 I/NotificationMgr(  733): updateMwi(): subId 1 update to false
06-16 12:59:22.757 W/KeyguardUpdateMonitor(  670): invalid subId in handleSimStateChange()
06-16 12:59:22.758 I/Telecom (  592): PhoneAccountRegistrar: [ComponentInfo{com.android.phone/com.android.services.telephony.TelephonyConnectionService}, [5fef04621e9a9b41849c3df35e75799299008300], UserHandle{0}(icon: Icon(typ=BITMAP size=19x24) -> Icon(typ=BITMAP size=19x24))]: TSI.rPA@AC4
06-16 12:59:22.758 I/Telecom (  592): : Sending phone-account registered intent as user: TSI.rPA@AC4
06-16 12:59:22.760 I/Telecom (  592): PhoneAccountRegistrar: [ComponentInfo{com.android.phone/com.android.services.telephony.TelephonyConnectionService}, [5fef04621e9a9b41849c3df35e75799299008300], UserHandle{0}(icon: Icon(typ=BITMAP size=19x24) -> Icon(typ=BITMAP size=19x24))]: TSI.rPA@ADA
06-16 12:59:22.761 I/Telecom (  592): : Sending phone-account registered intent as user: TSI.rPA@ADA
06-16 12:59:22.761 I/Telecom (  592): PhoneAccountRegistrar: [ComponentInfo{com.android.phone/com.android.services.telephony.TelephonyConnectionService}, [5fef04621e9a9b41849c3df35e75799299008300], UserHandle{0}(icon: Icon(typ=BITMAP size=19x24) -> Icon(typ=BITMAP size=19x24))]: TSI.rPA@ADI
06-16 12:59:22.761 I/Telecom (  592): : Sending phone-account registered intent as user: TSI.rPA@ADI
06-16 12:59:22.763 I/Telecom (  592): PhoneAccountRegistrar: SimCallManager queried, returning: null: TSI.gSCMFU@ADM
06-16 12:59:22.763 I/Telecom (  592): PhoneAccountRegistrar: [ComponentInfo{com.android.phone/com.android.services.telephony.TelephonyConnectionService}, [5fef04621e9a9b41849c3df35e75799299008300], UserHandle{0}(icon: Icon(typ=BITMAP size=19x24) -> Icon(typ=BITMAP size=19x24))]: TSI.rPA@ADU
06-16 12:59:22.763 I/Telecom (  592): : Sending phone-account registered intent as user: TSI.rPA@ADU
06-16 12:59:22.764 I/Telecom (  592): PhoneAccountRegistrar: [ComponentInfo{com.android.phone/com.android.services.telephony.TelephonyConnectionService}, [5fef04621e9a9b41849c3df35e75799299008300], UserHandle{0}(icon: Icon(typ=BITMAP size=19x24) -> Icon(typ=BITMAP size=19x24))]: TSI.rPA@ADc
06-16 12:59:22.765 I/Telecom (  592): : Sending phone-account registered intent as user: TSI.rPA@ADc
06-16 12:59:22.775 W/FingerprintManager(  670): isFingerprintHardwareDetected(): Service not connected!
06-16 12:59:22.795 I/WindowManager(  592): Destroying surface Surface(name=KeyguardScrim) called by com.android.server.wm.WindowStateAnimator.destroySurface:2016 com.android.server.wm.WindowStateAnimator.destroySurfaceLocked:882 com.android.server.wm.WindowState.destroyOrSaveSurface:2100 com.android.server.wm.WindowSurfacePlacer.performSurfacePlacementInner:429 com.android.server.wm.WindowSurfacePlacer.performSurfacePlacementLoop:232 com.android.server.wm.WindowSurfacePlacer.performSurfacePlacement:180 com.android.server.wm.WindowManagerService$H.handleMessage:8092 android.os.Handler.dispatchMessage:102 
06-16 12:59:22.798 I/MediaPlayerService(  289): MediaPlayerService::getOMX
06-16 12:59:22.798 I/OMXClient(  289): MuxOMX ctor
06-16 12:59:22.798 I/OMXMaster(  286): makeComponentInstance(OMX.google.aac.encoder) in mediacodec process
06-16 12:59:22.800 I/art     (  670): Background sticky concurrent mark sweep GC freed 7120(830KB) AllocSpace objects, 0(0B) LOS objects, 12% free, 7MB/8MB, paused 16.512ms total 36.475ms
06-16 12:59:22.813 I/Choreographer(  670): Skipped 35 frames!  The application may be doing too much work on its main thread.
06-16 12:59:22.847 I/MediaPlayerService(  289): MediaPlayerService::getOMX
06-16 12:59:22.852 I/OMXClient(  289): MuxOMX ctor
06-16 12:59:22.852 I/OMXMaster(  286): makeComponentInstance(OMX.google.amrnb.encoder) in mediacodec process
06-16 12:59:22.880 I/MediaPlayerService(  289): MediaPlayerService::getOMX
06-16 12:59:22.880 I/OMXClient(  289): MuxOMX ctor
06-16 12:59:22.880 I/OMXMaster(  286): makeComponentInstance(OMX.google.amrwb.encoder) in mediacodec process
06-16 12:59:22.893 I/MediaPlayerService(  289): MediaPlayerService::getOMX
06-16 12:59:22.893 I/OMXClient(  289): MuxOMX ctor
06-16 12:59:22.893 I/OMXMaster(  286): makeComponentInstance(OMX.google.h263.encoder) in mediacodec process
06-16 12:59:22.929 I/SoftMPEG4Encoder(  286): Construct SoftMPEG4Encoder
06-16 12:59:22.929 W/ACodec  (  289): do not know color format 0x7f000789 = 2130708361
06-16 12:59:22.929 E/OMXNodeInstance(  286): getConfig(11e0015:google.h263.encoder, ConfigAndroidIntraRefresh(0x6f60000a)) ERROR: Undefined(0x80001001)
06-16 12:59:22.930 I/MediaPlayerService(  289): MediaPlayerService::getOMX
06-16 12:59:22.930 I/OMXClient(  289): MuxOMX ctor
06-16 12:59:22.930 I/OMXMaster(  286): makeComponentInstance(OMX.google.h264.encoder) in mediacodec process
06-16 12:59:22.950 I/OpenGLRenderer(  670): Initialized EGL, version 1.4
06-16 12:59:22.956 W/ACodec  (  289): do not know color format 0x7f000789 = 2130708361
06-16 12:59:22.961 I/MediaPlayerService(  289): MediaPlayerService::getOMX
06-16 12:59:22.961 I/OMXClient(  289): MuxOMX ctor
06-16 12:59:22.961 I/OMXMaster(  286): makeComponentInstance(OMX.google.mpeg4.encoder) in mediacodec process
06-16 12:59:23.006 I/SoftMPEG4Encoder(  286): Construct SoftMPEG4Encoder
06-16 12:59:23.006 W/ACodec  (  289): do not know color format 0x7f000789 = 2130708361
06-16 12:59:23.006 E/OMXNodeInstance(  286): getConfig(11e0017:google.mpeg4.encoder, ConfigAndroidIntraRefresh(0x6f60000a)) ERROR: Undefined(0x80001001)
06-16 12:59:23.007 I/MediaPlayerService(  289): MediaPlayerService::getOMX
06-16 12:59:23.007 I/OMXClient(  289): MuxOMX ctor
06-16 12:59:23.007 I/OMXMaster(  286): makeComponentInstance(OMX.google.flac.encoder) in mediacodec process
06-16 12:59:23.015 W/KeyguardUpdateMonitor(  670): invalid subId in handleServiceStateChange()
06-16 12:59:23.051 I/MediaPlayerService(  289): MediaPlayerService::getOMX
06-16 12:59:23.053 I/OMXClient(  289): MuxOMX ctor
06-16 12:59:23.053 I/OMXMaster(  286): makeComponentInstance(OMX.google.vp8.encoder) in mediacodec process
06-16 12:59:23.054 W/KeyguardUpdateMonitor(  670): invalid subId in handleServiceStateChange()
06-16 12:59:23.054 W/KeyguardUpdateMonitor(  670): invalid subId in handleSimStateChange()
06-16 12:59:23.054 W/KeyguardUpdateMonitor(  670): invalid subId in handleSimStateChange()
06-16 12:59:23.078 I/healthd (  292): type=1400 audit(0.0:394): avc: denied { call } for scontext=u:r:init:s0 tcontext=u:r:system_server:s0 tclass=binder permissive=1
06-16 12:59:23.099 W/ACodec  (  289): do not know color format 0x7f000789 = 2130708361
06-16 12:59:23.099 E/OMXNodeInstance(  286): getConfig(11e0019:google.vp8.encoder, ConfigAndroidIntraRefresh(0x6f60000a)) ERROR: Undefined(0x80001001)
06-16 12:59:23.103 I/MediaPlayerService(  289): MediaPlayerService::getOMX
06-16 12:59:23.103 I/OMXClient(  289): MuxOMX ctor
06-16 12:59:23.103 W/MediaCodecList(  289): unable to open media codecs configuration xml file: /etc/media_codecs_performance.xml
06-16 12:59:23.103 I/MediaPlayerService(  289): MediaPlayerService::getOMX
06-16 12:59:23.103 I/OMXClient(  289): MuxOMX ctor
06-16 12:59:23.105 W/MediaCodecList(  289): unable to open media codecs configuration xml file: /data/misc/media/media_codecs_profiling_results.xml
06-16 12:59:23.105 I/MediaPlayerService(  289): MediaPlayerService::getOMX
06-16 12:59:23.105 I/MediaPlayerService(  289): MediaPlayerService::getOMX
06-16 12:59:23.106 I/OMXClient(  670): MuxOMX ctor
06-16 12:59:23.106 I/OMXClient(  592): MuxOMX ctor
06-16 12:59:23.106 I/OMXMaster(  286): makeComponentInstance(OMX.google.vorbis.decoder) in mediacodec process
06-16 12:59:23.113 W/AudioCapabilities(  746): Unsupported mime audio/x-pcm
06-16 12:59:23.140 I/VideoCapabilities(  746): Unsupported profile 4 for video/mp4v-es
06-16 12:59:23.141 I/OMXMaster(  286): makeComponentInstance(OMX.google.vorbis.decoder) in mediacodec process
06-16 12:59:23.154 I/FFmpegExtractor(  288): android-source:0xeb39b400
06-16 12:59:23.156 I/FFMPEG  (  288): Input #0, ogg, from 'android-source:0xeb39b400':
06-16 12:59:23.156 I/FFMPEG  (  288):   Duration: 00:00:00.11, start: 0.000000, bitrate: 431 kb/s
06-16 12:59:23.156 I/FFMPEG  (  288):     Stream #0:0: Audio: vorbis, 48000 Hz, mono, fltp, 140 kb/s
06-16 12:59:23.156 I/FFmpegExtractor(  288): FFmpegExtrator, url: android-source:0xeb39b400, format_name: ogg, format_long_name: Ogg
06-16 12:59:23.156 I/FFmpegExtractor(  288): list the formats suppoted by ffmpeg: 
06-16 12:59:23.156 I/FFmpegExtractor(  288): ========================================
06-16 12:59:23.156 I/FFmpegExtractor(  288): ========================================
06-16 12:59:23.156 I/FFmpegExtractor(  288): adjust mime(application/ogg -> audio/vorbis)
06-16 12:59:23.156 I/FFmpegExtractor(  288): sniff through BetterSniffFFMPEG success
06-16 12:59:23.163 I/org.webrtc.Logging(  746): PeerConnectionFactory: onNetworkThreadReady
06-16 12:59:23.163 I/org.webrtc.Logging(  746): PeerConnectionFactory: onWorkerThreadReady
06-16 12:59:23.163 I/org.webrtc.Logging(  746): PeerConnectionFactory: onSignalingThreadReady
06-16 12:59:23.165 I/FFmpegExtractor(  288): android-source:0xeb395000
06-16 12:59:23.166 I/FFMPEG  (  288): Input #0, ogg, from 'android-source:0xeb395000':
06-16 12:59:23.166 I/FFMPEG  (  288):   Duration: 00:00:00.19, start: 0.000000, bitrate: 332 kb/s
06-16 12:59:23.166 I/FFMPEG  (  288):     Stream #0:0: Audio: vorbis, 44100 Hz, stereo, fltp, 160 kb/s
06-16 12:59:23.166 I/FFmpegExtractor(  288): FFmpegExtrator, url: android-source:0xeb395000, format_name: ogg, format_long_name: Ogg
06-16 12:59:23.166 I/FFmpegExtractor(  288): list the formats suppoted by ffmpeg: 
06-16 12:59:23.166 I/FFmpegExtractor(  288): ========================================
06-16 12:59:23.166 I/FFmpegExtractor(  288): ========================================
06-16 12:59:23.166 I/FFmpegExtractor(  288): adjust mime(application/ogg -> audio/vorbis)
06-16 12:59:23.166 I/FFmpegExtractor(  288): sniff through BetterSniffFFMPEG success
06-16 12:59:23.171 I/MediaPlayerService(  289): MediaPlayerService::getOMX
06-16 12:59:23.173 I/OMXClient(  592): MuxOMX ctor
06-16 12:59:23.173 I/MediaPlayerService(  289): MediaPlayerService::getOMX
06-16 12:59:23.173 I/OMXClient(  670): MuxOMX ctor
06-16 12:59:23.174 I/OMXMaster(  286): makeComponentInstance(OMX.google.vorbis.decoder) in mediacodec process
06-16 12:59:23.194 I/netd    (  558): type=1400 audit(0.0:395): avc: denied { accept } for path="/dev/socket/dnsproxyd" scontext=u:r:netd:s0 tcontext=u:r:init:s0 tclass=unix_stream_socket permissive=1
06-16 12:59:23.194 I/netd    (  558): type=1400 audit(0.0:396): avc: denied { getopt } for path="/dev/socket/dnsproxyd" scontext=u:r:netd:s0 tcontext=u:r:init:s0 tclass=unix_stream_socket permissive=1
06-16 12:59:23.194 I/netd    (  558): type=1400 audit(0.0:397): avc: denied { read } for path="socket:[14901]" dev="sockfs" ino=14901 scontext=u:r:netd:s0 tcontext=u:r:init:s0 tclass=unix_stream_socket permissive=1
06-16 12:59:23.200 I/OMXMaster(  286): makeComponentInstance(OMX.google.vorbis.decoder) in mediacodec process
06-16 12:59:23.202 I/netd    ( 1286): type=1400 audit(0.0:398): avc: denied { write } for path="socket:[14901]" dev="sockfs" ino=14901 scontext=u:r:netd:s0 tcontext=u:r:init:s0 tclass=unix_stream_socket permissive=1
06-16 12:59:23.215 I/org.webrtc.Logging(  746): EglBase14Impl: Using OpenGL ES version 2
06-16 12:59:23.231 I/FFmpegExtractor(  288): android-source:0xe9cbf800
06-16 12:59:23.251 I/FFMPEG  (  288): Input #0, ogg, from 'android-source:0xe9cbf800':
06-16 12:59:23.251 I/FFMPEG  (  288):   Duration: 00:00:00.11, start: 0.000000, bitrate: 440 kb/s
06-16 12:59:23.251 I/FFMPEG  (  288):     Stream #0:0: Audio: vorbis, 48000 Hz, mono, fltp, 140 kb/s
06-16 12:59:23.251 I/FFmpegExtractor(  288): FFmpegExtrator, url: android-source:0xe9cbf800, format_name: ogg, format_long_name: Ogg
06-16 12:59:23.251 I/FFmpegExtractor(  288): list the formats suppoted by ffmpeg: 
06-16 12:59:23.251 I/FFmpegExtractor(  288): ========================================
06-16 12:59:23.251 I/FFmpegExtractor(  288): ========================================
06-16 12:59:23.251 I/FFmpegExtractor(  288): adjust mime(application/ogg -> audio/vorbis)
06-16 12:59:23.251 I/FFmpegExtractor(  288): sniff through BetterSniffFFMPEG success
06-16 12:59:23.265 I/FFmpegExtractor(  288): android-source:0xeb39b400
