06-16 13:01:13.133 I/Zygote  (  264): Warmed up JCA providers in 3ms.
06-16 13:01:13.133 I/art     (  264): Starting a blocking GC Explicit
06-16 13:01:13.137 I/art     (  264): Explicit concurrent mark sweep GC freed 8148(456KB) AllocSpace objects, 0(0B) LOS objects, 40% free, 2MB/4MB, paused 26us total 2.713ms
06-16 13:01:13.137 I/art     (  264): Starting a blocking GC Explicit
06-16 13:01:13.140 I/art     (  264): Explicit concurrent mark sweep GC freed 1847(83KB) AllocSpace objects, 0(0B) LOS objects, 40% free, 2MB/3MB, paused 23us total 3.580ms
06-16 13:01:13.159 I/art     (  264): Starting a blocking GC HeapTrim
06-16 13:01:13.160 I/art     (  264): Starting a blocking GC Background
06-16 13:01:13.167 I/main    (  264): type=1400 audit(0.0:244): avc: denied { getattr } for path="/sys/kernel/debug/tracing/trace_marker" dev="tracefs" ino=41 scontext=u:r:zygote:s0 tcontext=u:object_r:debugfs_tracing:s0 tclass=file permissive=1
06-16 13:01:13.167 I/main    (  264): type=1400 audit(0.0:245): avc: denied { getattr } for path="socket:[8858]" dev="sockfs" ino=8858 scontext=u:r:zygote:s0 tcontext=u:r:init:s0 tclass=unix_stream_socket permissive=1
06-16 13:01:13.169 I/Zygote  (  264): System server process 593 has been created
06-16 13:01:13.169 I/Zygote  (  264): Accepting command socket connections
06-16 13:01:13.239 I/main    (  267): type=1400 audit(0.0:246): avc: denied { accept } for path="/dev/socket/zygote_secondary" scontext=u:r:zygote:s0 tcontext=u:r:init:s0 tclass=unix_stream_socket permissive=1
06-16 13:01:13.239 I/main    (  267): type=1400 audit(0.0:247): avc: denied { getopt } for path="/dev/socket/zygote_secondary" scontext=u:r:zygote:s0 tcontext=u:r:init:s0 tclass=unix_stream_socket permissive=1
06-16 13:01:13.239 I/main    (  267): type=1400 audit(0.0:248): avc: denied { setopt } for path="/dev/socket/zygote_secondary" scontext=u:r:zygote:s0 tcontext=u:r:init:s0 tclass=unix_stream_socket permissive=1
06-16 13:01:13.243 I/main    (  267): type=1400 audit(0.0:249): avc: denied { read } for path="/dev/socket/zygote_secondary" scontext=u:r:zygote:s0 tcontext=u:r:init:s0 tclass=unix_stream_socket permissive=1
06-16 13:01:13.243 I/main    (  267): type=1400 audit(0.0:250): avc: denied { write } for path="/dev/socket/zygote_secondary" scontext=u:r:zygote:s0 tcontext=u:r:init:s0 tclass=unix_stream_socket permissive=1
06-16 13:01:13.251 I/main    (  593): type=1400 audit(0.0:251): avc: denied { sendto } for path="/dev/socket/logdw" scontext=u:r:system_server:s0 tcontext=u:r:init:s0 tclass=unix_dgram_socket permissive=1
06-16 13:01:13.251 I/installd(  272): type=1400 audit(0.0:252): avc: denied { sendto } for path="/dev/socket/logdw" scontext=u:r:installd:s0 tcontext=u:r:init:s0 tclass=unix_dgram_socket permissive=1
06-16 13:01:13.251 I/installd(  272): type=1400 audit(0.0:253): avc: denied { read } for path="socket:[9011]" dev="sockfs" ino=9011 scontext=u:r:installd:s0 tcontext=u:r:init:s0 tclass=unix_stream_socket permissive=1
06-16 13:01:13.251 I/installd(  272): type=1400 audit(0.0:254): avc: denied { write } for path="socket:[9011]" dev="sockfs" ino=9011 scontext=u:r:installd:s0 tcontext=u:r:init:s0 tclass=unix_stream_socket permissive=1
06-16 13:01:13.253 I/Zygote  (  593): Process: zygote socket opened, supported ABIS: x86
06-16 13:01:13.253 I/InstallerConnection(  593): connecting...
06-16 13:01:13.253 I/        (  272): new connection
06-16 13:01:13.599 I/installd(  272): type=1400 audit(0.0:255): avc: denied { accept } for path="/dev/socket/installd" scontext=u:r:installd:s0 tcontext=u:r:init:s0 tclass=unix_stream_socket permissive=1
06-16 13:01:13.601 I/InstallerConnection(  593): disconnecting...
06-16 13:01:13.601 E/        (  272): eof
06-16 13:01:13.601 E/        (  272): failed to read size
06-16 13:01:13.601 I/        (  272): closing connection
06-16 13:01:14.491 I/SystemServer(  593): Entered the Android system server!
06-16 13:01:15.003 I/healthd (  292): type=1400 audit(0.0:256): avc: denied { read } for name="capacity" dev="fuse" ino=8 scontext=u:r:init:s0 tcontext=u:object_r:fuse:s0 tclass=file permissive=1
06-16 13:01:15.003 I/healthd (  292): type=1400 audit(0.0:257): avc: denied { open } for path="/dev/pipe/battery/BAT0/capacity" dev="fuse" ino=8 scontext=u:r:init:s0 tcontext=u:object_r:fuse:s0 tclass=file permissive=1
06-16 13:01:15.810 I/SystemServiceManager(  593): Starting com.android.server.pm.Installer
06-16 13:01:15.945 I/Installer(  593): Waiting for installd to be ready.
06-16 13:01:15.945 I/InstallerConnection(  593): connecting...
06-16 13:01:15.946 I/        (  272): new connection
06-16 13:01:15.946 I/SystemServiceManager(  593): Starting com.android.server.am.ActivityManagerService$Lifecycle
06-16 13:01:16.333 I/ActivityManager(  593): Memory class: 192
06-16 13:01:16.336 I/ServiceThread(  593): Enabled StrictMode logging for ActivityManager looper.
06-16 13:01:16.338 I/ServiceThread(  593): Enabled StrictMode logging for android.ui looper.
06-16 13:01:16.488 I/IntentFirewall(  593): Read new rules (A:0 B:0 S:0)
06-16 13:01:16.492 I/ServiceThread(  593): Enabled StrictMode logging for android.display looper.
06-16 13:01:16.549 I/SystemServiceManager(  593): Starting com.android.server.power.PowerManagerService
06-16 13:01:16.596 I/ServiceThread(  593): Enabled StrictMode logging for PowerManagerService looper.
06-16 13:01:16.597 W/libsuspend(  593): Error writing 'on' to /sys/power/state: Function not implemented
06-16 13:01:16.597 I/libsuspend(  593): Selected autosleep
06-16 13:01:16.600 I/SystemServiceManager(  593): Starting com.android.server.lights.LightsService
06-16 13:01:16.605 I/SystemServiceManager(  593): Starting com.android.server.display.DisplayManagerService
06-16 13:01:16.678 I/SystemServiceManager(  593): Starting phase 100
06-16 13:01:16.735 I/surfaceflinger(  261): type=1400 audit(0.0:258): avc: denied { sendto } for path="/dev/socket/logdw" scontext=u:r:surfaceflinger:s0 tcontext=u:r:init:s0 tclass=unix_dgram_socket permissive=1
06-16 13:01:16.738 I/DisplayManagerService(  593): Display device added: DisplayDeviceInfo{"Built-in Screen": uniqueId="local:0", 600 x 1024, modeId 1, defaultModeId 1, supportedModes [{id=1, width=600, height=1024, fps=60.000004}], colorTransformId 1, defaultColorTransformId 1, supportedColorTransforms [{id=1, colorTransform=0}], HdrCapabilities android.view.Display$HdrCapabilities@2845549, density 160, 160.0 x 160.0 dpi, appVsyncOff 0, presDeadline 17666666, touch INTERNAL, rotation 0, type BUILT_IN, state UNKNOWN, FLAG_DEFAULT_DISPLAY, FLAG_ROTATES_WITH_CONTENT, FLAG_SECURE, FLAG_SUPPORTS_PROTECTED_BUFFERS}
06-16 13:01:16.742 I/SystemServer(  593): StartPackageManagerService
06-16 13:01:16.742 I/DisplayManagerService(  593): Display device changed state: "Built-in Screen", ON
06-16 13:01:16.907 W/SystemConfig(  593): No directory /system/etc/sysconfig, skipping
06-16 13:01:17.095 E/art     (  593): DexFile_getDexOptNeeded file '/system/framework/org.apache.http.legacy.jar' does not exist
06-16 13:01:17.095 W/PackageManager(  593): Library not found: /system/framework/org.apache.http.legacy.jar
06-16 13:01:17.291 E/art     (  593): DexFile_getDexOptNeeded file '/system/framework/org.apache.http.legacy.jar' does not exist
06-16 13:01:17.291 W/PackageManager(  593): Library not found: /system/framework/org.apache.http.legacy.jar
06-16 13:01:17.303 W/PackageManager(  593): Failed to parse /system/framework/oat: Missing base APK in /system/framework/oat
06-16 13:01:17.303 W/PackageManager(  593): Failed to parse /system/framework/x86: Missing base APK in /system/framework/x86
06-16 13:01:17.303 W/PackageManager(  593): Failed to parse /system/framework/x86_64: Missing base APK in /system/framework/x86_64
06-16 13:01:17.353 W/PackageParser(  593): No actions in intent filter at /system/priv-app/Contacts/Contacts.apk Binary XML file line #403
06-16 13:01:17.395 W/PackageParser(  593): No actions in intent filter at /system/priv-app/Dialer/Dialer.apk Binary XML file line #185
06-16 13:01:17.413 W/PackageManager(  593): Permission android.permission.DOWNLOAD_WITHOUT_NOTIFICATION from package com.android.providers.downloads in an unknown group android.permission-group.NETWORK
06-16 13:01:17.454 W/PackageManager(  593): Permission com.android.launcher.permission.INSTALL_SHORTCUT from package com.android.launcher3 in an unknown group android.permission-group.SYSTEM_TOOLS
06-16 13:01:17.454 W/PackageManager(  593): Permission com.android.launcher3.permission.READ_SETTINGS from package com.android.launcher3 in an unknown group android.permission-group.SYSTEM_TOOLS
06-16 13:01:17.454 W/PackageManager(  593): Permission com.android.launcher3.permission.WRITE_SETTINGS from package com.android.launcher3 in an unknown group android.permission-group.SYSTEM_TOOLS
06-16 13:01:18.844 W/PackageParser(  593): Ignoring duplicate uses-permissions/uses-permissions-sdk-m: android.permission.USE_CREDENTIALS in package: com.android.settings at: Binary XML file line #53
06-16 13:01:18.844 W/PackageParser(  593): Ignoring duplicate uses-permissions/uses-permissions-sdk-m: android.permission.READ_SYNC_SETTINGS in package: com.android.settings at: Binary XML file line #58
06-16 13:01:18.844 W/PackageParser(  593): Ignoring duplicate uses-permissions/uses-permissions-sdk-m: android.permission.WRITE_SYNC_SETTINGS in package: com.android.settings at: Binary XML file line #59
06-16 13:01:19.010 W/PackageParser(  593): Ignoring duplicate uses-permissions/uses-permissions-sdk-m: android.permission.INSTALL_GRANT_RUNTIME_PERMISSIONS in package: com.android.shell at: Binary XML file line #102
06-16 13:01:19.692 W/PackageParser(  593): Ignoring duplicate uses-permissions/uses-permissions-sdk-m: android.permission.CONFIGURE_WIFI_DISPLAY in package: com.android.systemui at: Binary XML file line #123
06-16 13:01:20.989 W/PackageParser(  593): Ignoring duplicate uses-permissions/uses-permissions-sdk-m: android.permission.READ_CONTACTS in package: com.android.bluetooth at: Binary XML file line #61
06-16 13:01:20.989 W/PackageParser(  593): No actions in intent filter at /system/app/Bluetooth/Bluetooth.apk Binary XML file line #222
06-16 13:01:21.422 W/PackageManager(  593): Non-privileged app; cap priority to 0; package: com.android.calendar activity: com.android.calendar.GoogleCalendarUriIntentFilter origPrio: 50
06-16 13:01:21.925 W/PackageManager(  593): Non-privileged app; cap priority to 0; package: com.android.cts.ctsshim activity: com.android.cts.ctsshim.InstallPriority origPrio: 100
06-16 13:01:21.925 W/PackageManager(  593): Non-privileged app; cap priority to 0; package: com.android.cts.ctsshim activity: com.android.cts.ctsshim.InstallPriority origPrio: 100
06-16 13:01:21.925 W/PackageManager(  593): Non-privileged app; cap priority to 0; package: com.android.cts.ctsshim activity: com.android.cts.ctsshim.InstallPriority origPrio: 100
06-16 13:01:21.925 W/PackageManager(  593): Non-privileged app; cap priority to 0; package: com.android.cts.ctsshim activity: com.android.cts.ctsshim.InstallPriority origPrio: 100
06-16 13:01:21.925 W/PackageManager(  593): Non-privileged app; cap priority to 0; package: com.android.cts.ctsshim activity: com.android.cts.ctsshim.InstallPriority origPrio: 100
06-16 13:01:23.129 W/PackageParser(  593): Ignoring duplicate uses-permissions/uses-permissions-sdk-m: android.permission.WRITE_CONTACTS in package: com.android.email at: Binary XML file line #40
06-16 13:01:23.617 W/PackageParser(  593): Unknown element under <application>: permission at /system/app/Gallery2/Gallery2.apk Binary XML file line #238
06-16 13:01:23.617 W/PackageParser(  593): Unknown element under <application>: permission at /system/app/Gallery2/Gallery2.apk Binary XML file line #241
06-16 13:01:26.397 W/PackageParser(  593): No actions in intent filter at /data/app/ApiDemos/ApiDemos.apk Binary XML file line #3144
06-16 13:01:26.397 W/PackageParser(  593): No actions in intent filter at /data/app/ApiDemos/ApiDemos.apk Binary XML file line #3150
06-16 13:01:26.397 W/PackageManager(  593): Package com.example.android.apis desires unavailable shared library com.example.will.never.exist; ignoring!
06-16 13:01:26.397 I/SELinux (  593): SELinux: Loaded file_contexts contexts from /file_contexts.bin.
06-16 13:01:26.406 W/PackageManager(  593): Protected action; cap priority to 0; package: com.android.cts.priv.ctsshim activity: com.android.cts.priv.ctsshim.InstallPriority origPrio: 100
06-16 13:01:26.406 W/PackageManager(  593): Protected action; cap priority to 0; package: com.android.cts.priv.ctsshim activity: com.android.cts.priv.ctsshim.InstallPriority origPrio: 100
06-16 13:01:26.406 W/PackageManager(  593): Protected action; cap priority to 0; package: com.android.cts.priv.ctsshim activity: com.android.cts.priv.ctsshim.InstallPriority origPrio: 100
06-16 13:01:26.406 W/PackageManager(  593): Protected action; cap priority to 0; package: com.android.cts.priv.ctsshim activity: com.android.cts.priv.ctsshim.InstallPriority origPrio: 100
06-16 13:01:26.406 W/PackageManager(  593): Protected action; cap priority to 0; package: com.android.packageinstaller activity: com.android.packageinstaller.PackageInstallerActivity origPrio: 1
06-16 13:01:26.406 W/PackageManager(  593): Package com.android.gallery3d desires unavailable shared library com.google.android.media.effects; ignoring!
06-16 13:01:26.406 W/PackageManager(  593): Package com.android.gallery3d desires unavailable shared library com.google.android.media.effects; ignoring!
06-16 13:01:26.406 W/PackageManager(  593): Package com.example.android.apis desires unavailable shared library com.example.will.never.exist; ignoring!
06-16 13:01:26.406 I/PackageManager(  593): Adjusting ABI for com.android.server.telecom to x86_64 (requirer=android, scannedPackage=null)
06-16 13:01:26.406 I/PackageManager(  593): Adjusting ABI for com.genymotion.superuser to x86_64 (requirer=android, scannedPackage=null)
06-16 13:01:26.407 I/PackageManager(  593): Adjusting ABI for com.genymotion.genyd to x86_64 (requirer=android, scannedPackage=null)
06-16 13:01:26.407 I/PackageManager(  593): Adjusting ABI for com.android.location.fused to x86_64 (requirer=android, scannedPackage=null)
06-16 13:01:26.407 I/PackageManager(  593): Adjusting ABI for com.android.settings to x86_64 (requirer=android, scannedPackage=null)
06-16 13:01:26.407 I/PackageManager(  593): Adjusting ABI for com.android.keychain to x86_64 (requirer=android, scannedPackage=null)
06-16 13:01:26.408 I/PackageManager(  593): Adjusting ABI for com.android.wallpaperbackup to x86_64 (requirer=android, scannedPackage=null)
06-16 13:01:26.408 I/PackageManager(  593): Adjusting ABI for com.genymobile.genymotionacme to x86_64 (requirer=android, scannedPackage=null)
06-16 13:01:26.408 I/PackageManager(  593): Adjusting ABI for com.android.providers.settings to x86_64 (requirer=android, scannedPackage=null)
06-16 13:01:26.408 I/PackageManager(  593): Adjusting ABI for com.android.inputdevices to x86_64 (requirer=android, scannedPackage=null)
06-16 13:01:26.408 I/PackageManager(  593): Adjusting ABI for com.genymotion.systempatcher to x86_64 (requirer=android, scannedPackage=null)
06-16 13:01:26.408 I/PackageManager(  593): Time to scan packages: 9.44 seconds
06-16 13:01:26.408 W/PackageManager(  593): Unknown permission com.google.android.googleapps.permission.GOOGLE_AUTH in package com.android.providers.calendar
06-16 13:01:26.408 W/PackageManager(  593): Unknown permission com.google.android.googleapps.permission.GOOGLE_AUTH.cl in package com.android.providers.calendar
06-16 13:01:26.408 W/PackageManager(  593): Not granting permission android.permission.GLOBAL_SEARCH to package com.android.quicksearchbox (protectionLevel=18 flags=0x3808be45)
06-16 13:01:26.408 W/PackageManager(  593): Not granting permission android.permission.WRITE_EXTERNAL_STORAGE to package gov.nasa.arc.astrobee.android.gs.manager because it was previously installed without
06-16 13:01:26.408 W/PackageManager(  593): Not granting permission android.permission.READ_EXTERNAL_STORAGE to package gov.nasa.arc.astrobee.android.gs.manager because it was previously installed without
06-16 13:01:26.408 W/PackageManager(  593): Not granting permission android.permission.BIND_WALLPAPER to package com.android.camera2 (protectionLevel=18 flags=0x3058bc45)
06-16 13:01:26.408 W/PackageManager(  593): Unknown permission com.android.launcher.permission.READ_SETTINGS in package com.android.launcher3
06-16 13:01:26.408 W/PackageManager(  593): Unknown permission com.android.launcher.permission.WRITE_SETTINGS in package com.android.launcher3
06-16 13:01:26.408 W/PackageManager(  593): Unknown permission com.google.android.googleapps.permission.GOOGLE_AUTH.mail in package com.android.calendar
06-16 13:01:26.408 W/PackageManager(  593): Unknown permission com.android.launcher.permission.READ_SETTINGS in package com.android.onetimeinitializer
06-16 13:01:26.408 W/PackageManager(  593): Unknown permission com.android.launcher.permission.WRITE_SETTINGS in package com.android.onetimeinitializer
06-16 13:01:26.408 W/PackageManager(  593): Unknown permission com.google.android.permission.INSTALL_WEARABLE_PACKAGES in package com.android.packageinstaller
06-16 13:01:26.408 W/PackageManager(  593): Not granting permission android.permission.DELETE_PACKAGES to package com.svox.pico (protectionLevel=18 flags=0x3808be45)
06-16 13:01:26.408 W/PackageManager(  593): Not granting permission android.permission.READ_CONTACTS to package com.example.android.apis because it was previously installed without
06-16 13:01:26.408 W/PackageManager(  593): Not granting permission android.permission.WRITE_CONTACTS to package com.example.android.apis because it was previously installed without
06-16 13:01:26.408 W/PackageManager(  593): Not granting permission android.permission.ACCESS_COARSE_LOCATION to package com.example.android.apis because it was previously installed without
06-16 13:01:26.408 W/PackageManager(  593): Not granting permission android.permission.WRITE_EXTERNAL_STORAGE to package com.example.android.apis because it was previously installed without
06-16 13:01:26.408 W/PackageManager(  593): Not granting permission android.permission.SEND_SMS to package com.example.android.apis because it was previously installed without
06-16 13:01:26.408 W/PackageManager(  593): Not granting permission android.permission.RECEIVE_SMS to package com.example.android.apis because it was previously installed without
06-16 13:01:26.408 W/PackageManager(  593): Not granting permission android.permission.RECEIVE_MMS to package com.example.android.apis because it was previously installed without
06-16 13:01:26.408 W/PackageManager(  593): Not granting permission android.permission.READ_SMS to package com.example.android.apis because it was previously installed without
06-16 13:01:26.408 W/PackageManager(  593): Not granting permission android.permission.READ_PHONE_STATE to package com.example.android.apis because it was previously installed without
06-16 13:01:26.408 W/PackageManager(  593): Not granting permission android.permission.RECORD_AUDIO to package com.example.android.apis because it was previously installed without
06-16 13:01:26.408 W/PackageManager(  593): Not granting permission android.permission.CAMERA to package com.example.android.apis because it was previously installed without
06-16 13:01:26.408 W/PackageManager(  593): Not granting permission android.permission.READ_EXTERNAL_STORAGE to package com.example.android.apis because it was previously installed without
06-16 13:01:26.408 W/PackageManager(  593): Unknown permission android.permission.RUN_INSTRUMENTATION in package org.chromium.webview_shell
06-16 13:01:26.408 W/PackageManager(  593): Unknown permission com.google.android.gallery3d.permission.PICASA_STORE in package com.android.dreams.phototable
06-16 13:01:26.408 W/PackageManager(  593): Unknown permission com.google.android.googleapps.permission.GOOGLE_AUTH in package com.android.settings
06-16 13:01:26.408 W/PackageManager(  593): Unknown permission com.android.launcher.permission.READ_SETTINGS in package com.android.settings
06-16 13:01:26.408 W/PackageManager(  593): Unknown permission com.android.launcher.permission.WRITE_SETTINGS in package com.android.settings
06-16 13:01:26.409 W/PackageManager(  593): Unknown permission com.google.android.gallery3d.permission.GALLERY_PROVIDER in package com.android.bluetooth
06-16 13:01:26.409 W/PackageManager(  593): Unknown permission com.google.android.googleapps.permission.ACCESS_GOOGLE_PASSWORD in package com.android.development
06-16 13:01:26.409 W/PackageManager(  593): Unknown permission com.google.android.googleapps.permission.GOOGLE_AUTH in package com.android.development
06-16 13:01:26.409 W/PackageManager(  593): Unknown permission com.google.android.googleapps.permission.GOOGLE_AUTH.ALL_SERVICES in package com.android.development
06-16 13:01:26.409 W/PackageManager(  593): Unknown permission com.google.android.googleapps.permission.GOOGLE_AUTH.YouTubeUser in package com.android.development
06-16 13:01:26.411 I/installd(  272): type=1400 audit(0.0:259): avc: denied { write } for path="socket:[12746]" dev="sockfs" ino=12746 scontext=u:r:installd:s0 tcontext=u:r:init:s0 tclass=unix_stream_socket permissive=1
06-16 13:01:26.411 I/installd(  272): type=1400 audit(0.0:260): avc: denied { read } for path="socket:[12746]" dev="sockfs" ino=12746 scontext=u:r:installd:s0 tcontext=u:r:init:s0 tclass=unix_stream_socket permissive=1
06-16 13:01:26.510 E/PackageManager(  593): There should probably be exactly one verifier; found []
06-16 13:01:26.529 I/art     (  593): Starting a blocking GC Explicit
06-16 13:01:26.535 I/art     (  593): Explicit concurrent mark sweep GC freed 6764(531KB) AllocSpace objects, 4(80KB) LOS objects, 33% free, 3MB/5MB, paused 48us total 6.404ms
06-16 13:01:26.538 I/SystemServer(  593): StartOtaDexOptService
06-16 13:01:26.544 I/SystemServer(  593): StartUserManagerService
06-16 13:01:26.544 I/SystemServiceManager(  593): Starting com.android.server.pm.UserManagerService$LifeCycle
06-16 13:01:26.547 I/lmkd    (  255): type=1400 audit(0.0:261): avc: denied { accept } for path="/dev/socket/lmkd" scontext=u:r:lmkd:s0 tcontext=u:r:init:s0 tclass=unix_stream_socket permissive=1
06-16 13:01:26.551 I/lmkd    (  255): type=1400 audit(0.0:262): avc: denied { read } for path="socket:[12795]" dev="sockfs" ino=12795 scontext=u:r:lmkd:s0 tcontext=u:r:init:s0 tclass=unix_stream_socket permissive=1
06-16 13:01:26.551 I/lowmemorykiller(  255): ActivityManager connected
06-16 13:01:26.563 I/netd    (  575): type=1400 audit(0.0:263): avc: denied { accept } for path="/dev/socket/fwmarkd" scontext=u:r:netd:s0 tcontext=u:r:init:s0 tclass=unix_stream_socket permissive=1
06-16 13:01:26.563 I/netd    (  575): type=1400 audit(0.0:264): avc: denied { getopt } for path="/dev/socket/fwmarkd" scontext=u:r:netd:s0 tcontext=u:r:init:s0 tclass=unix_stream_socket permissive=1
06-16 13:01:26.563 I/netd    (  575): type=1400 audit(0.0:265): avc: denied { read } for path="/dev/socket/fwmarkd" scontext=u:r:netd:s0 tcontext=u:r:init:s0 tclass=unix_stream_socket permissive=1
06-16 13:01:26.563 I/netd    (  575): type=1400 audit(0.0:266): avc: denied { write } for path="socket:[12264]" dev="sockfs" ino=12264 scontext=u:r:netd:s0 tcontext=u:r:init:s0 tclass=unix_stream_socket permissive=1
06-16 13:01:26.565 I/Sensors (  593): Redis connect
06-16 13:01:26.569 I/Sensors (  593): Redis read thread
06-16 13:01:26.569 I/Sensors (  593): Redis read wait
06-16 13:01:26.569 W/Sensors (  593): message not properly formated
06-16 13:01:26.571 I/system_server(  593): type=1400 audit(0.0:267): avc: denied { call } for scontext=u:r:system_server:s0 tcontext=u:r:init:s0 tclass=binder permissive=1
06-16 13:01:26.571 I/system_server(  593): type=1400 audit(0.0:268): avc: denied { transfer } for scontext=u:r:system_server:s0 tcontext=u:r:init:s0 tclass=binder permissive=1
06-16 13:01:26.571 I/healthd (  292): type=1400 audit(0.0:269): avc: denied { call } for scontext=u:r:init:s0 tcontext=u:r:system_server:s0 tclass=binder permissive=1
06-16 13:01:26.571 E/        (  593): Reporting Mode incorrect: sensor Genymotion Pressure handle=0x00000006 type=6 actual=1 expected=0
06-16 13:01:26.571 I/SystemServiceManager(  593): Starting com.android.server.BatteryService
06-16 13:01:26.574 I/SystemServiceManager(  593): Starting com.android.server.usage.UsageStatsService
06-16 13:01:26.649 I/SystemServiceManager(  593): Starting com.android.server.webkit.WebViewUpdateService
06-16 13:01:26.734 I/SystemServer(  593): Reading configuration...
06-16 13:01:26.734 I/SystemServer(  593): StartSchedulingPolicyService
06-16 13:01:26.734 I/SystemServiceManager(  593): Starting com.android.server.telecom.TelecomLoaderService
06-16 13:01:26.734 I/SystemServer(  593): StartTelephonyRegistry
06-16 13:01:26.737 I/SystemServer(  593): StartEntropyMixer
06-16 13:01:26.737 I/EntropyMixer(  593): Writing entropy...
06-16 13:01:26.741 I/SystemServer(  593): Camera Service
06-16 13:01:26.741 I/SystemServiceManager(  593): Starting com.android.server.camera.CameraService
06-16 13:01:26.742 I/ServiceThread(  593): Enabled StrictMode logging for CameraService_proxy looper.
06-16 13:01:26.742 I/SystemServer(  593): StartAccountManagerService
06-16 13:01:26.743 I/SystemServiceManager(  593): Starting com.android.server.accounts.AccountManagerService$Lifecycle
06-16 13:01:26.745 I/SystemServer(  593): StartContentService
06-16 13:01:26.746 I/SystemServiceManager(  593): Starting com.android.server.content.ContentService$Lifecycle
06-16 13:01:26.747 I/SystemServer(  593): InstallSystemProviders
06-16 13:01:26.752 W/System  (  593): ClassLoader referenced unknown path: /system/priv-app/SettingsProvider/lib/x86_64
06-16 13:01:26.768 I/SystemServer(  593): StartVibratorService
06-16 13:01:26.768 E/        (  593): Vibrator file does not exist : -1
06-16 13:01:26.768 E/        (  593): Vibrator device does not exist. Cannot start vibrator
06-16 13:01:26.768 W/VibratorService(  593): Tried to stop vibrating but there is no vibrator device.
06-16 13:01:26.769 I/SystemServer(  593): StartConsumerIrService
06-16 13:01:26.769 E/ConsumerIrService(  593): Can't open consumer IR HW Module, error: -2
06-16 13:01:26.770 I/SystemServer(  593): StartAlarmManagerService
06-16 13:01:26.770 I/SystemServiceManager(  593): Starting com.android.server.AlarmManagerService
06-16 13:01:26.770 W/AlarmManagerService(  593): no wall clock RTC found
06-16 13:01:26.771 I/SystemServer(  593): InitWatchdog
06-16 13:01:26.771 I/SystemServer(  593): StartInputManagerService
06-16 13:01:26.772 I/InputManager(  593): Initializing input manager, mUseDevInputEventForAudioJack=false
06-16 13:01:26.773 I/SystemServer(  593): StartWindowManagerService
06-16 13:01:27.001 I/WindowManager(  593): No existing display settings /data/system/display_settings.xml; starting empty
06-16 13:01:27.016 I/SystemServer(  593): StartVrManagerService
06-16 13:01:27.016 I/SystemServiceManager(  593): Starting com.android.server.vr.VrManagerService
06-16 13:01:27.018 W/VrManagerService(  593): init_native: Could not open VR hardware module, error No such file or directory (-2).
06-16 13:01:27.018 I/VrManagerService(  593): No VR packages found, disabling VR components
06-16 13:01:27.020 I/InputManager(  593): Starting input manager
06-16 13:01:27.021 I/EventHub(  593): New device: id=1, fd=96, path='/dev/input/event3', name='ImPS/2 Generic Wheel Mouse', classes=0x8, configuration='', keyLayout='', keyCharacterMap='', builtinKeyboard=false, wakeMechanism=EPOLLWAKEUP, usingClockIoctl=true
06-16 13:01:27.021 E/EventHub(  593): could not get driver version for /dev/input/mouse0, Not a typewriter
06-16 13:01:27.022 I/SystemServer(  593): No Bluetooth Service (emulator)
06-16 13:01:27.022 I/SystemServer(  593): ConnectivityMetricsLoggerService
06-16 13:01:27.022 I/SystemServiceManager(  593): Starting com.android.server.connectivity.MetricsLoggerService
06-16 13:01:27.025 I/SystemServer(  593): PinnerService
06-16 13:01:27.025 I/SystemServiceManager(  593): Starting com.android.server.PinnerService
06-16 13:01:27.025 E/PinnerService(  593): Starting PinnerService
06-16 13:01:27.025 I/SystemServiceManager(  593): Starting com.android.server.InputMethodManagerService$Lifecycle
06-16 13:01:27.055 W/EventHub(  593): Unable to disable kernel key repeat for /dev/input/event1: Function not implemented
06-16 13:01:27.055 I/EventHub(  593): New device: id=2, fd=77, path='/dev/input/event1', name='Sleep Button', classes=0x1, configuration='', keyLayout='/system/usr/keylayout/Generic.kl', keyCharacterMap='/system/usr/keychars/Generic.kcm', builtinKeyboard=false, wakeMechanism=EPOLLWAKEUP, usingClockIoctl=true
06-16 13:01:27.055 W/EventHub(  593): Unable to disable kernel key repeat for /dev/input/event0: Function not implemented
06-16 13:01:27.055 I/EventHub(  593): New device: id=3, fd=98, path='/dev/input/event0', name='Power Button', classes=0x1, configuration='', keyLayout='/system/usr/keylayout/Generic.kl', keyCharacterMap='/system/usr/keychars/Generic.kcm', builtinKeyboard=false, wakeMechanism=EPOLLWAKEUP, usingClockIoctl=true
06-16 13:01:27.055 E/EventHub(  593): could not get driver version for /dev/input/mice, Not a typewriter
06-16 13:01:27.084 I/EventHub(  593): New device: id=4, fd=99, path='/dev/input/event2', name='AT Translated Set 2 keyboard', classes=0x3, configuration='', keyLayout='/system/usr/keylayout/AT_Translated_Set_2_keyboard.kl', keyCharacterMap='/system/usr/keychars/Generic.kcm', builtinKeyboard=false, wakeMechanism=EPOLLWAKEUP, usingClockIoctl=true
06-16 13:01:27.086 I/InputReader(  593): Device added: id=-1, name='Virtual', sources=0x00000301
06-16 13:01:27.086 I/InputReader(  593): Device added: id=4, name='AT Translated Set 2 keyboard', sources=0x00000101
06-16 13:01:27.086 I/InputReader(  593): Device added: id=3, name='Power Button', sources=0x00000101
06-16 13:01:27.086 I/InputReader(  593): Device added: id=2, name='Sleep Button', sources=0x00000101
06-16 13:01:27.097 I/InputReader(  593): Device added: id=1, name='ImPS/2 Generic Wheel Mouse', sources=0x00002002
06-16 13:01:27.225 I/SystemServer(  593): StartAccessibilityManagerService
06-16 13:01:27.229 I/ActivityManager(  593): Config changes=1df8 {1.0 ?mcc?mnc [en_US] ldltr sw600dp w600dp h1024dp 160dpi lrg long port ?uimode ?night -touch qwerty/v/v -nav/h s.2}
06-16 13:01:27.229 I/ActivityManager(  593): Config changes=500 {1.0 ?mcc?mnc [en_US] ldltr sw600dp w600dp h952dp 160dpi lrg port ?uimode ?night -touch qwerty/v/v -nav/h s.3}
06-16 13:01:27.232 I/UsageStatsService(  593): User[0] Rollover scheduled @ 2025-06-17 13:01:27(1750179687229)
06-16 13:01:27.232 E/AppIdleHistory(  593): Unable to read app idle file for user 0
06-16 13:01:27.249 I/InputReader(  593): Reconfiguring input devices.  changes=0x00000004
06-16 13:01:27.249 I/SystemServiceManager(  593): Starting com.android.server.MountService$Lifecycle
06-16 13:01:27.255 I/vold    (  129): type=1400 audit(0.0:270): avc: denied { accept } for path="/dev/socket/cryptd" scontext=u:r:vold:s0 tcontext=u:r:init:s0 tclass=unix_stream_socket permissive=1
06-16 13:01:27.255 I/vold    (  129): type=1400 audit(0.0:271): avc: denied { getopt } for path="/dev/socket/cryptd" scontext=u:r:vold:s0 tcontext=u:r:init:s0 tclass=unix_stream_socket permissive=1
06-16 13:01:27.255 I/vold    (  129): type=1400 audit(0.0:272): avc: denied { read } for path="socket:[12864]" dev="sockfs" ino=12864 scontext=u:r:vold:s0 tcontext=u:r:init:s0 tclass=unix_stream_socket permissive=1
06-16 13:01:27.255 I/vold    (  129): type=1400 audit(0.0:273): avc: denied { write } for path="socket:[12864]" dev="sockfs" ino=12864 scontext=u:r:vold:s0 tcontext=u:r:init:s0 tclass=unix_stream_socket permissive=1
06-16 13:01:27.255 I/SystemServiceManager(  593): Starting com.android.server.UiModeManagerService
06-16 13:01:27.255 I/ActivityManager(  593): Config changes=200 {1.0 ?mcc?mnc [en_US] ldltr sw600dp w600dp h952dp 160dpi lrg port -touch qwerty/v/v -nav/h s.4}
06-16 13:01:27.265 W/PackageManager(  593): No disk maintenance in 103378533265; running immediately
06-16 13:01:27.270 I/SystemServer(  593): StartLockSettingsService
06-16 13:01:27.270 I/SystemServiceManager(  593): Starting com.android.server.LockSettingsService$Lifecycle
06-16 13:01:27.270 W/MountService(  593): No primary storage mounted!
06-16 13:01:27.273 I/PackageManager(  593): No secure containers found
06-16 13:01:27.273 W/PackageManager(  593): Unknown permission com.google.android.googleapps.permission.GOOGLE_AUTH in package com.android.providers.calendar
06-16 13:01:27.273 W/PackageManager(  593): Unknown permission com.google.android.googleapps.permission.GOOGLE_AUTH.cl in package com.android.providers.calendar
06-16 13:01:27.273 W/PackageManager(  593): Not granting permission android.permission.GLOBAL_SEARCH to package com.android.quicksearchbox (protectionLevel=18 flags=0x3888be45)
06-16 13:01:27.273 W/PackageManager(  593): Not granting permission android.permission.WRITE_EXTERNAL_STORAGE to package gov.nasa.arc.astrobee.android.gs.manager because it was previously installed without
06-16 13:01:27.273 W/PackageManager(  593): Not granting permission android.permission.READ_EXTERNAL_STORAGE to package gov.nasa.arc.astrobee.android.gs.manager because it was previously installed without
06-16 13:01:27.273 W/PackageManager(  593): Not granting permission android.permission.BIND_WALLPAPER to package com.android.camera2 (protectionLevel=18 flags=0x30d8bc45)
06-16 13:01:27.273 W/PackageManager(  593): Unknown permission com.android.launcher.permission.READ_SETTINGS in package com.android.launcher3
06-16 13:01:27.273 W/PackageManager(  593): Unknown permission com.android.launcher.permission.WRITE_SETTINGS in package com.android.launcher3
06-16 13:01:27.273 W/PackageManager(  593): Unknown permission com.google.android.googleapps.permission.GOOGLE_AUTH.mail in package com.android.calendar
06-16 13:01:27.273 W/PackageManager(  593): Unknown permission com.android.launcher.permission.READ_SETTINGS in package com.android.onetimeinitializer
06-16 13:01:27.273 W/PackageManager(  593): Unknown permission com.android.launcher.permission.WRITE_SETTINGS in package com.android.onetimeinitializer
06-16 13:01:27.273 W/PackageManager(  593): Unknown permission com.google.android.permission.INSTALL_WEARABLE_PACKAGES in package com.android.packageinstaller
06-16 13:01:27.273 W/PackageManager(  593): Not granting permission android.permission.DELETE_PACKAGES to package com.svox.pico (protectionLevel=18 flags=0x3888be45)
06-16 13:01:27.273 W/PackageManager(  593): Not granting permission android.permission.READ_CONTACTS to package com.example.android.apis because it was previously installed without
06-16 13:01:27.273 W/PackageManager(  593): Not granting permission android.permission.WRITE_CONTACTS to package com.example.android.apis because it was previously installed without
06-16 13:01:27.273 W/PackageManager(  593): Not granting permission android.permission.ACCESS_COARSE_LOCATION to package com.example.android.apis because it was previously installed without
06-16 13:01:27.273 W/PackageManager(  593): Not granting permission android.permission.WRITE_EXTERNAL_STORAGE to package com.example.android.apis because it was previously installed without
06-16 13:01:27.273 W/PackageManager(  593): Not granting permission android.permission.SEND_SMS to package com.example.android.apis because it was previously installed without
06-16 13:01:27.273 W/PackageManager(  593): Not granting permission android.permission.RECEIVE_SMS to package com.example.android.apis because it was previously installed without
06-16 13:01:27.273 W/PackageManager(  593): Not granting permission android.permission.RECEIVE_MMS to package com.example.android.apis because it was previously installed without
06-16 13:01:27.273 W/PackageManager(  593): Not granting permission android.permission.READ_SMS to package com.example.android.apis because it was previously installed without
06-16 13:01:27.273 W/PackageManager(  593): Not granting permission android.permission.READ_PHONE_STATE to package com.example.android.apis because it was previously installed without
06-16 13:01:27.273 W/PackageManager(  593): Not granting permission android.permission.RECORD_AUDIO to package com.example.android.apis because it was previously installed without
06-16 13:01:27.273 W/PackageManager(  593): Not granting permission android.permission.CAMERA to package com.example.android.apis because it was previously installed without
06-16 13:01:27.273 W/PackageManager(  593): Not granting permission android.permission.READ_EXTERNAL_STORAGE to package com.example.android.apis because it was previously installed without
06-16 13:01:27.273 W/PackageManager(  593): Unknown permission android.permission.RUN_INSTRUMENTATION in package org.chromium.webview_shell
06-16 13:01:27.273 W/PackageManager(  593): Unknown permission com.google.android.gallery3d.permission.PICASA_STORE in package com.android.dreams.phototable
06-16 13:01:27.273 W/PackageManager(  593): Unknown permission com.google.android.googleapps.permission.GOOGLE_AUTH in package com.android.settings
06-16 13:01:27.273 W/PackageManager(  593): Unknown permission com.android.launcher.permission.READ_SETTINGS in package com.android.settings
06-16 13:01:27.273 W/PackageManager(  593): Unknown permission com.android.launcher.permission.WRITE_SETTINGS in package com.android.settings
06-16 13:01:27.274 W/PackageManager(  593): Unknown permission com.google.android.gallery3d.permission.GALLERY_PROVIDER in package com.android.bluetooth
06-16 13:01:27.274 W/PackageManager(  593): Unknown permission com.google.android.googleapps.permission.ACCESS_GOOGLE_PASSWORD in package com.android.development
06-16 13:01:27.274 W/PackageManager(  593): Unknown permission com.google.android.googleapps.permission.GOOGLE_AUTH in package com.android.development
06-16 13:01:27.274 W/PackageManager(  593): Unknown permission com.google.android.googleapps.permission.GOOGLE_AUTH.ALL_SERVICES in package com.android.development
06-16 13:01:27.274 W/PackageManager(  593): Unknown permission com.google.android.googleapps.permission.GOOGLE_AUTH.YouTubeUser in package com.android.development
06-16 13:01:27.275 I/SystemServiceManager(  593): Starting com.android.server.DeviceIdleController
06-16 13:01:27.289 I/SystemServiceManager(  593): Starting com.android.server.devicepolicy.DevicePolicyManagerService$Lifecycle
06-16 13:01:27.290 W/MountService(  593): No primary storage defined yet; hacking together a stub
06-16 13:01:27.290 W/MountService(  593): No primary storage defined yet; hacking together a stub
06-16 13:01:27.290 W/MountService(  593): No primary storage mounted!
06-16 13:01:27.291 I/vold    (  638): type=1400 audit(0.0:274): avc: denied { sendto } for path="/dev/socket/logdw" scontext=u:r:vold:s0 tcontext=u:r:init:s0 tclass=unix_dgram_socket permissive=1
06-16 13:01:27.291 I/MountService(  593): Running fstrim idle maintenance
06-16 13:01:27.295 W/vold    (  117): Trim failed on /cache: Operation not supported on transport endpoint
06-16 13:01:27.295 W/vold    (  117): Trim failed on /data: Operation not supported on transport endpoint
06-16 13:01:27.295 E/VoldConnector(  593): Error handling '662 /cache -1 -1': java.lang.NullPointerException: Attempt to invoke virtual method 'void android.os.DropBoxManager.addText(java.lang.String, java.lang.String)' on a null object reference
06-16 13:01:27.296 E/VoldConnector(  593): Error handling '662 /data -1 -1': java.lang.NullPointerException: Attempt to invoke virtual method 'void android.os.DropBoxManager.addText(java.lang.String, java.lang.String)' on a null object reference
06-16 13:01:27.297 I/SystemServer(  593): StartStatusBarManagerService
06-16 13:01:27.298 I/SystemServer(  593): StartClipboardService
06-16 13:01:27.299 I/SystemServer(  593): StartNetworkManagementService
06-16 13:01:27.300 I/NetworkManagement(  593): onDaemonConnected()
06-16 13:01:27.301 I/SystemServiceManager(  593): Starting com.android.server.TextServicesManagerService$Lifecycle
06-16 13:01:27.303 I/SystemServer(  593): StartNetworkScoreService
06-16 13:01:27.304 I/SystemServer(  593): StartNetworkStatsService
06-16 13:01:27.310 I/SystemServer(  593): StartNetworkPolicyManagerService
06-16 13:01:27.314 I/SystemServer(  593): No Wi-Fi NAN Service (NAN support Not Present)
06-16 13:01:27.427 I/RenderThread(  642): type=1400 audit(0.0:275): avc: denied { read } for name="fb0" dev="tmpfs" ino=8498 scontext=u:r:system_server:s0 tcontext=u:object_r:graphics_device:s0 tclass=chr_file permissive=1
06-16 13:01:27.431 I/RenderThread(  642): type=1400 audit(0.0:276): avc: denied { open } for path="/dev/graphics/fb0" dev="tmpfs" ino=8498 scontext=u:r:system_server:s0 tcontext=u:object_r:graphics_device:s0 tclass=chr_file permissive=1
06-16 13:01:27.431 I/RenderThread(  642): type=1400 audit(0.0:277): avc: denied { ioctl } for path="/dev/graphics/fb0" dev="tmpfs" ino=8498 ioctlcmd=4600 scontext=u:r:system_server:s0 tcontext=u:object_r:graphics_device:s0 tclass=chr_file permissive=1
06-16 13:01:27.436 I/OpenGLRenderer(  593): Initialized EGL, version 1.4
06-16 13:01:27.463 I/RenderThread(  642): type=1400 audit(0.0:278): avc: denied { execmem } for scontext=u:r:system_server:s0 tcontext=u:r:system_server:s0 tclass=process permissive=1
06-16 13:01:27.667 W/art     (  593): Verification of void com.android.server.wifi.p2p.WifiP2pService.<init>(android.content.Context) took 187.200ms
06-16 13:01:27.667 I/SystemServiceManager(  593): Starting com.android.server.wifi.p2p.WifiP2pService
06-16 13:01:27.680 I/WifiP2pService(  593): Registering wifip2p
06-16 13:01:27.681 I/SystemServiceManager(  593): Starting com.android.server.wifi.WifiService
06-16 13:01:27.695 I/SurfaceFlinger(  261): Boot is finished (26470 ms)
06-16 13:01:27.707 I/Binder:278_2(  577): type=1400 audit(0.0:279): avc: denied { read } for path="socket:[13353]" dev="sockfs" ino=13353 scontext=u:r:netd:s0 tcontext=u:r:init:s0 tclass=unix_stream_socket permissive=1
06-16 13:01:27.707 I/Binder:278_2(  577): type=1400 audit(0.0:280): avc: denied { write } for path="socket:[13353]" dev="sockfs" ino=13353 scontext=u:r:netd:s0 tcontext=u:r:init:s0 tclass=unix_stream_socket permissive=1
06-16 13:01:27.791 I/surfaceflinger(  261): type=1400 audit(0.0:281): avc: denied { execmem } for scontext=u:r:surfaceflinger:s0 tcontext=u:r:surfaceflinger:s0 tclass=process permissive=1
06-16 13:01:27.911 E/WifiLogger(  593): no ring buffers found
06-16 13:01:27.911 E/WifiLogger(  593): Failed to start packet fate monitoring
06-16 13:01:27.914 I/WifiService(  593): Registering wifi
06-16 13:01:27.917 I/SystemServiceManager(  593): Starting com.android.server.wifi.scanner.WifiScanningService
06-16 13:01:27.917 I/WifiScanningService(  593): Creating wifiscanner
06-16 13:01:27.935 I/WifiScanningService(  593): Publishing wifiscanner
06-16 13:01:27.937 I/SystemServiceManager(  593): Starting com.android.server.wifi.RttService
06-16 13:01:27.937 I/RttService(  593): Creating rttmanager
06-16 13:01:27.937 I/RttService(  593): Starting rttmanager
06-16 13:01:27.937 I/SystemServiceManager(  593): Starting com.android.server.ethernet.EthernetService
06-16 13:01:27.938 I/EthernetServiceImpl(  593): Creating EthernetConfigStore
06-16 13:01:27.938 E/IpConfigStore(  593): Error parsing configuration: java.io.FileNotFoundException: /data/misc/ethernet/ipconfig.txt (No such file or directory)
06-16 13:01:27.938 W/EthernetConfigStore(  593): No Ethernet configuration found. Using default.
06-16 13:01:27.938 I/EthernetServiceImpl(  593): Read stored IP configuration: IP assignment: DHCP
06-16 13:01:27.938 I/EthernetServiceImpl(  593): Proxy settings: NONE
06-16 13:01:27.938 I/EthernetService(  593): Registering service ethernet
06-16 13:01:27.938 I/SystemServer(  593): StartConnectivityService
06-16 13:01:27.943 I/netd    (  574): type=1400 audit(0.0:282): avc: denied { accept } for path="/dev/socket/mdns" scontext=u:r:netd:s0 tcontext=u:r:init:s0 tclass=unix_stream_socket permissive=1
06-16 13:01:27.943 I/netd    (  574): type=1400 audit(0.0:283): avc: denied { getopt } for path="/dev/socket/mdns" scontext=u:r:netd:s0 tcontext=u:r:init:s0 tclass=unix_stream_socket permissive=1
06-16 13:01:27.944 I/SystemServer(  593): StartNsdService
06-16 13:01:27.951 I/SystemServer(  593): StartUpdateLockService
06-16 13:01:27.952 I/SystemServiceManager(  593): Starting com.android.server.RecoverySystemService
06-16 13:01:27.953 I/SystemServiceManager(  593): Starting com.android.server.notification.NotificationManagerService
06-16 13:01:27.968 I/SystemServiceManager(  593): Starting com.android.server.storage.DeviceStorageMonitorService
06-16 13:01:27.969 I/SystemServer(  593): StartLocationManagerService
06-16 13:01:27.972 I/SystemServer(  593): StartCountryDetectorService
06-16 13:01:27.974 I/SystemServer(  593): StartSearchManagerService
06-16 13:01:27.974 I/SystemServiceManager(  593): Starting com.android.server.search.SearchManagerService$Lifecycle
06-16 13:01:27.974 I/SystemServiceManager(  593): Starting com.android.server.DropBoxManagerService
06-16 13:01:27.975 I/SystemServer(  593): StartWallpaperManagerService
06-16 13:01:27.975 I/SystemServiceManager(  593): Starting com.android.server.wallpaper.WallpaperManagerService$Lifecycle
06-16 13:01:27.975 E/BitmapFactory(  593): Unable to decode stream: java.io.FileNotFoundException: /data/system/users/0/wallpaper_orig (No such file or directory)
06-16 13:01:27.975 E/WallpaperManagerService(  593): Invalid wallpaper data
06-16 13:01:27.975 E/WallpaperManagerService(  593): Unable to apply new wallpaper
06-16 13:01:27.977 I/SystemServer(  593): StartAudioService
06-16 13:01:27.977 I/SystemServiceManager(  593): Starting com.android.server.audio.AudioService$Lifecycle
06-16 13:01:27.980 W/TelecomManager(  593): Telecom Service not found.
06-16 13:01:27.981 W/AudioFlinger(  268): no wake lock to update, system not ready yet
06-16 13:01:27.987 I/SystemServiceManager(  593): Starting com.android.server.DockObserver
06-16 13:01:27.987 W/DockObserver(  593): This kernel does not have dock station support
06-16 13:01:27.987 I/SystemServer(  593): StartWiredAccessoryManager
06-16 13:01:27.988 W/WiredAccessoryManager(  593): This kernel does not have wired headset support
06-16 13:01:27.988 W/WiredAccessoryManager(  593): This kernel does not have usb audio support
06-16 13:01:27.988 W/WiredAccessoryManager(  593): This kernel does not have HDMI audio support
06-16 13:01:27.988 I/SystemServiceManager(  593): Starting com.android.server.usb.UsbService$Lifecycle
06-16 13:01:28.056 E/UsbDeviceManager(  593): failed to write to /sys/class/android_usb/android0/f_rndis/ethaddr
06-16 13:01:28.059 E/UsbDeviceManager(  593): Error initializing UsbHandler
06-16 13:01:28.059 E/UsbDeviceManager(  593): java.io.FileNotFoundException: /sys/class/android_usb/android0/state (No such file or directory)
06-16 13:01:28.059 E/UsbDeviceManager(  593): 	at java.io.FileInputStream.open(Native Method)
06-16 13:01:28.059 E/UsbDeviceManager(  593): 	at java.io.FileInputStream.<init>(FileInputStream.java:146)
06-16 13:01:28.059 E/UsbDeviceManager(  593): 	at android.os.FileUtils.readTextFile(FileUtils.java:263)
06-16 13:01:28.059 E/UsbDeviceManager(  593): 	at com.android.server.usb.UsbDeviceManager$UsbHandler.<init>(UsbDeviceManager.java:352)
06-16 13:01:28.059 E/UsbDeviceManager(  593): 	at com.android.server.usb.UsbDeviceManager.<init>(UsbDeviceManager.java:204)
06-16 13:01:28.059 E/UsbDeviceManager(  593): 	at com.android.server.usb.UsbService.<init>(UsbService.java:116)
06-16 13:01:28.059 E/UsbDeviceManager(  593): 	at com.android.server.usb.UsbService$Lifecycle.onStart(UsbService.java:65)
06-16 13:01:28.059 E/UsbDeviceManager(  593): 	at com.android.server.SystemServiceManager.startService(SystemServiceManager.java:112)
06-16 13:01:28.059 E/UsbDeviceManager(  593): 	at com.android.server.SystemServiceManager.startService(SystemServiceManager.java:66)
06-16 13:01:28.059 E/UsbDeviceManager(  593): 	at com.android.server.SystemServer.startOtherServices(SystemServer.java:971)
06-16 13:01:28.059 E/UsbDeviceManager(  593): 	at com.android.server.SystemServer.run(SystemServer.java:324)
06-16 13:01:28.059 E/UsbDeviceManager(  593): 	at com.android.server.SystemServer.main(SystemServer.java:209)
06-16 13:01:28.059 E/UsbDeviceManager(  593): 	at java.lang.reflect.Method.invoke(Native Method)
06-16 13:01:28.059 E/UsbDeviceManager(  593): 	at com.android.internal.os.ZygoteInit$MethodAndArgsCaller.run(ZygoteInit.java:865)
06-16 13:01:28.059 E/UsbDeviceManager(  593): 	at com.android.internal.os.ZygoteInit.main(ZygoteInit.java:755)
06-16 13:01:28.059 E/UsbDeviceManagerJNI(  593): could not open /dev/usb_accessory
06-16 13:01:28.060 I/SystemServer(  593): StartSerialService
06-16 13:01:28.060 E/HardwarePropertiesManagerService-JNI(  593): Couldn't load thermal module (No such file or directory)
06-16 13:01:28.061 I/SystemServiceManager(  593): Starting com.android.server.twilight.TwilightService
06-16 13:01:28.061 I/SystemServiceManager(  593): Starting com.android.server.job.JobSchedulerService
06-16 13:01:28.062 I/SystemServiceManager(  593): Starting com.android.server.soundtrigger.SoundTriggerService
06-16 13:01:28.063 I/SystemServiceManager(  593): Starting com.android.server.backup.BackupManagerService$Lifecycle
06-16 13:01:28.064 I/SystemServiceManager(  593): Starting com.android.server.appwidget.AppWidgetService
06-16 13:01:28.073 I/SystemServiceManager(  593): Starting com.android.server.voiceinteraction.VoiceInteractionManagerService
06-16 13:01:28.074 I/SystemServer(  593): Gesture Launcher Service
