06-16 13:01:28.074 I/SystemServiceManager(  593): Starting com.android.server.GestureLauncherService
06-16 13:01:28.074 I/SystemServiceManager(  593): Starting com.android.server.SensorNotificationService
06-16 13:01:28.074 I/SystemServiceManager(  593): Starting com.android.server.ContextHubSystemService
06-16 13:01:28.075 E/ContextHubService(  593): ** Could not load context_hub module : err No such file or directory
06-16 13:01:28.075 W/ContextHubService(  593): No Context Hub Module present
06-16 13:01:28.075 I/SystemServer(  593): StartDiskStatsService
06-16 13:01:28.075 I/SystemServer(  593): StartSamplingProfilerService
06-16 13:01:28.077 I/SystemServer(  593): StartNetworkTimeUpdateService
06-16 13:01:28.077 I/SystemServer(  593): StartCommonTimeManagementService
06-16 13:01:28.077 I/SystemServer(  593): CertBlacklister
06-16 13:01:28.078 I/SystemServiceManager(  593): Starting com.android.server.dreams.DreamManagerService
06-16 13:01:28.079 I/SystemServer(  593): StartAssetAtlasService
06-16 13:01:28.079 I/SystemServiceManager(  593): Starting com.android.server.print.PrintManagerService
06-16 13:01:28.085 I/SystemServiceManager(  593): Starting com.android.server.restrictions.RestrictionsManagerService
06-16 13:01:28.085 I/SystemServiceManager(  593): Starting com.android.server.media.MediaSessionService
06-16 13:01:28.091 I/SystemServer(  593): StartMediaRouterService
06-16 13:01:28.092 I/SystemServiceManager(  593): Starting com.android.server.trust.TrustManagerService
06-16 13:01:28.092 I/SystemServer(  593): StartBackgroundDexOptService
06-16 13:01:28.095 I/SystemServiceManager(  593): Starting com.android.server.pm.ShortcutService$Lifecycle
06-16 13:01:28.096 I/SystemServiceManager(  593): Starting com.android.server.pm.LauncherAppsService
06-16 13:01:28.096 I/SystemServiceManager(  593): Starting com.android.server.media.projection.MediaProjectionManagerService
06-16 13:01:28.103 I/WindowManager(  593): SAFE MODE not enabled
06-16 13:01:28.103 I/SystemServiceManager(  593): Starting com.android.server.MmsServiceBroker
06-16 13:01:28.104 W/VibratorService(  593): Tried to stop vibrating but there is no vibrator device.
06-16 13:01:28.122 E/LockSettingsStorage(  593): Cannot read file java.io.FileNotFoundException: /data/system/gatekeeper.password.key: open failed: ENOENT (No such file or directory)
06-16 13:01:28.122 E/LockSettingsStorage(  593): Cannot read file java.io.FileNotFoundException: /data/system/password.key: open failed: ENOENT (No such file or directory)
06-16 13:01:28.122 E/LockSettingsStorage(  593): Cannot read file java.io.FileNotFoundException: /data/system/gatekeeper.pattern.key: open failed: ENOENT (No such file or directory)
06-16 13:01:28.122 E/LockSettingsStorage(  593): Cannot read file java.io.FileNotFoundException: /data/system/gatekeeper.gesture.key: open failed: ENOENT (No such file or directory)
06-16 13:01:28.122 E/LockSettingsStorage(  593): Cannot read file java.io.FileNotFoundException: /data/system/gesture.key: open failed: ENOENT (No such file or directory)
06-16 13:01:28.122 I/SystemServiceManager(  593): Starting phase 480
06-16 13:01:28.124 I/DevicePolicyManagerService(  593): Set ro.device_owner property to false
06-16 13:01:28.125 I/SystemServiceManager(  593): Starting phase 500
06-16 13:01:28.127 I/WifiService(  593): WifiService starting up with Wi-Fi enabled
06-16 13:01:28.128 I/WifiScanningService(  593): Starting wifiscanner
06-16 13:01:28.130 I/RttService(  593): Registering rttmanager
06-16 13:01:28.130 I/EthernetServiceImpl(  593): Starting Ethernet service
06-16 13:01:28.136 W/SoundTriggerHelper(  593): listModules status=0, # of modules=0
06-16 13:01:28.139 I/DefaultPermGrantPolicy(  593): Granting permissions to default platform handlers for user 0
06-16 13:01:28.139 W/VoiceInteractionManagerService(  593): no available voice interaction services found for user 0
06-16 13:01:28.139 W/VoiceInteractionManagerService(  593): no available voice recognition services found for user 0
06-16 13:01:28.139 W/KeyguardServiceDelegate(  593): onScreenTurningOn(): no keyguard service!
06-16 13:01:28.142 I/ActivityManager(  593): System now ready
06-16 13:01:28.142 I/SystemServer(  593): Making services ready
06-16 13:01:28.142 I/SystemServiceManager(  593): Starting phase 550
06-16 13:01:28.143 E/InputMethodManagerService(  593): Ignoring updateSystemUiLocked due to an invalid token. uid:1000 token:null
06-16 13:01:28.147 I/main    (  264): type=1400 audit(0.0:284): avc: denied { accept } for path="/dev/socket/zygote" scontext=u:r:zygote:s0 tcontext=u:r:init:s0 tclass=unix_stream_socket permissive=1
06-16 13:01:28.147 I/main    (  264): type=1400 audit(0.0:285): avc: denied { getopt } for path="/dev/socket/zygote" scontext=u:r:zygote:s0 tcontext=u:r:init:s0 tclass=unix_stream_socket permissive=1
06-16 13:01:28.147 I/main    (  264): type=1400 audit(0.0:286): avc: denied { setopt } for path="/dev/socket/zygote" scontext=u:r:zygote:s0 tcontext=u:r:init:s0 tclass=unix_stream_socket permissive=1
06-16 13:01:28.147 I/main    (  264): type=1400 audit(0.0:287): avc: denied { read } for path="/dev/socket/zygote" scontext=u:r:zygote:s0 tcontext=u:r:init:s0 tclass=unix_stream_socket permissive=1
06-16 13:01:28.147 I/main    (  264): type=1400 audit(0.0:288): avc: denied { getattr } for path="socket:[12927]" dev="sockfs" ino=12927 scontext=u:r:zygote:s0 tcontext=u:r:init:s0 tclass=unix_stream_socket permissive=1
06-16 13:01:28.147 I/main    (  264): type=1400 audit(0.0:289): avc: denied { write } for path="/dev/socket/zygote" scontext=u:r:zygote:s0 tcontext=u:r:init:s0 tclass=unix_stream_socket permissive=1
06-16 13:01:28.159 I/Zygote  (  593): Process: zygote socket opened, supported ABIS: x86_64
06-16 13:01:28.171 I/putmethod.lati(  667): type=1400 audit(0.0:290): avc: denied { sendto } for path="/dev/socket/logdw" scontext=u:r:untrusted_app:s0:c512,c768 tcontext=u:r:init:s0 tclass=unix_dgram_socket permissive=1
06-16 13:01:28.172 I/ActivityManager(  593): Start proc 667:com.android.inputmethod.latin/u0a48 for service com.android.inputmethod.latin/.LatinIME
06-16 13:01:28.172 W/art     (  667): Unexpected CPU variant for X86 using defaults: x86_64
06-16 13:01:28.178 E/BitmapFactory(  593): Unable to decode stream: java.io.FileNotFoundException: /data/system/users/0/wallpaper_orig (No such file or directory)
06-16 13:01:28.178 E/WallpaperManagerService(  593): Invalid wallpaper data
06-16 13:01:28.178 E/WallpaperManagerService(  593): Unable to apply new wallpaper
06-16 13:01:28.185 W/art     (  673): Unexpected CPU variant for X86 using defaults: x86_64
06-16 13:01:28.188 I/ActivityManager(  593): Start proc 673:com.android.systemui/u0a23 for service com.android.systemui/.ImageWallpaper
06-16 13:01:28.191 I/ActivityManager(  593): Force stopping com.android.providers.media appid=10010 user=-1: vold reset
06-16 13:01:28.192 E/BluetoothAdapter(  593): Bluetooth binder is null
06-16 13:01:28.193 I/SystemServer(  593): WebViewFactory preparation
06-16 13:01:28.194 E/BluetoothAdapter(  593): Bluetooth binder is null
06-16 13:01:28.195 I/AudioFlinger(  268): systemReady
06-16 13:01:28.198 W/sdcard  (  693): Device explicitly disabled sdcardfs
06-16 13:01:28.198 W/System  (  673): ClassLoader referenced unknown path: /system/priv-app/SystemUI/lib/x86_64
06-16 13:01:28.208 E/WVMExtractor(  593): Failed to open libwvm.so: dlopen failed: library "libwvm.so" not found
06-16 13:01:28.210 E/linker  (  276): library /system/lib/libavcodec.so with text relocation is whitelisted
06-16 13:01:28.210 W/linker  (  276): /system/lib/libavcodec.so has text relocations. This is wasting memory and prevents security hardening. Please fix.
06-16 13:01:28.210 E/linker  (  276): library /system/lib/libavcodec.so with text relocation is whitelisted
06-16 13:01:28.211 E/linker  (  276): library /system/lib/libswresample.so with text relocation is whitelisted
06-16 13:01:28.211 W/linker  (  276): /system/lib/libswresample.so has text relocations. This is wasting memory and prevents security hardening. Please fix.
06-16 13:01:28.211 E/linker  (  276): library /system/lib/libswresample.so with text relocation is whitelisted
06-16 13:01:28.215 I/Zygote  (  593): Process: zygote socket opened, supported ABIS: x86
06-16 13:01:28.219 I/art     (  267): Starting a blocking GC Background
06-16 13:01:28.223 I/FFmpegExtractor(  276): android-source:0xf4d5c000
06-16 13:01:28.230 I/ActivityManager(  593): Start proc 705:WebViewLoader-x86/1037 [android.webkit.WebViewFactory$RelroFileCreator] for 
06-16 13:01:28.239 W/art     (  710): Unexpected CPU variant for X86 using defaults: x86_64
06-16 13:01:28.240 I/ActivityManager(  593): Start proc 710:WebViewLoader-x86_64/1037 [android.webkit.WebViewFactory$RelroFileCreator] for 
06-16 13:01:28.241 I/NetworkManagement(  593): not enabling bandwidth control
06-16 13:01:28.241 W/art     (  705): Unexpected CPU variant for X86 using defaults: x86
06-16 13:01:28.259 I/system_server(  593): type=1400 audit(0.0:307): avc: denied { sendto } for path="/dev/socket/logdw" scontext=u:r:system_server:s0 tcontext=u:r:init:s0 tclass=unix_dgram_socket permissive=1
06-16 13:01:28.262 W/NetworkManagement(  593): setDataSaverMode(): already false
06-16 13:01:28.266 W/NetworkStats(  593): bandwidth controls disabled, unable to track stats
06-16 13:01:28.266 W/NetworkPolicy(  593): bandwidth controls disabled, unable to enforce policy
06-16 13:01:28.275 I/SystemServiceManager(  593): Starting phase 600
06-16 13:01:28.277 I/FFMPEG  (  276): Input #0, ogg, from 'android-source:0xf4d5c000':
06-16 13:01:28.277 I/FFMPEG  (  276):   Duration: 00:00:00.09, start: 0.000000, bitrate: 437 kb/s
06-16 13:01:28.278 I/FFMPEG  (  276):     Stream #0:0: Audio: vorbis, 48000 Hz, stereo, fltp, 96 kb/s
06-16 13:01:28.278 I/FFmpegExtractor(  276): FFmpegExtrator, url: android-source:0xf4d5c000, format_name: ogg, format_long_name: Ogg
06-16 13:01:28.278 I/FFmpegExtractor(  276): list the formats suppoted by ffmpeg: 
06-16 13:01:28.278 I/FFmpegExtractor(  276): ========================================
06-16 13:01:28.278 I/FFmpegExtractor(  276): ========================================
06-16 13:01:28.278 I/FFmpegExtractor(  276): adjust mime(application/ogg -> audio/vorbis)
06-16 13:01:28.278 I/FFmpegExtractor(  276): sniff through BetterSniffFFMPEG success
06-16 13:01:28.279 I/mediaserver(  277): type=1400 audit(0.0:308): avc: denied { sendto } for path="/dev/socket/logdw" scontext=u:r:mediaserver:s0 tcontext=u:r:init:s0 tclass=unix_dgram_socket permissive=1
06-16 13:01:28.280 I/MediaPlayerService(  277): MediaPlayerService::getOMX
06-16 13:01:28.280 I/OMXClient(  277): MuxOMX ctor
06-16 13:01:28.287 I/mediacodec(  274): type=1400 audit(0.0:309): avc: denied { sendto } for path="/dev/socket/logdw" scontext=u:r:mediacodec:s0 tcontext=u:r:init:s0 tclass=unix_dgram_socket permissive=1
06-16 13:01:28.288 I/MediaPlayerService(  277): MediaPlayerService::getOMX
06-16 13:01:28.288 I/GnssLocationProvider(  593): WakeLock acquired by sendMessage(13, 0, null)
06-16 13:01:28.288 I/OMXClient(  277): MuxOMX ctor
06-16 13:01:28.288 I/OMXMaster(  274): makeComponentInstance(OMX.google.mp3.decoder) in mediacodec process
06-16 13:01:28.290 W/ServiceWatcher(  593): com.google.android.gms not found
06-16 13:01:28.290 W/ServiceWatcher(  593): com.google.android.gms not found
06-16 13:01:28.290 W/LocationProviderProxy-network(  593): Odd, no component found for service com.android.location.service.v3.NetworkLocationProvider
06-16 13:01:28.291 W/ServiceWatcher(  593): com.google.android.gms not found
06-16 13:01:28.291 W/ServiceWatcher(  593): com.google.android.gms not found
06-16 13:01:28.291 W/GeocoderProxy(  593): Odd, no component found for service com.android.location.service.GeocodeProvider
06-16 13:01:28.291 E/GnssLocationProvider(  593): no AGPS interface in set_agps_server
06-16 13:01:28.292 E/FlpHardwareProvider(  593): Error hw_get_module 'flp': -2
06-16 13:01:28.292 W/ServiceWatcher(  593): com.google.android.gms not found
06-16 13:01:28.293 W/GeofenceProxy(  593): Odd, no component found for service com.android.location.service.GeofenceProvider
06-16 13:01:28.293 E/ActivityRecognitionHardware(  593): Error hw_get_module: -2
06-16 13:01:28.293 W/ServiceWatcher(  593): com.google.android.gms not found
06-16 13:01:28.293 W/ActivityRecognitionProxy(  593): Odd, no component found for service com.android.location.service.ActivityRecognitionProvider
06-16 13:01:28.293 I/GnssLocationProvider(  593): WakeLock acquired by sendMessage(2, 1, null)
06-16 13:01:28.293 I/GnssLocationProvider(  593): WakeLock released by handleMessage(13, 0, null)
06-16 13:01:28.294 E/GnssLocationProvider(  593): no AGPS interface in set_agps_server
06-16 13:01:28.294 I/GnssLocationProvider(  593): WakeLock released by handleMessage(2, 1, null)
06-16 13:01:28.306 I/MediaPlayerService(  277): MediaPlayerService::getOMX
06-16 13:01:28.307 I/main    (  264): type=1400 audit(0.0:310): avc: denied { getattr } for path="/sys/kernel/debug/tracing/trace_marker" dev="tracefs" ino=41 scontext=u:r:zygote:s0 tcontext=u:object_r:debugfs_tracing:s0 tclass=file permissive=1
06-16 13:01:28.307 I/OMXClient(  277): MuxOMX ctor
06-16 13:01:28.307 I/OMXMaster(  274): makeComponentInstance(OMX.google.amrnb.decoder) in mediacodec process
06-16 13:01:28.307 I/CommonTimeManagementService(  593): No common time service detected on this platform.  Common time services will be unavailable.
06-16 13:01:28.308 I/InputReader(  593): Reconfiguring input devices.  changes=0x00000020
06-16 13:01:28.308 I/MmsServiceBroker(  593): Delay connecting to MmsService until an API is called
06-16 13:01:28.308 I/InputReader(  593): Reconfiguring input devices.  changes=0x00000010
06-16 13:01:28.309 W/VoiceInteractionManagerService(  593): no available voice interaction services found for user 0
06-16 13:01:28.309 W/VoiceInteractionManagerService(  593): no available voice recognition services found for user 0
06-16 13:01:28.311 I/main    (  747): type=1400 audit(0.0:311): avc: denied { write } for name="trace_marker" dev="tracefs" ino=41 scontext=u:r:zygote:s0 tcontext=u:object_r:debugfs_tracing:s0 tclass=file permissive=1
06-16 13:01:28.311 I/main    (  747): type=1400 audit(0.0:312): avc: denied { open } for path="/sys/kernel/debug/tracing/trace_marker" dev="tracefs" ino=41 scontext=u:r:zygote:s0 tcontext=u:object_r:debugfs_tracing:s0 tclass=file permissive=1
06-16 13:01:28.315 I/m.android.phon(  747): type=1400 audit(0.0:313): avc: denied { sendto } for path="/dev/socket/logdw" scontext=u:r:radio:s0 tcontext=u:r:init:s0 tclass=unix_dgram_socket permissive=1
06-16 13:01:28.315 W/art     (  747): Unexpected CPU variant for X86 using defaults: x86_64
06-16 13:01:28.316 I/MediaPlayerService(  277): MediaPlayerService::getOMX
06-16 13:01:28.316 I/OMXClient(  277): MuxOMX ctor
06-16 13:01:28.316 I/OMXMaster(  274): makeComponentInstance(OMX.google.amrwb.decoder) in mediacodec process
06-16 13:01:28.318 I/MediaPlayerService(  277): MediaPlayerService::getOMX
06-16 13:01:28.318 I/OMXClient(  277): MuxOMX ctor
06-16 13:01:28.318 I/OMXMaster(  274): makeComponentInstance(OMX.google.aac.decoder) in mediacodec process
06-16 13:01:28.322 I/ActivityManager(  593): Start proc 747:com.android.phone/1001 for added application com.android.phone
06-16 13:01:28.327 I/ymobile.webrtc(  764): type=1400 audit(0.0:314): avc: denied { sendto } for path="/dev/socket/logdw" scontext=u:r:system_app:s0 tcontext=u:r:init:s0 tclass=unix_dgram_socket permissive=1
06-16 13:01:28.328 W/art     (  764): Unexpected CPU variant for X86 using defaults: x86_64
06-16 13:01:28.334 I/ActivityManager(  593): Start proc 764:com.genymobile.webrtcd/1000 for added application com.genymobile.webrtcd
06-16 13:01:28.335 I/ActivityManager(  593): START u0 {act=android.intent.action.MAIN cat=[android.intent.category.HOME] flg=0x10000100 cmp=com.android.settings/.FallbackHome} from uid 0 on display 0
06-16 13:01:28.335 W/System  (  593): ClassLoader referenced unknown path: 
06-16 13:01:28.335 W/System  (  593): ClassLoader referenced unknown path: /system/priv-app/Settings/lib/x86_64
06-16 13:01:28.337 I/MediaPlayerService(  277): MediaPlayerService::getOMX
06-16 13:01:28.337 I/OMXClient(  277): MuxOMX ctor
06-16 13:01:28.337 I/OMXMaster(  274): makeComponentInstance(OMX.google.g711.alaw.decoder) in mediacodec process
06-16 13:01:28.338 I/ActivityManager(  593): Loaded persisted task ids for user 0
06-16 13:01:28.345 I/ActivityManager(  593): Start proc 781:com.android.settings/1000 for activity com.android.settings/.FallbackHome
06-16 13:01:28.351 W/LocationProviderProxy-network(  593): Odd, no component found for service com.android.location.service.v3.NetworkLocationProvider
06-16 13:01:28.351 W/GeocoderProxy(  593): Odd, no component found for service com.android.location.service.GeocodeProvider
06-16 13:01:28.351 W/GeofenceProxy(  593): Odd, no component found for service com.android.location.service.GeofenceProvider
06-16 13:01:28.351 W/ActivityRecognitionProxy(  593): Odd, no component found for service com.android.location.service.ActivityRecognitionProvider
06-16 13:01:28.351 I/SystemServer(  593): Enabled StrictMode for system server main thread.
06-16 13:01:28.353 W/ContextImpl(  593): Calling a method in the system process without a qualified user: android.app.ContextImpl.startService:1385 com.android.server.content.SyncManager$13.run:631 android.os.Handler.handleCallback:751 android.os.Handler.dispatchMessage:95 android.os.Looper.loop:154 
06-16 13:01:28.362 I/MediaPlayerService(  277): MediaPlayerService::getOMX
06-16 13:01:28.362 I/OMXClient(  277): MuxOMX ctor
06-16 13:01:28.362 I/OMXMaster(  274): makeComponentInstance(OMX.google.g711.mlaw.decoder) in mediacodec process
06-16 13:01:28.362 W/art     (  781): Unexpected CPU variant for X86 using defaults: x86_64
06-16 13:01:28.365 W/System  (  747): ClassLoader referenced unknown path: /system/priv-app/TeleService/lib/x86_64
06-16 13:01:28.388 I/MediaPlayerService(  277): MediaPlayerService::getOMX
06-16 13:01:28.388 I/OMXClient(  277): MuxOMX ctor
06-16 13:01:28.388 I/OMXMaster(  274): makeComponentInstance(OMX.google.vorbis.decoder) in mediacodec process
06-16 13:01:28.402 I/MediaPlayerService(  277): MediaPlayerService::getOMX
06-16 13:01:28.402 I/OMXClient(  277): MuxOMX ctor
06-16 13:01:28.402 I/OMXMaster(  274): makeComponentInstance(OMX.google.gsm.decoder) in mediacodec process
06-16 13:01:28.415 I/MediaPlayerService(  277): MediaPlayerService::getOMX
06-16 13:01:28.415 I/OMXClient(  277): MuxOMX ctor
06-16 13:01:28.415 I/OMXMaster(  274): makeComponentInstance(OMX.google.opus.decoder) in mediacodec process
06-16 13:01:28.424 I/WifiScanningService(  593): wifi driver unloaded
06-16 13:01:28.429 W/System  (  781): ClassLoader referenced unknown path: /system/priv-app/Settings/lib/x86_64
06-16 13:01:28.432 I/MediaPlayerService(  277): MediaPlayerService::getOMX
06-16 13:01:28.432 I/OMXClient(  277): MuxOMX ctor
06-16 13:01:28.432 I/OMXMaster(  274): makeComponentInstance(OMX.google.raw.decoder) in mediacodec process
06-16 13:01:28.437 I/MediaPlayerService(  277): MediaPlayerService::getOMX
06-16 13:01:28.437 I/OMXClient(  277): MuxOMX ctor
06-16 13:01:28.437 I/OMXMaster(  274): makeComponentInstance(OMX.google.flac.decoder) in mediacodec process
06-16 13:01:28.437 E/OMX     (  274): FAILED to allocate omx component 'OMX.google.flac.decoder' err=InvalidComponentName(0x80001002)
06-16 13:01:28.437 I/MediaPlayerService(  277): MediaPlayerService::getOMX
06-16 13:01:28.437 I/OMXClient(  277): MuxOMX ctor
06-16 13:01:28.437 I/OMXMaster(  274): makeComponentInstance(OMX.google.mp2.decoder) in mediacodec process
06-16 13:01:28.437 E/OMX     (  274): FAILED to allocate omx component 'OMX.google.mp2.decoder' err=InvalidComponentName(0x80001002)
06-16 13:01:28.437 I/MediaPlayerService(  277): MediaPlayerService::getOMX
06-16 13:01:28.437 I/OMXClient(  277): MuxOMX ctor
06-16 13:01:28.438 I/OMXMaster(  274): makeComponentInstance(OMX.google.ac3.decoder) in mediacodec process
06-16 13:01:28.438 E/OMX     (  274): FAILED to allocate omx component 'OMX.google.ac3.decoder' err=InvalidComponentName(0x80001002)
06-16 13:01:28.438 I/MediaPlayerService(  277): MediaPlayerService::getOMX
06-16 13:01:28.438 I/OMXClient(  277): MuxOMX ctor
06-16 13:01:28.438 I/OMXMaster(  274): makeComponentInstance(OMX.ffmpeg.pcm.decoder) in mediacodec process
06-16 13:01:28.439 I/Binder:274_1(  312): type=1400 audit(0.0:315): avc: denied { execmod } for path="/system/lib/libavcodec.so" dev="xvda5" ino=2166 scontext=u:r:mediacodec:s0 tcontext=u:object_r:system_file:s0 tclass=file permissive=1
06-16 13:01:28.440 E/linker  (  274): library /system/lib/libavcodec.so with text relocation is whitelisted
06-16 13:01:28.440 W/linker  (  274): /system/lib/libavcodec.so has text relocations. This is wasting memory and prevents security hardening. Please fix.
06-16 13:01:28.440 E/linker  (  274): library /system/lib/libavcodec.so with text relocation is whitelisted
06-16 13:01:28.440 E/linker  (  274): library /system/lib/libswresample.so with text relocation is whitelisted
06-16 13:01:28.440 W/linker  (  274): /system/lib/libswresample.so has text relocations. This is wasting memory and prevents security hardening. Please fix.
06-16 13:01:28.440 E/linker  (  274): library /system/lib/libswresample.so with text relocation is whitelisted
06-16 13:01:28.452 I/MediaPlayerService(  277): MediaPlayerService::getOMX
06-16 13:01:28.452 I/OMXClient(  277): MuxOMX ctor
06-16 13:01:28.452 I/OMXMaster(  274): makeComponentInstance(OMX.google.h263.decoder) in mediacodec process
06-16 13:01:28.464 E/OMXNodeInstance(  274): getExtensionIndex(112000c:google.h263.decoder, OMX.google.android.index.configureVideoTunnelMode) ERROR: UnsupportedIndex(0x8000101a)
06-16 13:01:28.464 W/OMXNodeInstance(  274): [112000c:google.h263.decoder] component does not support metadata mode; using fallback
06-16 13:01:28.465 I/MediaPlayerService(  277): MediaPlayerService::getOMX
06-16 13:01:28.465 I/OMXClient(  277): MuxOMX ctor
06-16 13:01:28.465 I/OMXMaster(  274): makeComponentInstance(OMX.google.h264.decoder) in mediacodec process
06-16 13:01:28.479 I/putmethod.latin(  667): type=1400 audit(0.0:316): avc: denied { sendto } for path="/dev/socket/logdw" scontext=u:r:untrusted_app:s0:c512,c768 tcontext=u:r:init:s0 tclass=unix_dgram_socket permissive=1
06-16 13:01:28.480 I/LatinIME(  667): Hardware accelerated drawing: true
06-16 13:01:28.486 W/ACodec  (  277): [OMX.google.h264.decoder] stopping checking profiles after 32: 2/8000
06-16 13:01:28.486 E/OMXNodeInstance(  274): getExtensionIndex(112000d:google.h264.decoder, OMX.google.android.index.configureVideoTunnelMode) ERROR: UnsupportedIndex(0x8000101a)
06-16 13:01:28.486 W/OMXNodeInstance(  274): [112000d:google.h264.decoder] component does not support metadata mode; using fallback
06-16 13:01:28.491 I/MediaPlayerService(  277): MediaPlayerService::getOMX
06-16 13:01:28.491 I/OMXClient(  277): MuxOMX ctor
06-16 13:01:28.491 I/OMXMaster(  274): makeComponentInstance(OMX.google.vp8.decoder) in mediacodec process
06-16 13:01:28.509 E/OMXNodeInstance(  274): getExtensionIndex(112000e:google.vp8.decoder, OMX.google.android.index.configureVideoTunnelMode) ERROR: UnsupportedIndex(0x8000101a)
06-16 13:01:28.509 W/OMXNodeInstance(  274): [112000e:google.vp8.decoder] component does not support metadata mode; using fallback
06-16 13:01:28.510 I/MediaPlayerService(  277): MediaPlayerService::getOMX
06-16 13:01:28.511 I/OMXClient(  277): MuxOMX ctor
06-16 13:01:28.511 I/OMXMaster(  274): makeComponentInstance(OMX.google.vp9.decoder) in mediacodec process
06-16 13:01:28.513 W/System  (  593): ClassLoader referenced unknown path: /system/priv-app/Telecom/lib/x86_64
06-16 13:01:28.527 E/OMXNodeInstance(  274): getExtensionIndex(112000f:google.vp9.decoder, OMX.google.android.index.configureVideoTunnelMode) ERROR: UnsupportedIndex(0x8000101a)
06-16 13:01:28.527 W/OMXNodeInstance(  274): [112000f:google.vp9.decoder] component does not support metadata mode; using fallback
06-16 13:01:28.530 W/InputAttributes(  667): No editor info for this field. Bug?
06-16 13:01:28.530 I/MediaPlayerService(  277): MediaPlayerService::getOMX
06-16 13:01:28.532 I/OMXClient(  277): MuxOMX ctor
06-16 13:01:28.537 I/OMXMaster(  274): makeComponentInstance(OMX.google.hevc.decoder) in mediacodec process
06-16 13:01:28.541 I/LatinIME:LogUtils(  667): Dictionary info: dictionary = userunigram.en_US ; version = 1750093288 ; date = ?
06-16 13:01:28.542 E/ActivityThread(  667): Failed to find provider info for user_dictionary
06-16 13:01:28.542 I/LatinIME:LogUtils(  667): Dictionary info: dictionary = UserHistoryDictionary.en_US ; version = 1750093288 ; date = ?
06-16 13:01:28.574 E/OMXNodeInstance(  274): getExtensionIndex(1120010:google.hevc.decoder, OMX.google.android.index.configureVideoTunnelMode) ERROR: UnsupportedIndex(0x8000101a)
06-16 13:01:28.575 W/OMXNodeInstance(  274): [1120010:google.hevc.decoder] component does not support metadata mode; using fallback
06-16 13:01:28.575 I/MediaPlayerService(  277): MediaPlayerService::getOMX
06-16 13:01:28.575 I/OMXClient(  277): MuxOMX ctor
06-16 13:01:28.575 I/OMXMaster(  274): makeComponentInstance(OMX.google.mpeg2v.decoder) in mediacodec process
06-16 13:01:28.575 E/OMX     (  274): FAILED to allocate omx component 'OMX.google.mpeg2v.decoder' err=InvalidComponentName(0x80001002)
06-16 13:01:28.576 I/MediaPlayerService(  277): MediaPlayerService::getOMX
06-16 13:01:28.576 I/OMXClient(  277): MuxOMX ctor
06-16 13:01:28.576 I/OMXMaster(  274): makeComponentInstance(OMX.ffmpeg.mpeg4.decoder) in mediacodec process
06-16 13:01:28.580 E/linker  (  274): library /system/lib/libavcodec.so with text relocation is whitelisted
06-16 13:01:28.580 W/linker  (  274): /system/lib/libavcodec.so has text relocations. This is wasting memory and prevents security hardening. Please fix.
06-16 13:01:28.580 E/linker  (  274): library /system/lib/libavcodec.so with text relocation is whitelisted
06-16 13:01:28.580 E/linker  (  274): library /system/lib/libswscale.so with text relocation is whitelisted
06-16 13:01:28.580 W/linker  (  274): /system/lib/libswscale.so has text relocations. This is wasting memory and prevents security hardening. Please fix.
06-16 13:01:28.580 E/linker  (  274): library /system/lib/libswscale.so with text relocation is whitelisted
06-16 13:01:28.593 E/linker  (  274): library /system/lib/libswresample.so with text relocation is whitelisted
06-16 13:01:28.593 W/linker  (  274): /system/lib/libswresample.so has text relocations. This is wasting memory and prevents security hardening. Please fix.
06-16 13:01:28.593 E/linker  (  274): library /system/lib/libswresample.so with text relocation is whitelisted
06-16 13:01:28.597 E/OMXNodeInstance(  274): getParameter(1120011:ffmpeg.mpeg4.decoder, ParamVideoProfileLevelQuerySupported(0x600000f)) ERROR: UnsupportedIndex(0x8000101a)
06-16 13:01:28.604 E/OMXNodeInstance(  274): getExtensionIndex(1120011:ffmpeg.mpeg4.decoder, OMX.google.android.index.configureVideoTunnelMode) ERROR: UnsupportedIndex(0x8000101a)
06-16 13:01:28.604 W/OMXNodeInstance(  274): [1120011:ffmpeg.mpeg4.decoder] component does not support metadata mode; using fallback
06-16 13:01:28.604 E/OMXNodeInstance(  274): getExtensionIndex(1120011:ffmpeg.mpeg4.decoder, OMX.google.android.index.prepareForAdaptivePlayback) ERROR: UnsupportedIndex(0x8000101a)
06-16 13:01:28.605 I/MediaPlayerService(  277): MediaPlayerService::getOMX
06-16 13:01:28.605 I/OMXClient(  277): MuxOMX ctor
06-16 13:01:28.606 I/OMXMaster(  274): makeComponentInstance(OMX.google.aac.encoder) in mediacodec process
06-16 13:01:28.611 W/System  (  747): ClassLoader referenced unknown path: /system/priv-app/TelephonyProvider/lib/x86_64
06-16 13:01:28.614 I/MediaPlayerService(  277): MediaPlayerService::getOMX
06-16 13:01:28.614 I/OMXClient(  277): MuxOMX ctor
06-16 13:01:28.614 I/OMXMaster(  274): makeComponentInstance(OMX.google.amrnb.encoder) in mediacodec process
06-16 13:01:28.624 I/MediaPlayerService(  277): MediaPlayerService::getOMX
06-16 13:01:28.624 I/OMXClient(  277): MuxOMX ctor
06-16 13:01:28.624 I/OMXMaster(  274): makeComponentInstance(OMX.google.amrwb.encoder) in mediacodec process
06-16 13:01:28.628 I/MediaPlayerService(  277): MediaPlayerService::getOMX
06-16 13:01:28.628 I/OMXClient(  277): MuxOMX ctor
06-16 13:01:28.628 I/OMXMaster(  274): makeComponentInstance(OMX.google.h263.encoder) in mediacodec process
06-16 13:01:28.639 I/Binder:278_2(  577): type=1400 audit(0.0:317): avc: denied { read } for path="socket:[13353]" dev="sockfs" ino=13353 scontext=u:r:netd:s0 tcontext=u:r:init:s0 tclass=unix_stream_socket permissive=1
06-16 13:01:28.639 I/Binder:278_2(  577): type=1400 audit(0.0:318): avc: denied { sendto } for path="/dev/socket/logdw" scontext=u:r:netd:s0 tcontext=u:r:init:s0 tclass=unix_dgram_socket permissive=1
06-16 13:01:28.639 I/Binder:278_2(  577): type=1400 audit(0.0:319): avc: denied { write } for path="socket:[13353]" dev="sockfs" ino=13353 scontext=u:r:netd:s0 tcontext=u:r:init:s0 tclass=unix_stream_socket permissive=1
06-16 13:01:28.639 E/SoftapController(  278): Softap fwReload - NULL path for STA
06-16 13:01:28.644 E/WifiMonitor(  593): killSupplicant p2pfalse init.svc.wpa_supplicant=unknown init.svc.p2p_supplicant=unknown
06-16 13:01:28.645 E/wifi    (  593): Can not initialize the vendor function pointer table
06-16 13:01:28.645 E/WifiNative-HAL(  593): Could not start hal
06-16 13:01:28.645 E/WifiStateMachine(  593): Failed to start HAL
06-16 13:01:28.659 I/SoftMPEG4Encoder(  274): Construct SoftMPEG4Encoder
06-16 13:01:28.668 I/LatinIME:LogUtils(  667): Dictionary info: dictionary = main:en ; version = 54 ; date = 1414726273
06-16 13:01:28.675 W/ACodec  (  277): do not know color format 0x7f000789 = 2130708361
06-16 13:01:28.675 E/OMXNodeInstance(  274): getConfig(1120015:google.h263.encoder, ConfigAndroidIntraRefresh(0x6f60000a)) ERROR: Undefined(0x80001001)
06-16 13:01:28.675 I/MediaPlayerService(  277): MediaPlayerService::getOMX
06-16 13:01:28.675 I/OMXClient(  277): MuxOMX ctor
06-16 13:01:28.675 I/OMXMaster(  274): makeComponentInstance(OMX.google.h264.encoder) in mediacodec process
06-16 13:01:28.698 W/ACodec  (  277): do not know color format 0x7f000789 = 2130708361
06-16 13:01:28.706 I/MediaPlayerService(  277): MediaPlayerService::getOMX
06-16 13:01:28.706 I/OMXClient(  277): MuxOMX ctor
06-16 13:01:28.706 I/OMXMaster(  274): makeComponentInstance(OMX.google.mpeg4.encoder) in mediacodec process
06-16 13:01:28.722 E/BluetoothAdapter(  593): Bluetooth binder is null
06-16 13:01:28.723 I/Telecom (  593): SystemStateProvider: Registering car mode receiver: android.content.IntentFilter@526f2b3: TS.init@AAA
06-16 13:01:28.725 I/SoftMPEG4Encoder(  274): Construct SoftMPEG4Encoder
06-16 13:01:28.727 W/ACodec  (  277): do not know color format 0x7f000789 = 2130708361
06-16 13:01:28.727 E/OMXNodeInstance(  274): getConfig(1120017:google.mpeg4.encoder, ConfigAndroidIntraRefresh(0x6f60000a)) ERROR: Undefined(0x80001001)
06-16 13:01:28.727 I/MediaPlayerService(  277): MediaPlayerService::getOMX
06-16 13:01:28.727 I/OMXClient(  277): MuxOMX ctor
06-16 13:01:28.728 I/OMXMaster(  274): makeComponentInstance(OMX.google.flac.encoder) in mediacodec process
06-16 13:01:28.728 I/Telecom (  593): Telecom: Non-call EVENT: AUDIO_ROUTE, Entering state QuiescentEarpieceRoute
06-16 13:01:28.729 I/Telecom (  593): CallAudioModeStateMachine: Message received: null.: TS.init->CAMSM.pM_1@AAA_0
06-16 13:01:28.729 E/ActivityThread(  593): Failed to find provider info for call_log
06-16 13:01:28.730 E/BluetoothAdapter(  593): Bluetooth binder is null
06-16 13:01:28.735 I/wpa_supplicant(  843): type=1400 audit(0.0:320): avc: denied { read write } for path="socket:[13139]" dev="sockfs" ino=13139 scontext=u:r:wpa:s0 tcontext=u:r:init:s0 tclass=unix_dgram_socket permissive=1
06-16 13:01:28.746 I/Telecom (  593): Class: TelecomSystem.INSTANCE being set
06-16 13:01:28.747 E/BluetoothAdapter(  593): Bluetooth binder is null
06-16 13:01:28.755 I/MediaPlayerService(  277): MediaPlayerService::getOMX
06-16 13:01:28.756 I/OMXClient(  277): MuxOMX ctor
06-16 13:01:28.756 I/OMXMaster(  274): makeComponentInstance(OMX.google.vp8.encoder) in mediacodec process
06-16 13:01:28.756 W/System  (  593): ClassLoader referenced unknown path: /system/priv-app/FusedLocation/lib/x86_64
06-16 13:01:28.777 W/ACodec  (  277): do not know color format 0x7f000789 = 2130708361
06-16 13:01:28.777 E/OMXNodeInstance(  274): getConfig(1120019:google.vp8.encoder, ConfigAndroidIntraRefresh(0x6f60000a)) ERROR: Undefined(0x80001001)
06-16 13:01:28.778 I/MediaPlayerService(  277): MediaPlayerService::getOMX
06-16 13:01:28.778 I/OMXClient(  277): MuxOMX ctor
06-16 13:01:28.778 W/MediaCodecList(  277): unable to open media codecs configuration xml file: /etc/media_codecs_performance.xml
06-16 13:01:28.778 I/MediaPlayerService(  277): MediaPlayerService::getOMX
06-16 13:01:28.778 I/OMXClient(  277): MuxOMX ctor
06-16 13:01:28.778 W/MediaCodecList(  277): unable to open media codecs configuration xml file: /data/misc/media/media_codecs_profiling_results.xml
06-16 13:01:28.779 I/MediaPlayerService(  277): MediaPlayerService::getOMX
06-16 13:01:28.779 I/OMXClient(  593): MuxOMX ctor
06-16 13:01:28.780 I/OMXMaster(  274): makeComponentInstance(OMX.google.vorbis.decoder) in mediacodec process
06-16 13:01:28.794 W/VibratorService(  593): Tried to stop vibrating but there is no vibrator device.
06-16 13:01:28.798 I/SyncManager(  593): Got SyncJobService instance.
06-16 13:01:28.807 I/Telecom (  593): WiredHeadsetManager: ACTION_HEADSET_PLUG event, plugged in: false, : WHC.oADA@AAE
06-16 13:01:28.807 E/ActivityThread(  593): Failed to find provider info for com.android.calendar
06-16 13:01:28.807 E/ActivityThread(  593): Failed to find provider info for com.android.calendar
06-16 13:01:28.809 I/ActivityManager(  593): user 0 is still locked. Cannot load recents
06-16 13:01:28.813 I/FFmpegExtractor(  276): android-source:0xf4d5ca00
06-16 13:01:28.820 I/FFMPEG  (  276): Input #0, ogg, from 'android-source:0xf4d5ca00':
06-16 13:01:28.820 I/FFMPEG  (  276):   Duration: 00:00:00.11, start: 0.000000, bitrate: 431 kb/s
06-16 13:01:28.820 I/FFMPEG  (  276):     Stream #0:0: Audio: vorbis, 48000 Hz, mono, fltp, 140 kb/s
06-16 13:01:28.820 I/FFmpegExtractor(  276): FFmpegExtrator, url: android-source:0xf4d5ca00, format_name: ogg, format_long_name: Ogg
06-16 13:01:28.820 I/FFmpegExtractor(  276): list the formats suppoted by ffmpeg: 
06-16 13:01:28.820 I/FFmpegExtractor(  276): ========================================
06-16 13:01:28.820 I/FFmpegExtractor(  276): ========================================
06-16 13:01:28.820 I/FFmpegExtractor(  276): adjust mime(application/ogg -> audio/vorbis)
06-16 13:01:28.820 I/FFmpegExtractor(  276): sniff through BetterSniffFFMPEG success
06-16 13:01:28.823 I/MediaPlayerService(  277): MediaPlayerService::getOMX
06-16 13:01:28.823 I/OMXClient(  593): MuxOMX ctor
06-16 13:01:28.823 I/OMXMaster(  274): makeComponentInstance(OMX.google.vorbis.decoder) in mediacodec process
06-16 13:01:28.859 I/FFmpegExtractor(  276): android-source:0xf4d5ca00
06-16 13:01:28.860 I/FFMPEG  (  276): Input #0, ogg, from 'android-source:0xf4d5ca00':
06-16 13:01:28.860 I/FFMPEG  (  276):   Duration: 00:00:00.11, start: 0.000000, bitrate: 440 kb/s
06-16 13:01:28.860 I/FFMPEG  (  276):     Stream #0:0: Audio: vorbis, 48000 Hz, mono, fltp, 140 kb/s
06-16 13:01:28.860 I/FFmpegExtractor(  276): FFmpegExtrator, url: android-source:0xf4d5ca00, format_name: ogg, format_long_name: Ogg
06-16 13:01:28.860 I/FFmpegExtractor(  276): list the formats suppoted by ffmpeg: 
06-16 13:01:28.860 I/FFmpegExtractor(  276): ========================================
06-16 13:01:28.860 I/FFmpegExtractor(  276): ========================================
06-16 13:01:28.860 I/FFmpegExtractor(  276): adjust mime(application/ogg -> audio/vorbis)
06-16 13:01:28.860 I/FFmpegExtractor(  276): sniff through BetterSniffFFMPEG success
06-16 13:01:28.862 I/MediaPlayerService(  277): MediaPlayerService::getOMX
06-16 13:01:28.862 I/OMXClient(  593): MuxOMX ctor
06-16 13:01:28.863 I/OMXMaster(  274): makeComponentInstance(OMX.google.vorbis.decoder) in mediacodec process
06-16 13:01:28.879 I/wpa_supplicant(  843): type=1400 audit(0.0:321): avc: denied { sendto } for path="/dev/socket/logdw" scontext=u:r:wpa:s0 tcontext=u:r:init:s0 tclass=unix_dgram_socket permissive=1
06-16 13:01:28.880 I/wpa_supplicant(  843): Successfully initialized wpa_supplicant
06-16 13:01:28.908 I/FFmpegExtractor(  276): android-source:0xf4d5de00
06-16 13:01:28.909 I/FFMPEG  (  276): Input #0, ogg, from 'android-source:0xf4d5de00':
06-16 13:01:28.909 I/FFMPEG  (  276):   Duration: 00:00:00.11, start: 0.000000, bitrate: 431 kb/s
06-16 13:01:28.909 I/FFMPEG  (  276):     Stream #0:0: Audio: vorbis, 48000 Hz, mono, fltp, 140 kb/s
06-16 13:01:28.909 I/FFmpegExtractor(  276): FFmpegExtrator, url: android-source:0xf4d5de00, format_name: ogg, format_long_name: Ogg
06-16 13:01:28.909 I/FFmpegExtractor(  276): list the formats suppoted by ffmpeg: 
06-16 13:01:28.909 I/FFmpegExtractor(  276): ========================================
06-16 13:01:28.909 I/FFmpegExtractor(  276): ========================================
06-16 13:01:28.909 I/FFmpegExtractor(  276): adjust mime(application/ogg -> audio/vorbis)
06-16 13:01:28.909 I/FFmpegExtractor(  276): sniff through BetterSniffFFMPEG success
06-16 13:01:28.911 I/wpa_supplicant(  843): type=1400 audit(0.0:322): avc: denied { getopt } for path="/dev/socket/wpa_wlan0" scontext=u:r:wpa:s0 tcontext=u:r:init:s0 tclass=unix_dgram_socket permissive=1
06-16 13:01:28.911 I/wpa_supplicant(  843): type=1400 audit(0.0:323): avc: denied { ioctl } for path="socket:[13139]" dev="sockfs" ino=13139 ioctlcmd=5411 scontext=u:r:wpa:s0 tcontext=u:r:init:s0 tclass=unix_dgram_socket permissive=1
06-16 13:01:28.911 I/wpa_supplicant(  843): type=1400 audit(0.0:324): avc: denied { sendto } for path="/data/misc/wifi/sockets/wpa_ctrl_593-2" scontext=u:r:init:s0 tcontext=u:r:system_server:s0 tclass=unix_dgram_socket permissive=1
06-16 13:01:28.911 E/wpa_supplicant(  843): global ctrl interface @android:wpa_wlan0 matches ctrl interface wlan0 - do not open per-interface ctrl interface
06-16 13:01:28.914 W/WifiNetworkHistory(  593): Upgrading network 0 to android.uid.system:1000
06-16 13:01:28.914 E/IpConfigStore(  593): Error parsing configuration: java.io.FileNotFoundException: /data/misc/wifi/ipconfig.txt (No such file or directory)
06-16 13:01:28.916 I/WifiConnectivityManager(  593): PNO settings: min5GHzRssi -82 min24GHzRssi -85 currentConnectionBonus 16 sameNetworkBonus 24 secureNetworkBonus 80 initialScoreMax 100
06-16 13:01:28.916 I/WifiConnectivityManager(  593): ConnectivityScanManager initialized 
06-16 13:01:28.916 E/WifiLogger(  593): no ring buffers found
06-16 13:01:28.916 E/WifiLogger(  593): Failed to start packet fate monitoring
06-16 13:01:28.917 I/WifiConnectivityManager(  593): Set WiFi enabled
06-16 13:01:28.917 I/WifiConnectivityManager(  593): scheduleWatchdogTimer
06-16 13:01:28.917 W/AlarmManager(  593): Unrecognized alarm listener com.android.server.wifi.WifiConnectivityManager$3@76215bf
06-16 13:01:28.917 E/WifiScanner(  593): listener cannot be found
06-16 13:01:28.917 E/WifiConnectivityManager(  593): SingleScanListener onFailure: reason: -1 description: not available
06-16 13:01:28.919 I/MediaPlayerService(  277): MediaPlayerService::getOMX
06-16 13:01:28.925 E/BatteryStatsService(  593): no controller energy info supplied
06-16 13:01:28.926 I/OMXClient(  593): MuxOMX ctor
06-16 13:01:28.928 E/BatteryStatsService(  593): no controller energy info supplied
06-16 13:01:28.934 I/OMXMaster(  274): makeComponentInstance(OMX.google.vorbis.decoder) in mediacodec process
06-16 13:01:28.937 I/DefaultPermGrantPolicy(  593): Granting permissions to default dialer app for user:0
06-16 13:01:28.940 I/Telecom (  593): PhoneAccountRegistrar: SimCallManager queried, returning: null: TSI.gSCM@AAM
06-16 13:01:28.941 I/FusedLocation(  593): engine started (com.android.location.fused)
06-16 13:01:28.941 I/WifiScanningService(  593): wifi driver loaded with scan capabilities: max buckets=16
06-16 13:01:28.964 I/FFmpegExtractor(  276): android-source:0xf4d5ca00
06-16 13:01:28.973 I/FFMPEG  (  276): Input #0, ogg, from 'android-source:0xf4d5ca00':
06-16 13:01:28.973 I/FFMPEG  (  276):   Duration: 00:00:00.11, start: 0.000000, bitrate: 462 kb/s
06-16 13:01:28.973 I/FFMPEG  (  276):     Stream #0:0: Audio: vorbis, 48000 Hz, mono, fltp, 140 kb/s
06-16 13:01:28.973 I/FFmpegExtractor(  276): FFmpegExtrator, url: android-source:0xf4d5ca00, format_name: ogg, format_long_name: Ogg
06-16 13:01:28.973 I/FFmpegExtractor(  276): list the formats suppoted by ffmpeg: 
06-16 13:01:28.973 I/FFmpegExtractor(  276): ========================================
06-16 13:01:28.973 I/FFmpegExtractor(  276): ========================================
06-16 13:01:28.973 I/FFmpegExtractor(  276): adjust mime(application/ogg -> audio/vorbis)
06-16 13:01:28.973 I/FFmpegExtractor(  276): sniff through BetterSniffFFMPEG success
06-16 13:01:28.974 I/MediaPlayerService(  277): MediaPlayerService::getOMX
06-16 13:01:28.975 I/OMXClient(  593): MuxOMX ctor
06-16 13:01:28.975 I/OMXMaster(  274): makeComponentInstance(OMX.google.vorbis.decoder) in mediacodec process
06-16 13:01:29.003 I/healthd (  292): type=1400 audit(0.0:325): avc: denied { read } for name="capacity" dev="fuse" ino=8 scontext=u:r:init:s0 tcontext=u:object_r:fuse:s0 tclass=file permissive=1
06-16 13:01:29.003 I/healthd (  292): type=1400 audit(0.0:326): avc: denied { open } for path="/dev/pipe/battery/BAT0/capacity" dev="fuse" ino=8 scontext=u:r:init:s0 tcontext=u:object_r:fuse:s0 tclass=file permissive=1
06-16 13:01:29.026 I/FFmpegExtractor(  276): android-source:0xf4d5f200
06-16 13:01:29.027 I/FFMPEG  (  276): Input #0, ogg, from 'android-source:0xf4d5f200':
06-16 13:01:29.027 I/FFMPEG  (  276):   Duration: 00:00:00.18, start: 0.000000, bitrate: 431 kb/s
06-16 13:01:29.027 I/FFMPEG  (  276):     Stream #0:0: Audio: vorbis, 44100 Hz, mono, fltp, 239 kb/s
06-16 13:01:29.027 I/FFMPEG  (  276):     Metadata:
06-16 13:01:29.027 I/FFMPEG  (  276):       ARTIST          : Copyright 2013 Android Open Source Project
06-16 13:01:29.027 I/FFmpegExtractor(  276): FFmpegExtrator, url: android-source:0xf4d5f200, format_name: ogg, format_long_name: Ogg
06-16 13:01:29.027 I/FFmpegExtractor(  276): list the formats suppoted by ffmpeg: 
06-16 13:01:29.027 I/FFmpegExtractor(  276): ========================================
06-16 13:01:29.027 I/FFmpegExtractor(  276): ========================================
06-16 13:01:29.027 I/FFmpegExtractor(  276): adjust mime(application/ogg -> audio/vorbis)
06-16 13:01:29.027 I/FFmpegExtractor(  276): sniff through BetterSniffFFMPEG success
06-16 13:01:29.029 I/MediaPlayerService(  277): MediaPlayerService::getOMX
06-16 13:01:29.030 I/OMXClient(  593): MuxOMX ctor
06-16 13:01:29.030 I/OMXMaster(  274): makeComponentInstance(OMX.google.vorbis.decoder) in mediacodec process
06-16 13:01:29.109 E/ActivityThread(  747): Failed to find provider info for com.android.contacts
06-16 13:01:29.109 W/CallerInfoCache(  747): cursor is null
06-16 13:01:29.113 E/BluetoothAdapter(  747): Bluetooth binder is null
06-16 13:01:29.149 W/WindowManager(  593): Keyguard drawn timeout. Setting mKeyguardDrawComplete
06-16 13:01:29.217 I/Telephony(  747): TtyManager: updateUiTtyMode -1 -> 0
06-16 13:01:29.225 I/GnssLocationProvider(  593): WakeLock acquired by sendMessage(12, 0, null)
06-16 13:01:29.228 I/GnssLocationProvider(  593): WakeLock released by handleMessage(12, 0, null)
06-16 13:01:29.229 W/ContextImpl(  764): Calling a method in the system process without a qualified user: android.app.ContextImpl.startService:1385 android.content.ContextWrapper.startService:613 com.genymobile.webrtcd.WebrtcdApp.onCreate:19 android.app.Instrumentation.callApplicationOnCreate:1024 android.app.ActivityThread.handleBindApplication:5361 
06-16 13:01:29.237 I/OpenGLRenderer(  781): Initialized EGL, version 1.4
06-16 13:01:29.240 I/Webrtcd.Service(  764): Received start id 1: Intent { cmp=com.genymobile.webrtcd/.LifecycleService }
06-16 13:01:29.240 I/Webrtcd.Service(  764): Starting server
06-16 13:01:29.263 E/PhoneInterfaceManager(  747): [PhoneIntfMgr] getIccId: No UICC
06-16 13:01:29.265 I/Telecom (  593): PhoneAccountRegistrar: New phone account registered: [[ ] PhoneAccount: ComponentInfo{com.android.phone/com.android.services.telephony.TelephonyConnectionService}, [e0184adedf913b076626646d3f52c3b49c39ad6d], UserHandle{0} Capabilities: CallProvider MultiUser PlaceEmerg SimSub  Schemes: tel voicemail  Extras: null]: TSI.rPA@AAU
06-16 13:01:29.265 I/Telecom (  593): : Sending phone-account registered intent as user: TSI.rPA@AAU
06-16 13:01:29.273 I/Telephony(  747): AccountEntry: Registered phoneAccount: [[ ] PhoneAccount: ComponentInfo{com.android.phone/com.android.services.telephony.TelephonyConnectionService}, [e0184adedf913b076626646d3f52c3b49c39ad6d], UserHandle{0} Capabilities: CallProvider MultiUser PlaceEmerg SimSub  Schemes: tel voicemail  Extras: null] with handle: ComponentInfo{com.android.phone/com.android.services.telephony.TelephonyConnectionService}, [e0184adedf913b076626646d3f52c3b49c39ad6d], UserHandle{0}
06-16 13:01:29.303 I/main    (  264): type=1400 audit(0.0:338): avc: denied { read } for path="/dev/socket/zygote" scontext=u:r:zygote:s0 tcontext=u:r:init:s0 tclass=unix_stream_socket permissive=1
06-16 13:01:29.303 I/main    (  264): type=1400 audit(0.0:339): avc: denied { getattr } for path="socket:[12927]" dev="sockfs" ino=12927 scontext=u:r:zygote:s0 tcontext=u:r:init:s0 tclass=unix_stream_socket permissive=1
06-16 13:01:29.311 I/main    (  264): type=1400 audit(0.0:340): avc: denied { write } for path="/dev/socket/zygote" scontext=u:r:zygote:s0 tcontext=u:r:init:s0 tclass=unix_stream_socket permissive=1
06-16 13:01:29.315 I/logd.writer(  119): type=1400 audit(0.0:341): avc: denied { read } for path="/dev/socket/logdw" scontext=u:r:logd:s0 tcontext=u:r:init:s0 tclass=unix_dgram_socket permissive=1
06-16 13:01:29.315 I/oadcastreceive(  918): type=1400 audit(0.0:342): avc: denied { sendto } for path="/dev/socket/logdw" scontext=u:r:platform_app:s0:c512,c768 tcontext=u:r:init:s0 tclass=unix_dgram_socket permissive=1
06-16 13:01:29.317 I/ActivityManager(  593): Start proc 918:com.android.cellbroadcastreceiver/u0a4 for broadcast com.android.cellbroadcastreceiver/.CellBroadcastReceiver
06-16 13:01:29.317 I/SystemServiceManager(  593): Starting phase 1000
06-16 13:01:29.321 W/art     (  918): Unexpected CPU variant for X86 using defaults: x86_64
06-16 13:01:29.322 W/art     (  923): Unexpected CPU variant for X86 using defaults: x86_64
06-16 13:01:29.323 I/JDWP    (  931): type=1400 audit(0.0:343): avc: denied { connectto } for path=006A6477702D636F6E74726F6C scontext=u:r:platform_app:s0:c512,c768 tcontext=u:r:init:s0 tclass=unix_stream_socket permissive=1
06-16 13:01:29.327 I/bViewLoader-x86(  705): type=1400 audit(0.0:344): avc: denied { sendto } for path="/dev/socket/logdw" scontext=u:r:shared_relro:s0 tcontext=u:r:init:s0 tclass=unix_dgram_socket permissive=1
06-16 13:01:29.328 I/ActivityManager(  593): Start proc 923:android.ext.services/u0a12 for on-hold
06-16 13:01:29.329 I/Telephony(  747): PstnIncomingCallNotifier: Registering: Handler (com.android.internal.telephony.GsmCdmaPhone) {c90e2c2}
06-16 13:01:29.329 I/art     (  705): System.exit called, status: 0
06-16 13:01:29.329 I/AndroidRuntime(  705): VM exiting with result code 0, cleanup skipped.
06-16 13:01:29.331 I/vold    (  129): type=1400 audit(0.0:345): avc: denied { read } for path="socket:[12864]" dev="sockfs" ino=12864 scontext=u:r:vold:s0 tcontext=u:r:init:s0 tclass=unix_stream_socket permissive=1
06-16 13:01:29.331 I/vold    (  129): type=1400 audit(0.0:346): avc: denied { sendto } for path="/dev/socket/logdw" scontext=u:r:vold:s0 tcontext=u:r:init:s0 tclass=unix_dgram_socket permissive=1
06-16 13:01:29.331 I/vold    (  129): type=1400 audit(0.0:347): avc: denied { write } for path="socket:[12864]" dev="sockfs" ino=12864 scontext=u:r:vold:s0 tcontext=u:r:init:s0 tclass=unix_stream_socket permissive=1
06-16 13:01:29.344 I/Telephony(  747): TelecomAccountRegistry: Unregistering phone account ComponentInfo{com.android.phone/com.android.services.telephony.TelephonyConnectionService}, [5fef04621e9a9b41849c3df35e75799299008300], UserHandle{0}.
06-16 13:01:29.348 I/Telecom (  593): : Sending phone-account unregistered intent as user: TSI.uPA@AAc
06-16 13:01:29.355 I/ymobile.webrtcd(  764): type=1400 audit(0.0:348): avc: denied { read } for name="u:object_r:god_prop:s0" dev="tmpfs" ino=7852 scontext=u:r:system_app:s0 tcontext=u:object_r:god_prop:s0 tclass=file permissive=1
06-16 13:01:29.355 I/ymobile.webrtcd(  764): type=1400 audit(0.0:349): avc: denied { open } for path="/dev/__properties__/u:object_r:god_prop:s0" dev="tmpfs" ino=7852 scontext=u:r:system_app:s0 tcontext=u:object_r:god_prop:s0 tclass=file permissive=1
06-16 13:01:29.355 I/ymobile.webrtcd(  764): type=1400 audit(0.0:350): avc: denied { getattr } for path="/dev/__properties__/u:object_r:god_prop:s0" dev="tmpfs" ino=7852 scontext=u:r:system_app:s0 tcontext=u:object_r:god_prop:s0 tclass=file permissive=1
06-16 13:01:29.363 I/rild    (  285): type=1400 audit(0.0:351): avc: denied { sendto } for path="/dev/socket/logdw" scontext=u:r:rild:s0 tcontext=u:r:init:s0 tclass=unix_dgram_socket permissive=1
06-16 13:01:29.363 I/genybaseband(  299): type=1400 audit(0.0:352): avc: denied { sendto } for path="/dev/socket/logdw" scontext=u:r:logwrapper:s0 tcontext=u:r:init:s0 tclass=unix_dgram_socket permissive=1
