06-16 13:01:29.364 I/ActivityManager(  593): Displayed com.android.settings/.FallbackHome: +1s26ms
06-16 13:01:29.366 W/KeyguardServiceDelegate(  593): onScreenTurningOn(): no keyguard service!
06-16 13:01:29.379 W/InputAttributes(  667): No editor info for this field. Bug?
06-16 13:01:29.387 I/GnssLocationProvider(  593): WakeLock acquired by sendMessage(12, 0, null)
06-16 13:01:29.389 W/System  (  918): ClassLoader referenced unknown path: /system/priv-app/CellBroadcastReceiver/lib/x86_64
06-16 13:01:29.390 I/WifiService(  593): WifiService trying to set country code to us with persist set to true
06-16 13:01:29.390 I/GnssLocationProvider(  593): WakeLock released by handleMessage(12, 0, null)
06-16 13:01:29.391 W/System  (  923): ClassLoader referenced unknown path: /system/priv-app/ExtServices/lib/x86_64
06-16 13:01:29.423 I/main    (  264): type=1400 audit(0.0:353): avc: denied { getattr } for path="/sys/kernel/debug/tracing/trace_marker" dev="tracefs" ino=41 scontext=u:r:zygote:s0 tcontext=u:object_r:debugfs_tracing:s0 tclass=file permissive=1
06-16 13:01:29.427 I/main    (  972): type=1400 audit(0.0:354): avc: denied { write } for name="trace_marker" dev="tracefs" ino=41 scontext=u:r:zygote:s0 tcontext=u:object_r:debugfs_tracing:s0 tclass=file permissive=1
06-16 13:01:29.427 I/main    (  972): type=1400 audit(0.0:355): avc: denied { open } for path="/sys/kernel/debug/tracing/trace_marker" dev="tracefs" ino=41 scontext=u:r:zygote:s0 tcontext=u:object_r:debugfs_tracing:s0 tclass=file permissive=1
06-16 13:01:29.429 W/art     (  972): Unexpected CPU variant for X86 using defaults: x86_64
06-16 13:01:29.435 I/Binder:593_5(  948): type=1400 audit(0.0:356): avc: denied { sendto } for path="/dev/socket/logdw" scontext=u:r:system_server:s0 tcontext=u:r:init:s0 tclass=unix_dgram_socket permissive=1
06-16 13:01:29.438 I/ActivityManager(  593): Start proc 972:com.android.deskclock/u0a38 for broadcast com.android.deskclock/.AlarmInitReceiver
06-16 13:01:29.439 I/JDWP    (  979): type=1400 audit(0.0:357): avc: denied { connectto } for path=006A6477702D636F6E74726F6C scontext=u:r:untrusted_app:s0:c512,c768 tcontext=u:r:init:s0 tclass=unix_stream_socket permissive=1
06-16 13:01:29.441 I/Telephony(  747): PstnIncomingCallNotifier: Unregistering: Handler (com.android.internal.telephony.GsmCdmaPhone) {c90e2c2}
06-16 13:01:29.441 E/PhoneInterfaceManager(  747): [PhoneIntfMgr] getIccId: No UICC
06-16 13:01:29.442 I/Telecom (  593): PhoneAccountRegistrar: [ComponentInfo{com.android.phone/com.android.services.telephony.TelephonyConnectionService}, [e0184adedf913b076626646d3f52c3b49c39ad6d], UserHandle{0}(icon: Icon(typ=BITMAP size=19x24) -> Icon(typ=BITMAP size=19x24))]: TSI.rPA@AAo
06-16 13:01:29.442 I/Telecom (  593): : Sending phone-account registered intent as user: TSI.rPA@AAo
06-16 13:01:29.443 I/Telephony(  747): AccountEntry: Registered phoneAccount: [[ ] PhoneAccount: ComponentInfo{com.android.phone/com.android.services.telephony.TelephonyConnectionService}, [e0184adedf913b076626646d3f52c3b49c39ad6d], UserHandle{0} Capabilities: CallProvider MultiUser PlaceEmerg SimSub  Schemes: tel voicemail  Extras: null] with handle: ComponentInfo{com.android.phone/com.android.services.telephony.TelephonyConnectionService}, [e0184adedf913b076626646d3f52c3b49c39ad6d], UserHandle{0}
06-16 13:01:29.443 I/Telephony(  747): PstnIncomingCallNotifier: Registering: Handler (com.android.internal.telephony.GsmCdmaPhone) {c90e2c2}
06-16 13:01:29.484 W/System  (  972): ClassLoader referenced unknown path: /system/app/DeskClock/lib/x86_64
06-16 13:01:29.495 I/BackupManagerService(  593): Found stale backup journal, scheduling
06-16 13:01:29.504 I/BackupManagerService(  593): Backup enabled => false
06-16 13:01:29.511 W/VoiceInteractionManagerService(  593): no available voice interaction services found for user 0
06-16 13:01:29.511 W/VoiceInteractionManagerService(  593): no available voice recognition services found for user 0
06-16 13:01:29.511 I/ActivityManager(  593): Loading recents for user 0 into memory.
06-16 13:01:29.523 I/ActivityManager(  593): Start proc 1020:com.genymotion.systempatcher/1000 for added application com.genymotion.systempatcher
06-16 13:01:29.525 W/art     ( 1020): Unexpected CPU variant for X86 using defaults: x86_64
06-16 13:01:29.528 W/art     ( 1034): Unexpected CPU variant for X86 using defaults: x86_64
06-16 13:01:29.535 I/ActivityManager(  593): Start proc 1034:com.genymotion.genyd/1000 for added application com.genymotion.genyd
06-16 13:01:29.547 W/art     ( 1075): Unexpected CPU variant for X86 using defaults: x86_64
06-16 13:01:29.554 I/ActivityManager(  593): Start proc 1075:com.android.printspooler/u0a56 for service com.android.printspooler/.model.PrintSpoolerService
06-16 13:01:29.554 I/ActivityManager(  593): Config changes=3 {1.0 310mcc270mnc [en_US] ldltr sw600dp w600dp h952dp 160dpi lrg port -touch qwerty/v/v -nav/h s.5}
06-16 13:01:29.573 I/WindowManager(  593): Destroying surface Surface(name=com.android.settings/com.android.settings.FallbackHome) called by com.android.server.wm.WindowStateAnimator.destroySurface:2016 com.android.server.wm.WindowStateAnimator.destroySurfaceLocked:882 com.android.server.wm.WindowState.removeLocked:1456 com.android.server.wm.WindowManagerService.removeWindowInnerLocked:2485 com.android.server.wm.WindowManagerService.removeWindowLocked:2443 com.android.server.wm.WindowManagerService.removeWindowLocked:2312 com.android.server.wm.WindowManagerService.removeWindow:2307 com.android.server.wm.Session.remove:202 
06-16 13:01:29.581 I/AccountManagerService(  593): User 0 is unlocked - opening CE database
06-16 13:01:29.587 I/ActivityManager(  593): Start proc 1092:com.android.keychain/1000 for service com.android.keychain/.KeyChainService
06-16 13:01:29.590 W/art     ( 1092): Unexpected CPU variant for X86 using defaults: x86_64
06-16 13:01:29.591 I/Telephony(  747): PstnIncomingCallNotifier: Unregistering: Handler (com.android.internal.telephony.GsmCdmaPhone) {c90e2c2}
06-16 13:01:29.593 E/PhoneInterfaceManager(  747): [PhoneIntfMgr] getIccId: No UICC
06-16 13:01:29.597 I/Telecom (  593): PhoneAccountRegistrar: [ComponentInfo{com.android.phone/com.android.services.telephony.TelephonyConnectionService}, [e0184adedf913b076626646d3f52c3b49c39ad6d], UserHandle{0}(addr: tel:*********** -> tel:)(icon: Icon(typ=BITMAP size=19x24) -> Icon(typ=BITMAP size=19x24))(subAddr: tel:*********** -> tel:)]: TSI.rPA@AA4
06-16 13:01:29.598 I/Telecom (  593): : Sending phone-account registered intent as user: TSI.rPA@AA4
06-16 13:01:29.599 I/Telephony(  747): AccountEntry: Registered phoneAccount: [[ ] PhoneAccount: ComponentInfo{com.android.phone/com.android.services.telephony.TelephonyConnectionService}, [e0184adedf913b076626646d3f52c3b49c39ad6d], UserHandle{0} Capabilities: CallProvider MultiUser PlaceEmerg SimSub  Schemes: tel voicemail  Extras: null] with handle: ComponentInfo{com.android.phone/com.android.services.telephony.TelephonyConnectionService}, [e0184adedf913b076626646d3f52c3b49c39ad6d], UserHandle{0}
06-16 13:01:29.599 I/Telephony(  747): PstnIncomingCallNotifier: Registering: Handler (com.android.internal.telephony.GsmCdmaPhone) {c90e2c2}
06-16 13:01:29.600 W/System  ( 1034): ClassLoader referenced unknown path: /system/app/GenydService/lib/x86_64
06-16 13:01:29.609 I/ActivityManager(  593): START u0 {act=android.intent.action.MAIN cat=[android.intent.category.HOME] flg=0x10000100 cmp=com.android.launcher3/.Launcher} from uid 0 on display 0
06-16 13:01:29.622 W/System  ( 1092): ClassLoader referenced unknown path: /system/app/KeyChain/lib/x86_64
06-16 13:01:29.624 W/System  ( 1020): ClassLoader referenced unknown path: /system/app/SystemPatcher/lib/x86_64
06-16 13:01:29.629 W/art     ( 1117): Unexpected CPU variant for X86 using defaults: x86_64
06-16 13:01:29.637 I/ActivityManager(  593): Start proc 1117:com.android.launcher3/u0a14 for activity com.android.launcher3/.Launcher
06-16 13:01:29.638 W/FingerprintManager(  673): isFingerprintHardwareDetected(): Service not connected!
06-16 13:01:29.638 W/FingerprintManager(  673): addLockoutResetCallback(): Service not connected!
06-16 13:01:29.656 E/WVMExtractor(  673): Failed to open libwvm.so: dlopen failed: library "libwvm.so" not found
06-16 13:01:29.659 I/FFmpegExtractor(  276): android-source:0xf4d5ca00
06-16 13:01:29.660 I/FFMPEG  (  276): Input #0, ogg, from 'android-source:0xf4d5ca00':
06-16 13:01:29.660 I/FFMPEG  (  276):   Duration: 00:00:00.23, start: 0.000000, bitrate: 293 kb/s
06-16 13:01:29.660 I/FFMPEG  (  276):     Stream #0:0: Audio: vorbis, 44100 Hz, stereo, fltp, 160 kb/s
06-16 13:01:29.660 I/FFmpegExtractor(  276): FFmpegExtrator, url: android-source:0xf4d5ca00, format_name: ogg, format_long_name: Ogg
06-16 13:01:29.660 I/FFmpegExtractor(  276): list the formats suppoted by ffmpeg: 
06-16 13:01:29.660 I/FFmpegExtractor(  276): ========================================
06-16 13:01:29.660 I/FFmpegExtractor(  276): ========================================
06-16 13:01:29.660 I/FFmpegExtractor(  276): adjust mime(application/ogg -> audio/vorbis)
06-16 13:01:29.660 I/FFmpegExtractor(  276): sniff through BetterSniffFFMPEG success
06-16 13:01:29.663 I/MediaPlayerService(  277): MediaPlayerService::getOMX
06-16 13:01:29.663 I/OMXClient(  673): MuxOMX ctor
06-16 13:01:29.663 I/OMXMaster(  274): makeComponentInstance(OMX.google.vorbis.decoder) in mediacodec process
06-16 13:01:29.693 I/Telephony(  747): PstnIncomingCallNotifier: Unregistering: Handler (com.android.internal.telephony.GsmCdmaPhone) {c90e2c2}
06-16 13:01:29.693 E/PhoneInterfaceManager(  747): [PhoneIntfMgr] getIccId: No UICC
06-16 13:01:29.696 I/Telecom (  593): PhoneAccountRegistrar: [ComponentInfo{com.android.phone/com.android.services.telephony.TelephonyConnectionService}, [e0184adedf913b076626646d3f52c3b49c39ad6d], UserHandle{0}(icon: Icon(typ=BITMAP size=19x24) -> Icon(typ=BITMAP size=19x24))]: TSI.rPA@ABI
06-16 13:01:29.697 I/Telecom (  593): : Sending phone-account registered intent as user: TSI.rPA@ABI
06-16 13:01:29.697 I/Telephony(  747): AccountEntry: Registered phoneAccount: [[ ] PhoneAccount: ComponentInfo{com.android.phone/com.android.services.telephony.TelephonyConnectionService}, [e0184adedf913b076626646d3f52c3b49c39ad6d], UserHandle{0} Capabilities: CallProvider MultiUser PlaceEmerg SimSub  Schemes: tel voicemail  Extras: null] with handle: ComponentInfo{com.android.phone/com.android.services.telephony.TelephonyConnectionService}, [e0184adedf913b076626646d3f52c3b49c39ad6d], UserHandle{0}
06-16 13:01:29.697 I/Telephony(  747): PstnIncomingCallNotifier: Registering: Handler (com.android.internal.telephony.GsmCdmaPhone) {c90e2c2}
06-16 13:01:29.698 W/System  ( 1117): ClassLoader referenced unknown path: /system/priv-app/Launcher3/lib/x86_64
06-16 13:01:29.708 I/GnssLocationProvider(  593): WakeLock acquired by sendMessage(12, 0, null)
06-16 13:01:29.708 I/GnssLocationProvider(  593): WakeLock acquired by sendMessage(12, 0, null)
06-16 13:01:29.723 I/FFmpegExtractor(  276): android-source:0xf4d5c000
06-16 13:01:29.725 I/FFMPEG  (  276): Input #0, ogg, from 'android-source:0xf4d5c000':
06-16 13:01:29.725 I/FFMPEG  (  276):   Duration: 00:00:00.19, start: 0.000000, bitrate: 332 kb/s
06-16 13:01:29.725 I/FFMPEG  (  276):     Stream #0:0: Audio: vorbis, 44100 Hz, stereo, fltp, 160 kb/s
06-16 13:01:29.725 I/FFmpegExtractor(  276): FFmpegExtrator, url: android-source:0xf4d5c000, format_name: ogg, format_long_name: Ogg
06-16 13:01:29.725 I/FFmpegExtractor(  276): list the formats suppoted by ffmpeg: 
06-16 13:01:29.725 I/FFmpegExtractor(  276): ========================================
06-16 13:01:29.725 I/FFmpegExtractor(  276): ========================================
06-16 13:01:29.725 I/FFmpegExtractor(  276): adjust mime(application/ogg -> audio/vorbis)
06-16 13:01:29.725 I/FFmpegExtractor(  276): sniff through BetterSniffFFMPEG success
06-16 13:01:29.726 I/MediaPlayerService(  277): MediaPlayerService::getOMX
06-16 13:01:29.726 I/OMXClient(  673): MuxOMX ctor
06-16 13:01:29.727 I/OMXMaster(  274): makeComponentInstance(OMX.google.vorbis.decoder) in mediacodec process
06-16 13:01:29.744 W/ContextImpl( 1034): Calling a method in the system process without a qualified user: android.app.ContextImpl.startService:1385 android.content.ContextWrapper.startService:613 com.genymotion.genyd.GenydServiceApp.onCreate:16 android.app.Instrumentation.callApplicationOnCreate:1024 android.app.ActivityThread.handleBindApplication:5361 
06-16 13:01:29.746 I/GnssLocationProvider(  593): WakeLock acquired by sendMessage(12, 0, null)
06-16 13:01:29.757 I/SystemPatcherService( 1020): Starting up
06-16 13:01:29.758 E/SELinux (  257): avc:  denied  { add } for service=Genyd pid=1034 uid=1000 scontext=u:r:system_app:s0 tcontext=u:object_r:default_android_service:s0 tclass=service_manager permissive=1
06-16 13:01:29.762 I/SystemPatcherApp( 1020): Registered com.genymotion.systempatcher.SystemPatcherService as SystemPatcher
06-16 13:01:29.781 I/FFmpegExtractor(  276): android-source:0xf4d62400
06-16 13:01:29.790 I/FFMPEG  (  276): Input #0, ogg, from 'android-source:0xf4d62400':
06-16 13:01:29.790 I/FFMPEG  (  276):   Duration: 00:00:00.08, start: 0.000000, bitrate: 571 kb/s
06-16 13:01:29.790 I/FFMPEG  (  276):     Stream #0:0: Audio: vorbis, 48000 Hz, stereo, fltp, 160 kb/s
06-16 13:01:29.790 I/FFmpegExtractor(  276): FFmpegExtrator, url: android-source:0xf4d62400, format_name: ogg, format_long_name: Ogg
06-16 13:01:29.790 I/FFmpegExtractor(  276): list the formats suppoted by ffmpeg: 
06-16 13:01:29.790 I/FFmpegExtractor(  276): ========================================
06-16 13:01:29.790 I/FFmpegExtractor(  276): ========================================
06-16 13:01:29.790 I/FFmpegExtractor(  276): adjust mime(application/ogg -> audio/vorbis)
06-16 13:01:29.790 I/FFmpegExtractor(  276): sniff through BetterSniffFFMPEG success
06-16 13:01:29.796 I/MediaPlayerService(  277): MediaPlayerService::getOMX
06-16 13:01:29.796 I/OMXClient(  673): MuxOMX ctor
06-16 13:01:29.797 I/OMXMaster(  274): makeComponentInstance(OMX.google.vorbis.decoder) in mediacodec process
06-16 13:01:29.823 I/vol.Events(  673): writeEvent collection_started
06-16 13:01:29.828 I/GnssLocationProvider(  593): WakeLock acquired by sendMessage(12, 0, null)
06-16 13:01:29.831 E/GnssLocationProvider(  593): no AGPS interface in set_agps_server
06-16 13:01:29.831 E/GnssLocationProvider(  593): no AGPS interface in set_agps_server
06-16 13:01:29.831 W/LocationProviderProxy-network(  593): Odd, no component found for service com.android.location.service.v3.NetworkLocationProvider
06-16 13:01:29.831 W/GeocoderProxy(  593): Odd, no component found for service com.android.location.service.GeocodeProvider
06-16 13:01:29.831 W/GeofenceProxy(  593): Odd, no component found for service com.android.location.service.GeofenceProvider
06-16 13:01:29.831 W/ActivityRecognitionProxy(  593): Odd, no component found for service com.android.location.service.ActivityRecognitionProvider
06-16 13:01:29.845 E/GnssLocationProvider(  593): no AGPS interface in set_agps_server
06-16 13:01:29.845 I/GnssLocationProvider(  593): WakeLock released by handleMessage(12, 0, null)
06-16 13:01:29.845 E/GnssLocationProvider(  593): no AGPS interface in set_agps_server
06-16 13:01:29.845 I/GnssLocationProvider(  593): WakeLock released by handleMessage(12, 0, null)
06-16 13:01:29.845 E/GnssLocationProvider(  593): no AGPS interface in set_agps_server
06-16 13:01:29.845 I/GnssLocationProvider(  593): WakeLock released by handleMessage(12, 0, null)
06-16 13:01:29.846 E/GnssLocationProvider(  593): no AGPS interface in set_agps_server
06-16 13:01:29.846 I/GnssLocationProvider(  593): WakeLock released by handleMessage(12, 0, null)
06-16 13:01:29.847 I/GnssLocationProvider(  593): WakeLock acquired by sendMessage(12, 0, null)
06-16 13:01:29.848 I/vol.Events(  673): writeEvent external_ringer_mode_changed normal
06-16 13:01:29.848 I/vol.Events(  673): writeEvent internal_ringer_mode_changed normal
06-16 13:01:29.849 E/GnssLocationProvider(  593): no AGPS interface in set_agps_server
06-16 13:01:29.849 I/GnssLocationProvider(  593): WakeLock released by handleMessage(12, 0, null)
06-16 13:01:29.872 E/GnssLocationProvider(  593): no AGPS interface in set_agps_server
06-16 13:01:29.927 I/Telephony(  747): PstnIncomingCallNotifier: Unregistering: Handler (com.android.internal.telephony.GsmCdmaPhone) {c90e2c2}
06-16 13:01:29.929 I/vol.Events(  673): writeEvent level_changed STREAM_ALARM 6
06-16 13:01:29.930 I/vol.Events(  673): writeEvent level_changed STREAM_BLUETOOTH_SCO 7
06-16 13:01:29.930 I/vol.Events(  673): writeEvent level_changed STREAM_MUSIC 11
06-16 13:01:29.931 I/vol.Events(  673): writeEvent level_changed STREAM_RING 5
06-16 13:01:29.931 I/vol.Events(  673): writeEvent level_changed STREAM_SYSTEM 5
06-16 13:01:29.931 I/vol.Events(  673): writeEvent level_changed STREAM_VOICE_CALL 4
06-16 13:01:29.944 I/Telecom (  593): PhoneAccountRegistrar: New phone account registered: [[ ] PhoneAccount: ComponentInfo{com.android.phone/com.android.services.telephony.TelephonyConnectionService}, [5fef04621e9a9b41849c3df35e75799299008300], UserHandle{0} Capabilities: CallProvider MultiUser PlaceEmerg SimSub  Schemes: tel voicemail  Extras: null]: TSI.rPA@ABY
06-16 13:01:29.944 I/Telecom (  593): : Sending phone-account registered intent as user: TSI.rPA@ABY
06-16 13:01:29.945 I/Telephony(  747): AccountEntry: Registered phoneAccount: [[ ] PhoneAccount: ComponentInfo{com.android.phone/com.android.services.telephony.TelephonyConnectionService}, [5fef04621e9a9b41849c3df35e75799299008300], UserHandle{0} Capabilities: CallProvider MultiUser PlaceEmerg SimSub  Schemes: tel voicemail  Extras: null] with handle: ComponentInfo{com.android.phone/com.android.services.telephony.TelephonyConnectionService}, [5fef04621e9a9b41849c3df35e75799299008300], UserHandle{0}
06-16 13:01:29.945 I/Telephony(  747): PstnIncomingCallNotifier: Registering: Handler (com.android.internal.telephony.GsmCdmaPhone) {c90e2c2}
06-16 13:01:29.945 I/Telephony(  747): TelecomAccountRegistry: Unregistering phone account ComponentInfo{com.android.phone/com.android.services.telephony.TelephonyConnectionService}, [e0184adedf913b076626646d3f52c3b49c39ad6d], UserHandle{0}.
06-16 13:01:29.946 I/Telecom (  593): : Sending phone-account unregistered intent as user: TSI.uPA@ABg
06-16 13:01:29.962 I/GnssLocationProvider(  593): WakeLock acquired by sendMessage(12, 0, null)
06-16 13:01:29.963 E/GnssLocationProvider(  593): no AGPS interface in set_agps_server
06-16 13:01:29.963 I/GnssLocationProvider(  593): WakeLock released by handleMessage(12, 0, null)
06-16 13:01:29.974 I/GnssLocationProvider(  593): WakeLock acquired by sendMessage(12, 0, null)
06-16 13:01:29.974 E/GnssLocationProvider(  593): no AGPS interface in set_agps_server
06-16 13:01:29.974 I/GnssLocationProvider(  593): WakeLock released by handleMessage(12, 0, null)
06-16 13:01:29.978 W/System  ( 1117): ClassLoader referenced unknown path: 
06-16 13:01:29.978 W/System  ( 1117): ClassLoader referenced unknown path: /system/app/QuickSearchBox/lib/x86_64
06-16 13:01:29.998 I/art     (  710): System.exit called, status: 0
06-16 13:01:29.998 I/AndroidRuntime(  710): VM exiting with result code 0, cleanup skipped.
06-16 13:01:30.030 I/Telephony(  747): PstnIncomingCallNotifier: Unregistering: Handler (com.android.internal.telephony.GsmCdmaPhone) {c90e2c2}
06-16 13:01:30.045 I/Telecom (  593): PhoneAccountRegistrar: [ComponentInfo{com.android.phone/com.android.services.telephony.TelephonyConnectionService}, [5fef04621e9a9b41849c3df35e75799299008300], UserHandle{0}(icon: Icon(typ=BITMAP size=19x24) -> Icon(typ=BITMAP size=19x24))]: TSI.rPA@ABo
06-16 13:01:30.045 I/Telecom (  593): : Sending phone-account registered intent as user: TSI.rPA@ABo
06-16 13:01:30.046 I/Telephony(  747): AccountEntry: Registered phoneAccount: [[ ] PhoneAccount: ComponentInfo{com.android.phone/com.android.services.telephony.TelephonyConnectionService}, [5fef04621e9a9b41849c3df35e75799299008300], UserHandle{0} Capabilities: CallProvider MultiUser PlaceEmerg SimSub  Schemes: tel voicemail  Extras: null] with handle: ComponentInfo{com.android.phone/com.android.services.telephony.TelephonyConnectionService}, [5fef04621e9a9b41849c3df35e75799299008300], UserHandle{0}
06-16 13:01:30.046 I/Telephony(  747): PstnIncomingCallNotifier: Registering: Handler (com.android.internal.telephony.GsmCdmaPhone) {c90e2c2}
06-16 13:01:30.079 I/Telephony(  747): PstnIncomingCallNotifier: Unregistering: Handler (com.android.internal.telephony.GsmCdmaPhone) {c90e2c2}
06-16 13:01:30.094 I/Telecom (  593): PhoneAccountRegistrar: [ComponentInfo{com.android.phone/com.android.services.telephony.TelephonyConnectionService}, [5fef04621e9a9b41849c3df35e75799299008300], UserHandle{0}(icon: Icon(typ=BITMAP size=19x24) -> Icon(typ=BITMAP size=19x24))]: TSI.rPA@AB0
06-16 13:01:30.094 I/Telecom (  593): : Sending phone-account registered intent as user: TSI.rPA@AB0
06-16 13:01:30.095 I/Telephony(  747): AccountEntry: Registered phoneAccount: [[ ] PhoneAccount: ComponentInfo{com.android.phone/com.android.services.telephony.TelephonyConnectionService}, [5fef04621e9a9b41849c3df35e75799299008300], UserHandle{0} Capabilities: CallProvider MultiUser PlaceEmerg SimSub  Schemes: tel voicemail  Extras: null] with handle: ComponentInfo{com.android.phone/com.android.services.telephony.TelephonyConnectionService}, [5fef04621e9a9b41849c3df35e75799299008300], UserHandle{0}
06-16 13:01:30.095 I/Telephony(  747): PstnIncomingCallNotifier: Registering: Handler (com.android.internal.telephony.GsmCdmaPhone) {c90e2c2}
06-16 13:01:30.096 I/AlarmClock(  972): AlarmInitReceiver android.intent.action.LOCKED_BOOT_COMPLETED
06-16 13:01:30.108 I/Telephony(  747): PstnIncomingCallNotifier: Unregistering: Handler (com.android.internal.telephony.GsmCdmaPhone) {c90e2c2}
06-16 13:01:30.110 I/org.webrtc.Logging(  764): EglBase14Impl: SDK version: 24. isEGL14Supported: true
06-16 13:01:30.110 I/org.webrtc.Logging(  764): EglBase14Impl: Using OpenGL ES version 2
06-16 13:01:30.128 I/Telecom (  593): PhoneAccountRegistrar: [ComponentInfo{com.android.phone/com.android.services.telephony.TelephonyConnectionService}, [5fef04621e9a9b41849c3df35e75799299008300], UserHandle{0}(icon: Icon(typ=BITMAP size=19x24) -> Icon(typ=BITMAP size=19x24))]: TSI.rPA@ACA
06-16 13:01:30.128 I/Telecom (  593): : Sending phone-account registered intent as user: TSI.rPA@ACA
06-16 13:01:30.129 I/ActivityManager(  593): Start proc 1185:com.genymobile.genymotionacme/1000 for broadcast com.genymobile.genymotionacme/.BootBroadcastReceiver
06-16 13:01:30.130 I/Telephony(  747): AccountEntry: Registered phoneAccount: [[ ] PhoneAccount: ComponentInfo{com.android.phone/com.android.services.telephony.TelephonyConnectionService}, [5fef04621e9a9b41849c3df35e75799299008300], UserHandle{0} Capabilities: CallProvider MultiUser PlaceEmerg SimSub  Schemes: tel voicemail  Extras: null] with handle: ComponentInfo{com.android.phone/com.android.services.telephony.TelephonyConnectionService}, [5fef04621e9a9b41849c3df35e75799299008300], UserHandle{0}
06-16 13:01:30.130 I/Telephony(  747): PstnIncomingCallNotifier: Registering: Handler (com.android.internal.telephony.GsmCdmaPhone) {c90e2c2}
06-16 13:01:30.131 W/art     ( 1185): Unexpected CPU variant for X86 using defaults: x86_64
06-16 13:01:30.138 I/org.webrtc.Logging(  764): NativeLibrary: Loading native library: jingle_peerconnection_so
06-16 13:01:30.138 I/org.webrtc.Logging(  764): NativeLibrary: Loading library: jingle_peerconnection_so
06-16 13:01:30.148 I/Telecom (  593): PhoneAccountRegistrar: [ComponentInfo{com.android.phone/com.android.services.telephony.TelephonyConnectionService}, [5fef04621e9a9b41849c3df35e75799299008300], UserHandle{0}(icon: Icon(typ=BITMAP size=19x24) -> Icon(typ=BITMAP size=19x24))]: TSI.rPA@ACQ
06-16 13:01:30.148 I/Telecom (  593): : Sending phone-account registered intent as user: TSI.rPA@ACQ
06-16 13:01:30.158 W/System  ( 1185): ClassLoader referenced unknown path: /system/priv-app/GenymotionAcme/lib/x86_64
06-16 13:01:30.160 I/StatusBarManagerService(  593): registerStatusBar bar=com.android.internal.statusbar.IStatusBar$Stub$Proxy@fe7881
06-16 13:01:30.164 I/Telephony(  747): PstnIncomingCallNotifier: Unregistering: Handler (com.android.internal.telephony.GsmCdmaPhone) {c90e2c2}
06-16 13:01:30.177 I/Telecom (  593): PhoneAccountRegistrar: [ComponentInfo{com.android.phone/com.android.services.telephony.TelephonyConnectionService}, [5fef04621e9a9b41849c3df35e75799299008300], UserHandle{0}(icon: Icon(typ=BITMAP size=19x24) -> Icon(typ=BITMAP size=19x24))]: TSI.rPA@ACU
06-16 13:01:30.177 I/Telecom (  593): : Sending phone-account registered intent as user: TSI.rPA@ACU
06-16 13:01:30.177 I/Telephony(  747): AccountEntry: Registered phoneAccount: [[ ] PhoneAccount: ComponentInfo{com.android.phone/com.android.services.telephony.TelephonyConnectionService}, [5fef04621e9a9b41849c3df35e75799299008300], UserHandle{0} Capabilities: CallProvider MultiUser PlaceEmerg SimSub  Schemes: tel voicemail  Extras: null] with handle: ComponentInfo{com.android.phone/com.android.services.telephony.TelephonyConnectionService}, [5fef04621e9a9b41849c3df35e75799299008300], UserHandle{0}
06-16 13:01:30.177 I/Telephony(  747): PstnIncomingCallNotifier: Registering: Handler (com.android.internal.telephony.GsmCdmaPhone) {c90e2c2}
06-16 13:01:30.197 I/Telephony(  747): PstnIncomingCallNotifier: Unregistering: Handler (com.android.internal.telephony.GsmCdmaPhone) {c90e2c2}
06-16 13:01:30.208 I/ActivityManager(  593): Start proc 1202:android.process.media/u0a10 for broadcast com.android.providers.downloads/.DownloadReceiver
06-16 13:01:30.213 W/art     ( 1202): Unexpected CPU variant for X86 using defaults: x86_64
06-16 13:01:30.223 I/OpenGLRenderer( 1117): Initialized EGL, version 1.4
06-16 13:01:30.231 W/System  ( 1202): ClassLoader referenced unknown path: /system/priv-app/DownloadProvider/lib/x86_64
06-16 13:01:30.240 E/AcmeService( 1185): Failed to parse userdata json
06-16 13:01:30.240 E/AcmeService( 1185): org.json.JSONException: End of input at character 0 of 
06-16 13:01:30.240 E/AcmeService( 1185): 	at org.json.JSONTokener.syntaxError(JSONTokener.java:449)
06-16 13:01:30.240 E/AcmeService( 1185): 	at org.json.JSONTokener.nextValue(JSONTokener.java:97)
06-16 13:01:30.240 E/AcmeService( 1185): 	at org.json.JSONObject.<init>(JSONObject.java:156)
06-16 13:01:30.240 E/AcmeService( 1185): 	at org.json.JSONObject.<init>(JSONObject.java:173)
06-16 13:01:30.240 E/AcmeService( 1185): 	at com.genymobile.genymotionacme.AcmeService.grabDomainNamesJsonFromUserData(AcmeService.java:308)
06-16 13:01:30.240 E/AcmeService( 1185): 	at com.genymobile.genymotionacme.AcmeService.grabDomainNamesJson(AcmeService.java:268)
06-16 13:01:30.240 E/AcmeService( 1185): 	at com.genymobile.genymotionacme.AcmeService.onHandleIntent(AcmeService.java:94)
06-16 13:01:30.240 E/AcmeService( 1185): 	at android.app.IntentService$ServiceHandler.handleMessage(IntentService.java:67)
06-16 13:01:30.240 E/AcmeService( 1185): 	at android.os.Handler.dispatchMessage(Handler.java:102)
06-16 13:01:30.240 E/AcmeService( 1185): 	at android.os.Looper.loop(Looper.java:154)
06-16 13:01:30.240 E/AcmeService( 1185): 	at android.os.HandlerThread.run(HandlerThread.java:61)
06-16 13:01:30.241 I/org.webrtc.Logging(  764): PeerConnectionFactory: PeerConnectionFactory was initialized without an injected Loggable. Any existing Loggable will be deleted.
06-16 13:01:30.249 I/Telecom (  593): PhoneAccountRegistrar: [ComponentInfo{com.android.phone/com.android.services.telephony.TelephonyConnectionService}, [5fef04621e9a9b41849c3df35e75799299008300], UserHandle{0}(icon: Icon(typ=BITMAP size=19x24) -> Icon(typ=BITMAP size=19x24))]: TSI.rPA@ACg
06-16 13:01:30.249 I/Telecom (  593): : Sending phone-account registered intent as user: TSI.rPA@ACg
06-16 13:01:30.254 I/Telephony(  747): AccountEntry: Registered phoneAccount: [[ ] PhoneAccount: ComponentInfo{com.android.phone/com.android.services.telephony.TelephonyConnectionService}, [5fef04621e9a9b41849c3df35e75799299008300], UserHandle{0} Capabilities: CallProvider MultiUser PlaceEmerg SimSub  Schemes: tel voicemail  Extras: null] with handle: ComponentInfo{com.android.phone/com.android.services.telephony.TelephonyConnectionService}, [5fef04621e9a9b41849c3df35e75799299008300], UserHandle{0}
06-16 13:01:30.255 I/Telephony(  747): PstnIncomingCallNotifier: Registering: Handler (com.android.internal.telephony.GsmCdmaPhone) {c90e2c2}
06-16 13:01:30.257 I/NotificationMgr(  747): updateMwi(): subId 1 update to false
06-16 13:01:30.257 I/Telecom (  593): PhoneAccountRegistrar: [ComponentInfo{com.android.phone/com.android.services.telephony.TelephonyConnectionService}, [5fef04621e9a9b41849c3df35e75799299008300], UserHandle{0}(icon: Icon(typ=BITMAP size=19x24) -> Icon(typ=BITMAP size=19x24))]: TSI.rPA@ACw
06-16 13:01:30.258 I/Telecom (  593): : Sending phone-account registered intent as user: TSI.rPA@ACw
06-16 13:01:30.258 I/Telecom (  593): PhoneAccountRegistrar: [ComponentInfo{com.android.phone/com.android.services.telephony.TelephonyConnectionService}, [5fef04621e9a9b41849c3df35e75799299008300], UserHandle{0}(icon: Icon(typ=BITMAP size=19x24) -> Icon(typ=BITMAP size=19x24))]: TSI.rPA@AC4
06-16 13:01:30.259 I/org.webrtc.Logging(  764): WebRtcAudioManagerExternal: Sample rate is set to 44100 Hz
06-16 13:01:30.259 I/org.webrtc.Logging(  764): WebRtcAudioManagerExternal: Sample rate is set to 44100 Hz
06-16 13:01:30.259 I/org.webrtc.Logging(  764): JavaAudioDeviceModule: createAudioDeviceModule
06-16 13:01:30.259 I/org.webrtc.Logging(  764): JavaAudioDeviceModule: HW NS will not be used.
06-16 13:01:30.259 I/org.webrtc.Logging(  764): JavaAudioDeviceModule: HW AEC will not be used.
06-16 13:01:30.259 W/System  ( 1202): ClassLoader referenced unknown path: /system/priv-app/MediaProvider/lib/x86_64
06-16 13:01:30.259 I/Telecom (  593): : Sending phone-account registered intent as user: TSI.rPA@AC4
06-16 13:01:30.259 I/org.webrtc.Logging(  764): WebRtcAudioEffectsExternal: ctor@[name=Thread-2, id=36]
06-16 13:01:30.259 I/org.webrtc.Logging(  764): WebRtcAudioRecordExternal: ctor@[name=Thread-2, id=36]
06-16 13:01:30.259 I/org.webrtc.Logging(  764): WebRtcAudioTrackExternal: ctor@[name=Thread-2, id=36]
06-16 13:01:30.260 I/Telecom (  593): PhoneAccountRegistrar: [ComponentInfo{com.android.phone/com.android.services.telephony.TelephonyConnectionService}, [5fef04621e9a9b41849c3df35e75799299008300], UserHandle{0}(icon: Icon(typ=BITMAP size=19x24) -> Icon(typ=BITMAP size=19x24))]: TSI.rPA@ADA
06-16 13:01:30.260 I/Telecom (  593): : Sending phone-account registered intent as user: TSI.rPA@ADA
06-16 13:01:30.262 I/Telecom (  593): PhoneAccountRegistrar: SimCallManager queried, returning: null: TSI.gSCMFU@ADE
06-16 13:01:30.262 I/Telecom (  593): PhoneAccountRegistrar: [ComponentInfo{com.android.phone/com.android.services.telephony.TelephonyConnectionService}, [5fef04621e9a9b41849c3df35e75799299008300], UserHandle{0}(icon: Icon(typ=BITMAP size=19x24) -> Icon(typ=BITMAP size=19x24))]: TSI.rPA@ADM
06-16 13:01:30.262 I/Telecom (  593): : Sending phone-account registered intent as user: TSI.rPA@ADM
06-16 13:01:30.263 I/Telecom (  593): PhoneAccountRegistrar: [ComponentInfo{com.android.phone/com.android.services.telephony.TelephonyConnectionService}, [5fef04621e9a9b41849c3df35e75799299008300], UserHandle{0}(icon: Icon(typ=BITMAP size=19x24) -> Icon(typ=BITMAP size=19x24))]: TSI.rPA@ADU
06-16 13:01:30.263 I/Telecom (  593): : Sending phone-account registered intent as user: TSI.rPA@ADU
06-16 13:01:30.295 I/genymotion_audio(  268): pcm server connected
06-16 13:01:30.295 I/genymotion_audio(  268): pcm server starting
06-16 13:01:30.341 W/System  (  673): ClassLoader referenced unknown path: 
06-16 13:01:30.347 W/AudioCapabilities(  764): Unsupported mime audio/x-pcm
06-16 13:01:30.364 I/VideoCapabilities(  764): Unsupported profile 4 for video/mp4v-es
06-16 13:01:30.379 I/main    ( 1227): type=1400 audit(0.0:390): avc: denied { write } for name="trace_marker" dev="tracefs" ino=41 scontext=u:r:zygote:s0 tcontext=u:object_r:debugfs_tracing:s0 tclass=file permissive=1
06-16 13:01:30.382 W/WindowManager(  593): Keyguard drawn timeout. Setting mKeyguardDrawComplete
06-16 13:01:30.389 I/ActivityManager(  593): Start proc 1227:android.process.acore/u0a1 for broadcast com.android.providers.contacts/.PhoneAccountRegistrationReceiver
06-16 13:01:30.419 I/main    ( 1227): type=1400 audit(0.0:391): avc: denied { open } for path="/sys/kernel/debug/tracing/trace_marker" dev="tracefs" ino=41 scontext=u:r:zygote:s0 tcontext=u:object_r:debugfs_tracing:s0 tclass=file permissive=1
06-16 13:01:30.420 W/art     ( 1227): Unexpected CPU variant for X86 using defaults: x86_64
06-16 13:01:30.427 I/rild    (  285): type=1400 audit(0.0:392): avc: denied { sendto } for path="/dev/socket/logdw" scontext=u:r:rild:s0 tcontext=u:r:init:s0 tclass=unix_dgram_socket permissive=1
06-16 13:01:30.457 I/org.webrtc.Logging(  764): PeerConnectionFactory: onNetworkThreadReady
06-16 13:01:30.457 I/org.webrtc.Logging(  764): PeerConnectionFactory: onWorkerThreadReady
06-16 13:01:30.457 I/org.webrtc.Logging(  764): PeerConnectionFactory: onSignalingThreadReady
06-16 13:01:30.523 W/System  ( 1227): ClassLoader referenced unknown path: /system/priv-app/ContactsProvider/lib/x86_64
06-16 13:01:30.573 E/BluetoothAdapter(  673): Bluetooth binder is null
06-16 13:01:30.579 I/surfaceflinger(  261): type=1400 audit(0.0:393): avc: denied { execmem } for scontext=u:r:surfaceflinger:s0 tcontext=u:r:surfaceflinger:s0 tclass=process permissive=1
06-16 13:01:30.583 I/cameraserver(  269): type=1400 audit(0.0:394): avc: denied { sendto } for path="/dev/socket/logdw" scontext=u:r:cameraserver:s0 tcontext=u:r:init:s0 tclass=unix_dgram_socket permissive=1
06-16 13:01:30.585 I/CameraManagerGlobal(  673): Connecting to camera service
06-16 13:01:30.585 I/CameraService(  269): getCameraCharacteristics: Switching to HAL1 shim implementation...
06-16 13:01:30.585 I/CameraService(  269): CameraService::connect call (PID -1 "cameraserver", camera ID 0) for HAL version default and Camera API version 1
06-16 13:01:30.585 E/CameraService(  269): getCameraPriorityFromProcState: Received invalid process state -1 from ActivityManagerService!
06-16 13:01:30.587 I/Binder:277_1(  350): type=1400 audit(0.0:395): avc: denied { sendto } for path="/dev/socket/logdw" scontext=u:r:mediaserver:s0 tcontext=u:r:init:s0 tclass=unix_dgram_socket permissive=1
06-16 13:01:30.587 I/Binder:277_1(  350): type=1400 audit(0.0:396): avc: denied { execmod } for path="/system/lib/libavcodec.so" dev="xvda5" ino=2166 scontext=u:r:mediaserver:s0 tcontext=u:object_r:system_file:s0 tclass=file permissive=1
06-16 13:01:30.587 E/linker  (  277): library /system/lib/libavcodec.so with text relocation is whitelisted
06-16 13:01:30.587 W/linker  (  277): /system/lib/libavcodec.so has text relocations. This is wasting memory and prevents security hardening. Please fix.
06-16 13:01:30.587 E/linker  (  277): library /system/lib/libavcodec.so with text relocation is whitelisted
06-16 13:01:30.588 E/linker  (  277): library /system/lib/libswresample.so with text relocation is whitelisted
06-16 13:01:30.588 W/linker  (  277): /system/lib/libswresample.so has text relocations. This is wasting memory and prevents security hardening. Please fix.
06-16 13:01:30.588 E/linker  (  277): library /system/lib/libswresample.so with text relocation is whitelisted
06-16 13:01:30.591 E/WVMExtractor(  277): Failed to open libwvm.so: dlopen failed: library "libwvm.so" not found
06-16 13:01:30.595 I/Binder:276_2(  872): type=1400 audit(0.0:397): avc: denied { sendto } for path="/dev/socket/logdw" scontext=u:r:mediaextractor:s0 tcontext=u:r:init:s0 tclass=unix_dgram_socket permissive=1
06-16 13:01:30.596 I/FFmpegExtractor(  276): android-source:0xf4d62e00
06-16 13:01:30.597 I/FFMPEG  (  276): Input #0, ogg, from 'android-source:0xf4d62e00':
06-16 13:01:30.597 I/FFMPEG  (  276):   Duration: 00:00:00.42, start: 0.000000, bitrate: 113 kb/s
06-16 13:01:30.597 I/FFMPEG  (  276):     Stream #0:0: Audio: vorbis, 48000 Hz, mono, fltp, 48 kb/s
06-16 13:01:30.597 I/FFMPEG  (  276):     Metadata:
06-16 13:01:30.597 I/FFMPEG  (  276):       TITLE           : Camera Shutter
06-16 13:01:30.597 I/FFMPEG  (  276):       ARTIST          : (c) 2012 Android Open Source Project
06-16 13:01:30.597 I/FFmpegExtractor(  276): FFmpegExtrator, url: android-source:0xf4d62e00, format_name: ogg, format_long_name: Ogg
06-16 13:01:30.597 I/FFmpegExtractor(  276): list the formats suppoted by ffmpeg: 
06-16 13:01:30.597 I/FFmpegExtractor(  276): ========================================
06-16 13:01:30.597 I/FFmpegExtractor(  276): ========================================
06-16 13:01:30.597 I/FFmpegExtractor(  276): adjust mime(application/ogg -> audio/vorbis)
06-16 13:01:30.597 I/FFmpegExtractor(  276): sniff through BetterSniffFFMPEG success
06-16 13:01:30.609 I/FFmpegExtractor(  276): android-source:0xf4d5d400
06-16 13:01:30.610 I/FFMPEG  (  276): Input #0, ogg, from 'android-source:0xf4d5d400':
06-16 13:01:30.610 I/FFMPEG  (  276):   Duration: 00:00:00.54, start: 0.000000, bitrate: 95 kb/s
06-16 13:01:30.610 I/FFMPEG  (  276):     Stream #0:0: Audio: vorbis, 48000 Hz, mono, fltp, 48 kb/s
06-16 13:01:30.610 I/FFMPEG  (  276):     Metadata:
06-16 13:01:30.610 I/FFMPEG  (  276):       TITLE           : Video Record
06-16 13:01:30.610 I/FFMPEG  (  276):       ARTIST          : (c) 2012 Android Open Source Project
06-16 13:01:30.610 I/FFmpegExtractor(  276): FFmpegExtrator, url: android-source:0xf4d5d400, format_name: ogg, format_long_name: Ogg
06-16 13:01:30.610 I/FFmpegExtractor(  276): list the formats suppoted by ffmpeg: 
06-16 13:01:30.610 I/FFmpegExtractor(  276): ========================================
06-16 13:01:30.610 I/FFmpegExtractor(  276): ========================================
06-16 13:01:30.610 I/FFmpegExtractor(  276): adjust mime(application/ogg -> audio/vorbis)
06-16 13:01:30.610 I/FFmpegExtractor(  276): sniff through BetterSniffFFMPEG success
06-16 13:01:30.624 I/FFmpegExtractor(  276): android-source:0xf4d5c000
06-16 13:01:30.625 I/FFMPEG  (  276): Input #0, ogg, from 'android-source:0xf4d5c000':
06-16 13:01:30.625 I/FFMPEG  (  276):   Duration: 00:00:00.51, start: 0.000000, bitrate: 101 kb/s
06-16 13:01:30.625 I/FFMPEG  (  276):     Stream #0:0: Audio: vorbis, 48000 Hz, mono, fltp, 48 kb/s
06-16 13:01:30.625 I/FFMPEG  (  276):     Metadata:
06-16 13:01:30.625 I/FFMPEG  (  276):       TITLE           : Video Stop
06-16 13:01:30.625 I/FFMPEG  (  276):       ARTIST          : (c) 2012 Android Open Source Project
06-16 13:01:30.625 I/FFmpegExtractor(  276): FFmpegExtrator, url: android-source:0xf4d5c000, format_name: ogg, format_long_name: Ogg
06-16 13:01:30.625 I/FFmpegExtractor(  276): list the formats suppoted by ffmpeg: 
06-16 13:01:30.625 I/FFmpegExtractor(  276): ========================================
06-16 13:01:30.625 I/FFmpegExtractor(  276): ========================================
06-16 13:01:30.625 I/FFmpegExtractor(  276): adjust mime(application/ogg -> audio/vorbis)
06-16 13:01:30.625 I/FFmpegExtractor(  276): sniff through BetterSniffFFMPEG success
06-16 13:01:30.626 I/CameraFlashlight(  269): Opening camera 0
06-16 13:01:30.627 I/CameraFlashlight(  269): Destroying camera 0
06-16 13:01:30.627 I/CameraService(  269): disconnect: Disconnected client for camera 0 for PID 269
06-16 13:01:30.628 I/CameraService(  269): getCameraCharacteristics: Switching to HAL1 shim implementation...
06-16 13:01:30.628 I/CameraService(  269): CameraService::connect call (PID -1 "cameraserver", camera ID 1) for HAL version default and Camera API version 1
06-16 13:01:30.628 E/CameraService(  269): getCameraPriorityFromProcState: Received invalid process state -1 from ActivityManagerService!
06-16 13:01:30.646 I/FFmpegExtractor(  276): android-source:0xf1e8a000
06-16 13:01:30.647 I/FFMPEG  (  276): Input #0, ogg, from 'android-source:0xf1e8a000':
06-16 13:01:30.647 I/FFMPEG  (  276):   Duration: 00:00:00.42, start: 0.000000, bitrate: 113 kb/s
06-16 13:01:30.647 I/FFMPEG  (  276):     Stream #0:0: Audio: vorbis, 48000 Hz, mono, fltp, 48 kb/s
06-16 13:01:30.647 I/FFMPEG  (  276):     Metadata:
06-16 13:01:30.647 I/FFMPEG  (  276):       TITLE           : Camera Shutter
06-16 13:01:30.647 I/FFMPEG  (  276):       ARTIST          : (c) 2012 Android Open Source Project
06-16 13:01:30.647 I/FFmpegExtractor(  276): FFmpegExtrator, url: android-source:0xf1e8a000, format_name: ogg, format_long_name: Ogg
06-16 13:01:30.647 I/FFmpegExtractor(  276): list the formats suppoted by ffmpeg: 
06-16 13:01:30.647 I/FFmpegExtractor(  276): ========================================
06-16 13:01:30.647 I/FFmpegExtractor(  276): ========================================
06-16 13:01:30.647 I/FFmpegExtractor(  276): adjust mime(application/ogg -> audio/vorbis)
06-16 13:01:30.647 I/FFmpegExtractor(  276): sniff through BetterSniffFFMPEG success
06-16 13:01:30.658 I/FFmpegExtractor(  276): android-source:0xf4d5c000
06-16 13:01:30.659 I/FFMPEG  (  276): Input #0, ogg, from 'android-source:0xf4d5c000':
06-16 13:01:30.659 I/FFMPEG  (  276):   Duration: 00:00:00.54, start: 0.000000, bitrate: 95 kb/s
06-16 13:01:30.659 I/FFMPEG  (  276):     Stream #0:0: Audio: vorbis, 48000 Hz, mono, fltp, 48 kb/s
06-16 13:01:30.659 I/FFMPEG  (  276):     Metadata:
06-16 13:01:30.659 I/FFMPEG  (  276):       TITLE           : Video Record
06-16 13:01:30.659 I/FFMPEG  (  276):       ARTIST          : (c) 2012 Android Open Source Project
06-16 13:01:30.659 I/FFmpegExtractor(  276): FFmpegExtrator, url: android-source:0xf4d5c000, format_name: ogg, format_long_name: Ogg
06-16 13:01:30.659 I/FFmpegExtractor(  276): list the formats suppoted by ffmpeg: 
06-16 13:01:30.659 I/FFmpegExtractor(  276): ========================================
06-16 13:01:30.660 I/FFmpegExtractor(  276): ========================================
06-16 13:01:30.660 I/FFmpegExtractor(  276): adjust mime(application/ogg -> audio/vorbis)
06-16 13:01:30.660 I/FFmpegExtractor(  276): sniff through BetterSniffFFMPEG success
06-16 13:01:30.667 I/MediaScannerSer( 1228): type=1400 audit(0.0:398): avc: denied { sendto } for path="/dev/socket/logdw" scontext=u:r:priv_app:s0:c512,c768 tcontext=u:r:init:s0 tclass=unix_dgram_socket permissive=1
06-16 13:01:30.683 I/FFmpegExtractor(  276): android-source:0xf1f32800
06-16 13:01:30.684 I/FFMPEG  (  276): Input #0, ogg, from 'android-source:0xf1f32800':
06-16 13:01:30.684 I/FFMPEG  (  276):   Duration: 00:00:00.51, start: 0.000000, bitrate: 101 kb/s
06-16 13:01:30.684 I/FFMPEG  (  276):     Stream #0:0: Audio: vorbis, 48000 Hz, mono, fltp, 48 kb/s
06-16 13:01:30.684 I/FFMPEG  (  276):     Metadata:
06-16 13:01:30.684 I/FFMPEG  (  276):       TITLE           : Video Stop
06-16 13:01:30.684 I/FFMPEG  (  276):       ARTIST          : (c) 2012 Android Open Source Project
06-16 13:01:30.684 I/FFmpegExtractor(  276): FFmpegExtrator, url: android-source:0xf1f32800, format_name: ogg, format_long_name: Ogg
06-16 13:01:30.684 I/FFmpegExtractor(  276): list the formats suppoted by ffmpeg: 
06-16 13:01:30.684 I/FFmpegExtractor(  276): ========================================
06-16 13:01:30.684 I/FFmpegExtractor(  276): ========================================
06-16 13:01:30.684 I/FFmpegExtractor(  276): adjust mime(application/ogg -> audio/vorbis)
06-16 13:01:30.684 I/FFmpegExtractor(  276): sniff through BetterSniffFFMPEG success
06-16 13:01:30.685 I/CameraFlashlight(  269): Opening camera 1
06-16 13:01:30.685 I/CameraFlashlight(  269): Destroying camera 1
06-16 13:01:30.685 I/CameraService(  269): disconnect: Disconnected client for camera 1 for PID 269
06-16 13:01:30.691 I/ndroid.systemui(  673): type=1400 audit(0.0:399): avc: denied { sendto } for path="/dev/socket/logdw" scontext=u:r:platform_app:s0:c512,c768 tcontext=u:r:init:s0 tclass=unix_dgram_socket permissive=1
06-16 13:01:30.693 I/StatusBar(  673): isKeyguardShowing() called before startKeyguard(), returning true
06-16 13:01:30.693 W/StatusBar(  673): isKeyguardSecure() called before startKeyguard(), returning false
06-16 13:01:30.693 W/StatusBar(  673): java.lang.Throwable
06-16 13:01:30.693 W/StatusBar(  673): 	at com.android.systemui.statusbar.BaseStatusBar.isKeyguardSecure(BaseStatusBar.java:2609)
06-16 13:01:30.693 W/StatusBar(  673): 	at com.android.systemui.statusbar.BaseStatusBar.isCameraAllowedByAdmin(BaseStatusBar.java:2632)
06-16 13:01:30.693 W/StatusBar(  673): 	at com.android.systemui.statusbar.phone.KeyguardBottomAreaView.updateCameraVisibility(KeyguardBottomAreaView.java:302)
06-16 13:01:30.693 W/StatusBar(  673): 	at com.android.systemui.statusbar.phone.KeyguardBottomAreaView.setPhoneStatusBar(KeyguardBottomAreaView.java:269)
06-16 13:01:30.693 W/StatusBar(  673): 	at com.android.systemui.statusbar.phone.PhoneStatusBar.makeStatusBarView(PhoneStatusBar.java:874)
06-16 13:01:30.693 W/StatusBar(  673): 	at com.android.systemui.statusbar.phone.PhoneStatusBar.addStatusBarWindow(PhoneStatusBar.java:3248)
06-16 13:01:30.693 W/StatusBar(  673): 	at com.android.systemui.statusbar.phone.PhoneStatusBar.createAndAddWindows(PhoneStatusBar.java:3244)
06-16 13:01:30.693 W/StatusBar(  673): 	at com.android.systemui.statusbar.BaseStatusBar.start(BaseStatusBar.java:752)
06-16 13:01:30.693 W/StatusBar(  673): 	at com.android.systemui.statusbar.phone.PhoneStatusBar.start(PhoneStatusBar.java:657)
06-16 13:01:30.693 W/StatusBar(  673): 	at com.android.systemui.statusbar.SystemBars.createStatusBarFromConfig(SystemBars.java:106)
06-16 13:01:30.693 W/StatusBar(  673): 	at com.android.systemui.statusbar.SystemBars.onNoService(SystemBars.java:58)
06-16 13:01:30.693 W/StatusBar(  673): 	at com.android.systemui.statusbar.ServiceMonitor.startService(ServiceMonitor.java:230)
06-16 13:01:30.693 W/StatusBar(  673): 	at com.android.systemui.statusbar.ServiceMonitor.-wrap5(ServiceMonitor.java)
06-16 13:01:30.693 W/StatusBar(  673): 	at com.android.systemui.statusbar.ServiceMonitor$1.handleMessage(ServiceMonitor.java:73)
06-16 13:01:30.693 W/StatusBar(  673): 	at android.os.Handler.dispatchMessage(Handler.java:102)
06-16 13:01:30.693 W/StatusBar(  673): 	at android.os.Looper.loop(Looper.java:154)
06-16 13:01:30.693 W/StatusBar(  673): 	at android.app.ActivityThread.main(ActivityThread.java:6077)
06-16 13:01:30.693 W/StatusBar(  673): 	at java.lang.reflect.Method.invoke(Native Method)
06-16 13:01:30.693 W/StatusBar(  673): 	at com.android.internal.os.ZygoteInit$MethodAndArgsCaller.run(ZygoteInit.java:865)
06-16 13:01:30.693 W/StatusBar(  673): 	at com.android.internal.os.ZygoteInit.main(ZygoteInit.java:755)
06-16 13:01:30.697 I/StatusBar(  673): isKeyguardShowing() called before startKeyguard(), returning true
06-16 13:01:30.697 W/System  ( 1227): ClassLoader referenced unknown path: /system/priv-app/BlockedNumberProvider/lib/x86_64
06-16 13:01:30.697 W/StatusBar(  673): isKeyguardSecure() called before startKeyguard(), returning false
06-16 13:01:30.697 W/StatusBar(  673): java.lang.Throwable
06-16 13:01:30.697 W/StatusBar(  673): 	at com.android.systemui.statusbar.BaseStatusBar.isKeyguardSecure(BaseStatusBar.java:2609)
06-16 13:01:30.697 W/StatusBar(  673): 	at com.android.systemui.statusbar.BaseStatusBar.isCameraAllowedByAdmin(BaseStatusBar.java:2632)
06-16 13:01:30.697 W/StatusBar(  673): 	at com.android.systemui.statusbar.phone.KeyguardBottomAreaView.updateCameraVisibility(KeyguardBottomAreaView.java:302)
06-16 13:01:30.697 W/StatusBar(  673): 	at com.android.systemui.statusbar.phone.KeyguardBottomAreaView.setUserSetupComplete(KeyguardBottomAreaView.java:274)
06-16 13:01:30.697 W/StatusBar(  673): 	at com.android.systemui.statusbar.phone.PhoneStatusBar.makeStatusBarView(PhoneStatusBar.java:875)
06-16 13:01:30.697 W/StatusBar(  673): 	at com.android.systemui.statusbar.phone.PhoneStatusBar.addStatusBarWindow(PhoneStatusBar.java:3248)
06-16 13:01:30.697 W/StatusBar(  673): 	at com.android.systemui.statusbar.phone.PhoneStatusBar.createAndAddWindows(PhoneStatusBar.java:3244)
06-16 13:01:30.697 W/StatusBar(  673): 	at com.android.systemui.statusbar.BaseStatusBar.start(BaseStatusBar.java:752)
06-16 13:01:30.697 W/StatusBar(  673): 	at com.android.systemui.statusbar.phone.PhoneStatusBar.start(PhoneStatusBar.java:657)
06-16 13:01:30.697 W/StatusBar(  673): 	at com.android.systemui.statusbar.SystemBars.createStatusBarFromConfig(SystemBars.java:106)
06-16 13:01:30.697 W/StatusBar(  673): 	at com.android.systemui.statusbar.SystemBars.onNoService(SystemBars.java:58)
06-16 13:01:30.697 W/StatusBar(  673): 	at com.android.systemui.statusbar.ServiceMonitor.startService(ServiceMonitor.java:230)
06-16 13:01:30.697 W/StatusBar(  673): 	at com.android.systemui.statusbar.ServiceMonitor.-wrap5(ServiceMonitor.java)
06-16 13:01:30.697 W/StatusBar(  673): 	at com.android.systemui.statusbar.ServiceMonitor$1.handleMessage(ServiceMonitor.java:73)
06-16 13:01:30.697 W/StatusBar(  673): 	at android.os.Handler.dispatchMessage(Handler.java:102)
06-16 13:01:30.697 W/StatusBar(  673): 	at android.os.Looper.loop(Looper.java:154)
06-16 13:01:30.697 W/StatusBar(  673): 	at android.app.ActivityThread.main(ActivityThread.java:6077)
06-16 13:01:30.697 W/StatusBar(  673): 	at java.lang.reflect.Method.invoke(Native Method)
06-16 13:01:30.697 W/StatusBar(  673): 	at com.android.internal.os.ZygoteInit$MethodAndArgsCaller.run(ZygoteInit.java:865)
06-16 13:01:30.697 W/StatusBar(  673): 	at com.android.internal.os.ZygoteInit.main(ZygoteInit.java:755)
06-16 13:01:30.703 I/android.display(  614): type=1400 audit(0.0:400): avc: denied { sendto } for path="/dev/socket/logdw" scontext=u:r:system_server:s0 tcontext=u:r:init:s0 tclass=unix_dgram_socket permissive=1
