06-16 13:01:30.703 I/WindowManager(  593): Destroying surface Surface(name=Android is starting) called by com.android.server.wm.WindowStateAnimator.destroySurface:2016 com.android.server.wm.WindowStateAnimator.destroySurfaceLocked:882 com.android.server.wm.WindowState.destroyOrSaveSurface:2100 com.android.server.wm.WindowSurfacePlacer.performSurfacePlacementInner:429 com.android.server.wm.WindowSurfacePlacer.performSurfacePlacementLoop:232 com.android.server.wm.WindowSurfacePlacer.performSurfacePlacement:180 com.android.server.wm.WindowManagerService$H.handleMessage:8092 android.os.Handler.dispatchMessage:102 
06-16 13:01:30.711 I/surfaceflinger(  261): type=1400 audit(0.0:401): avc: denied { sendto } for path="/dev/socket/logdw" scontext=u:r:surfaceflinger:s0 tcontext=u:r:init:s0 tclass=unix_dgram_socket permissive=1
06-16 13:01:30.720 W/System  ( 1227): ClassLoader referenced unknown path: /system/app/UserDictionaryProvider/lib/x86_64
06-16 13:01:30.723 I/CaptureThread( 1268): type=1400 audit(0.0:402): avc: denied { sendto } for path="/dev/socket/logdw" scontext=u:r:system_app:s0 tcontext=u:r:init:s0 tclass=unix_dgram_socket permissive=1
06-16 13:01:30.726 I/org.webrtc.Logging(  764): EglBase14Impl: Using OpenGL ES version 2
06-16 13:01:30.735 I/main    (  264): type=1400 audit(0.0:403): avc: denied { getattr } for path="/sys/kernel/debug/tracing/trace_marker" dev="tracefs" ino=41 scontext=u:r:zygote:s0 tcontext=u:object_r:debugfs_tracing:s0 tclass=file permissive=1
06-16 13:01:30.742 I/ActivityManager(  593): Start proc 1270:com.android.quicksearchbox/u0a57 for broadcast com.android.quicksearchbox/.SearchWidgetProvider
06-16 13:01:30.743 I/.quicksearchbo( 1270): type=1400 audit(0.0:404): avc: denied { sendto } for path="/dev/socket/logdw" scontext=u:r:untrusted_app:s0:c512,c768 tcontext=u:r:init:s0 tclass=unix_dgram_socket permissive=1
06-16 13:01:30.744 W/art     ( 1270): Unexpected CPU variant for X86 using defaults: x86_64
06-16 13:01:30.744 I/StatusBar(  673): isKeyguardShowing() called before startKeyguard(), returning true
06-16 13:01:30.744 W/StatusBar(  673): isKeyguardSecure() called before startKeyguard(), returning false
06-16 13:01:30.744 W/StatusBar(  673): java.lang.Throwable
06-16 13:01:30.744 W/StatusBar(  673): 	at com.android.systemui.statusbar.BaseStatusBar.isKeyguardSecure(BaseStatusBar.java:2609)
06-16 13:01:30.744 W/StatusBar(  673): 	at com.android.systemui.statusbar.BaseStatusBar.isCameraAllowedByAdmin(BaseStatusBar.java:2632)
06-16 13:01:30.744 W/StatusBar(  673): 	at com.android.systemui.statusbar.phone.KeyguardBottomAreaView.updateCameraVisibility(KeyguardBottomAreaView.java:302)
06-16 13:01:30.744 W/StatusBar(  673): 	at com.android.systemui.statusbar.phone.KeyguardBottomAreaView.setUserSetupComplete(KeyguardBottomAreaView.java:274)
06-16 13:01:30.744 W/StatusBar(  673): 	at com.android.systemui.statusbar.phone.PhoneStatusBar$1.onChange(PhoneStatusBar.java:421)
06-16 13:01:30.744 W/StatusBar(  673): 	at com.android.systemui.statusbar.phone.PhoneStatusBar.resetUserSetupObserver(PhoneStatusBar.java:3474)
06-16 13:01:30.744 W/StatusBar(  673): 	at com.android.systemui.statusbar.phone.PhoneStatusBar.makeStatusBarView(PhoneStatusBar.java:948)
06-16 13:01:30.744 W/StatusBar(  673): 	at com.android.systemui.statusbar.phone.PhoneStatusBar.addStatusBarWindow(PhoneStatusBar.java:3248)
06-16 13:01:30.744 W/StatusBar(  673): 	at com.android.systemui.statusbar.phone.PhoneStatusBar.createAndAddWindows(PhoneStatusBar.java:3244)
06-16 13:01:30.744 W/StatusBar(  673): 	at com.android.systemui.statusbar.BaseStatusBar.start(BaseStatusBar.java:752)
06-16 13:01:30.744 W/StatusBar(  673): 	at com.android.systemui.statusbar.phone.PhoneStatusBar.start(PhoneStatusBar.java:657)
06-16 13:01:30.744 W/StatusBar(  673): 	at com.android.systemui.statusbar.SystemBars.createStatusBarFromConfig(SystemBars.java:106)
06-16 13:01:30.744 W/StatusBar(  673): 	at com.android.systemui.statusbar.SystemBars.onNoService(SystemBars.java:58)
06-16 13:01:30.744 W/StatusBar(  673): 	at com.android.systemui.statusbar.ServiceMonitor.startService(ServiceMonitor.java:230)
06-16 13:01:30.744 W/StatusBar(  673): 	at com.android.systemui.statusbar.ServiceMonitor.-wrap5(ServiceMonitor.java)
06-16 13:01:30.744 W/StatusBar(  673): 	at com.android.systemui.statusbar.ServiceMonitor$1.handleMessage(ServiceMonitor.java:73)
06-16 13:01:30.744 W/StatusBar(  673): 	at android.os.Handler.dispatchMessage(Handler.java:102)
06-16 13:01:30.744 W/StatusBar(  673): 	at android.os.Looper.loop(Looper.java:154)
06-16 13:01:30.744 W/StatusBar(  673): 	at android.app.ActivityThread.main(ActivityThread.java:6077)
06-16 13:01:30.744 W/StatusBar(  673): 	at java.lang.reflect.Method.invoke(Native Method)
06-16 13:01:30.744 W/StatusBar(  673): 	at com.android.internal.os.ZygoteInit$MethodAndArgsCaller.run(ZygoteInit.java:865)
06-16 13:01:30.744 W/StatusBar(  673): 	at com.android.internal.os.ZygoteInit.main(ZygoteInit.java:755)
06-16 13:01:30.750 I/DisplayManagerService(  593): Display device added: DisplayDeviceInfo{"WebRTC_ScreenCapture": uniqueId="virtual:com.genymobile.webrtcd,1000,WebRTC_ScreenCapture,0", 600 x 1024, modeId 2, defaultModeId 2, supportedModes [{id=2, width=600, height=1024, fps=60.0}], colorTransformId 0, defaultColorTransformId 0, supportedColorTransforms [], HdrCapabilities null, density 400, 400.0 x 400.0 dpi, appVsyncOff 0, presDeadline 16666666, touch NONE, rotation 0, type VIRTUAL, state ON, owner com.genymobile.webrtcd (uid 1000), FLAG_SECURE, FLAG_PRIVATE}
06-16 13:01:30.753 I/ActivityManager(  593): Displayed com.android.launcher3/.Launcher: +1s131ms
06-16 13:01:30.758 I/org.webrtc.Logging(  764): SurfaceTextureHelper: Setting listener to org.webrtc.ScreenCapturerAndroid@820b503
06-16 13:01:30.759 I/healthd (  292): type=1400 audit(0.0:405): avc: denied { read } for scontext=u:r:init:s0 tcontext=u:r:init:s0 tclass=netlink_kobject_uevent_socket permissive=1
06-16 13:01:30.759 I/ueventd (   89): type=1400 audit(0.0:406): avc: denied { create } for name="mouse1" scontext=u:r:init:s0 tcontext=u:object_r:input_device:s0 tclass=chr_file permissive=1
06-16 13:01:30.761 E/EventHub(  593): could not get driver version for /dev/input/mouse1, Not a typewriter
06-16 13:01:30.763 I/Webrtcd.Screencapturer(  764): Start frame loop
06-16 13:01:30.801 W/EventHub(  593): Unable to disable kernel key repeat for /dev/input/event4: Function not implemented
06-16 13:01:30.801 I/EventHub(  593): New device: id=5, fd=123, path='/dev/input/event4', name='Genymotion Virtual Input', classes=0x17, configuration='/system/usr/idc/Genymotion_Virtual_Input.idc', keyLayout='/system/usr/keylayout/Genymotion_Virtual_Input.kl', keyCharacterMap='/system/usr/keychars/Genymotion_Virtual_Input.kcm', builtinKeyboard=false, wakeMechanism=EPOLLWAKEUP, usingClockIoctl=true
06-16 13:01:30.802 I/InputReader(  593): Device reconfigured: id=5, name='Genymotion Virtual Input', size 600x1024, orientation 0, mode 1, display id 0
06-16 13:01:30.802 I/InputReader(  593): Device added: id=5, name='Genymotion Virtual Input', sources=0x00001103
06-16 13:01:30.803 I/ActivityManager(  593): Config changes=8 {1.0 310mcc270mnc [en_US] ldltr sw600dp w600dp h952dp 160dpi lrg port finger qwerty/v/v -nav/h s.6}
06-16 13:01:30.807 I/JDWP    ( 1282): type=1400 audit(0.0:407): avc: denied { connectto } for path=006A6477702D636F6E74726F6C scontext=u:r:untrusted_app:s0:c512,c768 tcontext=u:r:init:s0 tclass=unix_stream_socket permissive=1
06-16 13:01:30.817 I/AndroidLoggerFactory(  764): Logger name 'io.swagger.v3.parser.OpenAPIV3Parser' exceeds maximum length of 23 characters, using 'i*.s*.v*.p*.OpenAPIV3P*' instead.
06-16 13:01:30.895 I/Binder:747_3( 1235): type=1400 audit(0.0:408): avc: denied { sendto } for path="/dev/socket/logdw" scontext=u:r:radio:s0 tcontext=u:r:init:s0 tclass=unix_dgram_socket permissive=1
06-16 13:01:30.901 I/art     (  781): Starting a blocking GC Explicit
06-16 13:01:30.915 W/Java7Support(  764): Unable to load JDK7 types (annotations, java.nio.file.Path): no Java7 support added
06-16 13:01:30.923 I/wpa_supplicant(  843): type=1400 audit(0.0:409): avc: denied { read } for path="/dev/socket/wpa_wlan0" scontext=u:r:wpa:s0 tcontext=u:r:init:s0 tclass=unix_dgram_socket permissive=1
06-16 13:01:30.923 W/System  ( 1270): ClassLoader referenced unknown path: /system/app/QuickSearchBox/lib/x86_64
06-16 13:01:30.936 I/art     (  781): Explicit concurrent mark sweep GC freed 5470(385KB) AllocSpace objects, 0(0B) LOS objects, 25% free, 1479KB/1991KB, paused 33us total 34.876ms
06-16 13:01:30.939 I/art     (  781): Starting a blocking GC Explicit
06-16 13:01:30.966 I/art     (  781): Explicit concurrent mark sweep GC freed 734(35KB) AllocSpace objects, 0(0B) LOS objects, 26% free, 1443KB/1955KB, paused 33us total 26.690ms
06-16 13:01:30.972 I/ContactLocale( 1227): AddressBook Labels [[en_US]]: [, A, B, C, D, E, F, G, H, I, J, K, L, M, N, O, P, Q, R, S, T, U, V, W, X, Y, Z, , , , , , , , , , , , , , , , , , , , , , , , , , , , , , , , , , , , , , , , , , , , , , , , , , , , , , , , , , , , , , , , , , , , , , , , , , , , , , , , , , , , , , , , , , , , , , , , , , , , , , , , , , , , , , , , , , , , , , , , , , , , , , , , , , , , , , , , , , , , , , , , , , , , , , , , , , , , , , , , , , , , , , , , , , , , , , , , , , , , , , , , , , , #, ]
06-16 13:01:30.999 I/WindowManager(  593): Destroying surface Surface(name=com.android.launcher3/com.android.launcher3.Launcher) called by com.android.server.wm.WindowStateAnimator.destroySurface:2016 com.android.server.wm.WindowStateAnimator.destroySurfaceLocked:882 com.android.server.wm.WindowState.removeLocked:1456 com.android.server.wm.WindowManagerService.removeWindowInnerLocked:2485 com.android.server.wm.WindowManagerService.removeWindowLocked:2443 com.android.server.wm.WindowManagerService.removeWindowLocked:2312 com.android.server.wm.WindowManagerService.removeWindow:2307 com.android.server.wm.Session.remove:202 
06-16 13:01:31.002 W/FingerprintManager(  673): isFingerprintHardwareDetected(): Service not connected!
06-16 13:01:31.021 W/KeyguardUpdateMonitor(  673): invalid subId in handleSimStateChange()
06-16 13:01:31.021 W/KeyguardUpdateMonitor(  673): invalid subId in handleServiceStateChange()
06-16 13:01:31.045 I/WindowManager(  593): Destroying surface Surface(name=KeyguardScrim) called by com.android.server.wm.WindowStateAnimator.destroySurface:2016 com.android.server.wm.WindowStateAnimator.destroySurfaceLocked:882 com.android.server.wm.WindowState.destroyOrSaveSurface:2100 com.android.server.wm.WindowSurfacePlacer.performSurfacePlacementInner:429 com.android.server.wm.WindowSurfacePlacer.performSurfacePlacementLoop:232 com.android.server.wm.WindowSurfacePlacer.performSurfacePlacement:180 com.android.server.wm.WindowManagerService$H.handleMessage:8092 android.os.Handler.dispatchMessage:102 
06-16 13:01:31.076 I/Choreographer(  673): Skipped 36 frames!  The application may be doing too much work on its main thread.
06-16 13:01:31.131 I/AndroidLoggerFactory(  764): Logger name 'io.swagger.v3.parser.processors.ExternalRefProcessor' exceeds maximum length of 23 characters, using 'i*.s*.v*.p*.p*.Externa*' instead.
06-16 13:01:31.140 I/OpenGLRenderer(  673): Initialized EGL, version 1.4
06-16 13:01:31.153 I/Webrtcd.Service(  764): Webrtc server started on port 6443
06-16 13:01:31.180 W/IInputConnectionWrapper(  593): reportFullscreenMode on inexistent InputConnection
06-16 13:01:31.297 I/RecoverySystem(  593): No recovery log file
06-16 13:01:31.327 I/BootReceiver(  593): Copying audit failures to DropBox
06-16 13:01:31.327 I/BootReceiver(  593): Checking for fsck errors
06-16 13:01:31.382 I/LatinIME(  667): Timeout waiting for dictionary load
06-16 13:01:31.582 I/WindowManager(  593): Screen frozen for +779ms due to Window{91b2a u0 NavigationBar}
06-16 13:01:31.731 I/main    (  264): type=1400 audit(0.0:431): avc: denied { read } for path="/dev/socket/zygote" scontext=u:r:zygote:s0 tcontext=u:r:init:s0 tclass=unix_stream_socket permissive=1
06-16 13:01:31.731 I/main    (  264): type=1400 audit(0.0:432): avc: denied { getattr } for path="socket:[12927]" dev="sockfs" ino=12927 scontext=u:r:zygote:s0 tcontext=u:r:init:s0 tclass=unix_stream_socket permissive=1
06-16 13:01:31.735 I/main    (  264): type=1400 audit(0.0:433): avc: denied { write } for path="/dev/socket/zygote" scontext=u:r:zygote:s0 tcontext=u:r:init:s0 tclass=unix_stream_socket permissive=1
06-16 13:01:31.742 W/art     ( 1311): Unexpected CPU variant for X86 using defaults: x86_64
06-16 13:01:31.743 I/JDWP    ( 1318): type=1400 audit(0.0:434): avc: denied { connectto } for path=006A6477702D636F6E74726F6C scontext=u:r:priv_app:s0:c512,c768 tcontext=u:r:init:s0 tclass=unix_stream_socket permissive=1
06-16 13:01:31.744 I/ActivityManager(  593): Start proc 1311:com.android.dialer/u0a8 for broadcast com.android.dialer/.calllog.CallLogReceiver
06-16 13:01:31.766 W/System  ( 1311): ClassLoader referenced unknown path: /system/priv-app/Dialer/lib/x86_64
06-16 13:01:31.850 I/ActivityManager(  593): Start proc 1329:com.android.calendar/u0a31 for broadcast com.android.calendar/.alerts.AlertReceiver
06-16 13:01:31.852 I/Telecom (  593): PhoneAccountRegistrar: SimCallManager queried, returning: null: TSI.gSCMFU@ADo
06-16 13:01:31.853 W/art     ( 1329): Unexpected CPU variant for X86 using defaults: x86_64
06-16 13:01:31.869 W/System  ( 1329): ClassLoader referenced unknown path: /system/app/Calendar/lib/x86_64
06-16 13:01:31.871 W/CountryDetector( 1311): No location permissions, not registering for location updates.
06-16 13:01:31.879 I/surfaceflinger(  261): type=1400 audit(0.0:435): avc: denied { execmem } for scontext=u:r:surfaceflinger:s0 tcontext=u:r:surfaceflinger:s0 tclass=process permissive=1
06-16 13:01:31.926 W/WifiMode(  593): WiredSSID, Invalid SupportedRates!!!
06-16 13:01:31.926 W/WifiMode(  593): WiredSSID, Invalid SupportedRates!!!
06-16 13:01:31.927 W/WifiMode(  593): WiredSSID, Invalid SupportedRates!!!
06-16 13:01:31.951 I/wpa_supplicant(  843): type=1400 audit(0.0:436): avc: denied { sendto } for path="/dev/socket/logdw" scontext=u:r:wpa:s0 tcontext=u:r:init:s0 tclass=unix_dgram_socket permissive=1
06-16 13:01:31.952 I/wpa_supplicant(  843): wlan0: Trying to associate with SSID 'WiredSSID'
06-16 13:01:31.952 I/wpa_supplicant(  843): wlan0: Associated with 01:80:c2:00:00:03
06-16 13:01:31.952 I/wpa_supplicant(  843): wlan0: CTRL-EVENT-CONNECTED - Connection to 01:80:c2:00:00:03 completed [id=0 id_str=%7B%22creatorUid%22%3A%22-1%22%2C%22configKey%22%3A%22%5C%22WiredSSID%5C%22NONE%22%7D]
06-16 13:01:31.955 I/Binder:278_2(  577): type=1400 audit(0.0:437): avc: denied { read } for path="socket:[13353]" dev="sockfs" ino=13353 scontext=u:r:netd:s0 tcontext=u:r:init:s0 tclass=unix_stream_socket permissive=1
06-16 13:01:31.955 I/Binder:278_2(  577): type=1400 audit(0.0:438): avc: denied { write } for path="socket:[13353]" dev="sockfs" ino=13353 scontext=u:r:netd:s0 tcontext=u:r:init:s0 tclass=unix_stream_socket permissive=1
06-16 13:01:31.957 E/WifiScanner(  593): listener cannot be found
06-16 13:01:31.963 I/Binder:278_2(  577): type=1400 audit(0.0:439): avc: denied { sendto } for path="/dev/socket/logdw" scontext=u:r:netd:s0 tcontext=u:r:init:s0 tclass=unix_dgram_socket permissive=1
06-16 13:01:31.968 E/IpReachabilityMonitor(  593): Error probing ip=172.20.0.1%8, errmsg=NetlinkErrorMessage{ nlmsghdr{StructNlMsgHdr{ nlmsg_len{56}, nlmsg_type{2(NLMSG_ERROR)}, nlmsg_flags{0())}, nlmsg_seq{1}, nlmsg_pid{-2137696014} }}, nlmsgerr{StructNlMsgErr{ error{-2}, msg{StructNlMsgHdr{ nlmsg_len{36}, nlmsg_type{28(RTM_NEWNEIGH)}, nlmsg_flags{261(NLM_F_REQUEST|NLM_F_ACK|NLM_F_ROOT))}, nlmsg_seq{1}, nlmsg_pid{0} }} }} }
06-16 13:01:31.969 E/WifiNative-HAL(  593): setBssidBlacklist cmd 0 size 0
06-16 13:01:31.970 W/AlarmManager(  593): Unrecognized alarm listener com.android.server.wifi.WifiConnectivityManager$3@76215bf
06-16 13:01:31.970 E/WifiScanner(  593): listener cannot be found
06-16 13:01:31.991 I/logd.writer(  119): type=1400 audit(0.0:440): avc: denied { read } for path="/dev/socket/logdw" scontext=u:r:logd:s0 tcontext=u:r:init:s0 tclass=unix_dgram_socket permissive=1
06-16 13:01:31.995 I/netd    (  572): type=1400 audit(0.0:441): avc: denied { accept } for path="/dev/socket/dnsproxyd" scontext=u:r:netd:s0 tcontext=u:r:init:s0 tclass=unix_stream_socket permissive=1
06-16 13:01:31.999 I/netd    (  572): type=1400 audit(0.0:442): avc: denied { getopt } for path="/dev/socket/dnsproxyd" scontext=u:r:netd:s0 tcontext=u:r:init:s0 tclass=unix_stream_socket permissive=1
06-16 13:01:32.053 I/GnssLocationProvider(  593): WakeLock acquired by sendMessage(5, 0, null)
06-16 13:01:32.053 I/GnssLocationProvider(  593): WakeLock acquired by sendMessage(6, 0, null)
06-16 13:01:32.053 I/GnssLocationProvider(  593): WakeLock acquired by handleInjectNtpTime()
06-16 13:01:32.053 I/GnssLocationProvider(  593): WakeLock released by handleMessage(5, 0, null)
06-16 13:01:32.053 I/GnssLocationProvider(  593): WakeLock released by handleMessage(6, 0, null)
06-16 13:01:32.062 I/art     (  593): Background sticky concurrent mark sweep GC freed 36966(2MB) AllocSpace objects, 9(332KB) LOS objects, 30% free, 8MB/11MB, paused 6.665ms total 23.415ms
06-16 13:01:32.074 I/GnssLocationProvider(  593): WakeLock acquired by sendMessage(10, 0, null)
06-16 13:01:32.075 I/GnssLocationProvider(  593): WakeLock released by handleMessage(10, 0, null)
06-16 13:01:32.075 I/GnssLocationProvider(  593): WakeLock released by handleInjectNtpTime()
06-16 13:01:32.153 I/AlarmClock(  972): AlarmInitReceiver android.intent.action.BOOT_COMPLETED
06-16 13:01:32.162 W/art     ( 1368): Unexpected CPU variant for X86 using defaults: x86_64
06-16 13:01:32.169 I/ActivityManager(  593): Start proc 1368:com.android.email/u0a42 for broadcast com.android.email/.service.EmailBroadcastReceiver
06-16 13:01:32.175 W/art     ( 1383): Unexpected CPU variant for X86 using defaults: x86_64
06-16 13:01:32.181 I/ActivityManager(  593): Start proc 1383:com.android.providers.calendar/u0a2 for content provider com.android.providers.calendar/.CalendarProvider2
06-16 13:01:32.188 W/System  ( 1383): ClassLoader referenced unknown path: /system/priv-app/CalendarProvider/lib/x86_64
06-16 13:01:32.203 W/System  ( 1368): ClassLoader referenced unknown path: /system/app/Email/lib/x86_64
06-16 13:01:32.216 I/CalendarProvider2( 1383): Created com.android.providers.calendar.CalendarAlarmManager@2845549(com.android.providers.calendar.CalendarProvider2@3cabe4e)
06-16 13:01:33.003 I/healthd (  292): type=1400 audit(0.0:443): avc: denied { call } for scontext=u:r:init:s0 tcontext=u:r:system_server:s0 tclass=binder permissive=1
06-16 13:01:33.059 W/AlarmManagerService(  593): Unable to set rtc to 1750093293: No such device
06-16 13:01:33.223 I/CalendarProvider2( 1383): Sending notification intent: Intent { act=android.intent.action.PROVIDER_CHANGED dat=content://com.android.calendar flg=0x20000000 }
06-16 13:01:33.223 W/ContentResolver( 1383): Failed to get type for: content://com.android.calendar (Unknown URL content://com.android.calendar)
06-16 13:01:33.495 W/ActivityManager(  593): Unable to start service Intent { act=com.android.email.EXCHANGE_INTENT pkg=com.android.exchange } U=0: not found
06-16 13:01:33.502 W/ActivityManager(  593): Unable to start service Intent { act=com.android.email.EXCHANGE_INTENT pkg=com.android.exchange } U=0: not found
06-16 13:01:33.502 W/ActivityManager(  593): Unable to start service Intent { act=com.android.email.EXCHANGE_INTENT pkg=com.android.exchange } U=0: not found
06-16 13:01:33.516 I/SystemBroadcastReceiver(  667): Boot has been completed
06-16 13:01:33.516 I/SystemBroadcastReceiver(  667): toggleAppIcon() : FLAG_SYSTEM = true
06-16 13:01:33.523 I/JDWP    ( 1416): type=1400 audit(0.0:444): avc: denied { connectto } for path=006A6477702D636F6E74726F6C scontext=u:r:platform_app:s0:c512,c768 tcontext=u:r:init:s0 tclass=unix_stream_socket permissive=1
06-16 13:01:33.523 W/art     ( 1409): Unexpected CPU variant for X86 using defaults: x86_64
06-16 13:01:33.530 I/ActivityManager(  593): Start proc 1409:com.android.managedprovisioning/u0a15 for broadcast com.android.managedprovisioning/.BootReminder
06-16 13:01:33.530 W/ActivityManager(  593): Unable to start service Intent { cmp=com.android.email/.service.AttachmentService } U=0: not found
06-16 13:01:33.531 W/ActivityManager(  593): Unable to start service Intent { act=com.android.email.EXCHANGE_INTENT pkg=com.android.exchange } U=0: not found
06-16 13:01:33.533 W/ActivityManager(  593): Unable to start service Intent { act=com.android.email.EXCHANGE_INTENT pkg=com.android.exchange } U=0: not found
06-16 13:01:33.533 W/ActivityManager(  593): Unable to start service Intent { cmp=com.android.email/.service.AttachmentService } U=0: not found
06-16 13:01:33.533 W/ActivityManager(  593): Unable to start service Intent { act=com.android.email.EXCHANGE_INTENT pkg=com.android.exchange } U=0: not found
06-16 13:01:33.533 I/Email   ( 1368): Observing account changes for notifications
06-16 13:01:33.535 E/ActivityThread( 1368): Service com.android.email.service.EmailBroadcastProcessorService has leaked ServiceConnection com.android.emailcommon.service.ServiceProxy$ProxyConnection@c9fe50a that was originally bound here
06-16 13:01:33.535 E/ActivityThread( 1368): android.app.ServiceConnectionLeaked: Service com.android.email.service.EmailBroadcastProcessorService has leaked ServiceConnection com.android.emailcommon.service.ServiceProxy$ProxyConnection@c9fe50a that was originally bound here
06-16 13:01:33.535 E/ActivityThread( 1368): 	at android.app.LoadedApk$ServiceDispatcher.<init>(LoadedApk.java:1336)
06-16 13:01:33.535 E/ActivityThread( 1368): 	at android.app.LoadedApk.getServiceDispatcher(LoadedApk.java:1231)
06-16 13:01:33.535 E/ActivityThread( 1368): 	at android.app.ContextImpl.bindServiceCommon(ContextImpl.java:1478)
06-16 13:01:33.535 E/ActivityThread( 1368): 	at android.app.ContextImpl.bindService(ContextImpl.java:1450)
06-16 13:01:33.535 E/ActivityThread( 1368): 	at android.content.ContextWrapper.bindService(ContextWrapper.java:636)
06-16 13:01:33.535 E/ActivityThread( 1368): 	at com.android.emailcommon.service.ServiceProxy.setTask(ServiceProxy.java:181)
06-16 13:01:33.535 E/ActivityThread( 1368): 	at com.android.emailcommon.service.ServiceProxy.test(ServiceProxy.java:224)
06-16 13:01:33.535 E/ActivityThread( 1368): 	at com.android.email.service.EmailServiceUtils.isServiceAvailable(EmailServiceUtils.java:160)
06-16 13:01:33.535 E/ActivityThread( 1368): 	at com.android.email.provider.AccountReconciler.reconcileAccountsInternal(AccountReconciler.java:171)
06-16 13:01:33.535 E/ActivityThread( 1368): 	at com.android.email.provider.AccountReconciler.reconcileAccounts(AccountReconciler.java:115)
06-16 13:01:33.535 E/ActivityThread( 1368): 	at com.android.email.service.EmailBroadcastProcessorService.reconcileAndStartServices(EmailBroadcastProcessorService.java:305)
06-16 13:01:33.535 E/ActivityThread( 1368): 	at com.android.email.service.EmailBroadcastProcessorService.onBootCompleted(EmailBroadcastProcessorService.java:295)
06-16 13:01:33.535 E/ActivityThread( 1368): 	at com.android.email.service.EmailBroadcastProcessorService.onHandleIntent(EmailBroadcastProcessorService.java:130)
06-16 13:01:33.535 E/ActivityThread( 1368): 	at android.app.IntentService$ServiceHandler.handleMessage(IntentService.java:67)
06-16 13:01:33.535 E/ActivityThread( 1368): 	at android.os.Handler.dispatchMessage(Handler.java:102)
06-16 13:01:33.535 E/ActivityThread( 1368): 	at android.os.Looper.loop(Looper.java:154)
06-16 13:01:33.535 E/ActivityThread( 1368): 	at android.os.HandlerThread.run(HandlerThread.java:61)
06-16 13:01:33.535 W/ActivityManager(  593): Unbind failed: could not find connection for android.os.BinderProxy@e9b8ed9
06-16 13:01:33.535 W/ActivityManager(  593): Unable to start service Intent { cmp=com.android.email/.service.AttachmentService } U=0: not found
06-16 13:01:33.535 W/ActivityManager(  593): Unable to start service Intent { act=com.android.email.EXCHANGE_INTENT pkg=com.android.exchange } U=0: not found
06-16 13:01:33.536 W/System  ( 1409): ClassLoader referenced unknown path: /system/priv-app/ManagedProvisioning/lib/x86_64
06-16 13:01:33.538 W/ActivityManager(  593): Unable to start service Intent { act=com.android.email.EXCHANGE_INTENT pkg=com.android.exchange } U=0: not found
06-16 13:01:33.551 W/art     ( 1424): Unexpected CPU variant for X86 using defaults: x86_64
06-16 13:01:33.559 I/ActivityManager(  593): Start proc 1424:com.android.messaging/u0a59 for broadcast com.android.messaging/.receiver.BootAndPackageReplacedReceiver
06-16 13:01:33.566 W/System  ( 1424): ClassLoader referenced unknown path: /system/app/messaging/lib/x86_64
06-16 13:01:33.733 I/art     (  593): Starting a blocking GC Explicit
06-16 13:01:33.744 I/art     (  593): Explicit concurrent mark sweep GC freed 17503(1043KB) AllocSpace objects, 6(460KB) LOS objects, 33% free, 7MB/11MB, paused 113us total 11.068ms
06-16 13:01:34.947 I/main    (  264): type=1400 audit(0.0:445): avc: denied { getattr } for path="/sys/kernel/debug/tracing/trace_marker" dev="tracefs" ino=41 scontext=u:r:zygote:s0 tcontext=u:object_r:debugfs_tracing:s0 tclass=file permissive=1
06-16 13:01:34.951 I/main    ( 1445): type=1400 audit(0.0:446): avc: denied { write } for name="trace_marker" dev="tracefs" ino=41 scontext=u:r:zygote:s0 tcontext=u:object_r:debugfs_tracing:s0 tclass=file permissive=1
06-16 13:01:34.951 I/main    ( 1445): type=1400 audit(0.0:447): avc: denied { open } for path="/sys/kernel/debug/tracing/trace_marker" dev="tracefs" ino=41 scontext=u:r:zygote:s0 tcontext=u:object_r:debugfs_tracing:s0 tclass=file permissive=1
06-16 13:01:34.953 W/art     ( 1445): Unexpected CPU variant for X86 using defaults: x86_64
06-16 13:01:34.960 I/ActivityManager(  593): Start proc 1445:com.android.onetimeinitializer/u0a17 for broadcast com.android.onetimeinitializer/.OneTimeInitializerReceiver
06-16 13:01:34.960 I/MessagingApp( 1424): Carrier config changed. Reloading MMS config.
06-16 13:01:34.967 I/MessagingAppDataModel( 1424): Fixup: Send failed - 0 Download failed - 0
06-16 13:01:34.971 W/System  ( 1445): ClassLoader referenced unknown path: /system/priv-app/OneTimeInitializer/lib/x86_64
06-16 13:01:34.974 W/MessagingApp( 1424): canonicalizeMccMnc: invalid mccmnc:null ,null
06-16 13:01:34.976 W/MmsServiceBroker(  593): MmsService not connected. Try connecting...
06-16 13:01:34.976 I/MmsServiceBroker(  593): Connecting to MmsService
06-16 13:01:34.976 W/ContextImpl(  593): Calling a method in the system process without a qualified user: android.app.ContextImpl.bindService:1449 com.android.server.MmsServiceBroker.tryConnecting:240 com.android.server.MmsServiceBroker.-wrap3:-1 com.android.server.MmsServiceBroker$1.handleMessage:82 android.os.Handler.dispatchMessage:102 
06-16 13:01:34.981 W/System  (  747): ClassLoader referenced unknown path: /system/priv-app/MmsService/lib/x86_64
06-16 13:01:34.984 I/MmsServiceBroker(  593): MmsService connected
06-16 13:01:34.984 I/MmsService(  747): mms config for sub 1: null
06-16 13:01:34.987 I/MessagingApp( 1424): Carrier configs loaded: Bundle[{smsToMmsTextThreshold=-1, maxMessageTextSize=-1, recipientLimit=-1, maxImageHeight=480, maxMessageSize=307200, maxImageWidth=640, enabledMMS=true, enableMultipartSMS=true}] from resources+system for subId=1
06-16 13:01:34.991 I/MessagingAppDataModel( 1424): SyncMessagesAction: Starting batch for messages from 1646714763786 to 1750093294946 (message update limit = 80, message scan limit = 4000)
06-16 13:01:34.991 W/MessagingApp( 1424): canonicalizeMccMnc: invalid mccmnc:null ,null
06-16 13:01:34.992 I/MmsService(  747): mms config for sub 1: null
06-16 13:01:34.992 I/MessagingApp( 1424): Carrier configs loaded: Bundle[{smsToMmsTextThreshold=-1, maxMessageTextSize=-1, recipientLimit=-1, maxImageHeight=480, maxMessageSize=307200, maxImageWidth=640, enabledMMS=true, enableMultipartSMS=true}] from resources+system for subId=1
06-16 13:01:34.996 W/MessagingApp( 1424): canonicalizeMccMnc: invalid mccmnc:null ,null
06-16 13:01:34.997 I/MmsService(  747): mms config for sub 1: null
06-16 13:01:34.997 I/MessagingApp( 1424): Carrier configs loaded: Bundle[{smsToMmsTextThreshold=-1, maxMessageTextSize=-1, recipientLimit=-1, maxImageHeight=480, maxMessageSize=307200, maxImageWidth=640, enabledMMS=true, enableMultipartSMS=true}] from resources+system for subId=1
06-16 13:01:35.001 I/MmsService(  747): MmsConfigManager receiver action: android.intent.action.SIM_STATE_CHANGED
06-16 13:01:35.001 I/MmsService(  747): MmsConfigManager receiver action: android.telephony.action.CARRIER_CONFIG_CHANGED
06-16 13:01:35.006 I/MmsService(  747): MmsConfigManager loads in background mcc/mnc: 310/270
06-16 13:01:35.006 I/MmsService(  747): MmsConfigManager loads in background mcc/mnc: 310/270
06-16 13:01:35.006 I/MmsService(  747): MmsConfigManager loads in background mcc/mnc: 310/270
06-16 13:01:35.042 I/MessagingAppDataModel( 1424): SyncMessagesAction: All messages now in sync
06-16 13:01:35.055 I/Binder:593_4(  786): type=1400 audit(0.0:448): avc: denied { sendto } for path="/dev/socket/logdw" scontext=u:r:system_server:s0 tcontext=u:r:init:s0 tclass=unix_dgram_socket permissive=1
06-16 13:01:35.139 W/art     ( 1474): Unexpected CPU variant for X86 using defaults: x86_64
06-16 13:01:35.146 I/ActivityManager(  593): Start proc 1474:com.genymotion.superuser/1000 for broadcast com.genymotion.superuser/com.koushikdutta.superuser.SuCheckerReceiver
06-16 13:01:35.156 W/System  ( 1474): ClassLoader referenced unknown path: /system/app/Superuser/lib/x86_64
06-16 13:01:35.182 W/MediaScanner( 1202): Error opening directory '/oem/media/', skipping: No such file or directory.
06-16 13:01:35.183 I/MediaScannerSer( 1473): type=1400 audit(0.0:449): avc: denied { sendto } for path="/dev/socket/logdw" scontext=u:r:priv_app:s0:c512,c768 tcontext=u:r:init:s0 tclass=unix_dgram_socket permissive=1
06-16 13:01:35.243 I/Thread-2( 1489): type=1400 audit(0.0:450): avc: denied { execute } for name="su" dev="xvda5" ino=3656 scontext=u:r:system_app:s0 tcontext=u:object_r:su_exec:s0 tclass=file permissive=1
06-16 13:01:35.243 I/Thread-2( 1489): type=1400 audit(0.0:451): avc: denied { read open } for path="/system/xbin/su" dev="xvda5" ino=3656 scontext=u:r:system_app:s0 tcontext=u:object_r:su_exec:s0 tclass=file permissive=1
06-16 13:01:35.243 I/Thread-2( 1489): type=1400 audit(0.0:452): avc: denied { execute_no_trans } for path="/system/xbin/su" dev="xvda5" ino=3656 scontext=u:r:system_app:s0 tcontext=u:object_r:su_exec:s0 tclass=file permissive=1
06-16 13:01:35.247 I/Thread-2( 1488): type=1400 audit(0.0:453): avc: denied { sendto } for path="/dev/socket/logdw" scontext=u:r:system_app:s0 tcontext=u:r:init:s0 tclass=unix_dgram_socket permissive=1
06-16 13:01:35.247 I/Superuser( 1474): Result: 16 com.genymotion.superuser
06-16 13:01:35.255 I/oadcastreceiver(  918): type=1400 audit(0.0:454): avc: denied { sendto } for path="/dev/socket/logdw" scontext=u:r:platform_app:s0:c512,c768 tcontext=u:r:init:s0 tclass=unix_dgram_socket permissive=1
06-16 13:01:35.271 I/Binder:747_2(  769): type=1400 audit(0.0:455): avc: denied { sendto } for path="/dev/socket/logdw" scontext=u:r:radio:s0 tcontext=u:r:init:s0 tclass=unix_dgram_socket permissive=1
06-16 13:01:35.274 I/OmtpVvmCarrierCfgHlpr(  747): Requesting VVM activation for subId: 1
06-16 13:01:35.275 I/rild    (  285): type=1400 audit(0.0:456): avc: denied { read } for path="socket:[13740]" dev="sockfs" ino=13740 scontext=u:r:rild:s0 tcontext=u:r:init:s0 tclass=unix_stream_socket permissive=1
06-16 13:01:35.275 I/rild    (  285): type=1400 audit(0.0:457): avc: denied { sendto } for path="/dev/socket/logdw" scontext=u:r:rild:s0 tcontext=u:r:init:s0 tclass=unix_dgram_socket permissive=1
06-16 13:01:35.275 I/rild    (  285): type=1400 audit(0.0:458): avc: denied { write } for path="socket:[13740]" dev="sockfs" ino=13740 scontext=u:r:rild:s0 tcontext=u:r:init:s0 tclass=unix_stream_socket permissive=1
06-16 13:01:35.283 I/genybaseband(  299): type=1400 audit(0.0:459): avc: denied { read } for path="socket:[10465]" dev="sockfs" ino=10465 scontext=u:r:logwrapper:s0 tcontext=u:r:init:s0 tclass=unix_stream_socket permissive=1
06-16 13:01:35.283 I/genybaseband(  299): type=1400 audit(0.0:460): avc: denied { sendto } for path="/dev/socket/logdw" scontext=u:r:logwrapper:s0 tcontext=u:r:init:s0 tclass=unix_dgram_socket permissive=1
06-16 13:01:35.287 I/genybaseband( 1494): type=1400 audit(0.0:461): avc: denied { write } for path="socket:[10465]" dev="sockfs" ino=10465 scontext=u:r:logwrapper:s0 tcontext=u:r:init:s0 tclass=unix_stream_socket permissive=1
06-16 13:01:35.287 I/genybaseband(  299): type=1400 audit(0.0:462): avc: denied { write } for path="socket:[10452]" dev="sockfs" ino=10452 scontext=u:r:logwrapper:s0 tcontext=u:r:logwrapper:s0 tclass=tcp_socket permissive=1
06-16 13:01:35.287 I/genybaseband(  299): type=1400 audit(0.0:463): avc: denied { read } for path="socket:[10452]" dev="sockfs" ino=10452 scontext=u:r:logwrapper:s0 tcontext=u:r:logwrapper:s0 tclass=tcp_socket permissive=1
06-16 13:01:35.301 I/OmtpVvmCarrierCfgHlpr(  747): Requesting VVM activation for subId: 1
06-16 13:01:35.311 I/OmtpVvmCarrierCfgHlpr(  747): Requesting VVM activation for subId: 1
06-16 13:01:35.327 I/droid.deskclock(  972): type=1400 audit(0.0:464): avc: denied { sendto } for path="/dev/socket/logdw" scontext=u:r:untrusted_app:s0:c512,c768 tcontext=u:r:init:s0 tclass=unix_dgram_socket permissive=1
06-16 13:01:35.330 I/AlarmClock(  972): AlarmInitReceiver android.intent.action.TIME_SET
06-16 13:01:37.007 I/healthd (  292): type=1400 audit(0.0:465): avc: denied { read } for name="capacity" dev="fuse" ino=8 scontext=u:r:init:s0 tcontext=u:object_r:fuse:s0 tclass=file permissive=1
06-16 13:01:37.007 I/healthd (  292): type=1400 audit(0.0:466): avc: denied { open } for path="/dev/pipe/battery/BAT0/capacity" dev="fuse" ino=8 scontext=u:r:init:s0 tcontext=u:object_r:fuse:s0 tclass=file permissive=1
06-16 13:01:37.967 I/wpa_supplicant(  843): type=1400 audit(0.0:467): avc: denied { read } for path="/dev/socket/wpa_wlan0" scontext=u:r:wpa:s0 tcontext=u:r:init:s0 tclass=unix_dgram_socket permissive=1
06-16 13:01:37.967 I/wpa_supplicant(  843): type=1400 audit(0.0:468): avc: denied { getopt } for path="/dev/socket/wpa_wlan0" scontext=u:r:wpa:s0 tcontext=u:r:init:s0 tclass=unix_dgram_socket permissive=1
06-16 13:01:37.967 I/wpa_supplicant(  843): type=1400 audit(0.0:469): avc: denied { ioctl } for path="socket:[13139]" dev="sockfs" ino=13139 ioctlcmd=5411 scontext=u:r:wpa:s0 tcontext=u:r:init:s0 tclass=unix_dgram_socket permissive=1
06-16 13:01:37.967 I/wpa_supplicant(  843): type=1400 audit(0.0:470): avc: denied { write } for path="/dev/socket/wpa_wlan0" scontext=u:r:wpa:s0 tcontext=u:r:init:s0 tclass=unix_dgram_socket permissive=1
06-16 13:01:40.344 I/GlobalDismissManager( 1329): no sender configured
06-16 13:01:47.177 I/ActivityManager(  593): Waited long enough for: ServiceRecord{951e2ab u0 com.android.calendar/.alerts.InitAlarmsService}
06-16 13:01:49.923 W/WifiMode(  593): WiredSSID, Invalid SupportedRates!!!
06-16 13:01:49.923 W/WifiMode(  593): WiredSSID, Invalid SupportedRates!!!
06-16 13:01:49.923 W/WifiMode(  593): WiredSSID, Invalid SupportedRates!!!
06-16 13:01:54.999 I/diskeventd(  283): type=1400 audit(0.0:471): avc: denied { read } for scontext=u:r:init:s0 tcontext=u:r:init:s0 tclass=netlink_kobject_uevent_socket permissive=1
06-16 13:02:01.907 I/crond   (  263): type=1400 audit(0.0:472): avc: denied { read } for name="crontab" dev="xvda7" ino=119043 scontext=u:r:vbox86-setup:s0 tcontext=u:object_r:system_data_file:s0 tclass=dir permissive=1
06-16 13:02:01.907 I/crond   (  263): type=1400 audit(0.0:473): avc: denied { open } for path="/data/crontab" dev="xvda7" ino=119043 scontext=u:r:vbox86-setup:s0 tcontext=u:object_r:system_data_file:s0 tclass=dir permissive=1
06-16 13:02:01.907 I/crond   (  263): type=1400 audit(0.0:474): avc: denied { read } for name="root" dev="xvda7" ino=119044 scontext=u:r:vbox86-setup:s0 tcontext=u:object_r:system_data_file:s0 tclass=file permissive=1
06-16 13:02:01.907 I/crond   (  263): type=1400 audit(0.0:475): avc: denied { open } for path="/data/crontab/root" dev="xvda7" ino=119044 scontext=u:r:vbox86-setup:s0 tcontext=u:object_r:system_data_file:s0 tclass=file permissive=1
06-16 13:02:01.907 I/crond   (  263): type=1400 audit(0.0:476): avc: denied { getattr } for path="/data/crontab/root" dev="xvda7" ino=119044 scontext=u:r:vbox86-setup:s0 tcontext=u:object_r:system_data_file:s0 tclass=file permissive=1
06-16 13:02:09.923 W/WifiMode(  593): WiredSSID, Invalid SupportedRates!!!
06-16 13:02:09.924 W/WifiMode(  593): WiredSSID, Invalid SupportedRates!!!
06-16 13:02:09.925 W/WifiMode(  593): WiredSSID, Invalid SupportedRates!!!
06-16 13:02:48.922 I/ActivityManager(  593): Killing 1092:com.android.keychain/1000 (adj 906): empty #17
06-16 13:02:49.923 W/WifiMode(  593): WiredSSID, Invalid SupportedRates!!!
06-16 13:02:49.923 W/WifiMode(  593): WiredSSID, Invalid SupportedRates!!!
06-16 13:02:49.923 W/WifiMode(  593): WiredSSID, Invalid SupportedRates!!!
06-16 13:04:09.923 W/WifiMode(  593): WiredSSID, Invalid SupportedRates!!!
06-16 13:04:09.923 W/WifiMode(  593): WiredSSID, Invalid SupportedRates!!!
06-16 13:04:09.923 W/WifiMode(  593): WiredSSID, Invalid SupportedRates!!!
06-16 13:04:17.035 I//sbin/adbd(  143): type=1400 audit(0.0:477): avc: denied { setopt } for comm=73657276657220736F636B6574 laddr=::ffff:172.20.61.178 lport=5555 faddr=::ffff:172.20.103.229 fport=39428 scontext=u:r:init:s0 tcontext=u:r:init:s0 tclass=tcp_socket permissive=1
06-16 13:04:17.035 I//sbin/adbd(  143): type=1400 audit(0.0:478): avc: denied { accept } for comm=73657276657220736F636B6574 lport=5555 scontext=u:r:init:s0 tcontext=u:r:init:s0 tclass=tcp_socket permissive=1
06-16 13:04:17.039 I/<-0.0.0.01178( 1525): type=1400 audit(0.0:479): avc: denied { read } for path="socket:[8233]" dev="sockfs" ino=8233 scontext=u:r:init:s0 tcontext=u:r:init:s0 tclass=tcp_socket permissive=1
06-16 13:04:17.039 I/->0.0.0.01178( 1524): type=1400 audit(0.0:480): avc: denied { write } for path="socket:[8233]" dev="sockfs" ino=8233 scontext=u:r:init:s0 tcontext=u:r:init:s0 tclass=tcp_socket permissive=1
06-16 13:04:17.043 I/adbd    ( 1526): type=1400 audit(0.0:481): avc: denied { execute_no_trans } for path="/system/bin/sh" dev="xvda5" ino=489 scontext=u:r:init:s0 tcontext=u:object_r:shell_exec:s0 tclass=file permissive=1
06-16 13:04:17.047 I/getprop ( 1526): type=1400 audit(0.0:482): avc: denied { read write } for path="socket:[17450]" dev="sockfs" ino=17450 scontext=u:r:toolbox:s0 tcontext=u:r:init:s0 tclass=unix_stream_socket permissive=1
06-16 13:04:17.047 I/getprop ( 1526): type=1400 audit(0.0:483): avc: denied { getattr } for path="socket:[17450]" dev="sockfs" ino=17450 scontext=u:r:toolbox:s0 tcontext=u:r:init:s0 tclass=unix_stream_socket permissive=1
06-16 13:04:17.119 I/unknown ( 1532): type=1400 audit(0.0:484): avc: denied { write } for comm=73657276696365203432 name="etc" dev="xvda5" ino=559 scontext=u:r:init:s0 tcontext=u:object_r:system_file:s0 tclass=dir permissive=1
06-16 13:04:17.119 I/unknown ( 1532): type=1400 audit(0.0:485): avc: denied { remove_name } for comm=73657276696365203432 name="hosts" dev="xvda5" ino=576 scontext=u:r:init:s0 tcontext=u:object_r:system_file:s0 tclass=dir permissive=1
06-16 13:04:17.119 I/unknown ( 1532): type=1400 audit(0.0:486): avc: denied { unlink } for comm=73657276696365203432 name="hosts" dev="xvda5" ino=576 scontext=u:r:init:s0 tcontext=u:object_r:system_file:s0 tclass=file permissive=1
06-16 13:04:17.119 I/unknown ( 1532): type=1400 audit(0.0:487): avc: denied { add_name } for comm=73657276696365203432 name="hosts" scontext=u:r:init:s0 tcontext=u:object_r:system_file:s0 tclass=dir permissive=1
06-16 13:04:17.119 I/unknown ( 1532): type=1400 audit(0.0:488): avc: denied { create } for comm=73657276696365203432 name="hosts" scontext=u:r:init:s0 tcontext=u:object_r:system_file:s0 tclass=file permissive=1
06-16 13:04:17.119 I/unknown ( 1532): type=1400 audit(0.0:489): avc: denied { write } for comm=73657276696365203432 path="/system/etc/hosts" dev="xvda5" ino=576 scontext=u:r:init:s0 tcontext=u:object_r:system_file:s0 tclass=file permissive=1
06-16 13:04:17.119 I/unknown ( 1532): type=1400 audit(0.0:490): avc: denied { setattr } for comm=73657276696365203432 name="hosts" dev="xvda5" ino=576 scontext=u:r:init:s0 tcontext=u:object_r:system_file:s0 tclass=file permissive=1
06-16 13:04:23.435 I/adbd    ( 1533): type=1400 audit(0.0:491): avc: denied { ioctl } for path="/dev/pts/1" dev="devpts" ino=4 ioctlcmd=540e scontext=u:r:init:s0 tcontext=u:object_r:devpts:s0 tclass=chr_file permissive=1
06-16 13:04:23.443 I/sh      ( 1533): type=1400 audit(0.0:492): avc: denied { getattr } for path="/dev/pts/1" dev="devpts" ino=4 scontext=u:r:init:s0 tcontext=u:object_r:devpts:s0 tclass=chr_file permissive=1
06-16 13:04:23.443 I/sh      ( 1535): type=1400 audit(0.0:493): avc: denied { execute_no_trans } for path="/system/bin/cmd" dev="xvda5" ino=291 scontext=u:r:init:s0 tcontext=u:object_r:system_file:s0 tclass=file permissive=1
06-16 13:04:23.451 I/cmd     ( 1535): type=1400 audit(0.0:494): avc: denied { call } for scontext=u:r:init:s0 tcontext=u:r:servicemanager:s0 tclass=binder permissive=1
06-16 13:04:23.451 I/servicemanager(  257): type=1400 audit(0.0:495): avc: denied { search } for name="1535" dev="proc" ino=16643 scontext=u:r:servicemanager:s0 tcontext=u:r:init:s0 tclass=dir permissive=1
06-16 13:04:23.451 I/servicemanager(  257): type=1400 audit(0.0:496): avc: denied { read } for name="current" dev="proc" ino=17494 scontext=u:r:servicemanager:s0 tcontext=u:r:init:s0 tclass=file permissive=1
06-16 13:04:23.451 I/servicemanager(  257): type=1400 audit(0.0:497): avc: denied { open } for path="/proc/1535/attr/current" dev="proc" ino=17494 scontext=u:r:servicemanager:s0 tcontext=u:r:init:s0 tclass=file permissive=1
06-16 13:04:23.451 I/servicemanager(  257): type=1400 audit(0.0:498): avc: denied { getattr } for scontext=u:r:servicemanager:s0 tcontext=u:r:init:s0 tclass=process permissive=1
06-16 13:04:23.451 I/servicemanager(  257): type=1400 audit(0.0:499): avc: denied { sendto } for path="/dev/socket/logdw" scontext=u:r:servicemanager:s0 tcontext=u:r:init:s0 tclass=unix_dgram_socket permissive=1
06-16 13:04:23.451 I/servicemanager(  257): type=1400 audit(0.0:500): avc: denied { transfer } for scontext=u:r:servicemanager:s0 tcontext=u:r:init:s0 tclass=binder permissive=1
06-16 13:04:23.451 I/cmd     ( 1535): type=1400 audit(0.0:501): avc: denied { call } for scontext=u:r:init:s0 tcontext=u:r:system_server:s0 tclass=binder permissive=1
06-16 13:04:23.451 I/cmd     ( 1535): type=1400 audit(0.0:502): avc: denied { transfer } for scontext=u:r:init:s0 tcontext=u:r:system_server:s0 tclass=binder permissive=1
06-16 13:04:23.454 E/SELinux (  257): avc:  denied  { find } for service=package pid=1535 uid=0 scontext=u:r:init:s0 tcontext=u:object_r:package_service:s0 tclass=service_manager permissive=1
06-16 13:04:23.487 I/installd(  272): type=1400 audit(0.0:503): avc: denied { read } for path="socket:[12746]" dev="sockfs" ino=12746 scontext=u:r:installd:s0 tcontext=u:r:init:s0 tclass=unix_stream_socket permissive=1
06-16 13:04:23.487 I/installd(  272): type=1400 audit(0.0:504): avc: denied { sendto } for path="/dev/socket/logdw" scontext=u:r:installd:s0 tcontext=u:r:init:s0 tclass=unix_dgram_socket permissive=1
06-16 13:04:23.487 I/installd(  272): type=1400 audit(0.0:505): avc: denied { write } for path="socket:[12746]" dev="sockfs" ino=12746 scontext=u:r:installd:s0 tcontext=u:r:init:s0 tclass=unix_stream_socket permissive=1
06-16 13:04:23.489 I/        (  272): free_cache(94543966) avail 2195730432
06-16 13:04:25.039 I/main    (  264): type=1400 audit(0.0:506): avc: denied { read } for path="/dev/socket/zygote" scontext=u:r:zygote:s0 tcontext=u:r:init:s0 tclass=unix_stream_socket permissive=1
06-16 13:04:25.039 I/main    (  264): type=1400 audit(0.0:507): avc: denied { getattr } for path="socket:[12927]" dev="sockfs" ino=12927 scontext=u:r:zygote:s0 tcontext=u:r:init:s0 tclass=unix_stream_socket permissive=1
06-16 13:04:25.042 W/art     (  593): Long monitor contention with owner PackageInstaller (620) at void com.android.org.conscrypt.NativeCrypto.EVP_DigestUpdateDirect(com.android.org.conscrypt.NativeRef$EVP_MD_CTX, long, int)(NativeCrypto.java:-2) waiters=0 in android.content.pm.PackageInstaller$SessionInfo com.android.server.pm.PackageInstallerSession.generateInfo() for 323ms
06-16 13:04:25.043 I/main    (  264): type=1400 audit(0.0:508): avc: denied { write } for path="/dev/socket/zygote" scontext=u:r:zygote:s0 tcontext=u:r:init:s0 tclass=unix_stream_socket permissive=1
06-16 13:04:25.046 W/art     ( 1539): Unexpected CPU variant for X86 using defaults: x86_64
06-16 13:04:25.051 I/JDWP    ( 1546): type=1400 audit(0.0:509): avc: denied { connectto } for path=006A6477702D636F6E74726F6C scontext=u:r:platform_app:s0:c512,c768 tcontext=u:r:init:s0 tclass=unix_stream_socket permissive=1
06-16 13:04:25.053 I/ActivityManager(  593): Start proc 1539:com.android.defcontainer/u0a7 for service com.android.defcontainer/.DefaultContainerService
06-16 13:04:25.055 I/lmkd    (  255): type=1400 audit(0.0:510): avc: denied { read } for path="socket:[12795]" dev="sockfs" ino=12795 scontext=u:r:lmkd:s0 tcontext=u:r:init:s0 tclass=unix_stream_socket permissive=1
06-16 13:04:25.073 I/SELinux (  272): SELinux: Loaded file_contexts contexts from /file_contexts.bin.
06-16 13:04:25.073 I/PackageManager.DexOptimizer(  593): Running dexopt (dex2oat) on: /data/app/vmdl394638343.tmp/base.apk pkg=jp.jaxa.iss.kibo.rpc.sampleapk isa=x86_64 vmSafeMode=false debuggable=true target-filter=interpret-only oatDir = /data/app/vmdl394638343.tmp/oat sharedLibraries=null
06-16 13:04:25.079 I/dex2oat ( 1554): type=1400 audit(0.0:511): avc: denied { sendto } for path="/dev/socket/logdw" scontext=u:r:dex2oat:s0 tcontext=u:r:init:s0 tclass=unix_dgram_socket permissive=1
06-16 13:04:25.082 W/dex2oat ( 1554): Unexpected CPU variant for X86 using defaults: x86_64
06-16 13:04:25.083 I/dex2oat ( 1554): /system/bin/dex2oat --compiler-filter=interpret-only --debuggable
06-16 13:04:25.083 E/cutils-trace( 1554): Error opening trace file: Permission denied (13)
06-16 13:04:25.319 W/dex2oat ( 1554): Before Android 4.1, method int android.support.v7.widget.ListViewCompat.lookForSelectablePosition(int, boolean) would have incorrectly overridden the package-private method in android.widget.ListView
06-16 13:04:25.354 W/dex2oat ( 1554): Before Android 4.1, method android.graphics.PorterDuffColorFilter android.support.graphics.drawable.VectorDrawableCompat.updateTintFilter(android.graphics.PorterDuffColorFilter, android.content.res.ColorStateList, android.graphics.PorterDuff$Mode) would have incorrectly overridden the package-private method in android.graphics.drawable.Drawable
06-16 13:04:25.576 W/dex2oat ( 1554): Before Android 4.1, method double java.util.concurrent.ThreadLocalRandom.internalNextDouble(double, double) would have incorrectly overridden the package-private method in java.util.Random
06-16 13:04:25.576 W/dex2oat ( 1554): Before Android 4.1, method int java.util.concurrent.ThreadLocalRandom.internalNextInt(int, int) would have incorrectly overridden the package-private method in java.util.Random
06-16 13:04:25.576 W/dex2oat ( 1554): Before Android 4.1, method long java.util.concurrent.ThreadLocalRandom.internalNextLong(long, long) would have incorrectly overridden the package-private method in java.util.Random
06-16 13:04:25.887 I/dex2oat ( 1554): dex2oat took 804.375ms (threads: 2) arena alloc=2MB (2149224B) java alloc=11MB (11972520B) native alloc=15MB (16331552B) free=4MB (4639968B)
06-16 13:04:25.927 I/vold    (  128): type=1400 audit(0.0:512): avc: denied { read } for path="socket:[12865]" dev="sockfs" ino=12865 scontext=u:r:vold:s0 tcontext=u:r:init:s0 tclass=unix_stream_socket permissive=1
06-16 13:04:25.927 I/vold    (  128): type=1400 audit(0.0:513): avc: denied { sendto } for path="/dev/socket/logdw" scontext=u:r:vold:s0 tcontext=u:r:init:s0 tclass=unix_dgram_socket permissive=1
06-16 13:04:25.927 I/vold    (  128): type=1400 audit(0.0:514): avc: denied { write } for path="socket:[12865]" dev="sockfs" ino=12865 scontext=u:r:vold:s0 tcontext=u:r:init:s0 tclass=unix_stream_socket permissive=1
06-16 13:04:25.927 I/vold    (  128): type=1400 audit(0.0:515): avc: denied { sendto } for path="/dev/socket/logdw" scontext=u:r:vold:s0 tcontext=u:r:init:s0 tclass=unix_dgram_socket permissive=1
06-16 13:04:25.927 I/logd.writer(  119): type=1400 audit(0.0:516): avc: denied { read } for path="/dev/socket/logdw" scontext=u:r:logd:s0 tcontext=u:r:init:s0 tclass=unix_dgram_socket permissive=1
06-16 13:04:25.927 I/GnssLocationProvider(  593): WakeLock acquired by sendMessage(3, 0, com.android.server.location.GnssLocationProvider$GpsRequest@68c2aae)
06-16 13:04:25.927 I/GnssLocationProvider(  593): WakeLock released by handleMessage(3, 0, com.android.server.location.GnssLocationProvider$GpsRequest@68c2aae)
06-16 13:04:25.931 I/GnssLocationProvider(  593): WakeLock acquired by sendMessage(3, 0, com.android.server.location.GnssLocationProvider$GpsRequest@f43604f)
06-16 13:04:25.931 I/GnssLocationProvider(  593): WakeLock released by handleMessage(3, 0, com.android.server.location.GnssLocationProvider$GpsRequest@f43604f)
06-16 13:04:25.941 I/art     (  593): Starting a blocking GC Explicit
06-16 13:04:25.951 I/Binder:593_7( 1094): type=1400 audit(0.0:517): avc: denied { call } for scontext=u:r:system_server:s0 tcontext=u:r:init:s0 tclass=binder permissive=1
