06-16 13:40:08.496 I/Telecom (  590): PhoneAccountRegistrar: [ComponentInfo{com.android.phone/com.android.services.telephony.TelephonyConnectionService}, [5fef04621e9a9b41849c3df35e75799299008300], UserHandle{0}(icon: Icon(typ=BITMAP size=19x24) -> Icon(typ=BITMAP size=19x24))]: TSI.rPA@ADQ
06-16 13:40:08.497 I/Telecom (  590): : Sending phone-account registered intent as user: TSI.rPA@ADQ
06-16 13:40:08.497 W/System  ( 1278): ClassLoader referenced unknown path: /system/app/QuickSearchBox/lib/x86_64
06-16 13:40:08.501 I/Telecom (  590): PhoneAccountRegistrar: SimCallManager queried, returning: null: TSI.gSCMFU@ADU
06-16 13:40:08.503 I/Telecom (  590): PhoneAccountRegistrar: [ComponentInfo{com.android.phone/com.android.services.telephony.TelephonyConnectionService}, [5fef04621e9a9b41849c3df35e75799299008300], UserHandle{0}(icon: Icon(typ=BITMAP size=19x24) -> Icon(typ=BITMAP size=19x24))]: TSI.rPA@ADc
06-16 13:40:08.503 I/Telecom (  590): : Sending phone-account registered intent as user: TSI.rPA@ADc
06-16 13:40:08.504 I/Telecom (  590): PhoneAccountRegistrar: [ComponentInfo{com.android.phone/com.android.services.telephony.TelephonyConnectionService}, [5fef04621e9a9b41849c3df35e75799299008300], UserHandle{0}(icon: Icon(typ=BITMAP size=19x24) -> Icon(typ=BITMAP size=19x24))]: TSI.rPA@ADk
06-16 13:40:08.504 I/Telecom (  590): : Sending phone-account registered intent as user: TSI.rPA@ADk
06-16 13:40:08.547 I/OpenGLRenderer( 1210): Initialized EGL, version 1.4
06-16 13:40:08.814 I/RecoverySystem(  590): No recovery log file
06-16 13:40:08.818 I/BootReceiver(  590): Copying audit failures to DropBox
06-16 13:40:08.818 I/BootReceiver(  590): Checking for fsck errors
06-16 13:40:08.823 W/art     ( 1304): Unexpected CPU variant for X86 using defaults: x86_64
06-16 13:40:08.829 I/ActivityManager(  590): Start proc 1304:com.android.dialer/u0a8 for broadcast com.android.dialer/.calllog.CallLogReceiver
06-16 13:40:08.841 W/System  ( 1304): ClassLoader referenced unknown path: /system/priv-app/Dialer/lib/x86_64
06-16 13:40:08.847 W/IInputConnectionWrapper(  590): reportFullscreenMode on inexistent InputConnection
06-16 13:40:08.847 I/ActivityManager(  590): Displayed com.android.launcher3/.Launcher: +803ms
06-16 13:40:08.932 I/art     (  783): Starting a blocking GC Explicit
06-16 13:40:08.939 I/art     (  783): Explicit concurrent mark sweep GC freed 346(36KB) AllocSpace objects, 0(0B) LOS objects, 25% free, 1466KB/1978KB, paused 32us total 4.250ms
06-16 13:40:08.939 I/art     (  783): Starting a blocking GC Explicit
06-16 13:40:08.967 I/art     (  783): Explicit concurrent mark sweep GC freed 607(31KB) AllocSpace objects, 0(0B) LOS objects, 26% free, 1445KB/1957KB, paused 34us total 24.023ms
06-16 13:40:08.986 I/ActivityManager(  590): Start proc 1325:com.android.calendar/u0a31 for broadcast com.android.calendar/.alerts.AlertReceiver
06-16 13:40:08.987 I/Telecom (  590): PhoneAccountRegistrar: SimCallManager queried, returning: null: TSI.gSCMFU@ADw
06-16 13:40:09.012 W/art     ( 1325): Unexpected CPU variant for X86 using defaults: x86_64
06-16 13:40:09.017 W/CountryDetector( 1304): No location permissions, not registering for location updates.
06-16 13:40:09.069 W/System  ( 1325): ClassLoader referenced unknown path: /system/app/Calendar/lib/x86_64
06-16 13:40:09.135 I/AlarmClock( 1011): AlarmInitReceiver android.intent.action.BOOT_COMPLETED
06-16 13:40:09.154 W/art     ( 1346): Unexpected CPU variant for X86 using defaults: x86_64
06-16 13:40:09.163 I/ActivityManager(  590): Start proc 1346:com.android.email/u0a42 for broadcast com.android.email/.service.EmailBroadcastReceiver
06-16 13:40:09.173 W/art     ( 1369): Unexpected CPU variant for X86 using defaults: x86_64
06-16 13:40:09.175 W/System  ( 1346): ClassLoader referenced unknown path: /system/app/Email/lib/x86_64
06-16 13:40:09.181 I/ActivityManager(  590): Start proc 1369:com.android.providers.calendar/u0a2 for content provider com.android.providers.calendar/.CalendarProvider2
06-16 13:40:09.192 W/System  ( 1369): ClassLoader referenced unknown path: /system/priv-app/CalendarProvider/lib/x86_64
06-16 13:40:09.218 I/CalendarProvider2( 1369): Created com.android.providers.calendar.CalendarAlarmManager@a17342b(com.android.providers.calendar.CalendarProvider2@2088088)
06-16 13:40:09.299 W/ActivityManager(  590): Unable to start service Intent { act=com.android.email.EXCHANGE_INTENT pkg=com.android.exchange } U=0: not found
06-16 13:40:09.331 W/ActivityManager(  590): Unable to start service Intent { act=com.android.email.EXCHANGE_INTENT pkg=com.android.exchange } U=0: not found
06-16 13:40:09.387 I/SystemBroadcastReceiver(  662): Boot has been completed
06-16 13:40:09.387 I/SystemBroadcastReceiver(  662): toggleAppIcon() : FLAG_SYSTEM = true
06-16 13:40:09.401 W/WifiMode(  590): WiredSSID, Invalid SupportedRates!!!
06-16 13:40:09.401 W/WifiMode(  590): WiredSSID, Invalid SupportedRates!!!
06-16 13:40:09.407 I/ActivityManager(  590): Start proc 1393:com.android.managedprovisioning/u0a15 for broadcast com.android.managedprovisioning/.BootReminder
06-16 13:40:09.408 W/WifiMode(  590): WiredSSID, Invalid SupportedRates!!!
06-16 13:40:09.410 I/JDWP    ( 1400): type=1400 audit(0.0:411): avc: denied { connectto } for path=006A6477702D636F6E74726F6C scontext=u:r:platform_app:s0:c512,c768 tcontext=u:r:init:s0 tclass=unix_stream_socket permissive=1
06-16 13:40:09.411 W/art     ( 1393): Unexpected CPU variant for X86 using defaults: x86_64
06-16 13:40:09.418 I/wpa_supplicant(  883): type=1400 audit(0.0:412): avc: denied { sendto } for path="/dev/socket/logdw" scontext=u:r:wpa:s0 tcontext=u:r:init:s0 tclass=unix_dgram_socket permissive=1
06-16 13:40:09.419 I/wpa_supplicant(  883): wlan0: Trying to associate with SSID 'WiredSSID'
06-16 13:40:09.419 I/wpa_supplicant(  883): wlan0: Associated with 01:80:c2:00:00:03
06-16 13:40:09.419 I/wpa_supplicant(  883): wlan0: CTRL-EVENT-CONNECTED - Connection to 01:80:c2:00:00:03 completed [id=0 id_str=%7B%22creatorUid%22%3A%22-1%22%2C%22configKey%22%3A%22%5C%22WiredSSID%5C%22NONE%22%7D]
06-16 13:40:09.423 E/WifiScanner(  590): listener cannot be found
06-16 13:40:09.426 I/Binder:282_2(  578): type=1400 audit(0.0:413): avc: denied { sendto } for path="/dev/socket/logdw" scontext=u:r:netd:s0 tcontext=u:r:init:s0 tclass=unix_dgram_socket permissive=1
06-16 13:40:09.426 W/System  ( 1393): ClassLoader referenced unknown path: /system/priv-app/ManagedProvisioning/lib/x86_64
06-16 13:40:09.429 W/ActivityManager(  590): Unable to start service Intent { cmp=com.android.email/.service.AttachmentService } U=0: not found
06-16 13:40:09.430 W/ActivityManager(  590): Unable to start service Intent { act=com.android.email.EXCHANGE_INTENT pkg=com.android.exchange } U=0: not found
06-16 13:40:09.431 W/ActivityManager(  590): Unable to start service Intent { act=com.android.email.EXCHANGE_INTENT pkg=com.android.exchange } U=0: not found
06-16 13:40:09.431 W/ActivityManager(  590): Unable to start service Intent { act=com.android.email.EXCHANGE_INTENT pkg=com.android.exchange } U=0: not found
06-16 13:40:09.431 E/WifiNative-HAL(  590): setBssidBlacklist cmd 0 size 0
06-16 13:40:09.432 W/AlarmManager(  590): Unrecognized alarm listener com.android.server.wifi.WifiConnectivityManager$3@705cdcf
06-16 13:40:09.432 E/WifiScanner(  590): listener cannot be found
06-16 13:40:09.433 E/IpReachabilityMonitor(  590): Error probing ip=172.20.0.1%8, errmsg=NetlinkErrorMessage{ nlmsghdr{StructNlMsgHdr{ nlmsg_len{56}, nlmsg_type{2(NLMSG_ERROR)}, nlmsg_flags{0())}, nlmsg_seq{1}, nlmsg_pid{-1731387552} }}, nlmsgerr{StructNlMsgErr{ error{-2}, msg{StructNlMsgHdr{ nlmsg_len{36}, nlmsg_type{28(RTM_NEWNEIGH)}, nlmsg_flags{261(NLM_F_REQUEST|NLM_F_ACK|NLM_F_ROOT))}, nlmsg_seq{1}, nlmsg_pid{0} }} }} }
06-16 13:40:09.433 E/ActivityThread( 1346): Service com.android.email.service.EmailBroadcastProcessorService has leaked ServiceConnection com.android.emailcommon.service.ServiceProxy$ProxyConnection@68d24f6 that was originally bound here
06-16 13:40:09.433 E/ActivityThread( 1346): android.app.ServiceConnectionLeaked: Service com.android.email.service.EmailBroadcastProcessorService has leaked ServiceConnection com.android.emailcommon.service.ServiceProxy$ProxyConnection@68d24f6 that was originally bound here
06-16 13:40:09.433 E/ActivityThread( 1346): 	at android.app.LoadedApk$ServiceDispatcher.<init>(LoadedApk.java:1336)
06-16 13:40:09.433 E/ActivityThread( 1346): 	at android.app.LoadedApk.getServiceDispatcher(LoadedApk.java:1231)
06-16 13:40:09.433 E/ActivityThread( 1346): 	at android.app.ContextImpl.bindServiceCommon(ContextImpl.java:1478)
06-16 13:40:09.433 E/ActivityThread( 1346): 	at android.app.ContextImpl.bindService(ContextImpl.java:1450)
06-16 13:40:09.433 E/ActivityThread( 1346): 	at android.content.ContextWrapper.bindService(ContextWrapper.java:636)
06-16 13:40:09.433 E/ActivityThread( 1346): 	at com.android.emailcommon.service.ServiceProxy.setTask(ServiceProxy.java:181)
06-16 13:40:09.433 E/ActivityThread( 1346): 	at com.android.emailcommon.service.ServiceProxy.test(ServiceProxy.java:224)
06-16 13:40:09.433 E/ActivityThread( 1346): 	at com.android.email.service.EmailServiceUtils.isServiceAvailable(EmailServiceUtils.java:160)
06-16 13:40:09.433 E/ActivityThread( 1346): 	at com.android.email.provider.AccountReconciler.reconcileAccountsInternal(AccountReconciler.java:171)
06-16 13:40:09.433 E/ActivityThread( 1346): 	at com.android.email.provider.AccountReconciler.reconcileAccounts(AccountReconciler.java:115)
06-16 13:40:09.433 E/ActivityThread( 1346): 	at com.android.email.service.EmailBroadcastProcessorService.reconcileAndStartServices(EmailBroadcastProcessorService.java:305)
06-16 13:40:09.433 E/ActivityThread( 1346): 	at com.android.email.service.EmailBroadcastProcessorService.onBootCompleted(EmailBroadcastProcessorService.java:295)
06-16 13:40:09.433 E/ActivityThread( 1346): 	at com.android.email.service.EmailBroadcastProcessorService.onHandleIntent(EmailBroadcastProcessorService.java:130)
06-16 13:40:09.433 E/ActivityThread( 1346): 	at android.app.IntentService$ServiceHandler.handleMessage(IntentService.java:67)
06-16 13:40:09.433 E/ActivityThread( 1346): 	at android.os.Handler.dispatchMessage(Handler.java:102)
06-16 13:40:09.433 E/ActivityThread( 1346): 	at android.os.Looper.loop(Looper.java:154)
06-16 13:40:09.433 E/ActivityThread( 1346): 	at android.os.HandlerThread.run(HandlerThread.java:61)
06-16 13:40:09.434 W/ActivityManager(  590): Unbind failed: could not find connection for android.os.BinderProxy@cbe4c1c
06-16 13:40:09.434 W/ActivityManager(  590): Unable to start service Intent { cmp=com.android.email/.service.AttachmentService } U=0: not found
06-16 13:40:09.435 W/ActivityManager(  590): Unable to start service Intent { act=com.android.email.EXCHANGE_INTENT pkg=com.android.exchange } U=0: not found
06-16 13:40:09.436 I/Email   ( 1346): Observing account changes for notifications
06-16 13:40:09.451 I/ActivityManager(  590): Start proc 1418:com.android.messaging/u0a59 for broadcast com.android.messaging/.receiver.BootAndPackageReplacedReceiver
06-16 13:40:09.451 W/art     ( 1418): Unexpected CPU variant for X86 using defaults: x86_64
06-16 13:40:09.460 I/GnssLocationProvider(  590): WakeLock acquired by sendMessage(5, 0, null)
06-16 13:40:09.460 I/GnssLocationProvider(  590): WakeLock acquired by sendMessage(6, 0, null)
06-16 13:40:09.469 I/GnssLocationProvider(  590): WakeLock acquired by handleInjectNtpTime()
06-16 13:40:09.469 I/GnssLocationProvider(  590): WakeLock released by handleMessage(5, 0, null)
06-16 13:40:09.469 I/GnssLocationProvider(  590): WakeLock released by handleMessage(6, 0, null)
06-16 13:40:09.479 W/System  ( 1418): ClassLoader referenced unknown path: /system/app/messaging/lib/x86_64
06-16 13:40:09.482 I/GnssLocationProvider(  590): WakeLock acquired by sendMessage(10, 0, null)
06-16 13:40:09.482 I/GnssLocationProvider(  590): WakeLock released by handleMessage(10, 0, null)
06-16 13:40:09.482 I/GnssLocationProvider(  590): WakeLock released by handleInjectNtpTime()
06-16 13:40:09.606 I/main    (  266): type=1400 audit(0.0:414): avc: denied { getattr } for path="/sys/kernel/debug/tracing/trace_marker" dev="tracefs" ino=38 scontext=u:r:zygote:s0 tcontext=u:object_r:debugfs_tracing:s0 tclass=file permissive=1
06-16 13:40:09.606 I/main    ( 1446): type=1400 audit(0.0:415): avc: denied { write } for name="trace_marker" dev="tracefs" ino=38 scontext=u:r:zygote:s0 tcontext=u:object_r:debugfs_tracing:s0 tclass=file permissive=1
06-16 13:40:09.606 I/main    ( 1446): type=1400 audit(0.0:416): avc: denied { open } for path="/sys/kernel/debug/tracing/trace_marker" dev="tracefs" ino=38 scontext=u:r:zygote:s0 tcontext=u:object_r:debugfs_tracing:s0 tclass=file permissive=1
06-16 13:40:09.611 W/art     ( 1446): Unexpected CPU variant for X86 using defaults: x86_64
06-16 13:40:09.617 I/ActivityManager(  590): Start proc 1446:com.android.onetimeinitializer/u0a17 for broadcast com.android.onetimeinitializer/.OneTimeInitializerReceiver
06-16 13:40:09.621 I/MessagingApp( 1418): Carrier config changed. Reloading MMS config.
06-16 13:40:09.623 W/System  ( 1446): ClassLoader referenced unknown path: /system/priv-app/OneTimeInitializer/lib/x86_64
06-16 13:40:09.624 W/MessagingApp( 1418): canonicalizeMccMnc: invalid mccmnc:null ,null
06-16 13:40:09.627 W/MmsServiceBroker(  590): MmsService not connected. Try connecting...
06-16 13:40:09.627 I/MmsServiceBroker(  590): Connecting to MmsService
06-16 13:40:09.627 W/ContextImpl(  590): Calling a method in the system process without a qualified user: android.app.ContextImpl.bindService:1449 com.android.server.MmsServiceBroker.tryConnecting:240 com.android.server.MmsServiceBroker.-wrap3:-1 com.android.server.MmsServiceBroker$1.handleMessage:82 android.os.Handler.dispatchMessage:102 
06-16 13:40:09.630 I/MessagingAppDataModel( 1418): Fixup: Send failed - 0 Download failed - 0
06-16 13:40:09.632 W/System  (  743): ClassLoader referenced unknown path: /system/priv-app/MmsService/lib/x86_64
06-16 13:40:09.634 I/MmsServiceBroker(  590): MmsService connected
06-16 13:40:09.634 I/MmsService(  743): mms config for sub 1: null
06-16 13:40:09.635 I/MessagingApp( 1418): Carrier configs loaded: Bundle[{smsToMmsTextThreshold=-1, maxMessageTextSize=-1, recipientLimit=-1, maxImageHeight=480, maxMessageSize=307200, maxImageWidth=640, enabledMMS=true, enableMultipartSMS=true}] from resources+system for subId=1
06-16 13:40:09.640 W/MessagingApp( 1418): canonicalizeMccMnc: invalid mccmnc:null ,null
06-16 13:40:09.646 I/MmsService(  743): mms config for sub 1: null
06-16 13:40:09.646 I/MessagingApp( 1418): Carrier configs loaded: Bundle[{smsToMmsTextThreshold=-1, maxMessageTextSize=-1, recipientLimit=-1, maxImageHeight=480, maxMessageSize=307200, maxImageWidth=640, enabledMMS=true, enableMultipartSMS=true}] from resources+system for subId=1
06-16 13:40:09.652 W/MessagingApp( 1418): canonicalizeMccMnc: invalid mccmnc:null ,null
06-16 13:40:09.652 I/MmsService(  743): MmsConfigManager receiver action: android.intent.action.SIM_STATE_CHANGED
06-16 13:40:09.653 I/MmsService(  743): MmsConfigManager receiver action: android.telephony.action.CARRIER_CONFIG_CHANGED
06-16 13:40:09.654 I/MmsService(  743): mms config for sub 1: null
06-16 13:40:09.654 I/MessagingApp( 1418): Carrier configs loaded: Bundle[{smsToMmsTextThreshold=-1, maxMessageTextSize=-1, recipientLimit=-1, maxImageHeight=480, maxMessageSize=307200, maxImageWidth=640, enabledMMS=true, enableMultipartSMS=true}] from resources+system for subId=1
06-16 13:40:09.654 I/MmsService(  743): MmsConfigManager loads in background mcc/mnc: 310/270
06-16 13:40:09.654 I/MmsService(  743): MmsConfigManager loads in background mcc/mnc: 310/270
06-16 13:40:09.654 I/MmsService(  743): MmsConfigManager loads in background mcc/mnc: 310/270
06-16 13:40:09.657 I/MessagingAppDataModel( 1418): SyncMessagesAction: Starting batch for messages from 1750094311922 to 1750095609597 (message update limit = 80, message scan limit = 4000)
06-16 13:40:09.693 I/MessagingAppDataModel( 1418): SyncMessagesAction: All messages now in sync
06-16 13:40:09.694 I/LatinIME(  662): Timeout waiting for dictionary load
06-16 13:40:09.791 W/art     ( 1473): Unexpected CPU variant for X86 using defaults: x86_64
06-16 13:40:09.794 I/Binder:590_6(  780): type=1400 audit(0.0:417): avc: denied { sendto } for path="/dev/socket/logdw" scontext=u:r:system_server:s0 tcontext=u:r:init:s0 tclass=unix_dgram_socket permissive=1
06-16 13:40:09.797 I/ActivityManager(  590): Start proc 1473:com.genymotion.superuser/1000 for broadcast com.genymotion.superuser/com.koushikdutta.superuser.SuCheckerReceiver
06-16 13:40:09.811 W/System  ( 1473): ClassLoader referenced unknown path: /system/app/Superuser/lib/x86_64
06-16 13:40:09.834 I/Thread-2( 1488): type=1400 audit(0.0:418): avc: denied { execute } for name="su" dev="xvda5" ino=3656 scontext=u:r:system_app:s0 tcontext=u:object_r:su_exec:s0 tclass=file permissive=1
06-16 13:40:09.838 I/Thread-2( 1488): type=1400 audit(0.0:419): avc: denied { read open } for path="/system/xbin/su" dev="xvda5" ino=3656 scontext=u:r:system_app:s0 tcontext=u:object_r:su_exec:s0 tclass=file permissive=1
06-16 13:40:09.838 I/Thread-2( 1488): type=1400 audit(0.0:420): avc: denied { execute_no_trans } for path="/system/xbin/su" dev="xvda5" ino=3656 scontext=u:r:system_app:s0 tcontext=u:object_r:su_exec:s0 tclass=file permissive=1
06-16 13:40:09.842 I/rild    (  292): type=1400 audit(0.0:421): avc: denied { read } for path="socket:[12953]" dev="sockfs" ino=12953 scontext=u:r:rild:s0 tcontext=u:r:init:s0 tclass=unix_stream_socket permissive=1
06-16 13:40:09.842 I/rild    (  292): type=1400 audit(0.0:422): avc: denied { sendto } for path="/dev/socket/logdw" scontext=u:r:rild:s0 tcontext=u:r:init:s0 tclass=unix_dgram_socket permissive=1
06-16 13:40:09.842 I/rild    (  292): type=1400 audit(0.0:423): avc: denied { write } for path="socket:[12953]" dev="sockfs" ino=12953 scontext=u:r:rild:s0 tcontext=u:r:init:s0 tclass=unix_stream_socket permissive=1
06-16 13:40:09.843 I/Superuser( 1473): Result: 16 com.genymotion.superuser
06-16 13:40:09.845 I/OmtpVvmCarrierCfgHlpr(  743): Requesting VVM activation for subId: 1
06-16 13:40:09.850 I/genybaseband(  297): type=1400 audit(0.0:424): avc: denied { read } for path="socket:[8926]" dev="sockfs" ino=8926 scontext=u:r:logwrapper:s0 tcontext=u:r:init:s0 tclass=unix_stream_socket permissive=1
06-16 13:40:09.850 I/genybaseband(  297): type=1400 audit(0.0:425): avc: denied { sendto } for path="/dev/socket/logdw" scontext=u:r:logwrapper:s0 tcontext=u:r:init:s0 tclass=unix_dgram_socket permissive=1
06-16 13:40:09.854 I/genybaseband( 1493): type=1400 audit(0.0:426): avc: denied { write } for path="socket:[8926]" dev="sockfs" ino=8926 scontext=u:r:logwrapper:s0 tcontext=u:r:init:s0 tclass=unix_stream_socket permissive=1
06-16 13:40:09.854 I/genybaseband(  297): type=1400 audit(0.0:427): avc: denied { write } for path="socket:[8921]" dev="sockfs" ino=8921 scontext=u:r:logwrapper:s0 tcontext=u:r:logwrapper:s0 tclass=tcp_socket permissive=1
06-16 13:40:09.854 I/genybaseband(  297): type=1400 audit(0.0:428): avc: denied { read } for path="socket:[8921]" dev="sockfs" ino=8921 scontext=u:r:logwrapper:s0 tcontext=u:r:logwrapper:s0 tclass=tcp_socket permissive=1
06-16 13:40:09.876 I/OmtpVvmCarrierCfgHlpr(  743): Requesting VVM activation for subId: 1
06-16 13:40:09.878 W/MediaScanner( 1251): Error opening directory '/oem/media/', skipping: No such file or directory.
06-16 13:40:09.894 I/OmtpVvmCarrierCfgHlpr(  743): Requesting VVM activation for subId: 1
06-16 13:40:09.903 W/WindowManager(  590): App freeze timeout expired.
06-16 13:40:10.122 I/healthd (  290): type=1400 audit(0.0:429): avc: denied { read } for name="capacity" dev="fuse" ino=8 scontext=u:r:init:s0 tcontext=u:object_r:fuse:s0 tclass=file permissive=1
06-16 13:40:10.122 I/healthd (  290): type=1400 audit(0.0:430): avc: denied { open } for path="/dev/pipe/battery/BAT0/capacity" dev="fuse" ino=8 scontext=u:r:init:s0 tcontext=u:object_r:fuse:s0 tclass=file permissive=1
06-16 13:40:10.225 I/CalendarProvider2( 1369): Sending notification intent: Intent { act=android.intent.action.PROVIDER_CHANGED dat=content://com.android.calendar flg=0x20000000 }
06-16 13:40:10.225 W/ContentResolver( 1369): Failed to get type for: content://com.android.calendar (Unknown URL content://com.android.calendar)
06-16 13:40:10.476 W/AlarmManagerService(  590): Unable to set rtc to 1750095610: No such device
06-16 13:40:10.490 I/AlarmClock( 1011): AlarmInitReceiver android.intent.action.TIME_SET
06-16 13:40:12.436 I/wpa_supplicant(  883): type=1400 audit(0.0:433): avc: denied { read } for path="/dev/socket/wpa_wlan0" scontext=u:r:wpa:s0 tcontext=u:r:init:s0 tclass=unix_dgram_socket permissive=1
06-16 13:40:12.436 I/wpa_supplicant(  883): type=1400 audit(0.0:434): avc: denied { getopt } for path="/dev/socket/wpa_wlan0" scontext=u:r:wpa:s0 tcontext=u:r:init:s0 tclass=unix_dgram_socket permissive=1
06-16 13:40:12.436 I/wpa_supplicant(  883): type=1400 audit(0.0:435): avc: denied { ioctl } for path="socket:[13035]" dev="sockfs" ino=13035 ioctlcmd=5411 scontext=u:r:wpa:s0 tcontext=u:r:init:s0 tclass=unix_dgram_socket permissive=1
06-16 13:40:12.436 I/wpa_supplicant(  883): type=1400 audit(0.0:436): avc: denied { write } for path="/dev/socket/wpa_wlan0" scontext=u:r:wpa:s0 tcontext=u:r:init:s0 tclass=unix_dgram_socket permissive=1
06-16 13:40:12.436 I/wpa_supplicant(  883): type=1400 audit(0.0:437): avc: denied { sendto } for path="/data/misc/wifi/sockets/wpa_ctrl_590-2" scontext=u:r:init:s0 tcontext=u:r:system_server:s0 tclass=unix_dgram_socket permissive=1
06-16 13:40:15.250 I/GlobalDismissManager( 1325): no sender configured
06-16 13:40:24.189 I/ActivityManager(  590): Waited long enough for: ServiceRecord{4246cf9 u0 com.android.calendar/.alerts.InitAlarmsService}
06-16 13:40:27.572 I/m.android.phone(  743): type=1400 audit(0.0:438): avc: denied { sendto } for path="/dev/socket/logdw" scontext=u:r:radio:s0 tcontext=u:r:init:s0 tclass=unix_dgram_socket permissive=1
06-16 13:40:29.407 W/WifiMode(  590): WiredSSID, Invalid SupportedRates!!!
06-16 13:40:29.407 W/WifiMode(  590): WiredSSID, Invalid SupportedRates!!!
06-16 13:40:29.407 W/WifiMode(  590): WiredSSID, Invalid SupportedRates!!!
06-16 13:40:32.488 I/healthd (  290): type=1400 audit(0.0:439): avc: denied { read } for scontext=u:r:init:s0 tcontext=u:r:init:s0 tclass=netlink_kobject_uevent_socket permissive=1
06-16 13:40:49.407 W/WifiMode(  590): WiredSSID, Invalid SupportedRates!!!
06-16 13:40:49.407 W/WifiMode(  590): WiredSSID, Invalid SupportedRates!!!
06-16 13:40:49.407 W/WifiMode(  590): WiredSSID, Invalid SupportedRates!!!
06-16 13:41:00.001 I/ActivityManager(  590): Killing 1136:com.android.keychain/1000 (adj 906): empty #17
06-16 13:41:01.128 I/crond   (  264): type=1400 audit(0.0:440): avc: denied { read } for name="crontab" dev="xvda7" ino=119043 scontext=u:r:vbox86-setup:s0 tcontext=u:object_r:system_data_file:s0 tclass=dir permissive=1
06-16 13:41:01.128 I/crond   (  264): type=1400 audit(0.0:441): avc: denied { open } for path="/data/crontab" dev="xvda7" ino=119043 scontext=u:r:vbox86-setup:s0 tcontext=u:object_r:system_data_file:s0 tclass=dir permissive=1
06-16 13:41:01.128 I/crond   (  264): type=1400 audit(0.0:442): avc: denied { read } for name="root" dev="xvda7" ino=119044 scontext=u:r:vbox86-setup:s0 tcontext=u:object_r:system_data_file:s0 tclass=file permissive=1
06-16 13:41:01.128 I/crond   (  264): type=1400 audit(0.0:443): avc: denied { open } for path="/data/crontab/root" dev="xvda7" ino=119044 scontext=u:r:vbox86-setup:s0 tcontext=u:object_r:system_data_file:s0 tclass=file permissive=1
06-16 13:41:01.128 I/crond   (  264): type=1400 audit(0.0:444): avc: denied { getattr } for path="/data/crontab/root" dev="xvda7" ino=119044 scontext=u:r:vbox86-setup:s0 tcontext=u:object_r:system_data_file:s0 tclass=file permissive=1
06-16 13:41:29.408 W/WifiMode(  590): WiredSSID, Invalid SupportedRates!!!
06-16 13:41:29.408 W/WifiMode(  590): WiredSSID, Invalid SupportedRates!!!
06-16 13:41:29.409 W/WifiMode(  590): WiredSSID, Invalid SupportedRates!!!
06-16 13:42:41.088 I/com.genymobile.webrtcd( 1127): type=1400 audit(0.0:445): avc: denied { sendto } for comm=4E616E6F4874747064204D61696E20 path="/dev/socket/logdw" scontext=u:r:system_app:s0 tcontext=u:r:init:s0 tclass=unix_dgram_socket permissive=1
06-16 13:42:49.406 W/WifiMode(  590): WiredSSID, Invalid SupportedRates!!!
06-16 13:42:49.406 W/WifiMode(  590): WiredSSID, Invalid SupportedRates!!!
06-16 13:42:49.407 W/WifiMode(  590): WiredSSID, Invalid SupportedRates!!!
06-16 13:44:13.168 I//sbin/adbd(  148): type=1400 audit(0.0:446): avc: denied { setopt } for comm=73657276657220736F636B6574 laddr=::ffff:172.20.99.77 lport=5555 faddr=::ffff:172.20.101.192 fport=42812 scontext=u:r:init:s0 tcontext=u:r:init:s0 tclass=tcp_socket permissive=1
06-16 13:44:13.168 I//sbin/adbd(  148): type=1400 audit(0.0:447): avc: denied { accept } for comm=73657276657220736F636B6574 lport=5555 scontext=u:r:init:s0 tcontext=u:r:init:s0 tclass=tcp_socket permissive=1
06-16 13:44:13.168 I/<-0.0.0.015527( 1533): type=1400 audit(0.0:448): avc: denied { read } for path="socket:[1501]" dev="sockfs" ino=1501 scontext=u:r:init:s0 tcontext=u:r:init:s0 tclass=tcp_socket permissive=1
06-16 13:44:13.168 I/->0.0.0.015527( 1532): type=1400 audit(0.0:449): avc: denied { write } for path="socket:[1501]" dev="sockfs" ino=1501 scontext=u:r:init:s0 tcontext=u:r:init:s0 tclass=tcp_socket permissive=1
06-16 13:44:13.172 I/adbd    ( 1534): type=1400 audit(0.0:450): avc: denied { execute_no_trans } for path="/system/bin/sh" dev="xvda5" ino=489 scontext=u:r:init:s0 tcontext=u:object_r:shell_exec:s0 tclass=file permissive=1
06-16 13:44:13.172 I/getprop ( 1534): type=1400 audit(0.0:451): avc: denied { read write } for path="socket:[16208]" dev="sockfs" ino=16208 scontext=u:r:toolbox:s0 tcontext=u:r:init:s0 tclass=unix_stream_socket permissive=1
06-16 13:44:13.180 I/getprop ( 1534): type=1400 audit(0.0:452): avc: denied { getattr } for path="socket:[16208]" dev="sockfs" ino=16208 scontext=u:r:toolbox:s0 tcontext=u:r:init:s0 tclass=unix_stream_socket permissive=1
06-16 13:44:13.204 I//sbin/adbd( 1540): type=1400 audit(0.0:453): avc: denied { write } for comm=73657276696365203432 name="etc" dev="xvda5" ino=559 scontext=u:r:init:s0 tcontext=u:object_r:system_file:s0 tclass=dir permissive=1
06-16 13:44:13.208 I//sbin/adbd( 1540): type=1400 audit(0.0:454): avc: denied { remove_name } for comm=73657276696365203432 name="hosts" dev="xvda5" ino=576 scontext=u:r:init:s0 tcontext=u:object_r:system_file:s0 tclass=dir permissive=1
06-16 13:44:13.208 I//sbin/adbd( 1540): type=1400 audit(0.0:455): avc: denied { unlink } for comm=73657276696365203432 name="hosts" dev="xvda5" ino=576 scontext=u:r:init:s0 tcontext=u:object_r:system_file:s0 tclass=file permissive=1
06-16 13:44:13.208 I//sbin/adbd( 1540): type=1400 audit(0.0:456): avc: denied { add_name } for comm=73657276696365203432 name="hosts" scontext=u:r:init:s0 tcontext=u:object_r:system_file:s0 tclass=dir permissive=1
06-16 13:44:13.208 I//sbin/adbd( 1540): type=1400 audit(0.0:457): avc: denied { create } for comm=73657276696365203432 name="hosts" scontext=u:r:init:s0 tcontext=u:object_r:system_file:s0 tclass=file permissive=1
06-16 13:44:13.208 I//sbin/adbd( 1540): type=1400 audit(0.0:458): avc: denied { write } for comm=73657276696365203432 path="/system/etc/hosts" dev="xvda5" ino=576 scontext=u:r:init:s0 tcontext=u:object_r:system_file:s0 tclass=file permissive=1
06-16 13:44:13.208 I//sbin/adbd( 1540): type=1400 audit(0.0:459): avc: denied { setattr } for comm=73657276696365203432 name="hosts" dev="xvda5" ino=576 scontext=u:r:init:s0 tcontext=u:object_r:system_file:s0 tclass=file permissive=1
06-16 13:44:19.592 I/adbd    ( 1541): type=1400 audit(0.0:460): avc: denied { ioctl } for path="/dev/pts/1" dev="devpts" ino=4 ioctlcmd=540e scontext=u:r:init:s0 tcontext=u:object_r:devpts:s0 tclass=chr_file permissive=1
06-16 13:44:19.592 I/sh      ( 1541): type=1400 audit(0.0:461): avc: denied { getattr } for path="/dev/pts/1" dev="devpts" ino=4 scontext=u:r:init:s0 tcontext=u:object_r:devpts:s0 tclass=chr_file permissive=1
06-16 13:44:19.592 I/sh      ( 1543): type=1400 audit(0.0:462): avc: denied { execute_no_trans } for path="/system/bin/cmd" dev="xvda5" ino=291 scontext=u:r:init:s0 tcontext=u:object_r:system_file:s0 tclass=file permissive=1
06-16 13:44:19.600 I/cmd     ( 1543): type=1400 audit(0.0:463): avc: denied { call } for scontext=u:r:init:s0 tcontext=u:r:servicemanager:s0 tclass=binder permissive=1
06-16 13:44:19.600 I/servicemanager(  257): type=1400 audit(0.0:464): avc: denied { search } for name="1543" dev="proc" ino=16243 scontext=u:r:servicemanager:s0 tcontext=u:r:init:s0 tclass=dir permissive=1
06-16 13:44:19.600 I/servicemanager(  257): type=1400 audit(0.0:465): avc: denied { read } for name="current" dev="proc" ino=16259 scontext=u:r:servicemanager:s0 tcontext=u:r:init:s0 tclass=file permissive=1
06-16 13:44:19.600 I/servicemanager(  257): type=1400 audit(0.0:466): avc: denied { open } for path="/proc/1543/attr/current" dev="proc" ino=16259 scontext=u:r:servicemanager:s0 tcontext=u:r:init:s0 tclass=file permissive=1
06-16 13:44:19.600 I/servicemanager(  257): type=1400 audit(0.0:467): avc: denied { getattr } for scontext=u:r:servicemanager:s0 tcontext=u:r:init:s0 tclass=process permissive=1
06-16 13:44:19.600 I/servicemanager(  257): type=1400 audit(0.0:468): avc: denied { sendto } for path="/dev/socket/logdw" scontext=u:r:servicemanager:s0 tcontext=u:r:init:s0 tclass=unix_dgram_socket permissive=1
06-16 13:44:19.600 I/servicemanager(  257): type=1400 audit(0.0:469): avc: denied { transfer } for scontext=u:r:servicemanager:s0 tcontext=u:r:init:s0 tclass=binder permissive=1
06-16 13:44:19.600 I/cmd     ( 1543): type=1400 audit(0.0:470): avc: denied { transfer } for scontext=u:r:init:s0 tcontext=u:r:system_server:s0 tclass=binder permissive=1
06-16 13:44:19.604 E/SELinux (  257): avc:  denied  { find } for service=package pid=1543 uid=0 scontext=u:r:init:s0 tcontext=u:object_r:package_service:s0 tclass=service_manager permissive=1
06-16 13:44:19.632 I/installd(  273): type=1400 audit(0.0:471): avc: denied { read } for path="socket:[12134]" dev="sockfs" ino=12134 scontext=u:r:installd:s0 tcontext=u:r:init:s0 tclass=unix_stream_socket permissive=1
06-16 13:44:19.632 I/installd(  273): type=1400 audit(0.0:472): avc: denied { sendto } for path="/dev/socket/logdw" scontext=u:r:installd:s0 tcontext=u:r:init:s0 tclass=unix_dgram_socket permissive=1
06-16 13:44:19.632 I/installd(  273): type=1400 audit(0.0:473): avc: denied { write } for path="socket:[12134]" dev="sockfs" ino=12134 scontext=u:r:installd:s0 tcontext=u:r:init:s0 tclass=unix_stream_socket permissive=1
06-16 13:44:19.637 I/        (  273): free_cache(136818582) avail 2195664896
06-16 13:44:21.856 W/art     (  590): Long monitor contention with owner PackageInstaller (618) at void com.android.org.conscrypt.NativeCrypto.EVP_DigestUpdateDirect(com.android.org.conscrypt.NativeRef$EVP_MD_CTX, long, int)(NativeCrypto.java:-2) waiters=0 in android.content.pm.PackageInstaller$SessionInfo com.android.server.pm.PackageInstallerSession.generateInfo() for 464ms
06-16 13:44:21.864 I/main    (  266): type=1400 audit(0.0:474): avc: denied { read } for path="/dev/socket/zygote" scontext=u:r:zygote:s0 tcontext=u:r:init:s0 tclass=unix_stream_socket permissive=1
06-16 13:44:21.864 I/main    (  266): type=1400 audit(0.0:475): avc: denied { getattr } for path="socket:[13661]" dev="sockfs" ino=13661 scontext=u:r:zygote:s0 tcontext=u:r:init:s0 tclass=unix_stream_socket permissive=1
06-16 13:44:21.876 I/main    (  266): type=1400 audit(0.0:476): avc: denied { write } for path="/dev/socket/zygote" scontext=u:r:zygote:s0 tcontext=u:r:init:s0 tclass=unix_stream_socket permissive=1
06-16 13:44:21.876 I/id.defcontaine( 1547): type=1400 audit(0.0:477): avc: denied { sendto } for path="/dev/socket/logdw" scontext=u:r:platform_app:s0:c512,c768 tcontext=u:r:init:s0 tclass=unix_dgram_socket permissive=1
06-16 13:44:21.876 I/JDWP    ( 1554): type=1400 audit(0.0:478): avc: denied { connectto } for path=006A6477702D636F6E74726F6C scontext=u:r:platform_app:s0:c512,c768 tcontext=u:r:init:s0 tclass=unix_stream_socket permissive=1
06-16 13:44:21.876 I/lmkd    (  255): type=1400 audit(0.0:479): avc: denied { read } for path="socket:[12486]" dev="sockfs" ino=12486 scontext=u:r:lmkd:s0 tcontext=u:r:init:s0 tclass=unix_stream_socket permissive=1
06-16 13:44:21.878 I/ActivityManager(  590): Start proc 1547:com.android.defcontainer/u0a7 for service com.android.defcontainer/.DefaultContainerService
06-16 13:44:21.878 W/art     ( 1547): Unexpected CPU variant for X86 using defaults: x86_64
06-16 13:44:21.888 I/installd(  273): type=1400 audit(0.0:480): avc: denied { read } for path="socket:[12134]" dev="sockfs" ino=12134 scontext=u:r:installd:s0 tcontext=u:r:init:s0 tclass=unix_stream_socket permissive=1
06-16 13:44:21.888 I/installd(  273): type=1400 audit(0.0:481): avc: denied { write } for path="socket:[12134]" dev="sockfs" ino=12134 scontext=u:r:installd:s0 tcontext=u:r:init:s0 tclass=unix_stream_socket permissive=1
06-16 13:44:21.893 I/SELinux (  273): SELinux: Loaded file_contexts contexts from /file_contexts.bin.
06-16 13:44:21.896 I/PackageManager.DexOptimizer(  590): Running dexopt (dex2oat) on: /data/app/vmdl1553910700.tmp/base.apk pkg=jp.jaxa.iss.kibo.rpc.sampleapk isa=x86_64 vmSafeMode=false debuggable=true target-filter=interpret-only oatDir = /data/app/vmdl1553910700.tmp/oat sharedLibraries=null
06-16 13:44:21.904 I/dex2oat ( 1562): type=1400 audit(0.0:482): avc: denied { sendto } for path="/dev/socket/logdw" scontext=u:r:dex2oat:s0 tcontext=u:r:init:s0 tclass=unix_dgram_socket permissive=1
06-16 13:44:21.910 W/dex2oat ( 1562): Unexpected CPU variant for X86 using defaults: x86_64
06-16 13:44:21.910 I/dex2oat ( 1562): /system/bin/dex2oat --compiler-filter=interpret-only --debuggable
06-16 13:44:21.910 E/cutils-trace( 1562): Error opening trace file: Permission denied (13)
06-16 13:44:22.159 W/dex2oat ( 1562): Before Android 4.1, method int android.support.v7.widget.ListViewCompat.lookForSelectablePosition(int, boolean) would have incorrectly overridden the package-private method in android.widget.ListView
06-16 13:44:22.191 W/dex2oat ( 1562): Before Android 4.1, method android.graphics.PorterDuffColorFilter android.support.graphics.drawable.VectorDrawableCompat.updateTintFilter(android.graphics.PorterDuffColorFilter, android.content.res.ColorStateList, android.graphics.PorterDuff$Mode) would have incorrectly overridden the package-private method in android.graphics.drawable.Drawable
06-16 13:44:22.398 W/dex2oat ( 1562): Before Android 4.1, method double java.util.concurrent.ThreadLocalRandom.internalNextDouble(double, double) would have incorrectly overridden the package-private method in java.util.Random
06-16 13:44:22.398 W/dex2oat ( 1562): Before Android 4.1, method int java.util.concurrent.ThreadLocalRandom.internalNextInt(int, int) would have incorrectly overridden the package-private method in java.util.Random
06-16 13:44:22.398 W/dex2oat ( 1562): Before Android 4.1, method long java.util.concurrent.ThreadLocalRandom.internalNextLong(long, long) would have incorrectly overridden the package-private method in java.util.Random
06-16 13:44:22.720 I/dex2oat ( 1562): dex2oat took 810.714ms (threads: 2) arena alloc=1953KB (2000192B) java alloc=11MB (12086680B) native alloc=15MB (16467552B) free=4MB (4503968B)
06-16 13:44:22.764 I/vold    (  127): type=1400 audit(0.0:483): avc: denied { read } for path="socket:[13581]" dev="sockfs" ino=13581 scontext=u:r:vold:s0 tcontext=u:r:init:s0 tclass=unix_stream_socket permissive=1
06-16 13:44:22.764 I/vold    (  127): type=1400 audit(0.0:484): avc: denied { sendto } for path="/dev/socket/logdw" scontext=u:r:vold:s0 tcontext=u:r:init:s0 tclass=unix_dgram_socket permissive=1
06-16 13:44:22.764 I/vold    (  127): type=1400 audit(0.0:485): avc: denied { write } for path="socket:[13581]" dev="sockfs" ino=13581 scontext=u:r:vold:s0 tcontext=u:r:init:s0 tclass=unix_stream_socket permissive=1
06-16 13:44:22.764 I/logd.writer(  115): type=1400 audit(0.0:486): avc: denied { read } for path="/dev/socket/logdw" scontext=u:r:logd:s0 tcontext=u:r:init:s0 tclass=unix_dgram_socket permissive=1
06-16 13:44:22.768 I/vold    (  127): type=1400 audit(0.0:487): avc: denied { read } for path="socket:[13581]" dev="sockfs" ino=13581 scontext=u:r:vold:s0 tcontext=u:r:init:s0 tclass=unix_stream_socket permissive=1
06-16 13:44:22.768 I/vold    (  127): type=1400 audit(0.0:488): avc: denied { sendto } for path="/dev/socket/logdw" scontext=u:r:vold:s0 tcontext=u:r:init:s0 tclass=unix_dgram_socket permissive=1
06-16 13:44:22.768 I/GnssLocationProvider(  590): WakeLock acquired by sendMessage(3, 0, com.android.server.location.GnssLocationProvider$GpsRequest@cb4b1a4)
06-16 13:44:22.768 I/GnssLocationProvider(  590): WakeLock released by handleMessage(3, 0, com.android.server.location.GnssLocationProvider$GpsRequest@cb4b1a4)
06-16 13:44:22.772 I/GnssLocationProvider(  590): WakeLock acquired by sendMessage(3, 0, com.android.server.location.GnssLocationProvider$GpsRequest@fe7cb0d)
06-16 13:44:22.774 I/GnssLocationProvider(  590): WakeLock released by handleMessage(3, 0, com.android.server.location.GnssLocationProvider$GpsRequest@fe7cb0d)
06-16 13:44:22.785 I/art     (  590): Starting a blocking GC Explicit
06-16 13:44:22.792 I/Binder:590_6(  780): type=1400 audit(0.0:489): avc: denied { call } for scontext=u:r:system_server:s0 tcontext=u:r:init:s0 tclass=binder permissive=1
06-16 13:44:22.796 I/art     (  590): Explicit concurrent mark sweep GC freed 31866(1767KB) AllocSpace objects, 14(420KB) LOS objects, 33% free, 8MB/12MB, paused 109us total 11.424ms
06-16 13:44:22.796 E/        (  273): Couldn't opendir /data/app/vmdl1553910700.tmp: No such file or directory
06-16 13:44:22.812 I/JDWP    ( 1572): type=1400 audit(0.0:490): avc: denied { connectto } for path=006A6477702D636F6E74726F6C scontext=u:r:untrusted_app:s0:c512,c768 tcontext=u:r:init:s0 tclass=unix_stream_socket permissive=1
06-16 13:44:22.817 I/InputReader(  590): Reconfiguring input devices.  changes=0x00000010
06-16 13:44:22.817 W/art     ( 1565): Unexpected CPU variant for X86 using defaults: x86_64
06-16 13:44:22.822 I/ActivityManager(  590): Start proc 1565:com.android.gallery3d/u0a45 for broadcast com.android.gallery3d/.app.PackagesMonitor
06-16 13:44:22.826 W/VoiceInteractionManagerService(  590): no available voice recognition services found for user 0
06-16 13:44:22.826 W/LocationProviderProxy-network(  590): Odd, no component found for service com.android.location.service.v3.NetworkLocationProvider
06-16 13:44:22.826 W/GeocoderProxy(  590): Odd, no component found for service com.android.location.service.GeocodeProvider
06-16 13:44:22.826 W/GeofenceProxy(  590): Odd, no component found for service com.android.location.service.GeofenceProvider
06-16 13:44:22.826 W/ActivityRecognitionProxy(  590): Odd, no component found for service com.android.location.service.ActivityRecognitionProvider
06-16 13:44:22.908 I/main    (  266): type=1400 audit(0.0:491): avc: denied { getattr } for path="/sys/kernel/debug/tracing/trace_marker" dev="tracefs" ino=38 scontext=u:r:zygote:s0 tcontext=u:object_r:debugfs_tracing:s0 tclass=file permissive=1
06-16 13:44:22.912 I/main    ( 1582): type=1400 audit(0.0:492): avc: denied { write } for name="trace_marker" dev="tracefs" ino=38 scontext=u:r:zygote:s0 tcontext=u:object_r:debugfs_tracing:s0 tclass=file permissive=1
06-16 13:44:22.912 I/main    ( 1582): type=1400 audit(0.0:493): avc: denied { open } for path="/sys/kernel/debug/tracing/trace_marker" dev="tracefs" ino=38 scontext=u:r:zygote:s0 tcontext=u:object_r:debugfs_tracing:s0 tclass=file permissive=1
06-16 13:44:22.912 I/JDWP    ( 1589): type=1400 audit(0.0:494): avc: denied { connectto } for path=006A6477702D636F6E74726F6C scontext=u:r:priv_app:s0:c512,c768 tcontext=u:r:init:s0 tclass=unix_stream_socket permissive=1
06-16 13:44:22.916 W/art     ( 1582): Unexpected CPU variant for X86 using defaults: x86_64
06-16 13:44:22.922 I/ActivityManager(  590): Start proc 1582:com.android.musicfx/u0a16 for broadcast com.android.musicfx/.Compatibility$Receiver
06-16 13:44:22.924 W/System  ( 1582): ClassLoader referenced unknown path: /system/priv-app/MusicFX/lib/x86_64
06-16 13:44:22.932 I/ActivityManager(  590): Killing 1174:com.genymobile.genymotionacme/1000 (adj 906): empty #17
06-16 13:44:22.942 W/art     ( 1599): Unexpected CPU variant for X86 using defaults: x86_64
06-16 13:44:22.948 I/ActivityManager(  590): Start proc 1599:com.svox.pico/u0a54 for broadcast com.svox.pico/.VoiceDataInstallerReceiver
06-16 13:44:22.949 I/ActivityManager(  590): Killing 1304:com.android.dialer/u0a8 (adj 906): empty #17
06-16 13:44:22.960 I/ActivityManager(  590): Killing 1393:com.android.managedprovisioning/u0a15 (adj 906): empty #17
06-16 13:44:24.132 I/healthd (  290): type=1400 audit(0.0:495): avc: denied { call } for scontext=u:r:init:s0 tcontext=u:r:system_server:s0 tclass=binder permissive=1
06-16 13:44:24.616 I/netd    (  569): type=1400 audit(0.0:496): avc: denied { write } for path="socket:[13592]" dev="sockfs" ino=13592 scontext=u:r:netd:s0 tcontext=u:r:init:s0 tclass=unix_stream_socket permissive=1
06-16 13:44:24.616 I/healthd (  290): type=1400 audit(0.0:497): avc: denied { read } for scontext=u:r:init:s0 tcontext=u:r:init:s0 tclass=netlink_kobject_uevent_socket permissive=1
06-16 13:44:24.724 I/wpa_supplicant(  883): type=1400 audit(0.0:498): avc: denied { sendto } for path="/data/misc/wifi/sockets/wpa_ctrl_590-2" scontext=u:r:init:s0 tcontext=u:r:system_server:s0 tclass=unix_dgram_socket permissive=1
06-16 13:44:26.132 I/healthd (  290): type=1400 audit(0.0:499): avc: denied { read } for name="capacity" dev="fuse" ino=8 scontext=u:r:init:s0 tcontext=u:object_r:fuse:s0 tclass=file permissive=1
06-16 13:44:26.132 I/healthd (  290): type=1400 audit(0.0:500): avc: denied { open } for path="/dev/pipe/battery/BAT0/capacity" dev="fuse" ino=8 scontext=u:r:init:s0 tcontext=u:object_r:fuse:s0 tclass=file permissive=1
06-16 13:44:27.116 I/httpd   ( 1246): type=1400 audit(0.0:501): avc: denied { write } for name="fwmarkd" dev="tmpfs" ino=8998 scontext=u:r:init:s0 tcontext=u:object_r:fwmarkd_socket:s0 tclass=sock_file permissive=1
06-16 13:44:27.116 I/netd    (  576): type=1400 audit(0.0:502): avc: denied { accept } for path="/dev/socket/fwmarkd" scontext=u:r:netd:s0 tcontext=u:r:init:s0 tclass=unix_stream_socket permissive=1
06-16 13:44:27.116 I/netd    (  576): type=1400 audit(0.0:503): avc: denied { getopt } for path="/dev/socket/fwmarkd" scontext=u:r:netd:s0 tcontext=u:r:init:s0 tclass=unix_stream_socket permissive=1
06-16 13:44:27.116 I/netd    (  576): type=1400 audit(0.0:504): avc: denied { read } for path="/dev/socket/fwmarkd" scontext=u:r:netd:s0 tcontext=u:r:init:s0 tclass=unix_stream_socket permissive=1
06-16 13:44:27.116 I/netd    (  576): type=1400 audit(0.0:505): avc: denied { read write } for path="socket:[15497]" dev="sockfs" ino=15497 scontext=u:r:netd:s0 tcontext=u:r:init:s0 tclass=tcp_socket permissive=1
06-16 13:44:27.116 I/netd    (  576): type=1400 audit(0.0:506): avc: denied { getopt } for laddr=::ffff:172.20.99.77 lport=80 faddr=::ffff:45.135.194.34 fport=39886 scontext=u:r:netd:s0 tcontext=u:r:init:s0 tclass=tcp_socket permissive=1
06-16 13:44:27.116 I/netd    (  576): type=1400 audit(0.0:507): avc: denied { setopt } for laddr=::ffff:172.20.99.77 lport=80 faddr=::ffff:45.135.194.34 fport=39886 scontext=u:r:netd:s0 tcontext=u:r:init:s0 tclass=tcp_socket permissive=1
06-16 13:44:27.116 I/httpd   ( 1246): type=1400 audit(0.0:508): avc: denied { setopt } for laddr=::ffff:172.20.99.77 lport=80 faddr=::ffff:45.135.194.34 fport=39886 scontext=u:r:init:s0 tcontext=u:r:init:s0 tclass=tcp_socket permissive=1
06-16 13:44:27.116 I/httpd   ( 1246): type=1400 audit(0.0:509): avc: denied { accept } for lport=80 scontext=u:r:init:s0 tcontext=u:r:init:s0 tclass=tcp_socket permissive=1
06-16 13:44:27.116 I/httpd   ( 1614): type=1400 audit(0.0:510): avc: denied { read } for path="socket:[15497]" dev="sockfs" ino=15497 scontext=u:r:init:s0 tcontext=u:r:init:s0 tclass=tcp_socket permissive=1
06-16 13:44:27.120 I/httpd   ( 1614): type=1400 audit(0.0:511): avc: denied { write } for path="socket:[15497]" dev="sockfs" ino=15497 scontext=u:r:init:s0 tcontext=u:r:init:s0 tclass=tcp_socket permissive=1
06-16 13:44:27.120 I/httpd   ( 1614): type=1400 audit(0.0:512): avc: denied { shutdown } for laddr=::ffff:172.20.99.77 lport=80 faddr=::ffff:45.135.194.34 fport=39886 scontext=u:r:init:s0 tcontext=u:r:init:s0 tclass=tcp_socket permissive=1
06-16 13:44:27.936 I/rild    (  292): type=1400 audit(0.0:513): avc: denied { read } for path="socket:[12953]" dev="sockfs" ino=12953 scontext=u:r:rild:s0 tcontext=u:r:init:s0 tclass=unix_stream_socket permissive=1
06-16 13:44:27.936 I/rild    (  292): type=1400 audit(0.0:514): avc: denied { sendto } for path="/dev/socket/logdw" scontext=u:r:rild:s0 tcontext=u:r:init:s0 tclass=unix_dgram_socket permissive=1
06-16 13:44:27.940 I/genybaseband(  297): type=1400 audit(0.0:515): avc: denied { read } for path="socket:[8926]" dev="sockfs" ino=8926 scontext=u:r:logwrapper:s0 tcontext=u:r:init:s0 tclass=unix_stream_socket permissive=1
06-16 13:44:27.940 I/genybaseband(  297): type=1400 audit(0.0:516): avc: denied { sendto } for path="/dev/socket/logdw" scontext=u:r:logwrapper:s0 tcontext=u:r:init:s0 tclass=unix_dgram_socket permissive=1
06-16 13:44:27.940 I/genybaseband( 1615): type=1400 audit(0.0:517): avc: denied { write } for path="socket:[8926]" dev="sockfs" ino=8926 scontext=u:r:logwrapper:s0 tcontext=u:r:init:s0 tclass=unix_stream_socket permissive=1
06-16 13:44:27.940 I/rild    (  292): type=1400 audit(0.0:518): avc: denied { write } for path="socket:[12953]" dev="sockfs" ino=12953 scontext=u:r:rild:s0 tcontext=u:r:init:s0 tclass=unix_stream_socket permissive=1
06-16 13:44:30.732 I/wpa_supplicant(  883): type=1400 audit(0.0:519): avc: denied { read } for path="/dev/socket/wpa_wlan0" scontext=u:r:wpa:s0 tcontext=u:r:init:s0 tclass=unix_dgram_socket permissive=1
06-16 13:44:30.732 I/wpa_supplicant(  883): type=1400 audit(0.0:520): avc: denied { getopt } for path="/dev/socket/wpa_wlan0" scontext=u:r:wpa:s0 tcontext=u:r:init:s0 tclass=unix_dgram_socket permissive=1
06-16 13:44:30.732 I/wpa_supplicant(  883): type=1400 audit(0.0:521): avc: denied { ioctl } for path="socket:[13035]" dev="sockfs" ino=13035 ioctlcmd=5411 scontext=u:r:wpa:s0 tcontext=u:r:init:s0 tclass=unix_dgram_socket permissive=1
06-16 13:44:30.732 I/wpa_supplicant(  883): type=1400 audit(0.0:522): avc: denied { write } for path="/dev/socket/wpa_wlan0" scontext=u:r:wpa:s0 tcontext=u:r:init:s0 tclass=unix_dgram_socket permissive=1
06-16 13:44:31.912 I/ActivityManager(  590): Killing 1446:com.android.onetimeinitializer/u0a17 (adj 906): empty #17
06-16 13:44:47.960 I/m.android.phone(  743): type=1400 audit(0.0:523): avc: denied { sendto } for path="/dev/socket/logdw" scontext=u:r:radio:s0 tcontext=u:r:init:s0 tclass=unix_dgram_socket permissive=1
06-16 13:45:29.406 W/WifiMode(  590): WiredSSID, Invalid SupportedRates!!!
06-16 13:45:29.406 W/WifiMode(  590): WiredSSID, Invalid SupportedRates!!!
06-16 13:45:29.407 W/WifiMode(  590): WiredSSID, Invalid SupportedRates!!!
06-16 13:47:04.272 I/adbd    ( 1623): type=1400 audit(0.0:524): avc: denied { execute_no_trans } for path="/system/bin/sh" dev="xvda5" ino=489 scontext=u:r:init:s0 tcontext=u:object_r:shell_exec:s0 tclass=file permissive=1
06-16 13:47:04.272 I/sh      ( 1623): type=1400 audit(0.0:525): avc: denied { execute_no_trans } for path="/system/bin/am" dev="xvda5" ino=256 scontext=u:r:init:s0 tcontext=u:object_r:system_file:s0 tclass=file permissive=1
06-16 13:47:04.404 I/app_process( 1623): type=1400 audit(0.0:526): avc: denied { sendto } for path="/dev/socket/logdw" scontext=u:r:zygote:s0 tcontext=u:r:init:s0 tclass=unix_dgram_socket permissive=1
06-16 13:47:04.416 I/main    ( 1623): type=1400 audit(0.0:527): avc: denied { execmem } for scontext=u:r:zygote:s0 tcontext=u:r:zygote:s0 tclass=process permissive=1
06-16 13:47:04.416 I/main    ( 1623): type=1400 audit(0.0:528): avc: denied { execute } for path="/dev/ashmem" dev="tmpfs" ino=8057 scontext=u:r:zygote:s0 tcontext=u:object_r:ashmem_device:s0 tclass=chr_file permissive=1
06-16 13:47:04.416 I/main    ( 1623): type=1400 audit(0.0:529): avc: denied { execute } for path=2F6465762F6173686D656D2F64616C76696B2D6A69742D636F64652D6361636865202864656C6574656429 dev="tmpfs" ino=17646 scontext=u:r:zygote:s0 tcontext=u:object_r:zygote_tmpfs:s0 tclass=file permissive=1
06-16 13:47:04.419 W/art     ( 1623): Unexpected CPU variant for X86 using defaults: x86_64
06-16 13:47:04.436 I/main    ( 1623): type=1400 audit(0.0:530): avc: denied { call } for scontext=u:r:zygote:s0 tcontext=u:r:servicemanager:s0 tclass=binder permissive=1
06-16 13:47:04.436 I/servicemanager(  257): type=1400 audit(0.0:531): avc: denied { search } for name="1623" dev="proc" ino=16834 scontext=u:r:servicemanager:s0 tcontext=u:r:zygote:s0 tclass=dir permissive=1
06-16 13:47:04.436 I/servicemanager(  257): type=1400 audit(0.0:532): avc: denied { read } for name="current" dev="proc" ino=17660 scontext=u:r:servicemanager:s0 tcontext=u:r:zygote:s0 tclass=file permissive=1
06-16 13:47:04.436 I/servicemanager(  257): type=1400 audit(0.0:533): avc: denied { open } for path="/proc/1623/attr/current" dev="proc" ino=17660 scontext=u:r:servicemanager:s0 tcontext=u:r:zygote:s0 tclass=file permissive=1
06-16 13:47:04.436 I/servicemanager(  257): type=1400 audit(0.0:534): avc: denied { getattr } for scontext=u:r:servicemanager:s0 tcontext=u:r:zygote:s0 tclass=process permissive=1
