06-16 13:40:06.858 I/main    (  266): type=1400 audit(0.0:276): avc: denied { write } for path="/dev/socket/zygote" scontext=u:r:zygote:s0 tcontext=u:r:init:s0 tclass=unix_stream_socket permissive=1
06-16 13:40:06.868 I/Zygote  (  590): Process: zygote socket opened, supported ABIS: x86_64
06-16 13:40:06.868 I/art     (  266): Starting a blocking GC HeapTrim
06-16 13:40:06.874 I/putmethod.lati(  662): type=1400 audit(0.0:277): avc: denied { sendto } for path="/dev/socket/logdw" scontext=u:r:untrusted_app:s0:c512,c768 tcontext=u:r:init:s0 tclass=unix_dgram_socket permissive=1
06-16 13:40:06.877 W/art     (  662): Unexpected CPU variant for X86 using defaults: x86_64
06-16 13:40:06.878 I/ActivityManager(  590): Start proc 662:com.android.inputmethod.latin/u0a48 for service com.android.inputmethod.latin/.LatinIME
06-16 13:40:06.879 E/BitmapFactory(  590): Unable to decode stream: java.io.FileNotFoundException: /data/system/users/0/wallpaper_orig (No such file or directory)
06-16 13:40:06.879 E/WallpaperManagerService(  590): Invalid wallpaper data
06-16 13:40:06.879 E/WallpaperManagerService(  590): Unable to apply new wallpaper
06-16 13:40:06.884 W/art     (  667): Unexpected CPU variant for X86 using defaults: x86_64
06-16 13:40:06.890 I/ActivityManager(  590): Start proc 667:com.android.systemui/u0a23 for service com.android.systemui/.ImageWallpaper
06-16 13:40:06.890 I/ActivityManager(  590): Force stopping com.android.providers.media appid=10010 user=-1: vold reset
06-16 13:40:06.891 E/BluetoothAdapter(  590): Bluetooth binder is null
06-16 13:40:06.891 I/SystemServer(  590): WebViewFactory preparation
06-16 13:40:06.892 E/BluetoothAdapter(  590): Bluetooth binder is null
06-16 13:40:06.894 I/AudioFlinger(  269): systemReady
06-16 13:40:06.901 W/sdcard  (  689): Device explicitly disabled sdcardfs
06-16 13:40:06.906 I/Zygote  (  590): Process: zygote socket opened, supported ABIS: x86
06-16 13:40:06.906 E/WVMExtractor(  590): Failed to open libwvm.so: dlopen failed: library "libwvm.so" not found
06-16 13:40:06.906 I/art     (  267): Starting a blocking GC HeapTrim
06-16 13:40:06.907 I/art     (  267): Starting a blocking GC Background
06-16 13:40:06.907 W/System  (  667): ClassLoader referenced unknown path: /system/priv-app/SystemUI/lib/x86_64
06-16 13:40:06.913 E/linker  (  279): library /system/lib/libavcodec.so with text relocation is whitelisted
06-16 13:40:06.913 W/linker  (  279): /system/lib/libavcodec.so has text relocations. This is wasting memory and prevents security hardening. Please fix.
06-16 13:40:06.913 E/linker  (  279): library /system/lib/libavcodec.so with text relocation is whitelisted
06-16 13:40:06.914 E/linker  (  279): library /system/lib/libswresample.so with text relocation is whitelisted
06-16 13:40:06.914 W/linker  (  279): /system/lib/libswresample.so has text relocations. This is wasting memory and prevents security hardening. Please fix.
06-16 13:40:06.914 E/linker  (  279): library /system/lib/libswresample.so with text relocation is whitelisted
06-16 13:40:06.919 I/FFmpegExtractor(  279): android-source:0xe78dc000
06-16 13:40:06.921 I/ActivityManager(  590): Start proc 700:WebViewLoader-x86/1037 [android.webkit.WebViewFactory$RelroFileCreator] for 
06-16 13:40:06.924 W/art     (  705): Unexpected CPU variant for X86 using defaults: x86_64
06-16 13:40:06.926 W/art     (  700): Unexpected CPU variant for X86 using defaults: x86
06-16 13:40:06.933 I/ActivityManager(  590): Start proc 705:WebViewLoader-x86_64/1037 [android.webkit.WebViewFactory$RelroFileCreator] for 
06-16 13:40:06.934 I/NetworkManagement(  590): not enabling bandwidth control
06-16 13:40:06.963 W/NetworkManagement(  590): setDataSaverMode(): already false
06-16 13:40:06.968 W/NetworkStats(  590): bandwidth controls disabled, unable to track stats
06-16 13:40:06.968 W/NetworkPolicy(  590): bandwidth controls disabled, unable to enforce policy
06-16 13:40:06.974 I/FFMPEG  (  279): Input #0, ogg, from 'android-source:0xe78dc000':
06-16 13:40:06.974 I/FFMPEG  (  279):   Duration: 00:00:00.09, start: 0.000000, bitrate: 437 kb/s
06-16 13:40:06.974 I/SystemServiceManager(  590): Starting phase 600
06-16 13:40:06.975 I/FFMPEG  (  279):     Stream #0:0: Audio: vorbis, 48000 Hz, stereo, fltp, 96 kb/s
06-16 13:40:06.975 I/FFmpegExtractor(  279): FFmpegExtrator, url: android-source:0xe78dc000, format_name: ogg, format_long_name: Ogg
06-16 13:40:06.975 I/FFmpegExtractor(  279): list the formats suppoted by ffmpeg: 
06-16 13:40:06.975 I/FFmpegExtractor(  279): ========================================
06-16 13:40:06.975 I/FFmpegExtractor(  279): ========================================
06-16 13:40:06.975 I/FFmpegExtractor(  279): adjust mime(application/ogg -> audio/vorbis)
06-16 13:40:06.975 I/FFmpegExtractor(  279): sniff through BetterSniffFFMPEG success
06-16 13:40:06.977 I/MediaPlayerService(  281): MediaPlayerService::getOMX
06-16 13:40:06.978 I/OMXClient(  281): MuxOMX ctor
06-16 13:40:06.979 I/LatinIME(  662): Hardware accelerated drawing: true
06-16 13:40:06.979 I/MediaPlayerService(  281): MediaPlayerService::getOMX
06-16 13:40:06.979 I/OMXClient(  281): MuxOMX ctor
06-16 13:40:06.979 I/OMXMaster(  276): makeComponentInstance(OMX.google.mp3.decoder) in mediacodec process
06-16 13:40:06.982 I/GnssLocationProvider(  590): WakeLock acquired by sendMessage(13, 0, null)
06-16 13:40:06.982 W/ServiceWatcher(  590): com.google.android.gms not found
06-16 13:40:06.983 W/ServiceWatcher(  590): com.google.android.gms not found
06-16 13:40:06.983 W/LocationProviderProxy-network(  590): Odd, no component found for service com.android.location.service.v3.NetworkLocationProvider
06-16 13:40:06.983 W/ServiceWatcher(  590): com.google.android.gms not found
06-16 13:40:06.984 W/ServiceWatcher(  590): com.google.android.gms not found
06-16 13:40:06.984 W/GeocoderProxy(  590): Odd, no component found for service com.android.location.service.GeocodeProvider
06-16 13:40:06.984 E/FlpHardwareProvider(  590): Error hw_get_module 'flp': -2
06-16 13:40:06.984 W/ServiceWatcher(  590): com.google.android.gms not found
06-16 13:40:06.984 W/GeofenceProxy(  590): Odd, no component found for service com.android.location.service.GeofenceProvider
06-16 13:40:06.984 E/ActivityRecognitionHardware(  590): Error hw_get_module: -2
06-16 13:40:06.984 W/ServiceWatcher(  590): com.google.android.gms not found
06-16 13:40:06.984 W/ActivityRecognitionProxy(  590): Odd, no component found for service com.android.location.service.ActivityRecognitionProvider
06-16 13:40:06.985 I/GnssLocationProvider(  590): WakeLock acquired by sendMessage(2, 1, null)
06-16 13:40:06.985 E/GnssLocationProvider(  590): no AGPS interface in set_agps_server
06-16 13:40:06.987 I/GnssLocationProvider(  590): WakeLock released by handleMessage(13, 0, null)
06-16 13:40:06.988 E/GnssLocationProvider(  590): no AGPS interface in set_agps_server
06-16 13:40:06.988 I/GnssLocationProvider(  590): WakeLock released by handleMessage(2, 1, null)
06-16 13:40:06.998 I/CommonTimeManagementService(  590): No common time service detected on this platform.  Common time services will be unavailable.
06-16 13:40:06.999 I/MediaPlayerService(  281): MediaPlayerService::getOMX
06-16 13:40:07.001 I/MmsServiceBroker(  590): Delay connecting to MmsService until an API is called
06-16 13:40:07.002 W/VoiceInteractionManagerService(  590): no available voice interaction services found for user 0
06-16 13:40:07.002 W/VoiceInteractionManagerService(  590): no available voice recognition services found for user 0
06-16 13:40:07.006 I/InputReader(  590): Reconfiguring input devices.  changes=0x00000030
06-16 13:40:07.007 I/OMXClient(  281): MuxOMX ctor
06-16 13:40:07.007 I/OMXMaster(  276): makeComponentInstance(OMX.google.amrnb.decoder) in mediacodec process
06-16 13:40:07.008 W/art     (  743): Unexpected CPU variant for X86 using defaults: x86_64
06-16 13:40:07.010 I/art     (  700): System.exit called, status: 0
06-16 13:40:07.010 I/AndroidRuntime(  700): VM exiting with result code 0, cleanup skipped.
06-16 13:40:07.012 I/ActivityManager(  590): Start proc 743:com.android.phone/1001 for added application com.android.phone
06-16 13:40:07.016 I/MediaPlayerService(  281): MediaPlayerService::getOMX
06-16 13:40:07.017 I/OMXClient(  281): MuxOMX ctor
06-16 13:40:07.017 I/OMXMaster(  276): makeComponentInstance(OMX.google.amrwb.decoder) in mediacodec process
06-16 13:40:07.017 W/art     (  762): Unexpected CPU variant for X86 using defaults: x86_64
06-16 13:40:07.018 I/MediaPlayerService(  281): MediaPlayerService::getOMX
06-16 13:40:07.019 I/OMXClient(  281): MuxOMX ctor
06-16 13:40:07.019 I/OMXMaster(  276): makeComponentInstance(OMX.google.aac.decoder) in mediacodec process
06-16 13:40:07.022 I/ActivityManager(  590): Start proc 762:com.genymobile.webrtcd/1000 for added application com.genymobile.webrtcd
06-16 13:40:07.023 I/ActivityManager(  590): START u0 {act=android.intent.action.MAIN cat=[android.intent.category.HOME] flg=0x10000100 cmp=com.android.settings/.FallbackHome} from uid 0 on display 0
06-16 13:40:07.023 W/System  (  590): ClassLoader referenced unknown path: 
06-16 13:40:07.023 W/System  (  590): ClassLoader referenced unknown path: /system/priv-app/Settings/lib/x86_64
06-16 13:40:07.025 I/MediaPlayerService(  281): MediaPlayerService::getOMX
06-16 13:40:07.025 I/OMXClient(  281): MuxOMX ctor
06-16 13:40:07.025 I/OMXMaster(  276): makeComponentInstance(OMX.google.g711.alaw.decoder) in mediacodec process
06-16 13:40:07.025 I/ActivityManager(  590): Loaded persisted task ids for user 0
06-16 13:40:07.036 I/ActivityManager(  590): Start proc 783:com.android.settings/1000 for activity com.android.settings/.FallbackHome
06-16 13:40:07.037 I/SystemServer(  590): Enabled StrictMode for system server main thread.
06-16 13:40:07.039 W/art     (  783): Unexpected CPU variant for X86 using defaults: x86_64
06-16 13:40:07.040 W/LocationProviderProxy-network(  590): Odd, no component found for service com.android.location.service.v3.NetworkLocationProvider
06-16 13:40:07.040 W/GeocoderProxy(  590): Odd, no component found for service com.android.location.service.GeocodeProvider
06-16 13:40:07.040 W/GeofenceProxy(  590): Odd, no component found for service com.android.location.service.GeofenceProvider
06-16 13:40:07.040 W/ActivityRecognitionProxy(  590): Odd, no component found for service com.android.location.service.ActivityRecognitionProvider
06-16 13:40:07.040 W/ContextImpl(  590): Calling a method in the system process without a qualified user: android.app.ContextImpl.startService:1385 com.android.server.content.SyncManager$13.run:631 android.os.Handler.handleCallback:751 android.os.Handler.dispatchMessage:95 android.os.Looper.loop:154 
06-16 13:40:07.046 I/MediaPlayerService(  281): MediaPlayerService::getOMX
06-16 13:40:07.046 I/OMXClient(  281): MuxOMX ctor
06-16 13:40:07.046 I/OMXMaster(  276): makeComponentInstance(OMX.google.g711.mlaw.decoder) in mediacodec process
06-16 13:40:07.051 W/InputAttributes(  662): No editor info for this field. Bug?
06-16 13:40:07.053 I/LatinIME:LogUtils(  662): Dictionary info: dictionary = userunigram.en_US ; version = 1750095607 ; date = ?
06-16 13:40:07.055 W/FingerprintManager(  667): isFingerprintHardwareDetected(): Service not connected!
06-16 13:40:07.055 W/FingerprintManager(  667): addLockoutResetCallback(): Service not connected!
06-16 13:40:07.056 E/ActivityThread(  662): Failed to find provider info for user_dictionary
06-16 13:40:07.056 I/LatinIME:LogUtils(  662): Dictionary info: dictionary = UserHistoryDictionary.en_US ; version = 1750095607 ; date = ?
06-16 13:40:07.057 W/System  (  743): ClassLoader referenced unknown path: /system/priv-app/TeleService/lib/x86_64
06-16 13:40:07.060 I/WifiScanningService(  590): wifi driver unloaded
06-16 13:40:07.062 I/art     (  705): System.exit called, status: 0
06-16 13:40:07.062 I/AndroidRuntime(  705): VM exiting with result code 0, cleanup skipped.
06-16 13:40:07.065 W/System  (  590): ClassLoader referenced unknown path: /system/priv-app/Telecom/lib/x86_64
06-16 13:40:07.069 I/MediaPlayerService(  281): MediaPlayerService::getOMX
06-16 13:40:07.070 I/OMXClient(  281): MuxOMX ctor
06-16 13:40:07.072 I/OMXMaster(  276): makeComponentInstance(OMX.google.vorbis.decoder) in mediacodec process
06-16 13:40:07.072 E/WVMExtractor(  667): Failed to open libwvm.so: dlopen failed: library "libwvm.so" not found
06-16 13:40:07.074 I/LatinIME:LogUtils(  662): Dictionary info: dictionary = main:en ; version = 54 ; date = 1414726273
06-16 13:40:07.082 I/FFmpegExtractor(  279): android-source:0xe78dca00
06-16 13:40:07.084 I/FFMPEG  (  279): Input #0, ogg, from 'android-source:0xe78dca00':
06-16 13:40:07.084 I/FFMPEG  (  279):   Duration: 00:00:00.23, start: 0.000000, bitrate: 293 kb/s
06-16 13:40:07.084 I/FFMPEG  (  279):     Stream #0:0: Audio: vorbis, 44100 Hz, stereo, fltp, 160 kb/s
06-16 13:40:07.084 I/FFmpegExtractor(  279): FFmpegExtrator, url: android-source:0xe78dca00, format_name: ogg, format_long_name: Ogg
06-16 13:40:07.084 I/FFmpegExtractor(  279): list the formats suppoted by ffmpeg: 
06-16 13:40:07.084 I/FFmpegExtractor(  279): ========================================
06-16 13:40:07.084 I/FFmpegExtractor(  279): ========================================
06-16 13:40:07.084 I/FFmpegExtractor(  279): adjust mime(application/ogg -> audio/vorbis)
06-16 13:40:07.084 I/FFmpegExtractor(  279): sniff through BetterSniffFFMPEG success
06-16 13:40:07.084 W/System  (  743): ClassLoader referenced unknown path: /system/priv-app/TelephonyProvider/lib/x86_64
06-16 13:40:07.094 I/MediaPlayerService(  281): MediaPlayerService::getOMX
06-16 13:40:07.099 I/OMXClient(  281): MuxOMX ctor
06-16 13:40:07.100 I/OMXMaster(  276): makeComponentInstance(OMX.google.gsm.decoder) in mediacodec process
06-16 13:40:07.102 W/System  (  783): ClassLoader referenced unknown path: /system/priv-app/Settings/lib/x86_64
06-16 13:40:07.106 E/BluetoothAdapter(  590): Bluetooth binder is null
06-16 13:40:07.109 I/Telecom (  590): SystemStateProvider: Registering car mode receiver: android.content.IntentFilter@e2104d5: TS.init@AAA
06-16 13:40:07.115 W/ContextImpl(  762): Calling a method in the system process without a qualified user: android.app.ContextImpl.startService:1385 android.content.ContextWrapper.startService:613 com.genymobile.webrtcd.WebrtcdApp.onCreate:19 android.app.Instrumentation.callApplicationOnCreate:1024 android.app.ActivityThread.handleBindApplication:5361 
06-16 13:40:07.118 I/Webrtcd.Service(  762): Received start id 1: Intent { cmp=com.genymobile.webrtcd/.LifecycleService }
06-16 13:40:07.118 I/Webrtcd.Service(  762): Starting server
06-16 13:40:07.120 I/Telecom (  590): Telecom: Non-call EVENT: AUDIO_ROUTE, Entering state QuiescentEarpieceRoute
06-16 13:40:07.124 E/BluetoothAdapter(  590): Bluetooth binder is null
06-16 13:40:07.124 E/ActivityThread(  590): Failed to find provider info for call_log
06-16 13:40:07.125 I/Telecom (  590): CallAudioModeStateMachine: Message received: null.: TS.init->CAMSM.pM_1@AAA_0
06-16 13:40:07.125 I/MediaPlayerService(  281): MediaPlayerService::getOMX
06-16 13:40:07.126 I/OMXClient(  281): MuxOMX ctor
06-16 13:40:07.126 I/OMXMaster(  276): makeComponentInstance(OMX.google.opus.decoder) in mediacodec process
06-16 13:40:07.126 I/Telecom (  590): Class: TelecomSystem.INSTANCE being set
06-16 13:40:07.126 E/BluetoothAdapter(  590): Bluetooth binder is null
06-16 13:40:07.137 W/System  (  590): ClassLoader referenced unknown path: /system/priv-app/FusedLocation/lib/x86_64
06-16 13:40:07.151 I/vol.Events(  667): writeEvent collection_started
06-16 13:40:07.151 I/MediaPlayerService(  281): MediaPlayerService::getOMX
06-16 13:40:07.151 I/OMXClient(  281): MuxOMX ctor
06-16 13:40:07.151 I/OMXMaster(  276): makeComponentInstance(OMX.google.raw.decoder) in mediacodec process
06-16 13:40:07.159 I/vol.Events(  667): writeEvent external_ringer_mode_changed normal
06-16 13:40:07.159 I/vol.Events(  667): writeEvent internal_ringer_mode_changed normal
06-16 13:40:07.160 I/MediaPlayerService(  281): MediaPlayerService::getOMX
06-16 13:40:07.160 I/OMXClient(  281): MuxOMX ctor
06-16 13:40:07.160 I/OMXMaster(  276): makeComponentInstance(OMX.google.flac.decoder) in mediacodec process
06-16 13:40:07.160 E/OMX     (  276): FAILED to allocate omx component 'OMX.google.flac.decoder' err=InvalidComponentName(0x80001002)
06-16 13:40:07.160 I/MediaPlayerService(  281): MediaPlayerService::getOMX
06-16 13:40:07.160 I/OMXClient(  281): MuxOMX ctor
06-16 13:40:07.160 I/OMXMaster(  276): makeComponentInstance(OMX.google.mp2.decoder) in mediacodec process
06-16 13:40:07.160 E/OMX     (  276): FAILED to allocate omx component 'OMX.google.mp2.decoder' err=InvalidComponentName(0x80001002)
06-16 13:40:07.160 I/MediaPlayerService(  281): MediaPlayerService::getOMX
06-16 13:40:07.160 I/OMXClient(  281): MuxOMX ctor
06-16 13:40:07.160 I/OMXMaster(  276): makeComponentInstance(OMX.google.ac3.decoder) in mediacodec process
06-16 13:40:07.160 E/OMX     (  276): FAILED to allocate omx component 'OMX.google.ac3.decoder' err=InvalidComponentName(0x80001002)
06-16 13:40:07.160 I/MediaPlayerService(  281): MediaPlayerService::getOMX
06-16 13:40:07.160 I/OMXClient(  281): MuxOMX ctor
06-16 13:40:07.160 I/OMXMaster(  276): makeComponentInstance(OMX.ffmpeg.pcm.decoder) in mediacodec process
06-16 13:40:07.169 E/linker  (  276): library /system/lib/libavcodec.so with text relocation is whitelisted
06-16 13:40:07.169 W/linker  (  276): /system/lib/libavcodec.so has text relocations. This is wasting memory and prevents security hardening. Please fix.
06-16 13:40:07.170 I/Binder:276_2(  741): type=1400 audit(0.0:310): avc: denied { execmod } for path="/system/lib/libavcodec.so" dev="xvda5" ino=2166 scontext=u:r:mediacodec:s0 tcontext=u:object_r:system_file:s0 tclass=file permissive=1
06-16 13:40:07.170 E/linker  (  276): library /system/lib/libavcodec.so with text relocation is whitelisted
06-16 13:40:07.170 E/linker  (  276): library /system/lib/libswresample.so with text relocation is whitelisted
06-16 13:40:07.170 W/linker  (  276): /system/lib/libswresample.so has text relocations. This is wasting memory and prevents security hardening. Please fix.
06-16 13:40:07.170 E/linker  (  276): library /system/lib/libswresample.so with text relocation is whitelisted
06-16 13:40:07.190 I/Binder:265_3(  615): type=1400 audit(0.0:311): avc: denied { sendto } for path="/dev/socket/logdw" scontext=u:r:surfaceflinger:s0 tcontext=u:r:init:s0 tclass=unix_dgram_socket permissive=1
06-16 13:40:07.198 W/VibratorService(  590): Tried to stop vibrating but there is no vibrator device.
06-16 13:40:07.201 I/SyncManager(  590): Got SyncJobService instance.
06-16 13:40:07.205 E/ActivityThread(  590): Failed to find provider info for com.android.calendar
06-16 13:40:07.205 E/ActivityThread(  590): Failed to find provider info for com.android.calendar
06-16 13:40:07.206 I/Telecom (  590): WiredHeadsetManager: ACTION_HEADSET_PLUG event, plugged in: false, : WHC.oADA@AAE
06-16 13:40:07.210 I/rild    (  292): type=1400 audit(0.0:312): avc: denied { accept } for path="/dev/socket/rild" scontext=u:r:rild:s0 tcontext=u:r:init:s0 tclass=unix_stream_socket permissive=1
06-16 13:40:07.210 I/rild    (  292): type=1400 audit(0.0:313): avc: denied { getopt } for path="/dev/socket/rild" scontext=u:r:rild:s0 tcontext=u:r:init:s0 tclass=unix_stream_socket permissive=1
06-16 13:40:07.210 I/rild    (  292): type=1400 audit(0.0:314): avc: denied { sendto } for path="/dev/socket/logdw" scontext=u:r:rild:s0 tcontext=u:r:init:s0 tclass=unix_dgram_socket permissive=1
06-16 13:40:07.210 I/rild    (  292): type=1400 audit(0.0:315): avc: denied { write } for path="socket:[12953]" dev="sockfs" ino=12953 scontext=u:r:rild:s0 tcontext=u:r:init:s0 tclass=unix_stream_socket permissive=1
06-16 13:40:07.210 I/rild    (  292): type=1400 audit(0.0:316): avc: denied { read } for path="socket:[12953]" dev="sockfs" ino=12953 scontext=u:r:rild:s0 tcontext=u:r:init:s0 tclass=unix_stream_socket permissive=1
06-16 13:40:07.213 I/ActivityManager(  590): user 0 is still locked. Cannot load recents
06-16 13:40:07.222 I/DefaultPermGrantPolicy(  590): Granting permissions to default dialer app for user:0
06-16 13:40:07.231 I/Telecom (  590): PhoneAccountRegistrar: SimCallManager queried, returning: null: TSI.gSCM@AAM
06-16 13:40:07.235 I/FusedLocation(  590): engine started (com.android.location.fused)
06-16 13:40:07.240 I/MediaPlayerService(  281): MediaPlayerService::getOMX
06-16 13:40:07.240 I/OMXClient(  281): MuxOMX ctor
06-16 13:40:07.241 I/OMXMaster(  276): makeComponentInstance(OMX.google.h263.decoder) in mediacodec process
06-16 13:40:07.249 I/OpenGLRenderer(  783): Initialized EGL, version 1.4
06-16 13:40:07.258 I/vol.Events(  667): writeEvent level_changed STREAM_ALARM 6
06-16 13:40:07.258 I/vol.Events(  667): writeEvent level_changed STREAM_BLUETOOTH_SCO 7
06-16 13:40:07.258 I/vol.Events(  667): writeEvent level_changed STREAM_MUSIC 11
06-16 13:40:07.259 I/vol.Events(  667): writeEvent level_changed STREAM_RING 5
06-16 13:40:07.259 I/vol.Events(  667): writeEvent level_changed STREAM_SYSTEM 5
06-16 13:40:07.265 I/vol.Events(  667): writeEvent level_changed STREAM_VOICE_CALL 4
06-16 13:40:07.270 I/Thread-2(  871): type=1400 audit(0.0:317): avc: denied { write } for name="token.js" dev="xvda7" ino=8120 scontext=u:r:system_app:s0 tcontext=u:object_r:system_data_file:s0 tclass=file permissive=1
06-16 13:40:07.286 W/KeyguardServiceDelegate(  590): onScreenTurningOn(): no keyguard service!
06-16 13:40:07.288 I/ActivityManager(  590): Displayed com.android.settings/.FallbackHome: +262ms
06-16 13:40:07.292 E/OMXNodeInstance(  276): getExtensionIndex(114000c:google.h263.decoder, OMX.google.android.index.configureVideoTunnelMode) ERROR: UnsupportedIndex(0x8000101a)
06-16 13:40:07.292 W/OMXNodeInstance(  276): [114000c:google.h263.decoder] component does not support metadata mode; using fallback
06-16 13:40:07.294 I/MediaPlayerService(  281): MediaPlayerService::getOMX
06-16 13:40:07.294 I/OMXClient(  281): MuxOMX ctor
06-16 13:40:07.294 I/OMXMaster(  276): makeComponentInstance(OMX.google.h264.decoder) in mediacodec process
06-16 13:40:07.305 I/org.webrtc.Logging(  762): EglBase14Impl: SDK version: 24. isEGL14Supported: true
06-16 13:40:07.305 I/org.webrtc.Logging(  762): EglBase14Impl: Using OpenGL ES version 2
06-16 13:40:07.320 I/org.webrtc.Logging(  762): NativeLibrary: Loading native library: jingle_peerconnection_so
06-16 13:40:07.320 I/org.webrtc.Logging(  762): NativeLibrary: Loading library: jingle_peerconnection_so
06-16 13:40:07.342 I/Binder:282_2(  578): type=1400 audit(0.0:318): avc: denied { read } for path="socket:[13592]" dev="sockfs" ino=13592 scontext=u:r:netd:s0 tcontext=u:r:init:s0 tclass=unix_stream_socket permissive=1
06-16 13:40:07.342 I/Binder:282_2(  578): type=1400 audit(0.0:319): avc: denied { sendto } for path="/dev/socket/logdw" scontext=u:r:netd:s0 tcontext=u:r:init:s0 tclass=unix_dgram_socket permissive=1
06-16 13:40:07.342 I/Binder:282_2(  578): type=1400 audit(0.0:320): avc: denied { write } for path="socket:[13592]" dev="sockfs" ino=13592 scontext=u:r:netd:s0 tcontext=u:r:init:s0 tclass=unix_stream_socket permissive=1
06-16 13:40:07.342 E/SoftapController(  282): Softap fwReload - NULL path for STA
06-16 13:40:07.346 W/ACodec  (  281): [OMX.google.h264.decoder] stopping checking profiles after 32: 2/8000
06-16 13:40:07.346 E/OMXNodeInstance(  276): getExtensionIndex(114000d:google.h264.decoder, OMX.google.android.index.configureVideoTunnelMode) ERROR: UnsupportedIndex(0x8000101a)
06-16 13:40:07.346 W/OMXNodeInstance(  276): [114000d:google.h264.decoder] component does not support metadata mode; using fallback
06-16 13:40:07.347 I/MediaPlayerService(  281): MediaPlayerService::getOMX
06-16 13:40:07.351 I/OMXClient(  281): MuxOMX ctor
06-16 13:40:07.352 I/OMXMaster(  276): makeComponentInstance(OMX.google.vp8.decoder) in mediacodec process
06-16 13:40:07.353 E/WifiMonitor(  590): killSupplicant p2pfalse init.svc.wpa_supplicant=unknown init.svc.p2p_supplicant=unknown
06-16 13:40:07.354 E/wifi    (  590): Can not initialize the vendor function pointer table
06-16 13:40:07.354 E/WifiNative-HAL(  590): Could not start hal
06-16 13:40:07.354 E/WifiStateMachine(  590): Failed to start HAL
06-16 13:40:07.359 E/WifiHW  (  590): Unable to open connection to supplicant on "@android:wpa_wlan0": No such file or directory
06-16 13:40:07.360 I/SurfaceFlinger(  265): Boot is finished (5211 ms)
06-16 13:40:07.366 I/org.webrtc.Logging(  762): PeerConnectionFactory: PeerConnectionFactory was initialized without an injected Loggable. Any existing Loggable will be deleted.
06-16 13:40:07.374 I/wpa_supplicant(  883): type=1400 audit(0.0:321): avc: denied { read write } for path="socket:[13035]" dev="sockfs" ino=13035 scontext=u:r:wpa:s0 tcontext=u:r:init:s0 tclass=unix_dgram_socket permissive=1
06-16 13:40:07.375 I/StatusBarManagerService(  590): registerStatusBar bar=com.android.internal.statusbar.IStatusBar$Stub$Proxy@99cba01
06-16 13:40:07.376 I/org.webrtc.Logging(  762): WebRtcAudioManagerExternal: Sample rate is set to 44100 Hz
06-16 13:40:07.376 I/org.webrtc.Logging(  762): WebRtcAudioManagerExternal: Sample rate is set to 44100 Hz
06-16 13:40:07.376 I/org.webrtc.Logging(  762): JavaAudioDeviceModule: createAudioDeviceModule
06-16 13:40:07.376 I/org.webrtc.Logging(  762): JavaAudioDeviceModule: HW NS will not be used.
06-16 13:40:07.376 I/org.webrtc.Logging(  762): JavaAudioDeviceModule: HW AEC will not be used.
06-16 13:40:07.377 I/org.webrtc.Logging(  762): WebRtcAudioEffectsExternal: ctor@[name=Thread-2, id=36]
06-16 13:40:07.377 I/org.webrtc.Logging(  762): WebRtcAudioRecordExternal: ctor@[name=Thread-2, id=36]
06-16 13:40:07.377 I/org.webrtc.Logging(  762): WebRtcAudioTrackExternal: ctor@[name=Thread-2, id=36]
06-16 13:40:07.382 I/Binder:269_1(  353): type=1400 audit(0.0:322): avc: denied { sendto } for path="/dev/socket/logdw" scontext=u:r:audioserver:s0 tcontext=u:r:init:s0 tclass=unix_dgram_socket permissive=1
06-16 13:40:07.392 E/ActivityThread(  743): Failed to find provider info for com.android.contacts
06-16 13:40:07.392 W/CallerInfoCache(  743): cursor is null
06-16 13:40:07.394 E/OMXNodeInstance(  276): getExtensionIndex(114000e:google.vp8.decoder, OMX.google.android.index.configureVideoTunnelMode) ERROR: UnsupportedIndex(0x8000101a)
06-16 13:40:07.394 W/OMXNodeInstance(  276): [114000e:google.vp8.decoder] component does not support metadata mode; using fallback
06-16 13:40:07.399 E/BluetoothAdapter(  743): Bluetooth binder is null
06-16 13:40:07.399 I/MediaPlayerService(  281): MediaPlayerService::getOMX
06-16 13:40:07.400 I/OMXClient(  281): MuxOMX ctor
06-16 13:40:07.400 I/OMXMaster(  276): makeComponentInstance(OMX.google.vp9.decoder) in mediacodec process
06-16 13:40:07.402 I/Thread-2(  894): type=1400 audit(0.0:323): avc: denied { write } for name="audio_out" dev="tmpfs" ino=9366 scontext=u:r:system_app:s0 tcontext=u:object_r:socket_device:s0 tclass=sock_file permissive=1
06-16 13:40:07.406 I/audioserver(  344): type=1400 audit(0.0:324): avc: denied { getopt } for path="/dev/socket/audio_out" scontext=u:r:audioserver:s0 tcontext=u:r:init:s0 tclass=unix_stream_socket permissive=1
06-16 13:40:07.406 I/audioserver(  344): type=1400 audit(0.0:325): avc: denied { setopt } for path="/dev/socket/audio_out" scontext=u:r:audioserver:s0 tcontext=u:r:init:s0 tclass=unix_stream_socket permissive=1
06-16 13:40:07.408 I/genymotion_audio(  269): pcm server connected
06-16 13:40:07.408 I/genymotion_audio(  269): pcm server starting
06-16 13:40:07.410 E/OMXNodeInstance(  276): getExtensionIndex(114000f:google.vp9.decoder, OMX.google.android.index.configureVideoTunnelMode) ERROR: UnsupportedIndex(0x8000101a)
06-16 13:40:07.410 W/OMXNodeInstance(  276): [114000f:google.vp9.decoder] component does not support metadata mode; using fallback
06-16 13:40:07.412 I/MediaPlayerService(  281): MediaPlayerService::getOMX
06-16 13:40:07.412 I/OMXClient(  281): MuxOMX ctor
06-16 13:40:07.412 I/OMXMaster(  276): makeComponentInstance(OMX.google.hevc.decoder) in mediacodec process
06-16 13:40:07.418 I/wpa_supplicant(  883): type=1400 audit(0.0:326): avc: denied { sendto } for path="/dev/socket/logdw" scontext=u:r:wpa:s0 tcontext=u:r:init:s0 tclass=unix_dgram_socket permissive=1
06-16 13:40:07.422 I/wpa_supplicant(  883): Successfully initialized wpa_supplicant
06-16 13:40:07.430 I/surfaceflinger(  265): type=1400 audit(0.0:327): avc: denied { execmem } for scontext=u:r:surfaceflinger:s0 tcontext=u:r:surfaceflinger:s0 tclass=process permissive=1
06-16 13:40:07.434 I/genybaseband(  297): type=1400 audit(0.0:328): avc: denied { read } for path="socket:[8926]" dev="sockfs" ino=8926 scontext=u:r:logwrapper:s0 tcontext=u:r:init:s0 tclass=unix_stream_socket permissive=1
06-16 13:40:07.434 I/genybaseband(  297): type=1400 audit(0.0:329): avc: denied { write } for path="socket:[8921]" dev="sockfs" ino=8921 scontext=u:r:logwrapper:s0 tcontext=u:r:logwrapper:s0 tclass=tcp_socket permissive=1
06-16 13:40:07.435 I/Telephony(  743): TtyManager: updateUiTtyMode -1 -> 0
06-16 13:40:07.440 I/GnssLocationProvider(  590): WakeLock acquired by sendMessage(12, 0, null)
06-16 13:40:07.441 I/GnssLocationProvider(  590): WakeLock released by handleMessage(12, 0, null)
06-16 13:40:07.451 I/ActivityManager(  590): Start proc 898:com.android.cellbroadcastreceiver/u0a4 for broadcast com.android.cellbroadcastreceiver/.CellBroadcastReceiver
06-16 13:40:07.463 E/wpa_supplicant(  883): global ctrl interface @android:wpa_wlan0 matches ctrl interface wlan0 - do not open per-interface ctrl interface
06-16 13:40:07.472 W/art     (  898): Unexpected CPU variant for X86 using defaults: x86_64
06-16 13:40:07.478 E/OMXNodeInstance(  276): getExtensionIndex(1140010:google.hevc.decoder, OMX.google.android.index.configureVideoTunnelMode) ERROR: UnsupportedIndex(0x8000101a)
06-16 13:40:07.478 W/OMXNodeInstance(  276): [1140010:google.hevc.decoder] component does not support metadata mode; using fallback
06-16 13:40:07.483 I/MediaPlayerService(  281): MediaPlayerService::getOMX
06-16 13:40:07.483 I/OMXClient(  281): MuxOMX ctor
06-16 13:40:07.483 I/OMXMaster(  276): makeComponentInstance(OMX.google.mpeg2v.decoder) in mediacodec process
06-16 13:40:07.483 E/OMX     (  276): FAILED to allocate omx component 'OMX.google.mpeg2v.decoder' err=InvalidComponentName(0x80001002)
06-16 13:40:07.483 I/MediaPlayerService(  281): MediaPlayerService::getOMX
06-16 13:40:07.483 I/OMXClient(  281): MuxOMX ctor
06-16 13:40:07.483 I/OMXMaster(  276): makeComponentInstance(OMX.ffmpeg.mpeg4.decoder) in mediacodec process
06-16 13:40:07.491 E/linker  (  276): library /system/lib/libavcodec.so with text relocation is whitelisted
06-16 13:40:07.491 W/linker  (  276): /system/lib/libavcodec.so has text relocations. This is wasting memory and prevents security hardening. Please fix.
06-16 13:40:07.491 E/linker  (  276): library /system/lib/libavcodec.so with text relocation is whitelisted
06-16 13:40:07.492 E/linker  (  276): library /system/lib/libswscale.so with text relocation is whitelisted
06-16 13:40:07.492 W/linker  (  276): /system/lib/libswscale.so has text relocations. This is wasting memory and prevents security hardening. Please fix.
06-16 13:40:07.492 E/linker  (  276): library /system/lib/libswscale.so with text relocation is whitelisted
06-16 13:40:07.495 E/PhoneInterfaceManager(  743): [PhoneIntfMgr] getIccId: No UICC
06-16 13:40:07.499 I/Telecom (  590): PhoneAccountRegistrar: New phone account registered: [[ ] PhoneAccount: ComponentInfo{com.android.phone/com.android.services.telephony.TelephonyConnectionService}, [e0184adedf913b076626646d3f52c3b49c39ad6d], UserHandle{0} Capabilities: CallProvider MultiUser PlaceEmerg SimSub  Schemes: tel voicemail  Extras: null]: TSI.rPA@AAU
06-16 13:40:07.500 E/linker  (  276): library /system/lib/libswresample.so with text relocation is whitelisted
06-16 13:40:07.500 W/linker  (  276): /system/lib/libswresample.so has text relocations. This is wasting memory and prevents security hardening. Please fix.
06-16 13:40:07.500 I/Telecom (  590): : Sending phone-account registered intent as user: TSI.rPA@AAU
06-16 13:40:07.501 W/System  (  898): ClassLoader referenced unknown path: /system/priv-app/CellBroadcastReceiver/lib/x86_64
06-16 13:40:07.501 E/linker  (  276): library /system/lib/libswresample.so with text relocation is whitelisted
06-16 13:40:07.502 I/Telephony(  743): AccountEntry: Registered phoneAccount: [[ ] PhoneAccount: ComponentInfo{com.android.phone/com.android.services.telephony.TelephonyConnectionService}, [e0184adedf913b076626646d3f52c3b49c39ad6d], UserHandle{0} Capabilities: CallProvider MultiUser PlaceEmerg SimSub  Schemes: tel voicemail  Extras: null] with handle: ComponentInfo{com.android.phone/com.android.services.telephony.TelephonyConnectionService}, [e0184adedf913b076626646d3f52c3b49c39ad6d], UserHandle{0}
06-16 13:40:07.504 I/Telephony(  743): PstnIncomingCallNotifier: Registering: Handler (com.android.internal.telephony.GsmCdmaPhone) {a963f5c}
06-16 13:40:07.507 E/OMXNodeInstance(  276): getParameter(1140011:ffmpeg.mpeg4.decoder, ParamVideoProfileLevelQuerySupported(0x600000f)) ERROR: UnsupportedIndex(0x8000101a)
06-16 13:40:07.507 E/OMXNodeInstance(  276): getExtensionIndex(1140011:ffmpeg.mpeg4.decoder, OMX.google.android.index.configureVideoTunnelMode) ERROR: UnsupportedIndex(0x8000101a)
06-16 13:40:07.507 W/OMXNodeInstance(  276): [1140011:ffmpeg.mpeg4.decoder] component does not support metadata mode; using fallback
06-16 13:40:07.507 E/OMXNodeInstance(  276): getExtensionIndex(1140011:ffmpeg.mpeg4.decoder, OMX.google.android.index.prepareForAdaptivePlayback) ERROR: UnsupportedIndex(0x8000101a)
06-16 13:40:07.507 I/Telephony(  743): TelecomAccountRegistry: Unregistering phone account ComponentInfo{com.android.phone/com.android.services.telephony.TelephonyConnectionService}, [5fef04621e9a9b41849c3df35e75799299008300], UserHandle{0}.
06-16 13:40:07.508 I/MediaPlayerService(  281): MediaPlayerService::getOMX
06-16 13:40:07.508 I/OMXClient(  281): MuxOMX ctor
06-16 13:40:07.508 I/OMXMaster(  276): makeComponentInstance(OMX.google.aac.encoder) in mediacodec process
06-16 13:40:07.508 I/Telecom (  590): : Sending phone-account unregistered intent as user: TSI.uPA@AAc
06-16 13:40:07.515 I/MediaPlayerService(  281): MediaPlayerService::getOMX
06-16 13:40:07.515 I/GnssLocationProvider(  590): WakeLock acquired by sendMessage(12, 0, null)
06-16 13:40:07.515 I/OMXClient(  281): MuxOMX ctor
06-16 13:40:07.515 I/OMXMaster(  276): makeComponentInstance(OMX.google.amrnb.encoder) in mediacodec process
06-16 13:40:07.516 I/GnssLocationProvider(  590): WakeLock released by handleMessage(12, 0, null)
06-16 13:40:07.519 I/WifiService(  590): WifiService trying to set country code to us with persist set to true
06-16 13:40:07.519 I/MediaPlayerService(  281): MediaPlayerService::getOMX
06-16 13:40:07.519 I/OMXClient(  281): MuxOMX ctor
06-16 13:40:07.519 I/OMXMaster(  276): makeComponentInstance(OMX.google.amrwb.encoder) in mediacodec process
06-16 13:40:07.525 I/MediaPlayerService(  281): MediaPlayerService::getOMX
06-16 13:40:07.525 I/OMXClient(  281): MuxOMX ctor
06-16 13:40:07.525 I/OMXMaster(  276): makeComponentInstance(OMX.google.h263.encoder) in mediacodec process
06-16 13:40:07.541 I/Telephony(  743): PstnIncomingCallNotifier: Unregistering: Handler (com.android.internal.telephony.GsmCdmaPhone) {a963f5c}
06-16 13:40:07.541 E/PhoneInterfaceManager(  743): [PhoneIntfMgr] getIccId: No UICC
06-16 13:40:07.542 I/Telecom (  590): PhoneAccountRegistrar: [ComponentInfo{com.android.phone/com.android.services.telephony.TelephonyConnectionService}, [e0184adedf913b076626646d3f52c3b49c39ad6d], UserHandle{0}(icon: Icon(typ=BITMAP size=19x24) -> Icon(typ=BITMAP size=19x24))]: TSI.rPA@AAo
06-16 13:40:07.543 I/Telecom (  590): : Sending phone-account registered intent as user: TSI.rPA@AAo
06-16 13:40:07.543 I/Telephony(  743): AccountEntry: Registered phoneAccount: [[ ] PhoneAccount: ComponentInfo{com.android.phone/com.android.services.telephony.TelephonyConnectionService}, [e0184adedf913b076626646d3f52c3b49c39ad6d], UserHandle{0} Capabilities: CallProvider MultiUser PlaceEmerg SimSub  Schemes: tel voicemail  Extras: null] with handle: ComponentInfo{com.android.phone/com.android.services.telephony.TelephonyConnectionService}, [e0184adedf913b076626646d3f52c3b49c39ad6d], UserHandle{0}
06-16 13:40:07.543 I/Telephony(  743): PstnIncomingCallNotifier: Registering: Handler (com.android.internal.telephony.GsmCdmaPhone) {a963f5c}
06-16 13:40:07.551 I/SoftMPEG4Encoder(  276): Construct SoftMPEG4Encoder
06-16 13:40:07.552 W/System  (  667): ClassLoader referenced unknown path: 
06-16 13:40:07.552 W/System  (  667): ClassLoader referenced unknown path: /system/priv-app/Dialer/lib/x86_64
06-16 13:40:07.553 W/ACodec  (  281): do not know color format 0x7f000789 = 2130708361
06-16 13:40:07.553 E/OMXNodeInstance(  276): getConfig(1140015:google.h263.encoder, ConfigAndroidIntraRefresh(0x6f60000a)) ERROR: Undefined(0x80001001)
06-16 13:40:07.560 I/MediaPlayerService(  281): MediaPlayerService::getOMX
06-16 13:40:07.561 I/OMXClient(  281): MuxOMX ctor
06-16 13:40:07.562 I/OMXMaster(  276): makeComponentInstance(OMX.google.h264.encoder) in mediacodec process
06-16 13:40:07.568 E/BluetoothAdapter(  667): Bluetooth binder is null
06-16 13:40:07.572 I/ActivityManager(  590): Config changes=3 {1.0 310mcc270mnc [en_US] ldltr sw600dp w600dp h952dp 160dpi lrg port -touch qwerty/v/v -nav/h s.6}
06-16 13:40:07.576 I/SystemServiceManager(  590): Starting phase 1000
06-16 13:40:07.587 I/ActivityManager(  590): Start proc 993:android.ext.services/u0a12 for on-hold
06-16 13:40:07.590 W/ACodec  (  281): do not know color format 0x7f000789 = 2130708361
06-16 13:40:07.590 W/art     (  993): Unexpected CPU variant for X86 using defaults: x86_64
06-16 13:40:07.590 I/MediaPlayerService(  281): MediaPlayerService::getOMX
06-16 13:40:07.590 I/OMXClient(  281): MuxOMX ctor
06-16 13:40:07.590 I/OMXMaster(  276): makeComponentInstance(OMX.google.mpeg4.encoder) in mediacodec process
06-16 13:40:07.594 I/GnssLocationProvider(  590): WakeLock acquired by sendMessage(12, 0, null)
06-16 13:40:07.594 I/GnssLocationProvider(  590): WakeLock released by handleMessage(12, 0, null)
06-16 13:40:07.612 I/SoftMPEG4Encoder(  276): Construct SoftMPEG4Encoder
06-16 13:40:07.613 W/ACodec  (  281): do not know color format 0x7f000789 = 2130708361
06-16 13:40:07.613 E/OMXNodeInstance(  276): getConfig(1140017:google.mpeg4.encoder, ConfigAndroidIntraRefresh(0x6f60000a)) ERROR: Undefined(0x80001001)
06-16 13:40:07.614 I/MediaPlayerService(  281): MediaPlayerService::getOMX
06-16 13:40:07.614 I/OMXClient(  281): MuxOMX ctor
06-16 13:40:07.614 I/OMXMaster(  276): makeComponentInstance(OMX.google.flac.encoder) in mediacodec process
06-16 13:40:07.624 I/WindowManager(  590): Destroying surface Surface(name=com.android.settings/com.android.settings.FallbackHome) called by com.android.server.wm.WindowStateAnimator.destroySurface:2016 com.android.server.wm.WindowStateAnimator.destroySurfaceLocked:882 com.android.server.wm.WindowState.removeLocked:1456 com.android.server.wm.WindowManagerService.removeWindowInnerLocked:2485 com.android.server.wm.WindowManagerService.removeWindowLocked:2443 com.android.server.wm.WindowManagerService.removeWindowLocked:2312 com.android.server.wm.WindowManagerService.removeWindow:2307 com.android.server.wm.Session.remove:202 
06-16 13:40:07.633 I/ActivityManager(  590): Start proc 1011:com.android.deskclock/u0a38 for broadcast com.android.deskclock/.AlarmInitReceiver
06-16 13:40:07.639 I/Telephony(  743): PstnIncomingCallNotifier: Unregistering: Handler (com.android.internal.telephony.GsmCdmaPhone) {a963f5c}
06-16 13:40:07.641 E/PhoneInterfaceManager(  743): [PhoneIntfMgr] getIccId: No UICC
06-16 13:40:07.641 I/CameraManagerGlobal(  667): Connecting to camera service
06-16 13:40:07.643 I/Telecom (  590): PhoneAccountRegistrar: [ComponentInfo{com.android.phone/com.android.services.telephony.TelephonyConnectionService}, [e0184adedf913b076626646d3f52c3b49c39ad6d], UserHandle{0}(addr: tel:*********** -> tel:)(icon: Icon(typ=BITMAP size=19x24) -> Icon(typ=BITMAP size=19x24))(subAddr: tel:*********** -> tel:)]: TSI.rPA@AA4
06-16 13:40:07.643 I/Telecom (  590): : Sending phone-account registered intent as user: TSI.rPA@AA4
06-16 13:40:07.649 I/CameraService(  270): getCameraCharacteristics: Switching to HAL1 shim implementation...
06-16 13:40:07.650 I/CameraService(  270): CameraService::connect call (PID -1 "cameraserver", camera ID 0) for HAL version default and Camera API version 1
06-16 13:40:07.650 E/CameraService(  270): getCameraPriorityFromProcState: Received invalid process state -1 from ActivityManagerService!
06-16 13:40:07.651 W/art     ( 1011): Unexpected CPU variant for X86 using defaults: x86_64
06-16 13:40:07.651 I/Telephony(  743): AccountEntry: Registered phoneAccount: [[ ] PhoneAccount: ComponentInfo{com.android.phone/com.android.services.telephony.TelephonyConnectionService}, [e0184adedf913b076626646d3f52c3b49c39ad6d], UserHandle{0} Capabilities: CallProvider MultiUser PlaceEmerg SimSub  Schemes: tel voicemail  Extras: null] with handle: ComponentInfo{com.android.phone/com.android.services.telephony.TelephonyConnectionService}, [e0184adedf913b076626646d3f52c3b49c39ad6d], UserHandle{0}
06-16 13:40:07.651 I/Telephony(  743): PstnIncomingCallNotifier: Registering: Handler (com.android.internal.telephony.GsmCdmaPhone) {a963f5c}
06-16 13:40:07.653 E/linker  (  281): library /system/lib/libavcodec.so with text relocation is whitelisted
06-16 13:40:07.653 W/linker  (  281): /system/lib/libavcodec.so has text relocations. This is wasting memory and prevents security hardening. Please fix.
06-16 13:40:07.653 E/linker  (  281): library /system/lib/libavcodec.so with text relocation is whitelisted
06-16 13:40:07.655 I/GnssLocationProvider(  590): WakeLock acquired by sendMessage(12, 0, null)
06-16 13:40:07.656 I/MediaPlayerService(  281): MediaPlayerService::getOMX
06-16 13:40:07.656 I/OMXClient(  281): MuxOMX ctor
06-16 13:40:07.656 I/OMXMaster(  276): makeComponentInstance(OMX.google.vp8.encoder) in mediacodec process
06-16 13:40:07.656 I/GnssLocationProvider(  590): WakeLock released by handleMessage(12, 0, null)
06-16 13:40:07.657 W/System  (  993): ClassLoader referenced unknown path: /system/priv-app/ExtServices/lib/x86_64
06-16 13:40:07.657 E/linker  (  281): library /system/lib/libswresample.so with text relocation is whitelisted
06-16 13:40:07.657 W/linker  (  281): /system/lib/libswresample.so has text relocations. This is wasting memory and prevents security hardening. Please fix.
06-16 13:40:07.657 E/linker  (  281): library /system/lib/libswresample.so with text relocation is whitelisted
06-16 13:40:07.667 E/WVMExtractor(  281): Failed to open libwvm.so: dlopen failed: library "libwvm.so" not found
06-16 13:40:07.671 I/Telephony(  743): PstnIncomingCallNotifier: Unregistering: Handler (com.android.internal.telephony.GsmCdmaPhone) {a963f5c}
06-16 13:40:07.672 E/PhoneInterfaceManager(  743): [PhoneIntfMgr] getIccId: No UICC
06-16 13:40:07.673 I/Telecom (  590): PhoneAccountRegistrar: [ComponentInfo{com.android.phone/com.android.services.telephony.TelephonyConnectionService}, [e0184adedf913b076626646d3f52c3b49c39ad6d], UserHandle{0}(icon: Icon(typ=BITMAP size=19x24) -> Icon(typ=BITMAP size=19x24))]: TSI.rPA@ABI
06-16 13:40:07.673 I/Telecom (  590): : Sending phone-account registered intent as user: TSI.rPA@ABI
06-16 13:40:07.674 I/FFmpegExtractor(  279): android-source:0xe78dd400
06-16 13:40:07.675 I/Telephony(  743): AccountEntry: Registered phoneAccount: [[ ] PhoneAccount: ComponentInfo{com.android.phone/com.android.services.telephony.TelephonyConnectionService}, [e0184adedf913b076626646d3f52c3b49c39ad6d], UserHandle{0} Capabilities: CallProvider MultiUser PlaceEmerg SimSub  Schemes: tel voicemail  Extras: null] with handle: ComponentInfo{com.android.phone/com.android.services.telephony.TelephonyConnectionService}, [e0184adedf913b076626646d3f52c3b49c39ad6d], UserHandle{0}
06-16 13:40:07.675 I/Telephony(  743): PstnIncomingCallNotifier: Registering: Handler (com.android.internal.telephony.GsmCdmaPhone) {a963f5c}
06-16 13:40:07.676 I/FFMPEG  (  279): Input #0, ogg, from 'android-source:0xe78dd400':
06-16 13:40:07.676 I/FFMPEG  (  279):   Duration: 00:00:00.42, start: 0.000000, bitrate: 113 kb/s
06-16 13:40:07.676 I/FFMPEG  (  279):     Stream #0:0: Audio: vorbis, 48000 Hz, mono, fltp, 48 kb/s
06-16 13:40:07.676 I/FFMPEG  (  279):     Metadata:
06-16 13:40:07.676 I/FFMPEG  (  279):       TITLE           : Camera Shutter
06-16 13:40:07.676 I/FFMPEG  (  279):       ARTIST          : (c) 2012 Android Open Source Project
06-16 13:40:07.676 I/FFmpegExtractor(  279): FFmpegExtrator, url: android-source:0xe78dd400, format_name: ogg, format_long_name: Ogg
06-16 13:40:07.676 I/FFmpegExtractor(  279): list the formats suppoted by ffmpeg: 
06-16 13:40:07.676 I/FFmpegExtractor(  279): ========================================
06-16 13:40:07.676 I/FFmpegExtractor(  279): ========================================
06-16 13:40:07.676 I/FFmpegExtractor(  279): adjust mime(application/ogg -> audio/vorbis)
06-16 13:40:07.676 I/FFmpegExtractor(  279): sniff through BetterSniffFFMPEG success
06-16 13:40:07.689 I/FFmpegExtractor(  279): android-source:0xe60c6000
06-16 13:40:07.690 I/FFMPEG  (  279): Input #0, ogg, from 'android-source:0xe60c6000':
06-16 13:40:07.690 I/FFMPEG  (  279):   Duration: 00:00:00.54, start: 0.000000, bitrate: 95 kb/s
06-16 13:40:07.690 I/FFMPEG  (  279):     Stream #0:0: Audio: vorbis, 48000 Hz, mono, fltp, 48 kb/s
06-16 13:40:07.690 I/FFMPEG  (  279):     Metadata:
06-16 13:40:07.690 I/FFMPEG  (  279):       TITLE           : Video Record
06-16 13:40:07.690 I/FFMPEG  (  279):       ARTIST          : (c) 2012 Android Open Source Project
06-16 13:40:07.690 I/FFmpegExtractor(  279): FFmpegExtrator, url: android-source:0xe60c6000, format_name: ogg, format_long_name: Ogg
06-16 13:40:07.690 I/FFmpegExtractor(  279): list the formats suppoted by ffmpeg: 
06-16 13:40:07.690 I/FFmpegExtractor(  279): ========================================
06-16 13:40:07.690 I/FFmpegExtractor(  279): ========================================
06-16 13:40:07.690 I/FFmpegExtractor(  279): adjust mime(application/ogg -> audio/vorbis)
06-16 13:40:07.690 I/FFmpegExtractor(  279): sniff through BetterSniffFFMPEG success
06-16 13:40:07.694 I/InputAttributes(  662): InputType.TYPE_NULL is specified
06-16 13:40:07.702 I/FFmpegExtractor(  279): android-source:0xe78e0600
06-16 13:40:07.703 I/FFMPEG  (  279): Input #0, ogg, from 'android-source:0xe78e0600':
06-16 13:40:07.703 I/FFMPEG  (  279):   Duration: 00:00:00.51, start: 0.000000, bitrate: 101 kb/s
06-16 13:40:07.703 I/FFMPEG  (  279):     Stream #0:0: Audio: vorbis, 48000 Hz, mono, fltp, 48 kb/s
06-16 13:40:07.703 I/FFMPEG  (  279):     Metadata:
06-16 13:40:07.703 I/FFMPEG  (  279):       TITLE           : Video Stop
06-16 13:40:07.703 I/FFMPEG  (  279):       ARTIST          : (c) 2012 Android Open Source Project
06-16 13:40:07.703 I/FFmpegExtractor(  279): FFmpegExtrator, url: android-source:0xe78e0600, format_name: ogg, format_long_name: Ogg
06-16 13:40:07.703 I/FFmpegExtractor(  279): list the formats suppoted by ffmpeg: 
06-16 13:40:07.703 I/FFmpegExtractor(  279): ========================================
06-16 13:40:07.703 I/FFmpegExtractor(  279): ========================================
06-16 13:40:07.703 I/FFmpegExtractor(  279): adjust mime(application/ogg -> audio/vorbis)
06-16 13:40:07.703 I/FFmpegExtractor(  279): sniff through BetterSniffFFMPEG success
06-16 13:40:07.707 W/ACodec  (  281): do not know color format 0x7f000789 = 2130708361
06-16 13:40:07.707 E/OMXNodeInstance(  276): getConfig(1140019:google.vp8.encoder, ConfigAndroidIntraRefresh(0x6f60000a)) ERROR: Undefined(0x80001001)
06-16 13:40:07.707 I/CameraFlashlight(  270): Opening camera 0
06-16 13:40:07.707 I/MediaPlayerService(  281): MediaPlayerService::getOMX
06-16 13:40:07.707 I/CameraFlashlight(  270): Destroying camera 0
06-16 13:40:07.707 I/OMXClient(  281): MuxOMX ctor
06-16 13:40:07.708 W/MediaCodecList(  281): unable to open media codecs configuration xml file: /etc/media_codecs_performance.xml
06-16 13:40:07.708 I/MediaPlayerService(  281): MediaPlayerService::getOMX
06-16 13:40:07.708 I/CameraService(  270): disconnect: Disconnected client for camera 0 for PID 270
06-16 13:40:07.708 I/OMXClient(  281): MuxOMX ctor
06-16 13:40:07.709 I/CameraService(  270): getCameraCharacteristics: Switching to HAL1 shim implementation...
06-16 13:40:07.709 I/CameraService(  270): CameraService::connect call (PID -1 "cameraserver", camera ID 1) for HAL version default and Camera API version 1
06-16 13:40:07.709 W/MediaCodecList(  281): unable to open media codecs configuration xml file: /data/misc/media/media_codecs_profiling_results.xml
06-16 13:40:07.709 I/MediaPlayerService(  281): MediaPlayerService::getOMX
06-16 13:40:07.710 I/OMXClient(  667): MuxOMX ctor
06-16 13:40:07.710 I/MediaPlayerService(  281): MediaPlayerService::getOMX
06-16 13:40:07.710 I/OMXClient(  590): MuxOMX ctor
06-16 13:40:07.710 I/OMXMaster(  276): makeComponentInstance(OMX.google.vorbis.decoder) in mediacodec process
06-16 13:40:07.714 E/CameraService(  270): getCameraPriorityFromProcState: Received invalid process state -1 from ActivityManagerService!
06-16 13:40:07.724 W/AudioCapabilities(  762): Unsupported mime audio/x-pcm
06-16 13:40:07.727 I/VideoCapabilities(  762): Unsupported profile 4 for video/mp4v-es
06-16 13:40:07.737 I/FFmpegExtractor(  279): android-source:0xe78e0600
06-16 13:40:07.738 W/System  ( 1011): ClassLoader referenced unknown path: /system/app/DeskClock/lib/x86_64
