06-16 13:40:04.618 I/main    (  590): type=1400 audit(0.0:248): avc: denied { sendto } for path="/dev/socket/logdw" scontext=u:r:system_server:s0 tcontext=u:r:init:s0 tclass=unix_dgram_socket permissive=1
06-16 13:40:04.618 I/installd(  273): type=1400 audit(0.0:249): avc: denied { sendto } for path="/dev/socket/logdw" scontext=u:r:installd:s0 tcontext=u:r:init:s0 tclass=unix_dgram_socket permissive=1
06-16 13:40:04.619 I/Zygote  (  590): Process: zygote socket opened, supported ABIS: x86
06-16 13:40:04.619 I/InstallerConnection(  590): connecting...
06-16 13:40:04.619 I/        (  273): new connection
06-16 13:40:04.637 I/InstallerConnection(  590): disconnecting...
06-16 13:40:04.637 E/        (  273): eof
06-16 13:40:04.637 E/        (  273): failed to read size
06-16 13:40:04.637 I/        (  273): closing connection
06-16 13:40:04.680 I/SystemServer(  590): Entered the Android system server!
06-16 13:40:04.794 I/SystemServiceManager(  590): Starting com.android.server.pm.Installer
06-16 13:40:04.798 I/Installer(  590): Waiting for installd to be ready.
06-16 13:40:04.798 I/InstallerConnection(  590): connecting...
06-16 13:40:04.798 I/        (  273): new connection
06-16 13:40:04.798 I/SystemServiceManager(  590): Starting com.android.server.am.ActivityManagerService$Lifecycle
06-16 13:40:04.821 I/ActivityManager(  590): Memory class: 192
06-16 13:40:04.824 I/ServiceThread(  590): Enabled StrictMode logging for ActivityManager looper.
06-16 13:40:04.826 I/ServiceThread(  590): Enabled StrictMode logging for android.ui looper.
06-16 13:40:04.891 I/IntentFirewall(  590): Read new rules (A:0 B:0 S:0)
06-16 13:40:04.896 I/ServiceThread(  590): Enabled StrictMode logging for android.display looper.
06-16 13:40:04.899 I/SystemServiceManager(  590): Starting com.android.server.power.PowerManagerService
06-16 13:40:04.901 I/ServiceThread(  590): Enabled StrictMode logging for PowerManagerService looper.
06-16 13:40:04.902 W/libsuspend(  590): Error writing 'on' to /sys/power/state: Function not implemented
06-16 13:40:04.902 I/libsuspend(  590): Selected autosleep
06-16 13:40:04.905 I/SystemServiceManager(  590): Starting com.android.server.lights.LightsService
06-16 13:40:04.909 I/SystemServiceManager(  590): Starting com.android.server.display.DisplayManagerService
06-16 13:40:04.914 I/surfaceflinger(  265): type=1400 audit(0.0:250): avc: denied { sendto } for path="/dev/socket/logdw" scontext=u:r:surfaceflinger:s0 tcontext=u:r:init:s0 tclass=unix_dgram_socket permissive=1
06-16 13:40:04.914 I/SystemServiceManager(  590): Starting phase 100
06-16 13:40:04.916 I/DisplayManagerService(  590): Display device added: DisplayDeviceInfo{"Built-in Screen": uniqueId="local:0", 600 x 1024, modeId 1, defaultModeId 1, supportedModes [{id=1, width=600, height=1024, fps=60.000004}], colorTransformId 1, defaultColorTransformId 1, supportedColorTransforms [{id=1, colorTransform=0}], HdrCapabilities android.view.Display$HdrCapabilities@a17342b, density 160, 160.0 x 160.0 dpi, appVsyncOff 0, presDeadline 17666666, touch INTERNAL, rotation 0, type BUILT_IN, state UNKNOWN, FLAG_DEFAULT_DISPLAY, FLAG_ROTATES_WITH_CONTENT, FLAG_SECURE, FLAG_SUPPORTS_PROTECTED_BUFFERS}
06-16 13:40:04.917 I/DisplayManagerService(  590): Display device changed state: "Built-in Screen", ON
06-16 13:40:04.918 I/SystemServer(  590): StartPackageManagerService
06-16 13:40:04.951 W/SystemConfig(  590): No directory /system/etc/sysconfig, skipping
06-16 13:40:05.036 E/art     (  590): DexFile_getDexOptNeeded file '/system/framework/org.apache.http.legacy.jar' does not exist
06-16 13:40:05.036 W/PackageManager(  590): Library not found: /system/framework/org.apache.http.legacy.jar
06-16 13:40:05.052 E/art     (  590): DexFile_getDexOptNeeded file '/system/framework/org.apache.http.legacy.jar' does not exist
06-16 13:40:05.052 W/PackageManager(  590): Library not found: /system/framework/org.apache.http.legacy.jar
06-16 13:40:05.068 W/PackageManager(  590): Failed to parse /system/framework/oat: Missing base APK in /system/framework/oat
06-16 13:40:05.068 W/PackageManager(  590): Failed to parse /system/framework/x86: Missing base APK in /system/framework/x86
06-16 13:40:05.068 W/PackageManager(  590): Failed to parse /system/framework/x86_64: Missing base APK in /system/framework/x86_64
06-16 13:40:05.132 W/PackageParser(  590): No actions in intent filter at /system/priv-app/Contacts/Contacts.apk Binary XML file line #403
06-16 13:40:05.187 W/PackageParser(  590): No actions in intent filter at /system/priv-app/Dialer/Dialer.apk Binary XML file line #185
06-16 13:40:05.207 W/PackageManager(  590): Permission android.permission.DOWNLOAD_WITHOUT_NOTIFICATION from package com.android.providers.downloads in an unknown group android.permission-group.NETWORK
06-16 13:40:05.251 W/PackageManager(  590): Permission com.android.launcher.permission.INSTALL_SHORTCUT from package com.android.launcher3 in an unknown group android.permission-group.SYSTEM_TOOLS
06-16 13:40:05.251 W/PackageManager(  590): Permission com.android.launcher3.permission.READ_SETTINGS from package com.android.launcher3 in an unknown group android.permission-group.SYSTEM_TOOLS
06-16 13:40:05.251 W/PackageManager(  590): Permission com.android.launcher3.permission.WRITE_SETTINGS from package com.android.launcher3 in an unknown group android.permission-group.SYSTEM_TOOLS
06-16 13:40:05.360 I/ServiceManager(  270): Waiting for service media.camera.proxy...
06-16 13:40:05.442 W/PackageParser(  590): Ignoring duplicate uses-permissions/uses-permissions-sdk-m: android.permission.USE_CREDENTIALS in package: com.android.settings at: Binary XML file line #53
06-16 13:40:05.442 W/PackageParser(  590): Ignoring duplicate uses-permissions/uses-permissions-sdk-m: android.permission.READ_SYNC_SETTINGS in package: com.android.settings at: Binary XML file line #58
06-16 13:40:05.442 W/PackageParser(  590): Ignoring duplicate uses-permissions/uses-permissions-sdk-m: android.permission.WRITE_SYNC_SETTINGS in package: com.android.settings at: Binary XML file line #59
06-16 13:40:05.463 W/PackageParser(  590): Ignoring duplicate uses-permissions/uses-permissions-sdk-m: android.permission.INSTALL_GRANT_RUNTIME_PERMISSIONS in package: com.android.shell at: Binary XML file line #102
06-16 13:40:05.510 W/PackageParser(  590): Ignoring duplicate uses-permissions/uses-permissions-sdk-m: android.permission.CONFIGURE_WIFI_DISPLAY in package: com.android.systemui at: Binary XML file line #123
06-16 13:40:05.635 W/PackageParser(  590): Ignoring duplicate uses-permissions/uses-permissions-sdk-m: android.permission.READ_CONTACTS in package: com.android.bluetooth at: Binary XML file line #61
06-16 13:40:05.635 W/PackageParser(  590): No actions in intent filter at /system/app/Bluetooth/Bluetooth.apk Binary XML file line #222
06-16 13:40:05.660 W/PackageManager(  590): Non-privileged app; cap priority to 0; package: com.android.calendar activity: com.android.calendar.GoogleCalendarUriIntentFilter origPrio: 50
06-16 13:40:05.698 W/PackageManager(  590): Non-privileged app; cap priority to 0; package: com.android.cts.ctsshim activity: com.android.cts.ctsshim.InstallPriority origPrio: 100
06-16 13:40:05.698 W/PackageManager(  590): Non-privileged app; cap priority to 0; package: com.android.cts.ctsshim activity: com.android.cts.ctsshim.InstallPriority origPrio: 100
06-16 13:40:05.698 W/PackageManager(  590): Non-privileged app; cap priority to 0; package: com.android.cts.ctsshim activity: com.android.cts.ctsshim.InstallPriority origPrio: 100
06-16 13:40:05.698 W/PackageManager(  590): Non-privileged app; cap priority to 0; package: com.android.cts.ctsshim activity: com.android.cts.ctsshim.InstallPriority origPrio: 100
06-16 13:40:05.698 W/PackageManager(  590): Non-privileged app; cap priority to 0; package: com.android.cts.ctsshim activity: com.android.cts.ctsshim.InstallPriority origPrio: 100
06-16 13:40:05.762 W/PackageParser(  590): Ignoring duplicate uses-permissions/uses-permissions-sdk-m: android.permission.WRITE_CONTACTS in package: com.android.email at: Binary XML file line #40
06-16 13:40:05.801 W/PackageParser(  590): Unknown element under <application>: permission at /system/app/Gallery2/Gallery2.apk Binary XML file line #238
06-16 13:40:05.801 W/PackageParser(  590): Unknown element under <application>: permission at /system/app/Gallery2/Gallery2.apk Binary XML file line #241
06-16 13:40:05.991 W/PackageParser(  590): No actions in intent filter at /data/app/ApiDemos/ApiDemos.apk Binary XML file line #3144
06-16 13:40:05.991 W/PackageParser(  590): No actions in intent filter at /data/app/ApiDemos/ApiDemos.apk Binary XML file line #3150
06-16 13:40:05.991 W/PackageManager(  590): Package com.example.android.apis desires unavailable shared library com.example.will.never.exist; ignoring!
06-16 13:40:05.992 I/SELinux (  590): SELinux: Loaded file_contexts contexts from /file_contexts.bin.
06-16 13:40:06.000 W/PackageManager(  590): Protected action; cap priority to 0; package: com.android.cts.priv.ctsshim activity: com.android.cts.priv.ctsshim.InstallPriority origPrio: 100
06-16 13:40:06.000 W/PackageManager(  590): Protected action; cap priority to 0; package: com.android.cts.priv.ctsshim activity: com.android.cts.priv.ctsshim.InstallPriority origPrio: 100
06-16 13:40:06.000 W/PackageManager(  590): Protected action; cap priority to 0; package: com.android.cts.priv.ctsshim activity: com.android.cts.priv.ctsshim.InstallPriority origPrio: 100
06-16 13:40:06.000 W/PackageManager(  590): Protected action; cap priority to 0; package: com.android.cts.priv.ctsshim activity: com.android.cts.priv.ctsshim.InstallPriority origPrio: 100
06-16 13:40:06.000 W/PackageManager(  590): Protected action; cap priority to 0; package: com.android.packageinstaller activity: com.android.packageinstaller.PackageInstallerActivity origPrio: 1
06-16 13:40:06.000 W/PackageManager(  590): Package com.android.gallery3d desires unavailable shared library com.google.android.media.effects; ignoring!
06-16 13:40:06.000 W/PackageManager(  590): Package com.android.gallery3d desires unavailable shared library com.google.android.media.effects; ignoring!
06-16 13:40:06.000 W/PackageManager(  590): Package com.example.android.apis desires unavailable shared library com.example.will.never.exist; ignoring!
06-16 13:40:06.000 I/PackageManager(  590): Adjusting ABI for com.android.location.fused to x86_64 (requirer=android, scannedPackage=null)
06-16 13:40:06.000 I/PackageManager(  590): Adjusting ABI for com.android.server.telecom to x86_64 (requirer=android, scannedPackage=null)
06-16 13:40:06.000 I/PackageManager(  590): Adjusting ABI for com.android.settings to x86_64 (requirer=android, scannedPackage=null)
06-16 13:40:06.000 I/PackageManager(  590): Adjusting ABI for com.android.providers.settings to x86_64 (requirer=android, scannedPackage=null)
06-16 13:40:06.000 I/PackageManager(  590): Adjusting ABI for com.android.wallpaperbackup to x86_64 (requirer=android, scannedPackage=null)
06-16 13:40:06.001 I/PackageManager(  590): Adjusting ABI for com.genymotion.superuser to x86_64 (requirer=android, scannedPackage=null)
06-16 13:40:06.001 I/PackageManager(  590): Adjusting ABI for com.android.keychain to x86_64 (requirer=android, scannedPackage=null)
06-16 13:40:06.001 I/PackageManager(  590): Adjusting ABI for com.genymotion.genyd to x86_64 (requirer=android, scannedPackage=null)
06-16 13:40:06.001 I/PackageManager(  590): Adjusting ABI for com.android.inputdevices to x86_64 (requirer=android, scannedPackage=null)
06-16 13:40:06.001 I/PackageManager(  590): Adjusting ABI for com.genymobile.genymotionacme to x86_64 (requirer=android, scannedPackage=null)
06-16 13:40:06.001 I/PackageManager(  590): Adjusting ABI for com.genymotion.systempatcher to x86_64 (requirer=android, scannedPackage=null)
06-16 13:40:06.001 I/PackageManager(  590): Time to scan packages: 0.98 seconds
06-16 13:40:06.001 W/PackageManager(  590): Unknown permission com.google.android.googleapps.permission.GOOGLE_AUTH in package com.android.providers.calendar
06-16 13:40:06.001 W/PackageManager(  590): Unknown permission com.google.android.googleapps.permission.GOOGLE_AUTH.cl in package com.android.providers.calendar
06-16 13:40:06.001 W/PackageManager(  590): Not granting permission android.permission.GLOBAL_SEARCH to package com.android.quicksearchbox (protectionLevel=18 flags=0x3808be45)
06-16 13:40:06.001 W/PackageManager(  590): Not granting permission android.permission.WRITE_EXTERNAL_STORAGE to package gov.nasa.arc.astrobee.android.gs.manager because it was previously installed without
06-16 13:40:06.001 W/PackageManager(  590): Not granting permission android.permission.READ_EXTERNAL_STORAGE to package gov.nasa.arc.astrobee.android.gs.manager because it was previously installed without
06-16 13:40:06.001 W/PackageManager(  590): Not granting permission android.permission.BIND_WALLPAPER to package com.android.camera2 (protectionLevel=18 flags=0x3058bc45)
06-16 13:40:06.001 W/PackageManager(  590): Unknown permission com.android.launcher.permission.READ_SETTINGS in package com.android.launcher3
06-16 13:40:06.001 W/PackageManager(  590): Unknown permission com.android.launcher.permission.WRITE_SETTINGS in package com.android.launcher3
06-16 13:40:06.001 W/PackageManager(  590): Unknown permission com.google.android.googleapps.permission.GOOGLE_AUTH.mail in package com.android.calendar
06-16 13:40:06.001 W/PackageManager(  590): Unknown permission com.android.launcher.permission.READ_SETTINGS in package com.android.onetimeinitializer
06-16 13:40:06.001 W/PackageManager(  590): Unknown permission com.android.launcher.permission.WRITE_SETTINGS in package com.android.onetimeinitializer
06-16 13:40:06.001 W/PackageManager(  590): Unknown permission com.google.android.permission.INSTALL_WEARABLE_PACKAGES in package com.android.packageinstaller
06-16 13:40:06.001 W/PackageManager(  590): Not granting permission android.permission.DELETE_PACKAGES to package com.svox.pico (protectionLevel=18 flags=0x3808be45)
06-16 13:40:06.001 W/PackageManager(  590): Not granting permission android.permission.READ_CONTACTS to package com.example.android.apis because it was previously installed without
06-16 13:40:06.001 W/PackageManager(  590): Not granting permission android.permission.WRITE_CONTACTS to package com.example.android.apis because it was previously installed without
06-16 13:40:06.001 W/PackageManager(  590): Not granting permission android.permission.ACCESS_COARSE_LOCATION to package com.example.android.apis because it was previously installed without
06-16 13:40:06.001 W/PackageManager(  590): Not granting permission android.permission.WRITE_EXTERNAL_STORAGE to package com.example.android.apis because it was previously installed without
06-16 13:40:06.001 W/PackageManager(  590): Not granting permission android.permission.SEND_SMS to package com.example.android.apis because it was previously installed without
06-16 13:40:06.001 W/PackageManager(  590): Not granting permission android.permission.RECEIVE_SMS to package com.example.android.apis because it was previously installed without
06-16 13:40:06.001 W/PackageManager(  590): Not granting permission android.permission.RECEIVE_MMS to package com.example.android.apis because it was previously installed without
06-16 13:40:06.001 W/PackageManager(  590): Not granting permission android.permission.READ_SMS to package com.example.android.apis because it was previously installed without
06-16 13:40:06.001 W/PackageManager(  590): Not granting permission android.permission.READ_PHONE_STATE to package com.example.android.apis because it was previously installed without
06-16 13:40:06.001 W/PackageManager(  590): Not granting permission android.permission.RECORD_AUDIO to package com.example.android.apis because it was previously installed without
06-16 13:40:06.001 W/PackageManager(  590): Not granting permission android.permission.CAMERA to package com.example.android.apis because it was previously installed without
06-16 13:40:06.001 W/PackageManager(  590): Not granting permission android.permission.READ_EXTERNAL_STORAGE to package com.example.android.apis because it was previously installed without
06-16 13:40:06.001 W/PackageManager(  590): Unknown permission android.permission.RUN_INSTRUMENTATION in package org.chromium.webview_shell
06-16 13:40:06.001 W/PackageManager(  590): Unknown permission com.google.android.gallery3d.permission.PICASA_STORE in package com.android.dreams.phototable
06-16 13:40:06.001 W/PackageManager(  590): Unknown permission com.google.android.googleapps.permission.GOOGLE_AUTH in package com.android.settings
06-16 13:40:06.001 W/PackageManager(  590): Unknown permission com.android.launcher.permission.READ_SETTINGS in package com.android.settings
06-16 13:40:06.001 W/PackageManager(  590): Unknown permission com.android.launcher.permission.WRITE_SETTINGS in package com.android.settings
06-16 13:40:06.002 W/PackageManager(  590): Unknown permission com.google.android.gallery3d.permission.GALLERY_PROVIDER in package com.android.bluetooth
06-16 13:40:06.002 W/PackageManager(  590): Unknown permission com.google.android.googleapps.permission.ACCESS_GOOGLE_PASSWORD in package com.android.development
06-16 13:40:06.002 W/PackageManager(  590): Unknown permission com.google.android.googleapps.permission.GOOGLE_AUTH in package com.android.development
06-16 13:40:06.002 W/PackageManager(  590): Unknown permission com.google.android.googleapps.permission.GOOGLE_AUTH.ALL_SERVICES in package com.android.development
06-16 13:40:06.002 W/PackageManager(  590): Unknown permission com.google.android.googleapps.permission.GOOGLE_AUTH.YouTubeUser in package com.android.development
06-16 13:40:06.118 E/PackageManager(  590): There should probably be exactly one verifier; found []
06-16 13:40:06.122 I/healthd (  290): type=1400 audit(0.0:251): avc: denied { read } for name="capacity" dev="fuse" ino=8 scontext=u:r:init:s0 tcontext=u:object_r:fuse:s0 tclass=file permissive=1
06-16 13:40:06.122 I/healthd (  290): type=1400 audit(0.0:252): avc: denied { open } for path="/dev/pipe/battery/BAT0/capacity" dev="fuse" ino=8 scontext=u:r:init:s0 tcontext=u:object_r:fuse:s0 tclass=file permissive=1
06-16 13:40:06.138 I/art     (  590): Starting a blocking GC Explicit
06-16 13:40:06.143 I/art     (  590): Explicit concurrent mark sweep GC freed 6566(517KB) AllocSpace objects, 3(60KB) LOS objects, 33% free, 3MB/5MB, paused 46us total 4.977ms
06-16 13:40:06.146 I/SystemServer(  590): StartOtaDexOptService
06-16 13:40:06.153 I/SystemServer(  590): StartUserManagerService
06-16 13:40:06.153 I/SystemServiceManager(  590): Starting com.android.server.pm.UserManagerService$LifeCycle
06-16 13:40:06.158 I/lmkd    (  255): type=1400 audit(0.0:253): avc: denied { accept } for path="/dev/socket/lmkd" scontext=u:r:lmkd:s0 tcontext=u:r:init:s0 tclass=unix_stream_socket permissive=1
06-16 13:40:06.158 I/lmkd    (  255): type=1400 audit(0.0:254): avc: denied { sendto } for path="/dev/socket/logdw" scontext=u:r:lmkd:s0 tcontext=u:r:init:s0 tclass=unix_dgram_socket permissive=1
06-16 13:40:06.158 I/lmkd    (  255): type=1400 audit(0.0:255): avc: denied { read } for path="socket:[12486]" dev="sockfs" ino=12486 scontext=u:r:lmkd:s0 tcontext=u:r:init:s0 tclass=unix_stream_socket permissive=1
06-16 13:40:06.158 I/lowmemorykiller(  255): ActivityManager connected
06-16 13:40:06.161 I/Sensors (  590): Redis connect
06-16 13:40:06.162 I/netd    (  576): type=1400 audit(0.0:256): avc: denied { accept } for path="/dev/socket/fwmarkd" scontext=u:r:netd:s0 tcontext=u:r:init:s0 tclass=unix_stream_socket permissive=1
06-16 13:40:06.162 I/netd    (  576): type=1400 audit(0.0:257): avc: denied { getopt } for path="/dev/socket/fwmarkd" scontext=u:r:netd:s0 tcontext=u:r:init:s0 tclass=unix_stream_socket permissive=1
06-16 13:40:06.162 I/netd    (  576): type=1400 audit(0.0:258): avc: denied { read } for path="/dev/socket/fwmarkd" scontext=u:r:netd:s0 tcontext=u:r:init:s0 tclass=unix_stream_socket permissive=1
06-16 13:40:06.162 I/netd    (  576): type=1400 audit(0.0:259): avc: denied { write } for path="socket:[13550]" dev="sockfs" ino=13550 scontext=u:r:netd:s0 tcontext=u:r:init:s0 tclass=unix_stream_socket permissive=1
06-16 13:40:06.166 I/Sensors (  590): Redis read thread
06-16 13:40:06.166 I/Sensors (  590): Redis read wait
06-16 13:40:06.166 W/Sensors (  590): message not properly formated
06-16 13:40:06.169 E/        (  590): Reporting Mode incorrect: sensor Genymotion Pressure handle=0x00000006 type=6 actual=1 expected=0
06-16 13:40:06.169 I/SystemServiceManager(  590): Starting com.android.server.BatteryService
06-16 13:40:06.170 I/system_server(  590): type=1400 audit(0.0:260): avc: denied { call } for scontext=u:r:system_server:s0 tcontext=u:r:init:s0 tclass=binder permissive=1
06-16 13:40:06.170 I/system_server(  590): type=1400 audit(0.0:261): avc: denied { transfer } for scontext=u:r:system_server:s0 tcontext=u:r:init:s0 tclass=binder permissive=1
06-16 13:40:06.170 I/healthd (  290): type=1400 audit(0.0:262): avc: denied { call } for scontext=u:r:init:s0 tcontext=u:r:system_server:s0 tclass=binder permissive=1
06-16 13:40:06.172 I/SystemServiceManager(  590): Starting com.android.server.usage.UsageStatsService
06-16 13:40:06.181 I/SystemServiceManager(  590): Starting com.android.server.webkit.WebViewUpdateService
06-16 13:40:06.188 I/SystemServer(  590): Reading configuration...
06-16 13:40:06.188 I/SystemServer(  590): StartSchedulingPolicyService
06-16 13:40:06.188 I/SystemServiceManager(  590): Starting com.android.server.telecom.TelecomLoaderService
06-16 13:40:06.188 I/SystemServer(  590): StartTelephonyRegistry
06-16 13:40:06.189 I/SystemServer(  590): StartEntropyMixer
06-16 13:40:06.189 I/EntropyMixer(  590): Writing entropy...
06-16 13:40:06.196 I/SystemServer(  590): Camera Service
06-16 13:40:06.196 I/SystemServiceManager(  590): Starting com.android.server.camera.CameraService
06-16 13:40:06.197 I/ServiceThread(  590): Enabled StrictMode logging for CameraService_proxy looper.
06-16 13:40:06.199 I/SystemServer(  590): StartAccountManagerService
06-16 13:40:06.200 I/SystemServiceManager(  590): Starting com.android.server.accounts.AccountManagerService$Lifecycle
06-16 13:40:06.203 I/SystemServer(  590): StartContentService
06-16 13:40:06.204 I/SystemServiceManager(  590): Starting com.android.server.content.ContentService$Lifecycle
06-16 13:40:06.206 I/SystemServer(  590): InstallSystemProviders
06-16 13:40:06.211 W/System  (  590): ClassLoader referenced unknown path: /system/priv-app/SettingsProvider/lib/x86_64
06-16 13:40:06.228 I/SystemServer(  590): StartVibratorService
06-16 13:40:06.229 E/        (  590): Vibrator file does not exist : -1
06-16 13:40:06.229 E/        (  590): Vibrator device does not exist. Cannot start vibrator
06-16 13:40:06.229 W/VibratorService(  590): Tried to stop vibrating but there is no vibrator device.
06-16 13:40:06.230 I/SystemServer(  590): StartConsumerIrService
06-16 13:40:06.230 E/ConsumerIrService(  590): Can't open consumer IR HW Module, error: -2
06-16 13:40:06.230 I/SystemServer(  590): StartAlarmManagerService
06-16 13:40:06.230 I/SystemServiceManager(  590): Starting com.android.server.AlarmManagerService
06-16 13:40:06.230 W/AlarmManagerService(  590): no wall clock RTC found
06-16 13:40:06.231 I/SystemServer(  590): InitWatchdog
06-16 13:40:06.231 I/SystemServer(  590): StartInputManagerService
06-16 13:40:06.232 I/InputManager(  590): Initializing input manager, mUseDevInputEventForAudioJack=false
06-16 13:40:06.233 I/SystemServer(  590): StartWindowManagerService
06-16 13:40:06.257 I/WindowManager(  590): No existing display settings /data/system/display_settings.xml; starting empty
06-16 13:40:06.287 I/SystemServer(  590): StartVrManagerService
06-16 13:40:06.287 I/SystemServiceManager(  590): Starting com.android.server.vr.VrManagerService
06-16 13:40:06.288 W/VrManagerService(  590): init_native: Could not open VR hardware module, error No such file or directory (-2).
06-16 13:40:06.289 I/VrManagerService(  590): No VR packages found, disabling VR components
06-16 13:40:06.291 I/InputManager(  590): Starting input manager
06-16 13:40:06.293 I/EventHub(  590): New device: id=1, fd=96, path='/dev/input/event3', name='ImPS/2 Generic Wheel Mouse', classes=0x8, configuration='', keyLayout='', keyCharacterMap='', builtinKeyboard=false, wakeMechanism=EPOLLWAKEUP, usingClockIoctl=true
06-16 13:40:06.293 E/EventHub(  590): could not get driver version for /dev/input/mouse0, Not a typewriter
06-16 13:40:06.293 I/SystemServer(  590): No Bluetooth Service (emulator)
06-16 13:40:06.293 I/SystemServer(  590): ConnectivityMetricsLoggerService
06-16 13:40:06.293 I/SystemServiceManager(  590): Starting com.android.server.connectivity.MetricsLoggerService
06-16 13:40:06.295 I/SystemServer(  590): PinnerService
06-16 13:40:06.295 I/SystemServiceManager(  590): Starting com.android.server.PinnerService
06-16 13:40:06.295 E/PinnerService(  590): Starting PinnerService
06-16 13:40:06.296 I/SystemServiceManager(  590): Starting com.android.server.InputMethodManagerService$Lifecycle
06-16 13:40:06.319 I/SystemServer(  590): StartAccessibilityManagerService
06-16 13:40:06.320 I/EventHub(  590): New device: id=2, fd=97, path='/dev/input/event2', name='AT Translated Set 2 keyboard', classes=0x3, configuration='', keyLayout='/system/usr/keylayout/AT_Translated_Set_2_keyboard.kl', keyCharacterMap='/system/usr/keychars/Generic.kcm', builtinKeyboard=false, wakeMechanism=EPOLLWAKEUP, usingClockIoctl=true
06-16 13:40:06.321 W/EventHub(  590): Unable to disable kernel key repeat for /dev/input/event1: Function not implemented
06-16 13:40:06.321 I/EventHub(  590): New device: id=3, fd=99, path='/dev/input/event1', name='Sleep Button', classes=0x1, configuration='', keyLayout='/system/usr/keylayout/Generic.kl', keyCharacterMap='/system/usr/keychars/Generic.kcm', builtinKeyboard=false, wakeMechanism=EPOLLWAKEUP, usingClockIoctl=true
06-16 13:40:06.322 W/EventHub(  590): Unable to disable kernel key repeat for /dev/input/event0: Function not implemented
06-16 13:40:06.322 I/EventHub(  590): New device: id=4, fd=98, path='/dev/input/event0', name='Power Button', classes=0x1, configuration='', keyLayout='/system/usr/keylayout/Generic.kl', keyCharacterMap='/system/usr/keychars/Generic.kcm', builtinKeyboard=false, wakeMechanism=EPOLLWAKEUP, usingClockIoctl=true
06-16 13:40:06.322 E/EventHub(  590): could not get driver version for /dev/input/mice, Not a typewriter
06-16 13:40:06.324 I/ActivityManager(  590): Config changes=1df8 {1.0 ?mcc?mnc [en_US] ldltr sw600dp w600dp h1024dp 160dpi lrg long port ?uimode ?night -touch -keyb/v/h -nav/h s.2}
06-16 13:40:06.325 I/ActivityManager(  590): Config changes=500 {1.0 ?mcc?mnc [en_US] ldltr sw600dp w600dp h952dp 160dpi lrg port ?uimode ?night -touch -keyb/v/h -nav/h s.3}
06-16 13:40:06.335 I/UsageStatsService(  590): User[0] Rollover scheduled @ 2025-06-17 13:18:25(1750180705049)
06-16 13:40:06.344 I/InputReader(  590): Device added: id=-1, name='Virtual', sources=0x00000301
06-16 13:40:06.344 I/InputReader(  590): Device added: id=4, name='Power Button', sources=0x00000101
06-16 13:40:06.344 I/InputReader(  590): Device added: id=3, name='Sleep Button', sources=0x00000101
06-16 13:40:06.344 I/InputReader(  590): Device added: id=2, name='AT Translated Set 2 keyboard', sources=0x00000101
06-16 13:40:06.347 I/InputReader(  590): Device added: id=1, name='ImPS/2 Generic Wheel Mouse', sources=0x00002002
06-16 13:40:06.348 I/InputReader(  590): Reconfiguring input devices.  changes=0x00000004
06-16 13:40:06.348 I/ActivityManager(  590): Config changes=30 {1.0 ?mcc?mnc [en_US] ldltr sw600dp w600dp h952dp 160dpi lrg port ?uimode ?night -touch qwerty/v/v -nav/h s.4}
06-16 13:40:06.349 I/SystemServiceManager(  590): Starting com.android.server.MountService$Lifecycle
06-16 13:40:06.354 I/vold    (  127): type=1400 audit(0.0:263): avc: denied { accept } for path="/dev/socket/vold" scontext=u:r:vold:s0 tcontext=u:r:init:s0 tclass=unix_stream_socket permissive=1
06-16 13:40:06.358 I/vold    (  127): type=1400 audit(0.0:264): avc: denied { getopt } for path="/dev/socket/vold" scontext=u:r:vold:s0 tcontext=u:r:init:s0 tclass=unix_stream_socket permissive=1
06-16 13:40:06.358 I/SystemServiceManager(  590): Starting com.android.server.UiModeManagerService
06-16 13:40:06.358 I/ActivityManager(  590): Config changes=200 {1.0 ?mcc?mnc [en_US] ldltr sw600dp w600dp h952dp 160dpi lrg port -touch qwerty/v/v -nav/h s.5}
06-16 13:40:06.361 I/SystemServer(  590): StartLockSettingsService
06-16 13:40:06.361 I/SystemServiceManager(  590): Starting com.android.server.LockSettingsService$Lifecycle
06-16 13:40:06.362 I/vold    (  128): type=1400 audit(0.0:265): avc: denied { read } for path="socket:[13583]" dev="sockfs" ino=13583 scontext=u:r:vold:s0 tcontext=u:r:init:s0 tclass=unix_stream_socket permissive=1
06-16 13:40:06.362 I/vold    (  128): type=1400 audit(0.0:266): avc: denied { write } for path="socket:[13583]" dev="sockfs" ino=13583 scontext=u:r:vold:s0 tcontext=u:r:init:s0 tclass=unix_stream_socket permissive=1
06-16 13:40:06.369 W/MountService(  590): No primary storage mounted!
06-16 13:40:06.369 I/SystemServiceManager(  590): Starting com.android.server.DeviceIdleController
06-16 13:40:06.370 I/SystemServiceManager(  590): Starting com.android.server.devicepolicy.DevicePolicyManagerService$Lifecycle
06-16 13:40:06.372 I/PackageManager(  590): No secure containers found
06-16 13:40:06.372 W/PackageManager(  590): Unknown permission com.google.android.googleapps.permission.GOOGLE_AUTH in package com.android.providers.calendar
06-16 13:40:06.372 W/PackageManager(  590): Unknown permission com.google.android.googleapps.permission.GOOGLE_AUTH.cl in package com.android.providers.calendar
06-16 13:40:06.372 W/PackageManager(  590): Not granting permission android.permission.GLOBAL_SEARCH to package com.android.quicksearchbox (protectionLevel=18 flags=0x3888be45)
06-16 13:40:06.372 W/PackageManager(  590): Not granting permission android.permission.WRITE_EXTERNAL_STORAGE to package gov.nasa.arc.astrobee.android.gs.manager because it was previously installed without
06-16 13:40:06.372 W/PackageManager(  590): Not granting permission android.permission.READ_EXTERNAL_STORAGE to package gov.nasa.arc.astrobee.android.gs.manager because it was previously installed without
06-16 13:40:06.372 W/PackageManager(  590): Not granting permission android.permission.BIND_WALLPAPER to package com.android.camera2 (protectionLevel=18 flags=0x30d8bc45)
06-16 13:40:06.372 W/PackageManager(  590): Unknown permission com.android.launcher.permission.READ_SETTINGS in package com.android.launcher3
06-16 13:40:06.372 W/PackageManager(  590): Unknown permission com.android.launcher.permission.WRITE_SETTINGS in package com.android.launcher3
06-16 13:40:06.372 W/PackageManager(  590): Unknown permission com.google.android.googleapps.permission.GOOGLE_AUTH.mail in package com.android.calendar
06-16 13:40:06.372 W/PackageManager(  590): Unknown permission com.android.launcher.permission.READ_SETTINGS in package com.android.onetimeinitializer
06-16 13:40:06.372 W/PackageManager(  590): Unknown permission com.android.launcher.permission.WRITE_SETTINGS in package com.android.onetimeinitializer
06-16 13:40:06.372 W/PackageManager(  590): Unknown permission com.google.android.permission.INSTALL_WEARABLE_PACKAGES in package com.android.packageinstaller
06-16 13:40:06.372 W/PackageManager(  590): Not granting permission android.permission.DELETE_PACKAGES to package com.svox.pico (protectionLevel=18 flags=0x3888be45)
06-16 13:40:06.372 W/PackageManager(  590): Not granting permission android.permission.READ_CONTACTS to package com.example.android.apis because it was previously installed without
06-16 13:40:06.372 W/PackageManager(  590): Not granting permission android.permission.WRITE_CONTACTS to package com.example.android.apis because it was previously installed without
06-16 13:40:06.372 W/PackageManager(  590): Not granting permission android.permission.ACCESS_COARSE_LOCATION to package com.example.android.apis because it was previously installed without
06-16 13:40:06.372 W/PackageManager(  590): Not granting permission android.permission.WRITE_EXTERNAL_STORAGE to package com.example.android.apis because it was previously installed without
06-16 13:40:06.372 W/PackageManager(  590): Not granting permission android.permission.SEND_SMS to package com.example.android.apis because it was previously installed without
06-16 13:40:06.372 W/PackageManager(  590): Not granting permission android.permission.RECEIVE_SMS to package com.example.android.apis because it was previously installed without
06-16 13:40:06.372 W/PackageManager(  590): Not granting permission android.permission.RECEIVE_MMS to package com.example.android.apis because it was previously installed without
06-16 13:40:06.372 W/PackageManager(  590): Not granting permission android.permission.READ_SMS to package com.example.android.apis because it was previously installed without
06-16 13:40:06.372 W/PackageManager(  590): Not granting permission android.permission.READ_PHONE_STATE to package com.example.android.apis because it was previously installed without
06-16 13:40:06.372 W/PackageManager(  590): Not granting permission android.permission.RECORD_AUDIO to package com.example.android.apis because it was previously installed without
06-16 13:40:06.372 W/PackageManager(  590): Not granting permission android.permission.CAMERA to package com.example.android.apis because it was previously installed without
06-16 13:40:06.372 W/PackageManager(  590): Not granting permission android.permission.READ_EXTERNAL_STORAGE to package com.example.android.apis because it was previously installed without
06-16 13:40:06.372 W/PackageManager(  590): Unknown permission android.permission.RUN_INSTRUMENTATION in package org.chromium.webview_shell
06-16 13:40:06.372 W/PackageManager(  590): Unknown permission com.google.android.gallery3d.permission.PICASA_STORE in package com.android.dreams.phototable
06-16 13:40:06.372 W/PackageManager(  590): Unknown permission com.google.android.googleapps.permission.GOOGLE_AUTH in package com.android.settings
06-16 13:40:06.372 W/PackageManager(  590): Unknown permission com.android.launcher.permission.READ_SETTINGS in package com.android.settings
06-16 13:40:06.372 W/PackageManager(  590): Unknown permission com.android.launcher.permission.WRITE_SETTINGS in package com.android.settings
06-16 13:40:06.373 W/PackageManager(  590): Unknown permission com.google.android.gallery3d.permission.GALLERY_PROVIDER in package com.android.bluetooth
06-16 13:40:06.373 W/PackageManager(  590): Unknown permission com.google.android.googleapps.permission.ACCESS_GOOGLE_PASSWORD in package com.android.development
06-16 13:40:06.373 W/PackageManager(  590): Unknown permission com.google.android.googleapps.permission.GOOGLE_AUTH in package com.android.development
06-16 13:40:06.373 W/PackageManager(  590): Unknown permission com.google.android.googleapps.permission.GOOGLE_AUTH.ALL_SERVICES in package com.android.development
06-16 13:40:06.373 W/PackageManager(  590): Unknown permission com.google.android.googleapps.permission.GOOGLE_AUTH.YouTubeUser in package com.android.development
06-16 13:40:06.386 I/SystemServer(  590): StartStatusBarManagerService
06-16 13:40:06.387 W/MountService(  590): No primary storage defined yet; hacking together a stub
06-16 13:40:06.387 W/MountService(  590): No primary storage defined yet; hacking together a stub
06-16 13:40:06.387 W/MountService(  590): No primary storage mounted!
06-16 13:40:06.387 I/SystemServer(  590): StartClipboardService
06-16 13:40:06.387 I/SystemServer(  590): StartNetworkManagementService
06-16 13:40:06.390 I/NetworkManagement(  590): onDaemonConnected()
06-16 13:40:06.390 I/SystemServiceManager(  590): Starting com.android.server.TextServicesManagerService$Lifecycle
06-16 13:40:06.393 I/SystemServer(  590): StartNetworkScoreService
06-16 13:40:06.394 I/SystemServer(  590): StartNetworkStatsService
06-16 13:40:06.401 I/SystemServer(  590): StartNetworkPolicyManagerService
06-16 13:40:06.405 I/SystemServer(  590): No Wi-Fi NAN Service (NAN support Not Present)
06-16 13:40:06.426 I/SystemServiceManager(  590): Starting com.android.server.wifi.p2p.WifiP2pService
06-16 13:40:06.445 I/WifiP2pService(  590): Registering wifip2p
06-16 13:40:06.445 I/SystemServiceManager(  590): Starting com.android.server.wifi.WifiService
06-16 13:40:06.672 E/WifiLogger(  590): no ring buffers found
06-16 13:40:06.672 E/WifiLogger(  590): Failed to start packet fate monitoring
06-16 13:40:06.674 I/WifiService(  590): Registering wifi
06-16 13:40:06.677 I/SystemServiceManager(  590): Starting com.android.server.wifi.scanner.WifiScanningService
06-16 13:40:06.677 I/WifiScanningService(  590): Creating wifiscanner
06-16 13:40:06.681 I/WifiScanningService(  590): Publishing wifiscanner
06-16 13:40:06.682 I/SystemServiceManager(  590): Starting com.android.server.wifi.RttService
06-16 13:40:06.682 I/RttService(  590): Creating rttmanager
06-16 13:40:06.682 I/RttService(  590): Starting rttmanager
06-16 13:40:06.683 I/SystemServiceManager(  590): Starting com.android.server.ethernet.EthernetService
06-16 13:40:06.683 I/EthernetServiceImpl(  590): Creating EthernetConfigStore
06-16 13:40:06.684 E/IpConfigStore(  590): Error parsing configuration: java.io.FileNotFoundException: /data/misc/ethernet/ipconfig.txt (No such file or directory)
06-16 13:40:06.684 W/EthernetConfigStore(  590): No Ethernet configuration found. Using default.
06-16 13:40:06.685 I/EthernetServiceImpl(  590): Read stored IP configuration: IP assignment: DHCP
06-16 13:40:06.685 I/EthernetServiceImpl(  590): Proxy settings: NONE
06-16 13:40:06.685 I/EthernetService(  590): Registering service ethernet
06-16 13:40:06.685 I/SystemServer(  590): StartConnectivityService
06-16 13:40:06.692 I/SystemServer(  590): StartNsdService
06-16 13:40:06.693 I/SystemServer(  590): StartUpdateLockService
06-16 13:40:06.693 I/SystemServiceManager(  590): Starting com.android.server.RecoverySystemService
06-16 13:40:06.700 I/SystemServiceManager(  590): Starting com.android.server.notification.NotificationManagerService
06-16 13:40:06.717 I/SystemServiceManager(  590): Starting com.android.server.storage.DeviceStorageMonitorService
06-16 13:40:06.718 I/SystemServer(  590): StartLocationManagerService
06-16 13:40:06.722 I/SystemServer(  590): StartCountryDetectorService
06-16 13:40:06.724 I/SystemServer(  590): StartSearchManagerService
06-16 13:40:06.724 I/SystemServiceManager(  590): Starting com.android.server.search.SearchManagerService$Lifecycle
06-16 13:40:06.724 I/SystemServiceManager(  590): Starting com.android.server.DropBoxManagerService
06-16 13:40:06.725 I/SystemServer(  590): StartWallpaperManagerService
06-16 13:40:06.725 I/SystemServiceManager(  590): Starting com.android.server.wallpaper.WallpaperManagerService$Lifecycle
06-16 13:40:06.725 E/BitmapFactory(  590): Unable to decode stream: java.io.FileNotFoundException: /data/system/users/0/wallpaper_orig (No such file or directory)
06-16 13:40:06.725 E/WallpaperManagerService(  590): Invalid wallpaper data
06-16 13:40:06.725 E/WallpaperManagerService(  590): Unable to apply new wallpaper
06-16 13:40:06.726 I/Binder:269_1(  353): type=1400 audit(0.0:267): avc: denied { sendto } for path="/dev/socket/logdw" scontext=u:r:audioserver:s0 tcontext=u:r:init:s0 tclass=unix_dgram_socket permissive=1
06-16 13:40:06.726 I/SystemServer(  590): StartAudioService
06-16 13:40:06.726 I/SystemServiceManager(  590): Starting com.android.server.audio.AudioService$Lifecycle
06-16 13:40:06.733 W/TelecomManager(  590): Telecom Service not found.
06-16 13:40:06.734 W/AudioFlinger(  269): no wake lock to update, system not ready yet
06-16 13:40:06.742 I/SystemServiceManager(  590): Starting com.android.server.DockObserver
06-16 13:40:06.742 W/DockObserver(  590): This kernel does not have dock station support
06-16 13:40:06.742 I/SystemServer(  590): StartWiredAccessoryManager
06-16 13:40:06.742 W/WiredAccessoryManager(  590): This kernel does not have wired headset support
06-16 13:40:06.742 W/WiredAccessoryManager(  590): This kernel does not have usb audio support
06-16 13:40:06.742 W/WiredAccessoryManager(  590): This kernel does not have HDMI audio support
06-16 13:40:06.742 I/SystemServiceManager(  590): Starting com.android.server.usb.UsbService$Lifecycle
06-16 13:40:06.751 E/UsbDeviceManager(  590): failed to write to /sys/class/android_usb/android0/f_rndis/ethaddr
06-16 13:40:06.754 E/UsbDeviceManager(  590): Error initializing UsbHandler
06-16 13:40:06.754 E/UsbDeviceManager(  590): java.io.FileNotFoundException: /sys/class/android_usb/android0/state (No such file or directory)
06-16 13:40:06.754 E/UsbDeviceManager(  590): 	at java.io.FileInputStream.open(Native Method)
06-16 13:40:06.754 E/UsbDeviceManager(  590): 	at java.io.FileInputStream.<init>(FileInputStream.java:146)
06-16 13:40:06.754 E/UsbDeviceManager(  590): 	at android.os.FileUtils.readTextFile(FileUtils.java:263)
06-16 13:40:06.754 E/UsbDeviceManager(  590): 	at com.android.server.usb.UsbDeviceManager$UsbHandler.<init>(UsbDeviceManager.java:352)
06-16 13:40:06.754 E/UsbDeviceManager(  590): 	at com.android.server.usb.UsbDeviceManager.<init>(UsbDeviceManager.java:204)
06-16 13:40:06.754 E/UsbDeviceManager(  590): 	at com.android.server.usb.UsbService.<init>(UsbService.java:116)
06-16 13:40:06.754 E/UsbDeviceManager(  590): 	at com.android.server.usb.UsbService$Lifecycle.onStart(UsbService.java:65)
06-16 13:40:06.754 E/UsbDeviceManager(  590): 	at com.android.server.SystemServiceManager.startService(SystemServiceManager.java:112)
06-16 13:40:06.754 E/UsbDeviceManager(  590): 	at com.android.server.SystemServiceManager.startService(SystemServiceManager.java:66)
06-16 13:40:06.754 E/UsbDeviceManager(  590): 	at com.android.server.SystemServer.startOtherServices(SystemServer.java:971)
06-16 13:40:06.754 E/UsbDeviceManager(  590): 	at com.android.server.SystemServer.run(SystemServer.java:324)
06-16 13:40:06.754 E/UsbDeviceManager(  590): 	at com.android.server.SystemServer.main(SystemServer.java:209)
06-16 13:40:06.754 E/UsbDeviceManager(  590): 	at java.lang.reflect.Method.invoke(Native Method)
06-16 13:40:06.754 E/UsbDeviceManager(  590): 	at com.android.internal.os.ZygoteInit$MethodAndArgsCaller.run(ZygoteInit.java:865)
06-16 13:40:06.754 E/UsbDeviceManager(  590): 	at com.android.internal.os.ZygoteInit.main(ZygoteInit.java:755)
06-16 13:40:06.754 E/UsbDeviceManagerJNI(  590): could not open /dev/usb_accessory
06-16 13:40:06.755 I/SystemServer(  590): StartSerialService
06-16 13:40:06.755 E/HardwarePropertiesManagerService-JNI(  590): Couldn't load thermal module (No such file or directory)
06-16 13:40:06.755 I/SystemServiceManager(  590): Starting com.android.server.twilight.TwilightService
06-16 13:40:06.756 I/SystemServiceManager(  590): Starting com.android.server.job.JobSchedulerService
06-16 13:40:06.757 I/SystemServiceManager(  590): Starting com.android.server.soundtrigger.SoundTriggerService
06-16 13:40:06.758 I/SystemServiceManager(  590): Starting com.android.server.backup.BackupManagerService$Lifecycle
06-16 13:40:06.760 I/SystemServiceManager(  590): Starting com.android.server.appwidget.AppWidgetService
06-16 13:40:06.768 I/SystemServiceManager(  590): Starting com.android.server.voiceinteraction.VoiceInteractionManagerService
06-16 13:40:06.769 I/SystemServer(  590): Gesture Launcher Service
06-16 13:40:06.769 I/SystemServiceManager(  590): Starting com.android.server.GestureLauncherService
06-16 13:40:06.769 I/SystemServiceManager(  590): Starting com.android.server.SensorNotificationService
06-16 13:40:06.769 I/SystemServiceManager(  590): Starting com.android.server.ContextHubSystemService
06-16 13:40:06.771 E/ContextHubService(  590): ** Could not load context_hub module : err No such file or directory
06-16 13:40:06.771 W/ContextHubService(  590): No Context Hub Module present
06-16 13:40:06.771 I/SystemServer(  590): StartDiskStatsService
06-16 13:40:06.771 I/SystemServer(  590): StartSamplingProfilerService
06-16 13:40:06.774 I/SystemServer(  590): StartNetworkTimeUpdateService
06-16 13:40:06.774 I/SystemServer(  590): StartCommonTimeManagementService
06-16 13:40:06.774 I/SystemServer(  590): CertBlacklister
06-16 13:40:06.776 I/SystemServiceManager(  590): Starting com.android.server.dreams.DreamManagerService
06-16 13:40:06.776 I/SystemServer(  590): StartAssetAtlasService
06-16 13:40:06.777 I/SystemServiceManager(  590): Starting com.android.server.print.PrintManagerService
06-16 13:40:06.781 I/SystemServiceManager(  590): Starting com.android.server.restrictions.RestrictionsManagerService
06-16 13:40:06.782 I/SystemServiceManager(  590): Starting com.android.server.media.MediaSessionService
06-16 13:40:06.785 I/SystemServer(  590): StartMediaRouterService
06-16 13:40:06.785 I/SystemServiceManager(  590): Starting com.android.server.trust.TrustManagerService
06-16 13:40:06.786 I/Thread-2(  657): type=1400 audit(0.0:268): avc: denied { read } for name="fb0" dev="tmpfs" ino=1730 scontext=u:r:system_server:s0 tcontext=u:object_r:graphics_device:s0 tclass=chr_file permissive=1
06-16 13:40:06.786 I/SystemServer(  590): StartBackgroundDexOptService
06-16 13:40:06.786 I/SystemServiceManager(  590): Starting com.android.server.pm.ShortcutService$Lifecycle
06-16 13:40:06.790 I/Thread-2(  657): type=1400 audit(0.0:269): avc: denied { open } for path="/dev/graphics/fb0" dev="tmpfs" ino=1730 scontext=u:r:system_server:s0 tcontext=u:object_r:graphics_device:s0 tclass=chr_file permissive=1
06-16 13:40:06.790 I/Thread-2(  657): type=1400 audit(0.0:270): avc: denied { ioctl } for path="/dev/graphics/fb0" dev="tmpfs" ino=1730 ioctlcmd=4600 scontext=u:r:system_server:s0 tcontext=u:object_r:graphics_device:s0 tclass=chr_file permissive=1
06-16 13:40:06.794 I/SystemServiceManager(  590): Starting com.android.server.pm.LauncherAppsService
06-16 13:40:06.799 I/SystemServiceManager(  590): Starting com.android.server.media.projection.MediaProjectionManagerService
06-16 13:40:06.806 I/WindowManager(  590): SAFE MODE not enabled
06-16 13:40:06.806 I/SystemServiceManager(  590): Starting com.android.server.MmsServiceBroker
06-16 13:40:06.806 W/VibratorService(  590): Tried to stop vibrating but there is no vibrator device.
06-16 13:40:06.826 E/LockSettingsStorage(  590): Cannot read file java.io.FileNotFoundException: /data/system/gatekeeper.password.key: open failed: ENOENT (No such file or directory)
06-16 13:40:06.826 E/LockSettingsStorage(  590): Cannot read file java.io.FileNotFoundException: /data/system/password.key: open failed: ENOENT (No such file or directory)
06-16 13:40:06.826 E/LockSettingsStorage(  590): Cannot read file java.io.FileNotFoundException: /data/system/gatekeeper.pattern.key: open failed: ENOENT (No such file or directory)
06-16 13:40:06.826 E/LockSettingsStorage(  590): Cannot read file java.io.FileNotFoundException: /data/system/gatekeeper.gesture.key: open failed: ENOENT (No such file or directory)
06-16 13:40:06.826 E/LockSettingsStorage(  590): Cannot read file java.io.FileNotFoundException: /data/system/gesture.key: open failed: ENOENT (No such file or directory)
06-16 13:40:06.826 I/SystemServiceManager(  590): Starting phase 480
06-16 13:40:06.830 I/DevicePolicyManagerService(  590): Set ro.device_owner property to false
06-16 13:40:06.832 I/SystemServiceManager(  590): Starting phase 500
06-16 13:40:06.835 I/WifiService(  590): WifiService starting up with Wi-Fi enabled
06-16 13:40:06.835 I/WifiScanningService(  590): Starting wifiscanner
06-16 13:40:06.836 I/RttService(  590): Registering rttmanager
06-16 13:40:06.838 I/EthernetServiceImpl(  590): Starting Ethernet service
06-16 13:40:06.842 W/SoundTriggerHelper(  590): listModules status=0, # of modules=0
06-16 13:40:06.848 I/DefaultPermGrantPolicy(  590): Granting permissions to default platform handlers for user 0
06-16 13:40:06.848 W/VoiceInteractionManagerService(  590): no available voice interaction services found for user 0
06-16 13:40:06.848 W/VoiceInteractionManagerService(  590): no available voice recognition services found for user 0
06-16 13:40:06.849 W/KeyguardServiceDelegate(  590): onScreenTurningOn(): no keyguard service!
06-16 13:40:06.853 I/ActivityManager(  590): System now ready
06-16 13:40:06.853 I/SystemServer(  590): Making services ready
06-16 13:40:06.853 I/SystemServiceManager(  590): Starting phase 550
06-16 13:40:06.854 E/InputMethodManagerService(  590): Ignoring updateSystemUiLocked due to an invalid token. uid:1000 token:null
06-16 13:40:06.858 I/main    (  266): type=1400 audit(0.0:271): avc: denied { accept } for path="/dev/socket/zygote" scontext=u:r:zygote:s0 tcontext=u:r:init:s0 tclass=unix_stream_socket permissive=1
06-16 13:40:06.858 I/main    (  266): type=1400 audit(0.0:272): avc: denied { getopt } for path="/dev/socket/zygote" scontext=u:r:zygote:s0 tcontext=u:r:init:s0 tclass=unix_stream_socket permissive=1
06-16 13:40:06.858 I/main    (  266): type=1400 audit(0.0:273): avc: denied { setopt } for path="/dev/socket/zygote" scontext=u:r:zygote:s0 tcontext=u:r:init:s0 tclass=unix_stream_socket permissive=1
06-16 13:40:06.858 I/main    (  266): type=1400 audit(0.0:274): avc: denied { read } for path="/dev/socket/zygote" scontext=u:r:zygote:s0 tcontext=u:r:init:s0 tclass=unix_stream_socket permissive=1
06-16 13:40:06.858 I/main    (  266): type=1400 audit(0.0:275): avc: denied { getattr } for path="socket:[13661]" dev="sockfs" ino=13661 scontext=u:r:zygote:s0 tcontext=u:r:init:s0 tclass=unix_stream_socket permissive=1
