--------- beginning of main
06-16 13:39:59.626 W/auditd  (  111): type=2000 audit(0.0:1): initialized
06-16 13:39:59.874 I/auditd  (  111): type=1403 audit(0.0:2): policy loaded auid=4294967295 ses=4294967295
06-16 13:39:59.894 I/init    (   89): type=1400 audit(0.0:3): avc: denied { execute_no_trans } for path="/init" dev="rootfs" ino=7809 scontext=u:r:init:s0 tcontext=u:object_r:init_exec:s0 tclass=file permissive=1
06-16 13:39:59.894 I/ueventd (   89): type=1400 audit(0.0:4): avc: denied { create } for name="__kmsg__" scontext=u:r:init:s0 tcontext=u:object_r:device:s0 tclass=chr_file permissive=1
06-16 13:39:59.894 I/ueventd (   89): type=1400 audit(0.0:5): avc: denied { unlink } for name="__kmsg__" dev="tmpfs" ino=1081 scontext=u:r:init:s0 tcontext=u:object_r:device:s0 tclass=chr_file permissive=1
06-16 13:39:59.894 I/ueventd (   89): type=1400 audit(0.0:6): avc: denied { create } for scontext=u:r:init:s0 tcontext=u:r:init:s0 tclass=netlink_kobject_uevent_socket permissive=1
06-16 13:39:59.894 I/ueventd (   89): type=1400 audit(0.0:7): avc: denied { setopt } for scontext=u:r:init:s0 tcontext=u:r:init:s0 tclass=netlink_kobject_uevent_socket permissive=1
06-16 13:39:59.894 I/ueventd (   89): type=1400 audit(0.0:8): avc: denied { bind } for scontext=u:r:init:s0 tcontext=u:r:init:s0 tclass=netlink_kobject_uevent_socket permissive=1
06-16 13:39:59.894 I/ueventd (   89): type=1400 audit(0.0:9): avc: denied { read } for scontext=u:r:init:s0 tcontext=u:r:init:s0 tclass=netlink_kobject_uevent_socket permissive=1
06-16 13:39:59.894 I/ueventd (   89): type=1400 audit(0.0:10): avc: denied { create } for name="rtc0" scontext=u:r:init:s0 tcontext=u:object_r:rtc_device:s0 tclass=chr_file permissive=1
06-16 13:40:00.814 I/vold    (  120): type=1400 audit(0.0:68): avc: denied { read write } for path="socket:[8209]" dev="sockfs" ino=8209 scontext=u:r:vold:s0 tcontext=u:r:init:s0 tclass=unix_stream_socket permissive=1
06-16 13:40:00.842 I/debuggerd64(  119): type=1400 audit(0.0:69): avc: denied { sendto } for path="/dev/socket/logdw" scontext=u:r:debuggerd:s0 tcontext=u:r:init:s0 tclass=unix_dgram_socket permissive=1
06-16 13:40:00.843 I/        (  119): debuggerd: starting
06-16 13:40:00.870 I/vold    (  120): type=1400 audit(0.0:70): avc: denied { sendto } for path="/dev/socket/logdw" scontext=u:r:vold:s0 tcontext=u:r:init:s0 tclass=unix_dgram_socket permissive=1
--------- beginning of system
06-16 13:40:00.873 I/vold    (  120): Vold 3.0 (the awakening) firing up
06-16 13:40:00.883 I/        (  118): debuggerd: starting
06-16 13:40:01.126 I/vold    (  120): type=1400 audit(0.0:71): avc: denied { listen } for path="/dev/socket/vold" scontext=u:r:vold:s0 tcontext=u:r:init:s0 tclass=unix_stream_socket permissive=1
06-16 13:40:01.126 I/ueventd (   89): type=1400 audit(0.0:72): avc: denied { relabelfrom } for name="ram0" dev="tmpfs" ino=8070 scontext=u:r:init:s0 tcontext=u:object_r:ram_device:s0 tclass=blk_file permissive=1
06-16 13:40:01.126 I/ueventd (   89): type=1400 audit(0.0:73): avc: denied { relabelto } for name="ram0" dev="tmpfs" ino=8070 scontext=u:r:init:s0 tcontext=u:object_r:ram_device:s0 tclass=blk_file permissive=1
06-16 13:40:01.130 I/vdc     (  123): type=1400 audit(0.0:74): avc: denied { connectto } for path="/dev/socket/cryptd" scontext=u:r:vdc:s0 tcontext=u:r:init:s0 tclass=unix_stream_socket permissive=1
06-16 13:40:01.130 I/vold    (  128): type=1400 audit(0.0:75): avc: denied { accept } for path="/dev/socket/cryptd" scontext=u:r:vold:s0 tcontext=u:r:init:s0 tclass=unix_stream_socket permissive=1
06-16 13:40:01.130 I/vold    (  128): type=1400 audit(0.0:76): avc: denied { getopt } for path="/dev/socket/cryptd" scontext=u:r:vold:s0 tcontext=u:r:init:s0 tclass=unix_stream_socket permissive=1
06-16 13:40:01.142 I/ueventd (   89): type=1400 audit(0.0:77): avc: denied { relabelfrom } for name="xvda" dev="tmpfs" ino=1091 scontext=u:r:init:s0 tcontext=u:object_r:block_device:s0 tclass=blk_file permissive=1
06-16 13:40:01.142 I/ueventd (   89): type=1400 audit(0.0:78): avc: denied { relabelto } for name="xvda" dev="tmpfs" ino=1091 scontext=u:r:init:s0 tcontext=u:object_r:block_device:s0 tclass=blk_file permissive=1
06-16 13:40:01.147 I/vdc     (    1): 200 123 Command succeeded
06-16 13:40:01.158 I/tzdatacheck(  129): type=1400 audit(0.0:79): avc: denied { sendto } for path="/dev/socket/logdw" scontext=u:r:tzdatacheck:s0 tcontext=u:r:init:s0 tclass=unix_dgram_socket permissive=1
06-16 13:40:01.158 I/ueventd (   89): type=1400 audit(0.0:80): avc: denied { read } for scontext=u:r:init:s0 tcontext=u:r:init:s0 tclass=netlink_kobject_uevent_socket permissive=1
06-16 13:40:01.160 I//system/bin/tzdatacheck(  129): tzdata file /data/misc/zoneinfo/current/tzdata does not exist. No action required.
06-16 13:40:01.162 I/ueventd (   89): type=1400 audit(0.0:81): avc: denied { relabelfrom } for name="loop0" dev="tmpfs" ino=8080 scontext=u:r:init:s0 tcontext=u:object_r:loop_device:s0 tclass=blk_file permissive=1
06-16 13:40:01.162 I/ueventd (   89): type=1400 audit(0.0:82): avc: denied { relabelto } for name="loop0" dev="tmpfs" ino=8080 scontext=u:r:init:s0 tcontext=u:object_r:loop_device:s0 tclass=blk_file permissive=1
06-16 13:40:01.170 I/init    (    1): type=1400 audit(0.0:83): avc: denied { read } for name="httpd" dev="xvda5" ino=3526 scontext=u:r:init:s0 tcontext=u:object_r:httpd_exec:s0 tclass=lnk_file permissive=1
06-16 13:40:01.170 I/init    (    1): type=1400 audit(0.0:84): avc: denied { getattr } for path="/system/xbin/busybox" dev="xvda5" ino=3451 scontext=u:r:init:s0 tcontext=u:object_r:busybox_exec:s0 tclass=file permissive=1
06-16 13:40:01.178 I/init    (  132): type=1400 audit(0.0:85): avc: denied { execute } for name="busybox" dev="xvda5" ino=3451 scontext=u:r:init:s0 tcontext=u:object_r:busybox_exec:s0 tclass=file permissive=1
06-16 13:40:01.178 I/init    (  132): type=1400 audit(0.0:86): avc: denied { read open } for path="/system/xbin/busybox" dev="xvda5" ino=3451 scontext=u:r:init:s0 tcontext=u:object_r:busybox_exec:s0 tclass=file permissive=1
06-16 13:40:01.178 I/init    (  132): type=1400 audit(0.0:87): avc: denied { execute_no_trans } for path="/system/xbin/busybox" dev="xvda5" ino=3451 scontext=u:r:init:s0 tcontext=u:object_r:busybox_exec:s0 tclass=file permissive=1
06-16 13:40:01.190 I/cp      (  133): type=1400 audit(0.0:88): avc: denied { read } for name="www" dev="xvda7" ino=7939 scontext=u:r:toolbox:s0 tcontext=u:object_r:system_data_file:s0 tclass=dir permissive=1
06-16 13:40:01.190 I/cp      (  133): type=1400 audit(0.0:89): avc: denied { open } for path="/data/www" dev="xvda7" ino=7939 scontext=u:r:toolbox:s0 tcontext=u:object_r:system_data_file:s0 tclass=dir permissive=1
06-16 13:40:01.198 I/sshd    (  134): type=1400 audit(0.0:90): avc: denied { sendto } for path="/dev/socket/logdw" scontext=u:r:start-ssh:s0 tcontext=u:r:init:s0 tclass=unix_dgram_socket permissive=1
06-16 13:40:01.201 I//system/bin/sshd(  134): Server listening on :: port 22.
06-16 13:40:01.201 I//system/bin/sshd(  134): Server listening on 0.0.0.0 port 22.
06-16 13:40:01.201 E//system/bin/sshd(  134): error: Couldn't create pid file "/var/run/sshd.pid": No such file or directory
06-16 13:40:01.202 I/cp      (  133): type=1400 audit(0.0:91): avc: denied { write } for name="definition.v1.yaml" dev="xvda7" ino=7941 scontext=u:r:toolbox:s0 tcontext=u:object_r:system_data_file:s0 tclass=file permissive=1
06-16 13:40:01.202 I/cp      (  133): type=1400 audit(0.0:92): avc: denied { open } for path="/data/www/api/definition.v1.yaml" dev="xvda7" ino=7941 scontext=u:r:toolbox:s0 tcontext=u:object_r:system_data_file:s0 tclass=file permissive=1
06-16 13:40:01.206 I/httpd   (  132): type=1400 audit(0.0:93): avc: denied { create } for scontext=u:r:init:s0 tcontext=u:r:init:s0 tclass=tcp_socket permissive=1
06-16 13:40:01.206 I/httpd   (  132): type=1400 audit(0.0:94): avc: denied { setopt } for scontext=u:r:init:s0 tcontext=u:r:init:s0 tclass=tcp_socket permissive=1
06-16 13:40:01.206 I/httpd   (  132): type=1400 audit(0.0:95): avc: denied { bind } for scontext=u:r:init:s0 tcontext=u:r:init:s0 tclass=tcp_socket permissive=1
06-16 13:40:01.206 I/httpd   (  132): type=1400 audit(0.0:96): avc: denied { name_bind } for src=80 scontext=u:r:init:s0 tcontext=u:object_r:port:s0 tclass=tcp_socket permissive=1
06-16 13:40:01.206 I/httpd   (  132): type=1400 audit(0.0:97): avc: denied { node_bind } for src=80 scontext=u:r:init:s0 tcontext=u:object_r:node:s0 tclass=tcp_socket permissive=1
06-16 13:40:01.206 I/httpd   (  132): type=1400 audit(0.0:98): avc: denied { net_bind_service } for capability=10 scontext=u:r:init:s0 tcontext=u:r:init:s0 tclass=capability permissive=1
06-16 13:40:01.206 I/httpd   (  132): type=1400 audit(0.0:99): avc: denied { listen } for lport=80 scontext=u:r:init:s0 tcontext=u:r:init:s0 tclass=tcp_socket permissive=1
06-16 13:40:01.210 I/httpd   (  132): type=1400 audit(0.0:100): avc: denied { accept } for lport=80 scontext=u:r:init:s0 tcontext=u:r:init:s0 tclass=tcp_socket permissive=1
06-16 13:40:01.726 I/logd    (  116): type=1400 audit(0.0:101): avc: denied { accept } for path="/dev/socket/logd" scontext=u:r:logd:s0 tcontext=u:r:init:s0 tclass=unix_stream_socket permissive=1
06-16 13:40:01.726 I/logd    (  116): type=1400 audit(0.0:102): avc: denied { getopt } for path="/dev/socket/logd" scontext=u:r:logd:s0 tcontext=u:r:init:s0 tclass=unix_stream_socket permissive=1
06-16 13:40:01.726 I/logd.control(  116): type=1400 audit(0.0:103): avc: denied { sendto } for path="/dev/socket/logdw" scontext=u:r:logd:s0 tcontext=u:r:init:s0 tclass=unix_dgram_socket permissive=1
06-16 13:40:01.750 I/perfprofd(  143): type=1400 audit(0.0:104): avc: denied { sendto } for path="/dev/socket/logdw" scontext=u:r:perfprofd:s0 tcontext=u:r:init:s0 tclass=unix_dgram_socket permissive=1
06-16 13:40:01.753 I/perfprofd(  143): starting Android Wide Profiling daemon
06-16 13:40:01.758 E/perfprofd(  143): unable to open configuration file /data/data/com.google.android.gms/files/perfprofd.conf
06-16 13:40:01.758 I/perfprofd(  143): random seed set to 1151657734
06-16 13:40:01.762 I/gatekeeperd(  141): type=1400 audit(0.0:105): avc: denied { sendto } for path="/dev/socket/logdw" scontext=u:r:gatekeeperd:s0 tcontext=u:r:init:s0 tclass=unix_dgram_socket permissive=1
06-16 13:40:01.765 I/gatekeeperd(  141): Starting gatekeeperd...
06-16 13:40:01.770 I/init    (  146): type=1400 audit(0.0:106): avc: denied { execute_no_trans } for path="/sbin/adbd" dev="rootfs" ino=7823 scontext=u:r:init:s0 tcontext=u:object_r:rootfs:s0 tclass=file permissive=1
06-16 13:40:02.096 I/lowmemorykiller(  255): Using in-kernel low memory killer interface
06-16 13:40:02.100 W/vinput  (  259): Empty command, we ignore it
06-16 13:40:02.108 E/network_profile_handler(  256): init_all_network_profile_state: wlan: wlan0 phone:rmnet0
06-16 13:40:02.108 I/network_profile(  256): Redis connect
06-16 13:40:02.108 I/network_profile(  256): Redis PUB: network_profile status ready
06-16 13:40:02.109 W/vinput  (  259): Vinput: Publish command vinput status ready configured:0 has no receiver
06-16 13:40:02.110 I/network_profile(  256): Redis read thread
06-16 13:40:02.110 I/network_profile(  256): Redis read wait
06-16 13:40:02.110 W/network_profile(  256): message not properly formated
06-16 13:40:02.113 I/crond   (  264): crond: crond (busybox 1.22.1 bionic) started, log level 8
06-16 13:40:02.116 W/baseband-redis(  268): Redis message not properly formated
06-16 13:40:02.119 I/        (  273): installd firing up
06-16 13:40:02.122 E/SELinux (  257): avc:  denied  { add } for service=batteryproperties pid=290 uid=0 scontext=u:r:init:s0 tcontext=u:object_r:batteryproperties_service:s0 tclass=service_manager permissive=1
06-16 13:40:02.126 I/keystore(  274): Found keymaster0 module Keymaster OpenSSL HAL, version 2
06-16 13:40:02.126 I/SoftKeymaster(  274): system/keymaster/soft_keymaster_device.cpp, Line 131: Creating device
06-16 13:40:02.126 I/keystore(  274): Keymaster0 module is software-only.  Using SoftKeymasterDevice instead.
06-16 13:40:02.126 I/SoftKeymaster(  274): system/keymaster/soft_keymaster_device.cpp, Line 131: Creating device
06-16 13:40:02.130 I/Netd    (  282): Netd 1.0 starting
06-16 13:40:02.148 I/SurfaceFlinger(  265): SurfaceFlinger is starting
06-16 13:40:02.149 I/SurfaceFlinger(  265): SurfaceFlinger's main thread ready to run. Initializing graphics H/W...
06-16 13:40:02.151 E/libEGL  (  265): load_driver(/vendor/lib64/egl/libGLES_swiftshader.so): dlopen failed: library "/vendor/lib64/egl/libGLES_swiftshader.so" not found
06-16 13:40:02.257 I/gralloc (  265): using (fd=11)
06-16 13:40:02.257 I/gralloc (  265): id           = Virtual FB
06-16 13:40:02.257 I/gralloc (  265): xres         = 600 px
06-16 13:40:02.257 I/gralloc (  265): yres         = 1024 px
06-16 13:40:02.257 I/gralloc (  265): xres_virtual = 600 px
06-16 13:40:02.257 I/gralloc (  265): yres_virtual = 2048 px
06-16 13:40:02.257 I/gralloc (  265): bpp          = 32
06-16 13:40:02.257 I/gralloc (  265): r            = 16:8
06-16 13:40:02.257 I/gralloc (  265): g            =  8:8
06-16 13:40:02.257 I/gralloc (  265): b            =  0:8
06-16 13:40:02.257 I/gralloc (  265): width        = 95 mm (160.421051 dpi)
06-16 13:40:02.257 I/gralloc (  265): height       = 162 mm (160.553085 dpi)
06-16 13:40:02.257 I/gralloc (  265): refresh rate = 60.00 Hz
06-16 13:40:02.258 E/SurfaceFlinger(  265): hwcomposer module not found
06-16 13:40:02.258 I/SurfaceFlinger(  265): Trying a simpler query for non-RGBA_8888
06-16 13:40:02.259 I/SurfaceFlinger(  265): EGL information: format=0x5
06-16 13:40:02.259 I/SurfaceFlinger(  265): vendor    : Android
06-16 13:40:02.259 I/SurfaceFlinger(  265): version   : 1.4 Android META-EGL
06-16 13:40:02.259 I/SurfaceFlinger(  265): extensions: EGL_KHR_get_all_proc_addresses EGL_ANDROID_presentation_time EGL_KHR_swap_buffers_with_damage EGL_ANDROID_create_native_client_buffer EGL_ANDROID_front_buffer_auto_refresh EGL_KHR_image_base EGL_KHR_gl_texture_2D_image EGL_KHR_gl_texture_cubemap_image EGL_KHR_gl_renderbuffer_image EGL_KHR_fence_sync EGL_KHR_create_context EGL_ANDROID_recordable 
06-16 13:40:02.259 I/SurfaceFlinger(  265): Client API: OpenGL_ES
06-16 13:40:02.259 I/SurfaceFlinger(  265): EGLSurface: 8-8-8-8, config=0x2f
06-16 13:40:02.266 I/SurfaceFlinger(  265): OpenGL ES informations: format=0x5
06-16 13:40:02.266 I/SurfaceFlinger(  265): vendor    : Google Inc.
06-16 13:40:02.266 I/SurfaceFlinger(  265): renderer  : Google SwiftShader
06-16 13:40:02.266 I/SurfaceFlinger(  265): version   : OpenGL ES 2.0 SwiftShader 3.3.0.2
06-16 13:40:02.266 I/SurfaceFlinger(  265): extensions: GL_OES_compressed_ETC1_RGB8_texture GL_OES_depth24 GL_OES_depth32 GL_OES_depth_texture GL_OES_depth_texture_cube_map GL_OES_EGL_image GL_OES_EGL_image_external GL_OES_EGL_sync GL_OES_element_index_uint GL_OES_framebuffer_object GL_OES_packed_depth_stencil GL_OES_rgb8_rgba8 GL_OES_standard_derivatives GL_OES_texture_float GL_OES_texture_float_linear GL_OES_texture_half_float GL_OES_texture_half_float_linear GL_OES_texture_npot GL_OES_texture_3D GL_OES_vertex_half_float GL_EXT_blend_minmax GL_EXT_color_buffer_half_float GL_EXT_draw_buffers GL_EXT_instanced_arrays GL_EXT_occlusion_query_boolean GL_EXT_read_format_bgra GL_EXT_texture_filter_anisotropic GL_EXT_texture_format_BGRA8888 GL_EXT_texture_rg GL_ANGLE_framebuffer_blit GL_ANGLE_framebuffer_multisample GL_ANGLE_instanced_arrays GL_CHROMIUM_texture_filtering_hint GL_NV_fence GL_NV_framebuffer_blit GL_NV_read_depth 
06-16 13:40:02.266 I/SurfaceFlinger(  265): GL_MAX_TEXTURE_SIZE = 8192
06-16 13:40:02.266 I/SurfaceFlinger(  265): GL_MAX_VIEWPORT_DIMS = 8192
06-16 13:40:02.266 E/cutils-trace(  265): Error opening trace file: Permission denied (13)
06-16 13:40:02.278 I/mediacodec(  276): type=1400 audit(0.0:193): avc: denied { sendto } for path="/dev/socket/logdw" scontext=u:r:mediacodec:s0 tcontext=u:r:init:s0 tclass=unix_dgram_socket permissive=1
06-16 13:40:02.279 I/mediacodec(  276): @@@ mediacodecservice starting
06-16 13:40:02.280 W/        (  276): No seccomp filter defined for this architecture.
06-16 13:40:02.302 I/init.cloud.sh(  247): type=1400 audit(0.0:194): avc: denied { getattr } for path="/data/ssh/authorized_keys" dev="xvda7" ino=87305 scontext=u:r:init-cloud:s0 tcontext=u:object_r:ssh_data_file:s0 tclass=file permissive=1
06-16 13:40:02.318 I/rm      (  331): type=1400 audit(0.0:195): avc: denied { write } for name="authorized_keys" dev="xvda7" ino=87305 scontext=u:r:init-cloud:s0 tcontext=u:object_r:ssh_data_file:s0 tclass=file permissive=1
06-16 13:40:02.318 I/rm      (  331): type=1400 audit(0.0:196): avc: denied { write } for name="ssh" dev="xvda7" ino=87299 scontext=u:r:init-cloud:s0 tcontext=u:object_r:ssh_data_file:s0 tclass=dir permissive=1
06-16 13:40:02.318 I/rm      (  331): type=1400 audit(0.0:197): avc: denied { remove_name } for name="authorized_keys" dev="xvda7" ino=87305 scontext=u:r:init-cloud:s0 tcontext=u:object_r:ssh_data_file:s0 tclass=dir permissive=1
06-16 13:40:02.318 I/rm      (  331): type=1400 audit(0.0:198): avc: denied { unlink } for name="authorized_keys" dev="xvda7" ino=87305 scontext=u:r:init-cloud:s0 tcontext=u:object_r:ssh_data_file:s0 tclass=file permissive=1
06-16 13:40:02.318 I/audioserver(  269): type=1400 audit(0.0:199): avc: denied { sendto } for path="/dev/socket/logdw" scontext=u:r:audioserver:s0 tcontext=u:r:init:s0 tclass=unix_dgram_socket permissive=1
06-16 13:40:02.319 I/        (  269): sMaxFastTracks = 8
06-16 13:40:02.319 I/audioserver(  269): ServiceManager: 0xefa9afc0
06-16 13:40:02.319 W/BatteryNotifier(  269): batterystats service unavailable!
06-16 13:40:02.319 I/AudioFlinger(  269): Using default 3000 mSec as standby time.
06-16 13:40:02.319 I/AudioPolicyService(  269): AudioPolicyService CSTOR in new mode
06-16 13:40:02.322 I/mediaextractor(  279): type=1400 audit(0.0:200): avc: denied { sendto } for path="/dev/socket/logdw" scontext=u:r:mediaextractor:s0 tcontext=u:r:init:s0 tclass=unix_dgram_socket permissive=1
06-16 13:40:02.322 I/logd.writer(  115): type=1400 audit(0.0:201): avc: denied { read } for path="/dev/socket/logdw" scontext=u:r:logd:s0 tcontext=u:r:init:s0 tclass=unix_dgram_socket permissive=1
06-16 13:40:02.323 W//system/bin/mediaextractor(  279): libminijail: allowing syscall: socketcall
06-16 13:40:02.323 W//system/bin/mediaextractor(  279): libminijail: allowing syscall: writev
06-16 13:40:02.323 W//system/bin/mediaextractor(  279): libminijail: allowing syscall: fcntl64
06-16 13:40:02.323 W//system/bin/mediaextractor(  279): libminijail: allowing syscall: clock_gettime
06-16 13:40:02.324 W//system/bin/mediaextractor(  279): libminijail: logging seccomp filter failures
06-16 13:40:02.327 I/APM::ConfigParsingUtils(  269): loadAudioPolicyConfig() loaded /system/etc/audio_policy.conf
06-16 13:40:02.338 I/cameraserver(  270): type=1400 audit(0.0:202): avc: denied { sendto } for path="/dev/socket/logdw" scontext=u:r:cameraserver:s0 tcontext=u:r:init:s0 tclass=unix_dgram_socket permissive=1
06-16 13:40:02.338 I/wget    (  337): type=1400 audit(0.0:203): avc: denied { create } for scontext=u:r:init-cloud:s0 tcontext=u:r:init-cloud:s0 tclass=tcp_socket permissive=1
06-16 13:40:02.338 I/wget    (  337): type=1400 audit(0.0:204): avc: denied { connect } for scontext=u:r:init-cloud:s0 tcontext=u:r:init-cloud:s0 tclass=tcp_socket permissive=1
06-16 13:40:02.338 I/wget    (  337): type=1400 audit(0.0:205): avc: denied { getattr } for path="socket:[9989]" dev="sockfs" ino=9989 scontext=u:r:init-cloud:s0 tcontext=u:r:init-cloud:s0 tclass=tcp_socket permissive=1
06-16 13:40:02.338 I/wget    (  337): type=1400 audit(0.0:206): avc: denied { write } for path="socket:[9989]" dev="sockfs" ino=9989 scontext=u:r:init-cloud:s0 tcontext=u:r:init-cloud:s0 tclass=tcp_socket permissive=1
06-16 13:40:02.338 I/wget    (  337): type=1400 audit(0.0:207): avc: denied { read } for path="socket:[9989]" dev="sockfs" ino=9989 scontext=u:r:init-cloud:s0 tcontext=u:r:init-cloud:s0 tclass=tcp_socket permissive=1
06-16 13:40:02.338 I/wget    (  337): type=1400 audit(0.0:208): avc: denied { add_name } for name="authorized_keys" scontext=u:r:init-cloud:s0 tcontext=u:object_r:ssh_data_file:s0 tclass=dir permissive=1
06-16 13:40:02.338 I/wget    (  337): type=1400 audit(0.0:209): avc: denied { create } for name="authorized_keys" scontext=u:r:init-cloud:s0 tcontext=u:object_r:ssh_data_file:s0 tclass=file permissive=1
06-16 13:40:02.338 I/wget    (  337): type=1400 audit(0.0:210): avc: denied { open } for path="/data/ssh/authorized_keys" dev="xvda7" ino=87305 scontext=u:r:init-cloud:s0 tcontext=u:object_r:ssh_data_file:s0 tclass=file permissive=1
06-16 13:40:02.338 I/cameraserver(  270): ServiceManager: 0xef91afc0
06-16 13:40:02.338 E/genymotion_audio(  269): Fail to get mixer ctl: Master Playback Switch
06-16 13:40:02.338 E/genymotion_audio(  269): Fail to get mixer ctl: Master Playback Volume
06-16 13:40:02.338 E/genymotion_audio(  269): Fail to get mixer ctl: PCM Playback Switch
06-16 13:40:02.338 E/genymotion_audio(  269): Fail to get mixer ctl: PCM Playback Volume
06-16 13:40:02.339 E/genymotion_audio(  269): Fail to get mixer ctl: Capture Switch
06-16 13:40:02.339 E/genymotion_audio(  269): Fail to get mixer ctl: Capture Volume
06-16 13:40:02.339 I/genymotion_audio(  269): Starting audio input server
06-16 13:40:02.339 I/genymotion_audio(  269): Starting input server...
06-16 13:40:02.339 I/genymotion_audio(  269): pcm dump: lock server init ret: 0
06-16 13:40:02.339 I/genymotion_audio(  269): pcm dump: init input buffer with 1764 frames of 4 bytes
06-16 13:40:02.339 I/genymotion_audio(  269): Starting input pcm server
06-16 13:40:02.339 I/AudioFlinger(  269): loadHwModule() Loaded primary audio interface from Generic audio HW HAL (audio) handle 10
06-16 13:40:02.339 I/AudioFlinger(  269): openOutput(), module 10 Device 2, SamplingRate 44100, Format 0x000001, Channels 3, flags 2
06-16 13:40:02.339 I/genymotion_audio(  269): Starting pcm out server
06-16 13:40:02.339 W/AudioFlinger(  269): HAL output buffer size is 661 frames but AudioMixer requires multiples of 16 frames
06-16 13:40:02.339 I/AudioFlinger(  269): HAL output buffer size 661 frames, normal sink buffer size 1056 frames
06-16 13:40:02.341 I/CameraService(  270): CameraService started (pid=270)
06-16 13:40:02.341 I/CameraService(  270): CameraService process starting
06-16 13:40:02.341 W/BatteryNotifier(  270): batterystats service unavailable!
06-16 13:40:02.341 W/BatteryNotifier(  270): batterystats service unavailable!
06-16 13:40:02.346 I/audioserver(  342): type=1400 audit(0.0:211): avc: denied { listen } for path="/dev/socket/audio_in" scontext=u:r:audioserver:s0 tcontext=u:r:init:s0 tclass=unix_stream_socket permissive=1
06-16 13:40:02.346 I/audioserver(  342): type=1400 audit(0.0:212): avc: denied { accept } for path="/dev/socket/audio_in" scontext=u:r:audioserver:s0 tcontext=u:r:init:s0 tclass=unix_stream_socket permissive=1
06-16 13:40:02.347 I/genymotion_audio(  269): Input server: Trying to get unix socket
06-16 13:40:02.347 I/genymotion_audio(  269): Input server: done, checking...
06-16 13:40:02.347 I/genymotion_audio(  269): Input server: socket is okay, listening on it...
06-16 13:40:02.347 I/genymotion_audio(  269): Input server: done listening
06-16 13:40:02.347 I/genymotion_audio(  269): Input server waiting for connection
06-16 13:40:02.347 I/genymotion_audio(  269): out sampling rate 0
06-16 13:40:02.347 I/BufferProvider(  269): found effect "Multichannel Downmix To Stereo" from The Android Open Source Project
06-16 13:40:02.347 I/AudioFlinger(  269): Using module 10 has the primary audio interface
06-16 13:40:02.350 I/AudioFlinger(  269): AudioFlinger's thread 0xef51b140 ready to run
06-16 13:40:02.350 W/BatteryNotifier(  269): batterystats service unavailable!
06-16 13:40:02.350 W/BatteryNotifier(  269): batterystats service unavailable!
06-16 13:40:02.351 I/genymotion_audio(  269): pcm dump: lock init ret: 0
06-16 13:40:02.351 I/genymotion_audio(  269): pcm dump: in->pcm_config.rate: 44100
06-16 13:40:02.351 I/genymotion_audio(  269): pcm dump: in->pcm_config.period_size: 441
06-16 13:40:02.351 I/genymotion_audio(  269): pcm dump: in->pcm_config.period_count: 4
06-16 13:40:02.351 I/genymotion_audio(  269): pcm dump: in->pcm_config.channels: 2
06-16 13:40:02.351 I/genymotion_audio(  269): pcm dump: to byte: 2
06-16 13:40:02.351 W/BatteryNotifier(  269): batterystats service unavailable!
06-16 13:40:02.351 W/AudioFlinger(  269): no wake lock to update, system not ready yet
06-16 13:40:02.351 E/cutils-trace(  269): Error opening trace file: Permission denied (13)
06-16 13:40:02.352 I/mediaserver(  281): ServiceManager: 0xf4c3c040
06-16 13:40:02.352 I/genymotion_audio(  269): in_read_worker: Start.  channels 2 format 0 rate 44100
06-16 13:40:02.352 I/genymotion_audio(  269): in_read_worker dump: in->pcm_config.period_size: 441
06-16 13:40:02.352 I/genymotion_audio(  269): in_read_worker dump: in->pcm_config.period_count: 4
06-16 13:40:02.352 I/genymotion_audio(  269): in_read_worker dump: in->pcm_config.channels: 2
06-16 13:40:02.352 I/genymotion_audio(  269): in_read_worker dump: to byte: 2
06-16 13:40:02.352 I/genymotion_audio(  269): in_read_worker standby/restart
06-16 13:40:02.353 I/AudioFlinger(  269): AudioFlinger's thread 0xeee03540 ready to run
06-16 13:40:02.353 W/BatteryNotifier(  281): batterystats service unavailable!
06-16 13:40:02.353 I/RadioService(  269): RadioService
06-16 13:40:02.353 I/RadioService(  269): onFirstRef
06-16 13:40:02.353 E/RadioService(  269): couldn't load radio module radio.primary (No such file or directory)
06-16 13:40:02.353 E/SoundTriggerHwService(  269): couldn't load sound trigger module sound_trigger.primary (No such file or directory)
06-16 13:40:02.353 E/FastThread(  269): did not receive expected priority boost
06-16 13:40:02.354 E/EmulatedCamera_Factory(  270): 2 cameras are being emulated.
06-16 13:40:02.354 E/EmulatedCamera_HotplugThread(  270): createFileIfNotExists: Could not create file '/data/misc/media/emulator.camera.hotplug.0', error: 'Permission denied' (13)
06-16 13:40:02.354 E/EmulatedCamera_HotplugThread(  270): createFileIfNotExists: Could not create file '/data/misc/media/emulator.camera.hotplug.1', error: 'Permission denied' (13)
06-16 13:40:02.354 E/cutils-trace(  270): Error opening trace file: Permission denied (13)
06-16 13:40:02.354 I/CameraService(  270): Loaded "Emulated Camera Module" camera module
06-16 13:40:02.354 E/CameraService(  270): setUpVendorTags: Vendor tag operations not fully defined. Ignoring definitions.
06-16 13:40:02.354 I/CameraFlashlight(  270): Opening camera 0
06-16 13:40:02.358 I/CameraFlashlight(  270): Destroying camera 0
06-16 13:40:02.358 I/CameraFlashlight(  270): Opening camera 1
06-16 13:40:02.358 I/CameraFlashlight(  270): Destroying camera 1
06-16 13:40:02.359 I/ServiceManager(  270): Waiting for service media.camera.proxy...
06-16 13:40:02.421 I/mediaserver(  278): ServiceManager: 0xe633c040
06-16 13:40:02.452 E/libEGL  (  328): load_driver(/vendor/lib64/egl/libGLES_swiftshader.so): dlopen failed: library "/vendor/lib64/egl/libGLES_swiftshader.so" not found
06-16 13:40:02.461 E/cutils-trace(  328): Error opening trace file: Permission denied (13)
06-16 13:40:02.768 W/gatekeeperd(  141): falling back to software GateKeeper
06-16 13:40:02.930 I/art     (  266): option[0]=-Xzygote
06-16 13:40:02.930 I/art     (  266): option[1]=-Xstacktracefile:/data/anr/traces.txt
06-16 13:40:02.930 I/art     (  266): option[2]=exit
06-16 13:40:02.930 I/art     (  266): option[3]=vfprintf
06-16 13:40:02.930 I/art     (  266): option[4]=sensitiveThread
06-16 13:40:02.930 I/art     (  266): option[5]=-verbose:gc
06-16 13:40:02.930 I/art     (  266): option[6]=-Xms8m
06-16 13:40:02.930 I/art     (  266): option[7]=-Xmx512m
06-16 13:40:02.930 I/art     (  266): option[8]=-XX:HeapGrowthLimit=192m
06-16 13:40:02.930 I/art     (  266): option[9]=-XX:HeapMinFree=512k
06-16 13:40:02.930 I/art     (  266): option[10]=-XX:HeapMaxFree=8m
06-16 13:40:02.930 I/art     (  266): option[11]=-XX:HeapTargetUtilization=0.75
06-16 13:40:02.930 I/art     (  266): option[12]=-Xusejit:true
06-16 13:40:02.930 I/art     (  266): option[13]=-Xjitsaveprofilinginfo
06-16 13:40:02.930 I/art     (  266): option[14]=-agentlib:jdwp=transport=dt_android_adb,suspend=n,server=y
06-16 13:40:02.930 I/art     (  266): option[15]=-Xlockprofthreshold:500
06-16 13:40:02.930 I/art     (  266): option[16]=-Ximage-compiler-option
06-16 13:40:02.930 I/art     (  266): option[17]=--runtime-arg
06-16 13:40:02.930 I/art     (  266): option[18]=-Ximage-compiler-option
06-16 13:40:02.930 I/art     (  266): option[19]=-Xms64m
06-16 13:40:02.930 I/art     (  266): option[20]=-Ximage-compiler-option
06-16 13:40:02.930 I/art     (  266): option[21]=--runtime-arg
06-16 13:40:02.930 I/art     (  266): option[22]=-Ximage-compiler-option
06-16 13:40:02.930 I/art     (  266): option[23]=-Xmx64m
06-16 13:40:02.930 I/art     (  266): option[24]=-Ximage-compiler-option
06-16 13:40:02.930 I/art     (  266): option[25]=--image-classes=/system/etc/preloaded-classes
06-16 13:40:02.930 I/art     (  266): option[26]=-Ximage-compiler-option
06-16 13:40:02.930 I/art     (  266): option[27]=--compiled-classes=/system/etc/compiled-classes
06-16 13:40:02.930 I/art     (  266): option[28]=-Xcompiler-option
06-16 13:40:02.930 I/art     (  266): option[29]=--runtime-arg
06-16 13:40:02.930 I/art     (  266): option[30]=-Xcompiler-option
06-16 13:40:02.930 I/art     (  266): option[31]=-Xms64m
06-16 13:40:02.930 I/art     (  266): option[32]=-Xcompiler-option
06-16 13:40:02.930 I/art     (  266): option[33]=--runtime-arg
06-16 13:40:02.930 I/art     (  266): option[34]=-Xcompiler-option
06-16 13:40:02.930 I/art     (  266): option[35]=-Xmx512m
06-16 13:40:02.930 I/art     (  266): option[36]=-Ximage-compiler-option
06-16 13:40:02.930 I/art     (  266): option[37]=--instruction-set-variant=x86_64
06-16 13:40:02.930 I/art     (  266): option[38]=-Xcompiler-option
06-16 13:40:02.930 I/art     (  266): option[39]=--instruction-set-variant=x86_64
06-16 13:40:02.930 I/art     (  266): option[40]=-Ximage-compiler-option
06-16 13:40:02.930 I/art     (  266): option[41]=--instruction-set-features=default
06-16 13:40:02.930 I/art     (  266): option[42]=-Xcompiler-option
06-16 13:40:02.930 I/art     (  266): option[43]=--instruction-set-features=default
06-16 13:40:02.930 I/art     (  266): option[44]=-Duser.locale=en-US
06-16 13:40:02.930 I/art     (  266): option[45]=--cpu-abilist=x86_64
06-16 13:40:02.930 I/art     (  266): option[46]=-Xfingerprint:Android/cloud/cloud:7.0/NBD92Y/1313:userdebug/test-keys
06-16 13:40:02.951 I/art     (  267): option[0]=-Xzygote
06-16 13:40:02.951 I/art     (  267): option[1]=-Xstacktracefile:/data/anr/traces.txt
06-16 13:40:02.951 I/art     (  267): option[2]=exit
06-16 13:40:02.951 I/art     (  267): option[3]=vfprintf
06-16 13:40:02.951 I/art     (  267): option[4]=sensitiveThread
06-16 13:40:02.951 I/art     (  267): option[5]=-verbose:gc
06-16 13:40:02.951 I/art     (  267): option[6]=-Xms8m
06-16 13:40:02.951 I/art     (  267): option[7]=-Xmx512m
06-16 13:40:02.951 I/art     (  267): option[8]=-XX:HeapGrowthLimit=192m
06-16 13:40:02.951 I/art     (  267): option[9]=-XX:HeapMinFree=512k
06-16 13:40:02.951 I/art     (  267): option[10]=-XX:HeapMaxFree=8m
06-16 13:40:02.951 I/art     (  267): option[11]=-XX:HeapTargetUtilization=0.75
06-16 13:40:02.951 I/art     (  267): option[12]=-Xusejit:true
06-16 13:40:02.951 I/art     (  267): option[13]=-Xjitsaveprofilinginfo
06-16 13:40:02.951 I/art     (  267): option[14]=-agentlib:jdwp=transport=dt_android_adb,suspend=n,server=y
06-16 13:40:02.951 I/art     (  267): option[15]=-Xlockprofthreshold:500
06-16 13:40:02.951 I/art     (  267): option[16]=-Ximage-compiler-option
06-16 13:40:02.951 I/art     (  267): option[17]=--runtime-arg
06-16 13:40:02.951 I/art     (  267): option[18]=-Ximage-compiler-option
06-16 13:40:02.951 I/art     (  267): option[19]=-Xms64m
06-16 13:40:02.951 I/art     (  267): option[20]=-Ximage-compiler-option
06-16 13:40:02.951 I/art     (  267): option[21]=--runtime-arg
06-16 13:40:02.951 I/art     (  267): option[22]=-Ximage-compiler-option
06-16 13:40:02.951 I/art     (  267): option[23]=-Xmx64m
06-16 13:40:02.951 I/art     (  267): option[24]=-Ximage-compiler-option
06-16 13:40:02.951 I/art     (  267): option[25]=--image-classes=/system/etc/preloaded-classes
06-16 13:40:02.951 I/art     (  267): option[26]=-Ximage-compiler-option
06-16 13:40:02.951 I/art     (  267): option[27]=--compiled-classes=/system/etc/compiled-classes
06-16 13:40:02.951 I/art     (  267): option[28]=-Xcompiler-option
06-16 13:40:02.951 I/art     (  267): option[29]=--runtime-arg
06-16 13:40:02.951 I/art     (  267): option[30]=-Xcompiler-option
06-16 13:40:02.951 I/art     (  267): option[31]=-Xms64m
06-16 13:40:02.951 I/art     (  267): option[32]=-Xcompiler-option
06-16 13:40:02.951 I/art     (  267): option[33]=--runtime-arg
06-16 13:40:02.951 I/art     (  267): option[34]=-Xcompiler-option
06-16 13:40:02.951 I/art     (  267): option[35]=-Xmx512m
06-16 13:40:02.951 I/art     (  267): option[36]=-Ximage-compiler-option
06-16 13:40:02.951 I/art     (  267): option[37]=--instruction-set-variant=x86
06-16 13:40:02.951 I/art     (  267): option[38]=-Xcompiler-option
06-16 13:40:02.951 I/art     (  267): option[39]=--instruction-set-variant=x86
06-16 13:40:02.951 I/art     (  267): option[40]=-Ximage-compiler-option
06-16 13:40:02.951 I/art     (  267): option[41]=--instruction-set-features=default
06-16 13:40:02.951 I/art     (  267): option[42]=-Xcompiler-option
06-16 13:40:02.951 I/art     (  267): option[43]=--instruction-set-features=default
06-16 13:40:02.951 I/art     (  267): option[44]=-Duser.locale=en-US
06-16 13:40:02.951 I/art     (  267): option[45]=--cpu-abilist=x86
06-16 13:40:02.951 I/art     (  267): option[46]=-Xfingerprint:Android/cloud/cloud:7.0/NBD92Y/1313:userdebug/test-keys
06-16 13:40:03.024 I/iptables(  282): iptables v1.4.20: Couldn't find target `fw_dozable'
06-16 13:40:03.024 I/iptables(  282): 
06-16 13:40:03.024 I/iptables(  282): Try `iptables -h' or 'iptables --help' for more information.
06-16 13:40:03.030 I/iptables(  282): iptables terminated by exit(2)
06-16 13:40:03.030 E/Netd    (  282): exec() res=0, status=512 for /system/bin/iptables -w -t filter -D fw_INPUT -j fw_dozable 
06-16 13:40:03.033 I/ip6tables(  282): ip6tables v1.4.20: Couldn't find target `fw_dozable'
06-16 13:40:03.033 I/ip6tables(  282): 
06-16 13:40:03.033 I/ip6tables(  282): Try `ip6tables -h' or 'ip6tables --help' for more information.
06-16 13:40:03.034 I/ip6tables(  282): ip6tables terminated by exit(2)
06-16 13:40:03.034 E/Netd    (  282): exec() res=0, status=512 for /system/bin/ip6tables -w -t filter -D fw_INPUT -j fw_dozable 
06-16 13:40:03.036 E/Netd    (  282): /system/bin/iptables-restore failed with res=0, status=256
06-16 13:40:03.038 E/Netd    (  282): /system/bin/ip6tables-restore failed with res=0, status=256
06-16 13:40:03.040 I/iptables(  282): iptables v1.4.20: Couldn't find target `fw_standby'
06-16 13:40:03.040 I/iptables(  282): 
06-16 13:40:03.040 I/iptables(  282): Try `iptables -h' or 'iptables --help' for more information.
06-16 13:40:03.040 I/iptables(  282): iptables terminated by exit(2)
06-16 13:40:03.040 E/Netd    (  282): exec() res=0, status=512 for /system/bin/iptables -w -t filter -D fw_INPUT -j fw_standby 
06-16 13:40:03.042 I/ip6tables(  282): ip6tables v1.4.20: Couldn't find target `fw_standby'
06-16 13:40:03.042 I/ip6tables(  282): 
06-16 13:40:03.042 I/ip6tables(  282): Try `ip6tables -h' or 'ip6tables --help' for more information.
06-16 13:40:03.042 I/ip6tables(  282): ip6tables terminated by exit(2)
06-16 13:40:03.042 E/Netd    (  282): exec() res=0, status=512 for /system/bin/ip6tables -w -t filter -D fw_INPUT -j fw_standby 
06-16 13:40:03.047 I/iptables(  282): iptables v1.4.20: Couldn't find target `fw_powersave'
06-16 13:40:03.047 I/iptables(  282): 
06-16 13:40:03.047 I/iptables(  282): Try `iptables -h' or 'iptables --help' for more information.
06-16 13:40:03.047 I/iptables(  282): iptables terminated by exit(2)
06-16 13:40:03.047 E/Netd    (  282): exec() res=0, status=512 for /system/bin/iptables -w -t filter -D fw_INPUT -j fw_powersave 
06-16 13:40:03.048 I/ip6tables(  282): ip6tables v1.4.20: Couldn't find target `fw_powersave'
06-16 13:40:03.048 I/ip6tables(  282): 
06-16 13:40:03.048 I/ip6tables(  282): Try `ip6tables -h' or 'ip6tables --help' for more information.
06-16 13:40:03.048 I/ip6tables(  282): ip6tables terminated by exit(2)
06-16 13:40:03.048 E/Netd    (  282): exec() res=0, status=512 for /system/bin/ip6tables -w -t filter -D fw_INPUT -j fw_powersave 
06-16 13:40:03.051 E/Netd    (  282): /system/bin/iptables-restore failed with res=0, status=256
06-16 13:40:03.055 E/Netd    (  282): /system/bin/ip6tables-restore failed with res=0, status=256
06-16 13:40:03.097 E/Netd    (  282): /system/bin/iptables-restore failed with res=0, status=256
06-16 13:40:03.100 E/Netd    (  282): /system/bin/ip6tables-restore failed with res=0, status=256
06-16 13:40:03.111 E/Netd    (  282): cannot find interface dummy0
06-16 13:40:03.112 E/Netd    (  282): Unable to create netlink socket: Protocol not supported
06-16 13:40:03.112 E/Netd    (  282): Unable to open quota socket
06-16 13:40:03.358 I/cameraserver(  270): type=1400 audit(0.0:238): avc: denied { sendto } for path="/dev/socket/logdw" scontext=u:r:cameraserver:s0 tcontext=u:r:init:s0 tclass=unix_dgram_socket permissive=1
06-16 13:40:03.359 I/ServiceManager(  270): Waiting for service media.camera.proxy...
06-16 13:40:03.419 E/memtrack(  267): Couldn't load memtrack module (No such file or directory)
06-16 13:40:03.419 E/android.os.Debug(  267): failed to load memtrack module: -2
06-16 13:40:03.420 I/Radio-JNI(  267): register_android_hardware_Radio DONE
06-16 13:40:03.438 I/main    (  267): type=1400 audit(0.0:239): avc: denied { listen } for path="/dev/socket/zygote_secondary" scontext=u:r:zygote:s0 tcontext=u:r:init:s0 tclass=unix_stream_socket permissive=1
06-16 13:40:03.438 I/SamplingProfilerIntegration(  267): Profiling disabled.
06-16 13:40:03.440 I/Zygote  (  267): Installing ICU cache reference pinning...
06-16 13:40:03.444 I/Zygote  (  267): Preloading ICU data...
06-16 13:40:03.464 E/memtrack(  266): Couldn't load memtrack module (No such file or directory)
06-16 13:40:03.464 E/android.os.Debug(  266): failed to load memtrack module: -2
06-16 13:40:03.470 I/Radio-JNI(  266): register_android_hardware_Radio DONE
06-16 13:40:03.493 I/SamplingProfilerIntegration(  266): Profiling disabled.
06-16 13:40:03.494 I/Zygote  (  266): Installing ICU cache reference pinning...
06-16 13:40:03.495 I/Zygote  (  266): Preloading ICU data...
06-16 13:40:03.533 I/Zygote  (  267): Preloading classes...
06-16 13:40:03.555 I/Zygote  (  266): Preloading classes...
06-16 13:40:03.817 E/Typeface(  267): Error mapping font file /system/fonts/DroidSansFallback.ttf
06-16 13:40:03.817 E/Typeface(  266): Error mapping font file /system/fonts/DroidSansFallback.ttf
06-16 13:40:03.973 I/art     (  267): Thread[1,tid=267,Native,Thread*=0xea50b400,peer=0x12c060d0,"main"] recursive attempt to load library "/system/lib/libmedia_jni.so"
06-16 13:40:03.975 I/art     (  267): Thread[1,tid=267,Native,Thread*=0xea50b400,peer=0x12c060d0,"main"] recursive attempt to load library "/system/lib/libmedia_jni.so"
06-16 13:40:03.975 I/art     (  267): Thread[1,tid=267,Native,Thread*=0xea50b400,peer=0x12c060d0,"main"] recursive attempt to load library "/system/lib/libmedia_jni.so"
06-16 13:40:03.977 I/art     (  266): Thread[1,tid=266,Native,Thread*=0x7ffbf3095a00,peer=0x12c060d0,"main"] recursive attempt to load library "/system/lib64/libmedia_jni.so"
06-16 13:40:03.978 I/art     (  266): Thread[1,tid=266,Native,Thread*=0x7ffbf3095a00,peer=0x12c060d0,"main"] recursive attempt to load library "/system/lib64/libmedia_jni.so"
06-16 13:40:03.978 I/art     (  266): Thread[1,tid=266,Native,Thread*=0x7ffbf3095a00,peer=0x12c060d0,"main"] recursive attempt to load library "/system/lib64/libmedia_jni.so"
06-16 13:40:04.006 E/linker  (  267): library /system/lib/libavcodec.so with text relocation is whitelisted
06-16 13:40:04.006 W/linker  (  267): /system/lib/libavcodec.so has text relocations. This is wasting memory and prevents security hardening. Please fix.
06-16 13:40:04.006 E/linker  (  267): library /system/lib/libavcodec.so with text relocation is whitelisted
06-16 13:40:04.010 I/main    (  267): type=1400 audit(0.0:240): avc: denied { execmod } for path="/system/lib/libavcodec.so" dev="xvda5" ino=2166 scontext=u:r:zygote:s0 tcontext=u:object_r:system_file:s0 tclass=file permissive=1
06-16 13:40:04.013 E/linker  (  267): library /system/lib/libswresample.so with text relocation is whitelisted
06-16 13:40:04.013 W/linker  (  267): /system/lib/libswresample.so has text relocations. This is wasting memory and prevents security hardening. Please fix.
06-16 13:40:04.013 E/linker  (  267): library /system/lib/libswresample.so with text relocation is whitelisted
06-16 13:40:04.188 I/System  (  266): Loaded time zone names for "" in 30ms (30ms in ICU)
06-16 13:40:04.189 I/System  (  267): Loaded time zone names for "" in 21ms (20ms in ICU)
06-16 13:40:04.202 I/System  (  267): Loaded time zone names for "en_US" in 13ms (13ms in ICU)
06-16 13:40:04.202 I/System  (  266): Loaded time zone names for "en_US" in 14ms (13ms in ICU)
06-16 13:40:04.218 I/Zygote  (  267): ...preloaded 4161 classes in 685ms.
06-16 13:40:04.219 I/art     (  267): VMRuntime.preloadDexCaches starting
06-16 13:40:04.222 I/Zygote  (  266): ...preloaded 4161 classes in 666ms.
06-16 13:40:04.222 I/art     (  266): VMRuntime.preloadDexCaches starting
06-16 13:40:04.248 I/art     (  267): VMRuntime.preloadDexCaches strings total=282418 before=39296 after=39296
06-16 13:40:04.248 I/art     (  267): VMRuntime.preloadDexCaches types total=23493 before=7835 after=7862
06-16 13:40:04.248 I/art     (  267): VMRuntime.preloadDexCaches fields total=111426 before=40635 after=40849
06-16 13:40:04.248 I/art     (  267): VMRuntime.preloadDexCaches methods total=196896 before=82193 after=82753
06-16 13:40:04.248 I/art     (  267): VMRuntime.preloadDexCaches finished
06-16 13:40:04.260 I/art     (  266): VMRuntime.preloadDexCaches strings total=282418 before=39296 after=39296
06-16 13:40:04.260 I/art     (  266): VMRuntime.preloadDexCaches types total=23493 before=7835 after=7862
06-16 13:40:04.260 I/art     (  266): VMRuntime.preloadDexCaches fields total=111426 before=40635 after=40849
06-16 13:40:04.260 I/art     (  266): VMRuntime.preloadDexCaches methods total=196896 before=82193 after=82753
06-16 13:40:04.260 I/art     (  266): VMRuntime.preloadDexCaches finished
06-16 13:40:04.360 I/ServiceManager(  270): Waiting for service media.camera.proxy...
06-16 13:40:04.395 I/Zygote  (  266): Preloading resources...
06-16 13:40:04.395 I/Zygote  (  267): Preloading resources...
06-16 13:40:04.422 W/Resources(  266): Preloaded drawable resource #0x1080298 (android:drawable/editbox_dropdown_background_dark) that varies with configuration!!
06-16 13:40:04.422 W/Resources(  267): Preloaded drawable resource #0x1080298 (android:drawable/editbox_dropdown_background_dark) that varies with configuration!!
06-16 13:40:04.431 W/Resources(  266): Preloaded drawable resource #0x108030a (android:drawable/ic_clear_disabled) that varies with configuration!!
06-16 13:40:04.431 W/Resources(  266): Preloaded drawable resource #0x108030f (android:drawable/ic_clear_normal) that varies with configuration!!
06-16 13:40:04.431 W/Resources(  266): Preloaded drawable resource #0x1080344 (android:drawable/ic_go) that varies with configuration!!
06-16 13:40:04.431 W/Resources(  267): Preloaded drawable resource #0x108030a (android:drawable/ic_clear_disabled) that varies with configuration!!
06-16 13:40:04.431 W/Resources(  267): Preloaded drawable resource #0x108030f (android:drawable/ic_clear_normal) that varies with configuration!!
06-16 13:40:04.432 W/Resources(  267): Preloaded drawable resource #0x1080344 (android:drawable/ic_go) that varies with configuration!!
06-16 13:40:04.432 W/Resources(  266): Preloaded drawable resource #0x1080038 (android:drawable/ic_menu_close_clear_cancel) that varies with configuration!!
06-16 13:40:04.432 W/Resources(  267): Preloaded drawable resource #0x1080038 (android:drawable/ic_menu_close_clear_cancel) that varies with configuration!!
06-16 13:40:04.432 W/Resources(  267): Preloaded drawable resource #0x1080045 (android:drawable/ic_menu_more) that varies with configuration!!
06-16 13:40:04.435 W/Resources(  266): Preloaded drawable resource #0x1080045 (android:drawable/ic_menu_more) that varies with configuration!!
06-16 13:40:04.437 W/Resources(  267): Preloaded drawable resource #0x10804d2 (android:drawable/menu_background_fill_parent_width) that varies with configuration!!
06-16 13:40:04.437 W/Resources(  266): Preloaded drawable resource #0x10804d2 (android:drawable/menu_background_fill_parent_width) that varies with configuration!!
06-16 13:40:04.451 W/Resources(  267): Preloaded drawable resource #0x1080765 (android:drawable/text_edit_paste_window) that varies with configuration!!
06-16 13:40:04.455 W/Resources(  267): Preloaded drawable resource #0x1080096 (android:drawable/toast_frame) that varies with configuration!!
06-16 13:40:04.455 I/Zygote  (  267): ...preloaded 114 resources in 59ms.
06-16 13:40:04.455 I/Zygote  (  267): ...preloaded 41 resources in 1ms.
06-16 13:40:04.456 W/Resources(  266): Preloaded drawable resource #0x1080765 (android:drawable/text_edit_paste_window) that varies with configuration!!
06-16 13:40:04.456 W/Resources(  266): Preloaded drawable resource #0x1080096 (android:drawable/toast_frame) that varies with configuration!!
06-16 13:40:04.456 I/Zygote  (  266): ...preloaded 114 resources in 62ms.
06-16 13:40:04.457 E/libEGL  (  267): load_driver(/vendor/lib/egl/libGLES_swiftshader.so): dlopen failed: library "/vendor/lib/egl/libGLES_swiftshader.so" not found
06-16 13:40:04.459 I/Zygote  (  266): ...preloaded 41 resources in 3ms.
06-16 13:40:04.459 E/libEGL  (  266): load_driver(/vendor/lib64/egl/libGLES_swiftshader.so): dlopen failed: library "/vendor/lib64/egl/libGLES_swiftshader.so" not found
06-16 13:40:04.469 I/Zygote  (  266): Preloading shared libraries...
06-16 13:40:04.482 I/Zygote  (  266): Uninstalled ICU cache reference pinning...
06-16 13:40:04.487 I/Zygote  (  266): Installed AndroidKeyStoreProvider in 5ms.
06-16 13:40:04.489 I/Zygote  (  266): Warmed up JCA providers in 3ms.
06-16 13:40:04.489 I/art     (  266): Starting a blocking GC Explicit
06-16 13:40:04.493 I/art     (  266): Explicit concurrent mark sweep GC freed 7131(405KB) AllocSpace objects, 0(0B) LOS objects, 39% free, 2MB/4MB, paused 25us total 3.412ms
06-16 13:40:04.493 I/art     (  266): Starting a blocking GC Explicit
06-16 13:40:04.495 I/art     (  266): Explicit concurrent mark sweep GC freed 699(24KB) AllocSpace objects, 0(0B) LOS objects, 39% free, 2MB/3MB, paused 23us total 2.523ms
06-16 13:40:04.507 I/art     (  266): Starting a blocking GC HeapTrim
06-16 13:40:04.507 I/art     (  266): Starting a blocking GC Background
06-16 13:40:04.514 I/main    (  266): type=1400 audit(0.0:241): avc: denied { getattr } for path="/sys/kernel/debug/tracing/trace_marker" dev="tracefs" ino=38 scontext=u:r:zygote:s0 tcontext=u:object_r:debugfs_tracing:s0 tclass=file permissive=1
06-16 13:40:04.518 I/main    (  266): type=1400 audit(0.0:242): avc: denied { getattr } for path="socket:[8911]" dev="sockfs" ino=8911 scontext=u:r:zygote:s0 tcontext=u:r:init:s0 tclass=unix_stream_socket permissive=1
06-16 13:40:04.520 I/Zygote  (  266): System server process 590 has been created
06-16 13:40:04.520 I/Zygote  (  266): Accepting command socket connections
06-16 13:40:04.564 I/Zygote  (  267): Preloading shared libraries...
06-16 13:40:04.575 I/Zygote  (  267): Uninstalled ICU cache reference pinning...
06-16 13:40:04.580 I/Zygote  (  267): Installed AndroidKeyStoreProvider in 6ms.
06-16 13:40:04.583 I/Zygote  (  267): Warmed up JCA providers in 3ms.
06-16 13:40:04.583 I/art     (  267): Starting a blocking GC Explicit
06-16 13:40:04.589 I/art     (  267): Explicit concurrent mark sweep GC freed 8025(442KB) AllocSpace objects, 0(0B) LOS objects, 39% free, 2MB/3MB, paused 35us total 5.408ms
06-16 13:40:04.589 I/art     (  267): Starting a blocking GC Explicit
06-16 13:40:04.592 I/art     (  267): Explicit concurrent mark sweep GC freed 1511(64KB) AllocSpace objects, 0(0B) LOS objects, 39% free, 2MB/3MB, paused 244us total 3.481ms
06-16 13:40:04.602 I/main    (  267): type=1400 audit(0.0:243): avc: denied { accept } for path="/dev/socket/zygote_secondary" scontext=u:r:zygote:s0 tcontext=u:r:init:s0 tclass=unix_stream_socket permissive=1
06-16 13:40:04.602 I/main    (  267): type=1400 audit(0.0:244): avc: denied { getopt } for path="/dev/socket/zygote_secondary" scontext=u:r:zygote:s0 tcontext=u:r:init:s0 tclass=unix_stream_socket permissive=1
06-16 13:40:04.602 I/Zygote  (  267): Accepting command socket connections
06-16 13:40:04.606 I/main    (  267): type=1400 audit(0.0:245): avc: denied { setopt } for path="/dev/socket/zygote_secondary" scontext=u:r:zygote:s0 tcontext=u:r:init:s0 tclass=unix_stream_socket permissive=1
06-16 13:40:04.606 I/main    (  267): type=1400 audit(0.0:246): avc: denied { read } for path="/dev/socket/zygote_secondary" scontext=u:r:zygote:s0 tcontext=u:r:init:s0 tclass=unix_stream_socket permissive=1
06-16 13:40:04.606 I/main    (  267): type=1400 audit(0.0:247): avc: denied { write } for path="/dev/socket/zygote_secondary" scontext=u:r:zygote:s0 tcontext=u:r:init:s0 tclass=unix_stream_socket permissive=1
