06-16 13:25:42.985 E/UsbDeviceManager(  594): 	at java.io.FileInputStream.open(Native Method)
06-16 13:25:42.985 E/UsbDeviceManager(  594): 	at java.io.FileInputStream.<init>(FileInputStream.java:146)
06-16 13:25:42.985 E/UsbDeviceManager(  594): 	at android.os.FileUtils.readTextFile(FileUtils.java:263)
06-16 13:25:42.985 E/UsbDeviceManager(  594): 	at com.android.server.usb.UsbDeviceManager$UsbHandler.<init>(UsbDeviceManager.java:352)
06-16 13:25:42.985 E/UsbDeviceManager(  594): 	at com.android.server.usb.UsbDeviceManager.<init>(UsbDeviceManager.java:204)
06-16 13:25:42.985 E/UsbDeviceManager(  594): 	at com.android.server.usb.UsbService.<init>(UsbService.java:116)
06-16 13:25:42.985 E/UsbDeviceManager(  594): 	at com.android.server.usb.UsbService$Lifecycle.onStart(UsbService.java:65)
06-16 13:25:42.985 E/UsbDeviceManager(  594): 	at com.android.server.SystemServiceManager.startService(SystemServiceManager.java:112)
06-16 13:25:42.985 E/UsbDeviceManager(  594): 	at com.android.server.SystemServiceManager.startService(SystemServiceManager.java:66)
06-16 13:25:42.985 E/UsbDeviceManager(  594): 	at com.android.server.SystemServer.startOtherServices(SystemServer.java:971)
06-16 13:25:42.985 E/UsbDeviceManager(  594): 	at com.android.server.SystemServer.run(SystemServer.java:324)
06-16 13:25:42.985 E/UsbDeviceManager(  594): 	at com.android.server.SystemServer.main(SystemServer.java:209)
06-16 13:25:42.985 E/UsbDeviceManager(  594): 	at java.lang.reflect.Method.invoke(Native Method)
06-16 13:25:42.985 E/UsbDeviceManager(  594): 	at com.android.internal.os.ZygoteInit$MethodAndArgsCaller.run(ZygoteInit.java:865)
06-16 13:25:42.985 E/UsbDeviceManager(  594): 	at com.android.internal.os.ZygoteInit.main(ZygoteInit.java:755)
06-16 13:25:42.985 E/UsbDeviceManagerJNI(  594): could not open /dev/usb_accessory
06-16 13:25:42.985 I/SystemServer(  594): StartSerialService
06-16 13:25:42.986 E/HardwarePropertiesManagerService-JNI(  594): Couldn't load thermal module (No such file or directory)
06-16 13:25:42.986 I/SystemServiceManager(  594): Starting com.android.server.twilight.TwilightService
06-16 13:25:42.986 I/SystemServiceManager(  594): Starting com.android.server.job.JobSchedulerService
06-16 13:25:42.991 I/SystemServiceManager(  594): Starting com.android.server.soundtrigger.SoundTriggerService
06-16 13:25:42.992 I/SystemServiceManager(  594): Starting com.android.server.backup.BackupManagerService$Lifecycle
06-16 13:25:42.996 I/SystemServiceManager(  594): Starting com.android.server.appwidget.AppWidgetService
06-16 13:25:43.000 I/SystemServiceManager(  594): Starting com.android.server.voiceinteraction.VoiceInteractionManagerService
06-16 13:25:43.001 I/SystemServer(  594): Gesture Launcher Service
06-16 13:25:43.001 I/SystemServiceManager(  594): Starting com.android.server.GestureLauncherService
06-16 13:25:43.001 I/SystemServiceManager(  594): Starting com.android.server.SensorNotificationService
06-16 13:25:43.001 I/SystemServiceManager(  594): Starting com.android.server.ContextHubSystemService
06-16 13:25:43.003 E/ContextHubService(  594): ** Could not load context_hub module : err No such file or directory
06-16 13:25:43.003 W/ContextHubService(  594): No Context Hub Module present
06-16 13:25:43.003 I/SystemServer(  594): StartDiskStatsService
06-16 13:25:43.003 I/SystemServer(  594): StartSamplingProfilerService
06-16 13:25:43.009 I/SystemServer(  594): StartNetworkTimeUpdateService
06-16 13:25:43.009 I/SystemServer(  594): StartCommonTimeManagementService
06-16 13:25:43.010 I/SystemServer(  594): CertBlacklister
06-16 13:25:43.012 I/SystemServiceManager(  594): Starting com.android.server.dreams.DreamManagerService
06-16 13:25:43.012 I/SystemServer(  594): StartAssetAtlasService
06-16 13:25:43.013 I/SystemServiceManager(  594): Starting com.android.server.print.PrintManagerService
06-16 13:25:43.031 I/SystemServiceManager(  594): Starting com.android.server.restrictions.RestrictionsManagerService
06-16 13:25:43.031 I/SystemServiceManager(  594): Starting com.android.server.media.MediaSessionService
06-16 13:25:43.034 I/SystemServer(  594): StartMediaRouterService
06-16 13:25:43.034 I/SystemServiceManager(  594): Starting com.android.server.trust.TrustManagerService
06-16 13:25:43.034 I/SystemServer(  594): StartBackgroundDexOptService
06-16 13:25:43.034 I/SystemServiceManager(  594): Starting com.android.server.pm.ShortcutService$Lifecycle
06-16 13:25:43.036 I/SystemServiceManager(  594): Starting com.android.server.pm.LauncherAppsService
06-16 13:25:43.036 I/SystemServiceManager(  594): Starting com.android.server.media.projection.MediaProjectionManagerService
06-16 13:25:43.042 I/WindowManager(  594): SAFE MODE not enabled
06-16 13:25:43.042 I/SystemServiceManager(  594): Starting com.android.server.MmsServiceBroker
06-16 13:25:43.043 W/VibratorService(  594): Tried to stop vibrating but there is no vibrator device.
06-16 13:25:43.057 E/LockSettingsStorage(  594): Cannot read file java.io.FileNotFoundException: /data/system/gatekeeper.password.key: open failed: ENOENT (No such file or directory)
06-16 13:25:43.057 E/LockSettingsStorage(  594): Cannot read file java.io.FileNotFoundException: /data/system/password.key: open failed: ENOENT (No such file or directory)
06-16 13:25:43.057 E/LockSettingsStorage(  594): Cannot read file java.io.FileNotFoundException: /data/system/gatekeeper.pattern.key: open failed: ENOENT (No such file or directory)
06-16 13:25:43.057 E/LockSettingsStorage(  594): Cannot read file java.io.FileNotFoundException: /data/system/gatekeeper.gesture.key: open failed: ENOENT (No such file or directory)
06-16 13:25:43.057 E/LockSettingsStorage(  594): Cannot read file java.io.FileNotFoundException: /data/system/gesture.key: open failed: ENOENT (No such file or directory)
06-16 13:25:43.057 I/SystemServiceManager(  594): Starting phase 480
06-16 13:25:43.096 I/DevicePolicyManagerService(  594): Set ro.device_owner property to false
06-16 13:25:43.097 I/SystemServiceManager(  594): Starting phase 500
06-16 13:25:43.100 I/WifiService(  594): WifiService starting up with Wi-Fi enabled
06-16 13:25:43.101 I/WifiScanningService(  594): Starting wifiscanner
06-16 13:25:43.102 I/RttService(  594): Registering rttmanager
06-16 13:25:43.102 I/EthernetServiceImpl(  594): Starting Ethernet service
06-16 13:25:43.117 W/SoundTriggerHelper(  594): listModules status=0, # of modules=0
06-16 13:25:43.126 I/DefaultPermGrantPolicy(  594): Granting permissions to default platform handlers for user 0
06-16 13:25:43.127 W/VoiceInteractionManagerService(  594): no available voice interaction services found for user 0
06-16 13:25:43.127 W/VoiceInteractionManagerService(  594): no available voice recognition services found for user 0
06-16 13:25:43.127 W/KeyguardServiceDelegate(  594): onScreenTurningOn(): no keyguard service!
06-16 13:25:43.131 I/ActivityManager(  594): System now ready
06-16 13:25:43.131 I/SystemServer(  594): Making services ready
06-16 13:25:43.131 I/SystemServiceManager(  594): Starting phase 550
06-16 13:25:43.132 E/InputMethodManagerService(  594): Ignoring updateSystemUiLocked due to an invalid token. uid:1000 token:null
06-16 13:25:43.140 I/main    (  277): type=1400 audit(0.0:269): avc: denied { accept } for path="/dev/socket/zygote" scontext=u:r:zygote:s0 tcontext=u:r:init:s0 tclass=unix_stream_socket permissive=1
06-16 13:25:43.140 I/main    (  277): type=1400 audit(0.0:270): avc: denied { getopt } for path="/dev/socket/zygote" scontext=u:r:zygote:s0 tcontext=u:r:init:s0 tclass=unix_stream_socket permissive=1
06-16 13:25:43.140 I/main    (  277): type=1400 audit(0.0:271): avc: denied { setopt } for path="/dev/socket/zygote" scontext=u:r:zygote:s0 tcontext=u:r:init:s0 tclass=unix_stream_socket permissive=1
06-16 13:25:43.144 I/main    (  277): type=1400 audit(0.0:272): avc: denied { read } for path="/dev/socket/zygote" scontext=u:r:zygote:s0 tcontext=u:r:init:s0 tclass=unix_stream_socket permissive=1
06-16 13:25:43.144 I/main    (  277): type=1400 audit(0.0:273): avc: denied { getattr } for path="socket:[13312]" dev="sockfs" ino=13312 scontext=u:r:zygote:s0 tcontext=u:r:init:s0 tclass=unix_stream_socket permissive=1
06-16 13:25:43.144 I/main    (  277): type=1400 audit(0.0:274): avc: denied { write } for path="/dev/socket/zygote" scontext=u:r:zygote:s0 tcontext=u:r:init:s0 tclass=unix_stream_socket permissive=1
06-16 13:25:43.145 I/Zygote  (  594): Process: zygote socket opened, supported ABIS: x86_64
06-16 13:25:43.146 I/ActivityManager(  594): Start proc 669:com.android.inputmethod.latin/u0a48 for service com.android.inputmethod.latin/.LatinIME
06-16 13:25:43.148 I/putmethod.lati(  669): type=1400 audit(0.0:275): avc: denied { sendto } for path="/dev/socket/logdw" scontext=u:r:untrusted_app:s0:c512,c768 tcontext=u:r:init:s0 tclass=unix_dgram_socket permissive=1
06-16 13:25:43.151 W/art     (  669): Unexpected CPU variant for X86 using defaults: x86_64
06-16 13:25:43.160 I/vold    (  128): type=1400 audit(0.0:276): avc: denied { read } for path="socket:[11938]" dev="sockfs" ino=11938 scontext=u:r:vold:s0 tcontext=u:r:init:s0 tclass=unix_stream_socket permissive=1
06-16 13:25:43.160 I/vold    (  128): type=1400 audit(0.0:277): avc: denied { write } for path="socket:[11938]" dev="sockfs" ino=11938 scontext=u:r:vold:s0 tcontext=u:r:init:s0 tclass=unix_stream_socket permissive=1
06-16 13:25:43.161 E/BitmapFactory(  594): Unable to decode stream: java.io.FileNotFoundException: /data/system/users/0/wallpaper_orig (No such file or directory)
06-16 13:25:43.161 E/WallpaperManagerService(  594): Invalid wallpaper data
06-16 13:25:43.161 E/WallpaperManagerService(  594): Unable to apply new wallpaper
06-16 13:25:43.164 I/JDWP    (  676): type=1400 audit(0.0:278): avc: denied { connectto } for path=006A6477702D636F6E74726F6C scontext=u:r:untrusted_app:s0:c512,c768 tcontext=u:r:init:s0 tclass=unix_stream_socket permissive=1
06-16 13:25:43.166 I/ActivityManager(  594): Start proc 683:com.android.systemui/u0a23 for service com.android.systemui/.ImageWallpaper
06-16 13:25:43.167 I/SystemServer(  594): WebViewFactory preparation
06-16 13:25:43.168 I/ActivityManager(  594): Force stopping com.android.providers.media appid=10010 user=-1: vold reset
06-16 13:25:43.172 I/logd.writer(  115): type=1400 audit(0.0:279): avc: denied { read } for path="/dev/socket/logdw" scontext=u:r:logd:s0 tcontext=u:r:init:s0 tclass=unix_dgram_socket permissive=1
06-16 13:25:43.173 E/BluetoothAdapter(  594): Bluetooth binder is null
06-16 13:25:43.176 I/lmkd    (  256): type=1400 audit(0.0:280): avc: denied { read } for path="socket:[13142]" dev="sockfs" ino=13142 scontext=u:r:lmkd:s0 tcontext=u:r:init:s0 tclass=unix_stream_socket permissive=1
06-16 13:25:43.176 I/ndroid.systemu(  683): type=1400 audit(0.0:281): avc: denied { sendto } for path="/dev/socket/logdw" scontext=u:r:platform_app:s0:c512,c768 tcontext=u:r:init:s0 tclass=unix_dgram_socket permissive=1
06-16 13:25:43.176 I/JDWP    (  693): type=1400 audit(0.0:282): avc: denied { connectto } for path=006A6477702D636F6E74726F6C scontext=u:r:platform_app:s0:c512,c768 tcontext=u:r:init:s0 tclass=unix_stream_socket permissive=1
06-16 13:25:43.177 E/BluetoothAdapter(  594): Bluetooth binder is null
06-16 13:25:43.178 W/art     (  683): Unexpected CPU variant for X86 using defaults: x86_64
06-16 13:25:43.180 I/sdcard  (  690): type=1400 audit(0.0:283): avc: denied { sendto } for path="/dev/socket/logdw" scontext=u:r:sdcardd:s0 tcontext=u:r:init:s0 tclass=unix_dgram_socket permissive=1
06-16 13:25:43.181 W/sdcard  (  690): Device explicitly disabled sdcardfs
06-16 13:25:43.189 I/Zygote  (  594): Process: zygote socket opened, supported ABIS: x86
06-16 13:25:43.189 I/art     (  278): Starting a blocking GC Background
06-16 13:25:43.200 I/ActivityManager(  594): Start proc 703:WebViewLoader-x86/1037 [android.webkit.WebViewFactory$RelroFileCreator] for 
06-16 13:25:43.204 W/art     (  708): Unexpected CPU variant for X86 using defaults: x86_64
06-16 13:25:43.211 I/ActivityManager(  594): Start proc 708:WebViewLoader-x86_64/1037 [android.webkit.WebViewFactory$RelroFileCreator] for 
06-16 13:25:43.212 I/NetworkManagement(  594): not enabling bandwidth control
06-16 13:25:43.212 I/AudioFlinger(  279): systemReady
06-16 13:25:43.217 W/System  (  683): ClassLoader referenced unknown path: /system/priv-app/SystemUI/lib/x86_64
06-16 13:25:43.220 E/WVMExtractor(  594): Failed to open libwvm.so: dlopen failed: library "libwvm.so" not found
06-16 13:25:43.221 E/linker  (  287): library /system/lib/libavcodec.so with text relocation is whitelisted
06-16 13:25:43.221 W/linker  (  287): /system/lib/libavcodec.so has text relocations. This is wasting memory and prevents security hardening. Please fix.
06-16 13:25:43.221 E/linker  (  287): library /system/lib/libavcodec.so with text relocation is whitelisted
06-16 13:25:43.226 E/linker  (  287): library /system/lib/libswresample.so with text relocation is whitelisted
06-16 13:25:43.226 W/linker  (  287): /system/lib/libswresample.so has text relocations. This is wasting memory and prevents security hardening. Please fix.
06-16 13:25:43.226 E/linker  (  287): library /system/lib/libswresample.so with text relocation is whitelisted
06-16 13:25:43.229 W/NetworkManagement(  594): setDataSaverMode(): already false
06-16 13:25:43.232 W/NetworkStats(  594): bandwidth controls disabled, unable to track stats
06-16 13:25:43.232 W/NetworkPolicy(  594): bandwidth controls disabled, unable to enforce policy
06-16 13:25:43.233 I/FFmpegExtractor(  287): android-source:0xee95c000
06-16 13:25:43.237 I/SystemServiceManager(  594): Starting phase 600
06-16 13:25:43.245 W/art     (  703): Unexpected CPU variant for X86 using defaults: x86
06-16 13:25:43.249 I/GnssLocationProvider(  594): WakeLock acquired by sendMessage(13, 0, null)
06-16 13:25:43.249 W/ServiceWatcher(  594): com.google.android.gms not found
06-16 13:25:43.249 E/GnssLocationProvider(  594): no AGPS interface in set_agps_server
06-16 13:25:43.250 W/ServiceWatcher(  594): com.google.android.gms not found
06-16 13:25:43.250 W/LocationProviderProxy-network(  594): Odd, no component found for service com.android.location.service.v3.NetworkLocationProvider
06-16 13:25:43.250 W/ServiceWatcher(  594): com.google.android.gms not found
06-16 13:25:43.251 W/ServiceWatcher(  594): com.google.android.gms not found
06-16 13:25:43.251 W/GeocoderProxy(  594): Odd, no component found for service com.android.location.service.GeocodeProvider
06-16 13:25:43.251 E/FlpHardwareProvider(  594): Error hw_get_module 'flp': -2
06-16 13:25:43.251 W/ServiceWatcher(  594): com.google.android.gms not found
06-16 13:25:43.251 W/GeofenceProxy(  594): Odd, no component found for service com.android.location.service.GeofenceProvider
06-16 13:25:43.251 E/ActivityRecognitionHardware(  594): Error hw_get_module: -2
06-16 13:25:43.252 W/ServiceWatcher(  594): com.google.android.gms not found
06-16 13:25:43.252 W/ActivityRecognitionProxy(  594): Odd, no component found for service com.android.location.service.ActivityRecognitionProvider
06-16 13:25:43.252 I/GnssLocationProvider(  594): WakeLock acquired by sendMessage(2, 1, null)
06-16 13:25:43.253 I/GnssLocationProvider(  594): WakeLock released by handleMessage(13, 0, null)
06-16 13:25:43.253 E/GnssLocationProvider(  594): no AGPS interface in set_agps_server
06-16 13:25:43.253 I/GnssLocationProvider(  594): WakeLock released by handleMessage(2, 1, null)
06-16 13:25:43.265 I/CommonTimeManagementService(  594): No common time service detected on this platform.  Common time services will be unavailable.
06-16 13:25:43.266 I/MmsServiceBroker(  594): Delay connecting to MmsService until an API is called
06-16 13:25:43.267 W/VoiceInteractionManagerService(  594): no available voice interaction services found for user 0
06-16 13:25:43.267 W/VoiceInteractionManagerService(  594): no available voice recognition services found for user 0
06-16 13:25:43.267 I/InputReader(  594): Reconfiguring input devices.  changes=0x00000030
06-16 13:25:43.270 W/art     (  733): Unexpected CPU variant for X86 using defaults: x86_64
06-16 13:25:43.283 I/ActivityManager(  594): Start proc 733:com.android.phone/1001 for added application com.android.phone
06-16 13:25:43.287 W/art     (  748): Unexpected CPU variant for X86 using defaults: x86_64
06-16 13:25:43.296 I/ActivityManager(  594): Start proc 748:com.genymobile.webrtcd/1000 for added application com.genymobile.webrtcd
06-16 13:25:43.296 I/ActivityManager(  594): START u0 {act=android.intent.action.MAIN cat=[android.intent.category.HOME] flg=0x10000100 cmp=com.android.settings/.FallbackHome} from uid 0 on display 0
06-16 13:25:43.297 W/System  (  594): ClassLoader referenced unknown path: 
06-16 13:25:43.298 W/System  (  594): ClassLoader referenced unknown path: /system/priv-app/Settings/lib/x86_64
06-16 13:25:43.300 I/ActivityManager(  594): Loaded persisted task ids for user 0
06-16 13:25:43.303 W/art     (  772): Unexpected CPU variant for X86 using defaults: x86_64
06-16 13:25:43.311 I/ActivityManager(  594): Start proc 772:com.android.settings/1000 for activity com.android.settings/.FallbackHome
06-16 13:25:43.322 I/SystemServer(  594): Enabled StrictMode for system server main thread.
06-16 13:25:43.323 W/LocationProviderProxy-network(  594): Odd, no component found for service com.android.location.service.v3.NetworkLocationProvider
06-16 13:25:43.323 W/GeocoderProxy(  594): Odd, no component found for service com.android.location.service.GeocodeProvider
06-16 13:25:43.323 W/GeofenceProxy(  594): Odd, no component found for service com.android.location.service.GeofenceProvider
06-16 13:25:43.323 W/ActivityRecognitionProxy(  594): Odd, no component found for service com.android.location.service.ActivityRecognitionProvider
06-16 13:25:43.327 W/ContextImpl(  594): Calling a method in the system process without a qualified user: android.app.ContextImpl.startService:1385 com.android.server.content.SyncManager$13.run:631 android.os.Handler.handleCallback:751 android.os.Handler.dispatchMessage:95 android.os.Looper.loop:154 
06-16 13:25:43.349 W/System  (  733): ClassLoader referenced unknown path: /system/priv-app/TeleService/lib/x86_64
06-16 13:25:43.380 W/System  (  772): ClassLoader referenced unknown path: /system/priv-app/Settings/lib/x86_64
06-16 13:25:43.410 I/WifiScanningService(  594): wifi driver unloaded
06-16 13:25:43.445 W/System  (  594): ClassLoader referenced unknown path: /system/priv-app/Telecom/lib/x86_64
06-16 13:25:43.464 I/putmethod.latin(  669): type=1400 audit(0.0:298): avc: denied { sendto } for path="/dev/socket/logdw" scontext=u:r:untrusted_app:s0:c512,c768 tcontext=u:r:init:s0 tclass=unix_dgram_socket permissive=1
06-16 13:25:43.467 I/LatinIME(  669): Hardware accelerated drawing: true
06-16 13:25:43.502 W/System  (  733): ClassLoader referenced unknown path: /system/priv-app/TelephonyProvider/lib/x86_64
06-16 13:25:43.503 W/InputAttributes(  669): No editor info for this field. Bug?
06-16 13:25:43.515 I/LatinIME:LogUtils(  669): Dictionary info: dictionary = userunigram.en_US ; version = 1750094743 ; date = ?
06-16 13:25:43.516 E/ActivityThread(  669): Failed to find provider info for user_dictionary
06-16 13:25:43.516 I/LatinIME:LogUtils(  669): Dictionary info: dictionary = UserHistoryDictionary.en_US ; version = 1750094743 ; date = ?
06-16 13:25:43.562 I/LatinIME:LogUtils(  669): Dictionary info: dictionary = main:en ; version = 54 ; date = 1414726273
06-16 13:25:43.570 E/BluetoothAdapter(  594): Bluetooth binder is null
06-16 13:25:43.580 I/Telecom (  594): SystemStateProvider: Registering car mode receiver: android.content.IntentFilter@a93cbc7: TS.init@AAA
06-16 13:25:43.584 I/Telecom (  594): Telecom: Non-call EVENT: AUDIO_ROUTE, Entering state QuiescentEarpieceRoute
06-16 13:25:43.585 I/Telecom (  594): CallAudioModeStateMachine: Message received: null.: TS.init->CAMSM.pM_1@AAA_0
06-16 13:25:43.587 E/ActivityThread(  594): Failed to find provider info for call_log
06-16 13:25:43.587 E/BluetoothAdapter(  594): Bluetooth binder is null
06-16 13:25:43.595 I/Telecom (  594): Class: TelecomSystem.INSTANCE being set
06-16 13:25:43.595 E/BluetoothAdapter(  594): Bluetooth binder is null
06-16 13:25:43.599 W/System  (  594): ClassLoader referenced unknown path: /system/priv-app/FusedLocation/lib/x86_64
06-16 13:25:43.608 I/Binder:289_2(  566): type=1400 audit(0.0:299): avc: denied { read } for path="socket:[13231]" dev="sockfs" ino=13231 scontext=u:r:netd:s0 tcontext=u:r:init:s0 tclass=unix_stream_socket permissive=1
06-16 13:25:43.608 I/Binder:289_2(  566): type=1400 audit(0.0:300): avc: denied { sendto } for path="/dev/socket/logdw" scontext=u:r:netd:s0 tcontext=u:r:init:s0 tclass=unix_dgram_socket permissive=1
06-16 13:25:43.608 I/Binder:289_2(  566): type=1400 audit(0.0:301): avc: denied { write } for path="socket:[13231]" dev="sockfs" ino=13231 scontext=u:r:netd:s0 tcontext=u:r:init:s0 tclass=unix_stream_socket permissive=1
06-16 13:25:43.611 E/SoftapController(  289): Softap fwReload - NULL path for STA
06-16 13:25:43.616 E/WifiMonitor(  594): killSupplicant p2pfalse init.svc.wpa_supplicant=unknown init.svc.p2p_supplicant=unknown
06-16 13:25:43.616 E/wifi    (  594): Can not initialize the vendor function pointer table
06-16 13:25:43.616 E/WifiNative-HAL(  594): Could not start hal
06-16 13:25:43.616 E/WifiStateMachine(  594): Failed to start HAL
06-16 13:25:43.617 E/WifiHW  (  594): Unable to open connection to supplicant on "@android:wpa_wlan0": No such file or directory
06-16 13:25:43.634 W/VibratorService(  594): Tried to stop vibrating but there is no vibrator device.
06-16 13:25:43.636 I/SyncManager(  594): Got SyncJobService instance.
06-16 13:25:43.637 E/ActivityThread(  594): Failed to find provider info for com.android.calendar
06-16 13:25:43.637 I/Telecom (  594): WiredHeadsetManager: ACTION_HEADSET_PLUG event, plugged in: false, : WHC.oADA@AAE
06-16 13:25:43.637 E/ActivityThread(  594): Failed to find provider info for com.android.calendar
06-16 13:25:43.643 I/ActivityManager(  594): user 0 is still locked. Cannot load recents
06-16 13:25:43.648 I/wpa_supplicant(  816): type=1400 audit(0.0:302): avc: denied { read write } for path="socket:[13461]" dev="sockfs" ino=13461 scontext=u:r:wpa:s0 tcontext=u:r:init:s0 tclass=unix_dgram_socket permissive=1
06-16 13:25:43.683 I/DefaultPermGrantPolicy(  594): Granting permissions to default dialer app for user:0
06-16 13:25:43.684 I/Telecom (  594): PhoneAccountRegistrar: SimCallManager queried, returning: null: TSI.gSCM@AAM
06-16 13:25:43.684 I/FusedLocation(  594): engine started (com.android.location.fused)
06-16 13:25:43.728 I/mediaserver(  288): type=1400 audit(0.0:303): avc: denied { sendto } for path="/dev/socket/logdw" scontext=u:r:mediaserver:s0 tcontext=u:r:init:s0 tclass=unix_dgram_socket permissive=1
06-16 13:25:43.729 I/FFMPEG  (  287): Input #0, ogg, from 'android-source:0xee95c000':
06-16 13:25:43.729 I/FFMPEG  (  287):   Duration: 00:00:00.09, start: 0.000000, bitrate: 437 kb/s
06-16 13:25:43.730 I/FFMPEG  (  287):     Stream #0:0: Audio: vorbis, 48000 Hz, stereo, fltp, 96 kb/s
06-16 13:25:43.730 I/FFmpegExtractor(  287): FFmpegExtrator, url: android-source:0xee95c000, format_name: ogg, format_long_name: Ogg
06-16 13:25:43.730 I/FFmpegExtractor(  287): list the formats suppoted by ffmpeg: 
06-16 13:25:43.730 I/FFmpegExtractor(  287): ========================================
06-16 13:25:43.730 I/FFmpegExtractor(  287): ========================================
06-16 13:25:43.730 I/FFmpegExtractor(  287): adjust mime(application/ogg -> audio/vorbis)
06-16 13:25:43.730 I/FFmpegExtractor(  287): sniff through BetterSniffFFMPEG success
06-16 13:25:43.732 I/MediaPlayerService(  288): MediaPlayerService::getOMX
06-16 13:25:43.732 I/OMXClient(  288): MuxOMX ctor
06-16 13:25:43.736 I/wpa_supplicant(  816): type=1400 audit(0.0:304): avc: denied { sendto } for path="/dev/socket/logdw" scontext=u:r:wpa:s0 tcontext=u:r:init:s0 tclass=unix_dgram_socket permissive=1
06-16 13:25:43.736 I/mediacodec(  285): type=1400 audit(0.0:305): avc: denied { sendto } for path="/dev/socket/logdw" scontext=u:r:mediacodec:s0 tcontext=u:r:init:s0 tclass=unix_dgram_socket permissive=1
06-16 13:25:43.736 I/MediaPlayerService(  288): MediaPlayerService::getOMX
06-16 13:25:43.737 I/wpa_supplicant(  816): Successfully initialized wpa_supplicant
06-16 13:25:43.740 I/OMXClient(  288): MuxOMX ctor
06-16 13:25:43.740 I/OMXMaster(  285): makeComponentInstance(OMX.google.mp3.decoder) in mediacodec process
06-16 13:25:43.748 I/rild    (  293): type=1400 audit(0.0:306): avc: denied { accept } for path="/dev/socket/rild" scontext=u:r:rild:s0 tcontext=u:r:init:s0 tclass=unix_stream_socket permissive=1
06-16 13:25:43.748 I/rild    (  293): type=1400 audit(0.0:307): avc: denied { getopt } for path="/dev/socket/rild" scontext=u:r:rild:s0 tcontext=u:r:init:s0 tclass=unix_stream_socket permissive=1
06-16 13:25:43.748 I/rild    (  293): type=1400 audit(0.0:308): avc: denied { sendto } for path="/dev/socket/logdw" scontext=u:r:rild:s0 tcontext=u:r:init:s0 tclass=unix_dgram_socket permissive=1
06-16 13:25:43.748 I/rild    (  293): type=1400 audit(0.0:309): avc: denied { write } for path="socket:[14406]" dev="sockfs" ino=14406 scontext=u:r:rild:s0 tcontext=u:r:init:s0 tclass=unix_stream_socket permissive=1
06-16 13:25:43.752 I/rild    (  293): type=1400 audit(0.0:310): avc: denied { read } for path="socket:[14406]" dev="sockfs" ino=14406 scontext=u:r:rild:s0 tcontext=u:r:init:s0 tclass=unix_stream_socket permissive=1
06-16 13:25:43.768 I/ndroid.systemui(  683): type=1400 audit(0.0:311): avc: denied { sendto } for path="/dev/socket/logdw" scontext=u:r:platform_app:s0:c512,c768 tcontext=u:r:init:s0 tclass=unix_dgram_socket permissive=1
06-16 13:25:43.772 I/OpenGLRenderer(  772): Initialized EGL, version 1.4
06-16 13:25:43.779 E/wpa_supplicant(  816): global ctrl interface @android:wpa_wlan0 matches ctrl interface wlan0 - do not open per-interface ctrl interface
06-16 13:25:43.794 W/ContextImpl(  748): Calling a method in the system process without a qualified user: android.app.ContextImpl.startService:1385 android.content.ContextWrapper.startService:613 com.genymobile.webrtcd.WebrtcdApp.onCreate:19 android.app.Instrumentation.callApplicationOnCreate:1024 android.app.ActivityThread.handleBindApplication:5361 
06-16 13:25:43.798 I/Webrtcd.Service(  748): Received start id 1: Intent { cmp=com.genymobile.webrtcd/.LifecycleService }
06-16 13:25:43.798 I/Webrtcd.Service(  748): Starting server
06-16 13:25:43.808 I/installd(  283): type=1400 audit(0.0:312): avc: denied { read } for path="socket:[13066]" dev="sockfs" ino=13066 scontext=u:r:installd:s0 tcontext=u:r:init:s0 tclass=unix_stream_socket permissive=1
06-16 13:25:43.808 I/installd(  283): type=1400 audit(0.0:313): avc: denied { write } for path="socket:[13066]" dev="sockfs" ino=13066 scontext=u:r:installd:s0 tcontext=u:r:init:s0 tclass=unix_stream_socket permissive=1
06-16 13:25:43.816 I/main    (  277): type=1400 audit(0.0:314): avc: denied { read } for path="/dev/socket/zygote" scontext=u:r:zygote:s0 tcontext=u:r:init:s0 tclass=unix_stream_socket permissive=1
06-16 13:25:43.816 I/main    (  277): type=1400 audit(0.0:315): avc: denied { getattr } for path="socket:[13312]" dev="sockfs" ino=13312 scontext=u:r:zygote:s0 tcontext=u:r:init:s0 tclass=unix_stream_socket permissive=1
06-16 13:25:43.818 I/MediaPlayerService(  288): MediaPlayerService::getOMX
06-16 13:25:43.818 I/OMXClient(  288): MuxOMX ctor
06-16 13:25:43.818 I/OMXMaster(  285): makeComponentInstance(OMX.google.amrnb.decoder) in mediacodec process
06-16 13:25:43.818 I/SystemServiceManager(  594): Starting phase 1000
06-16 13:25:43.820 I/main    (  277): type=1400 audit(0.0:316): avc: denied { write } for path="/dev/socket/zygote" scontext=u:r:zygote:s0 tcontext=u:r:init:s0 tclass=unix_stream_socket permissive=1
06-16 13:25:43.824 I/JDWP    (  850): type=1400 audit(0.0:317): avc: denied { connectto } for path=006A6477702D636F6E74726F6C scontext=u:r:platform_app:s0:c512,c768 tcontext=u:r:init:s0 tclass=unix_stream_socket permissive=1
06-16 13:25:43.825 W/art     (  843): Unexpected CPU variant for X86 using defaults: x86_64
06-16 13:25:43.831 I/ActivityManager(  594): Start proc 843:android.ext.services/u0a12 for on-hold
06-16 13:25:43.856 I/ActivityManager(  594): Displayed com.android.settings/.FallbackHome: +555ms
06-16 13:25:43.857 W/System  (  843): ClassLoader referenced unknown path: /system/priv-app/ExtServices/lib/x86_64
06-16 13:25:43.864 W/art     (  859): Unexpected CPU variant for X86 using defaults: x86_64
06-16 13:25:43.868 I/ActivityManager(  594): Start proc 859:com.android.smspush/u0a58 for service com.android.smspush/.WapPushManager
06-16 13:25:43.872 W/KeyguardServiceDelegate(  594): onScreenTurningOn(): no keyguard service!
06-16 13:25:43.875 I/MediaPlayerService(  288): MediaPlayerService::getOMX
06-16 13:25:43.875 I/OMXClient(  288): MuxOMX ctor
06-16 13:25:43.875 I/OMXMaster(  285): makeComponentInstance(OMX.google.amrwb.decoder) in mediacodec process
06-16 13:25:43.877 W/art     (  878): Unexpected CPU variant for X86 using defaults: x86_64
06-16 13:25:43.881 I/MediaPlayerService(  288): MediaPlayerService::getOMX
06-16 13:25:43.881 I/OMXClient(  288): MuxOMX ctor
06-16 13:25:43.881 I/OMXMaster(  285): makeComponentInstance(OMX.google.aac.decoder) in mediacodec process
06-16 13:25:43.882 I/ActivityManager(  594): Start proc 878:com.android.deskclock/u0a38 for broadcast com.android.deskclock/.AlarmInitReceiver
06-16 13:25:43.887 W/System  (  859): ClassLoader referenced unknown path: /system/app/WAPPushManager/lib/x86_64
06-16 13:25:43.901 W/System  (  878): ClassLoader referenced unknown path: /system/app/DeskClock/lib/x86_64
06-16 13:25:43.904 W/FingerprintManager(  683): isFingerprintHardwareDetected(): Service not connected!
06-16 13:25:43.904 W/FingerprintManager(  683): addLockoutResetCallback(): Service not connected!
06-16 13:25:43.914 I/art     (  703): System.exit called, status: 0
06-16 13:25:43.914 I/AndroidRuntime(  703): VM exiting with result code 0, cleanup skipped.
06-16 13:25:43.919 W/InputAttributes(  669): No editor info for this field. Bug?
06-16 13:25:43.920 E/WVMExtractor(  683): Failed to open libwvm.so: dlopen failed: library "libwvm.so" not found
06-16 13:25:43.926 I/MediaPlayerService(  288): MediaPlayerService::getOMX
06-16 13:25:43.926 I/OMXClient(  288): MuxOMX ctor
06-16 13:25:43.926 I/OMXMaster(  285): makeComponentInstance(OMX.google.g711.alaw.decoder) in mediacodec process
06-16 13:25:43.929 I/FFmpegExtractor(  287): android-source:0xee95ca00
06-16 13:25:43.930 I/FFMPEG  (  287): Input #0, ogg, from 'android-source:0xee95ca00':
06-16 13:25:43.930 I/FFMPEG  (  287):   Duration: 00:00:00.23, start: 0.000000, bitrate: 293 kb/s
06-16 13:25:43.930 I/FFMPEG  (  287):     Stream #0:0: Audio: vorbis, 44100 Hz, stereo, fltp, 160 kb/s
06-16 13:25:43.930 I/FFmpegExtractor(  287): FFmpegExtrator, url: android-source:0xee95ca00, format_name: ogg, format_long_name: Ogg
06-16 13:25:43.930 I/FFmpegExtractor(  287): list the formats suppoted by ffmpeg: 
06-16 13:25:43.930 I/FFmpegExtractor(  287): ========================================
06-16 13:25:43.930 I/FFmpegExtractor(  287): ========================================
06-16 13:25:43.930 I/FFmpegExtractor(  287): adjust mime(application/ogg -> audio/vorbis)
06-16 13:25:43.930 I/FFmpegExtractor(  287): sniff through BetterSniffFFMPEG success
06-16 13:25:43.968 E/BluetoothAdapter(  733): Bluetooth binder is null
06-16 13:25:43.979 I/ActivityManager(  594): Start proc 911:android.process.acore/u0a1 for content provider com.android.providers.contacts/.ContactsProvider2
06-16 13:25:43.979 I/BackupManagerService(  594): Found stale backup journal, scheduling
06-16 13:25:43.985 I/BackupManagerService(  594): Backup enabled => false
06-16 13:25:43.997 W/art     (  911): Unexpected CPU variant for X86 using defaults: x86_64
06-16 13:25:44.013 I/MediaPlayerService(  288): MediaPlayerService::getOMX
06-16 13:25:44.013 I/OMXClient(  288): MuxOMX ctor
06-16 13:25:44.013 I/OMXMaster(  285): makeComponentInstance(OMX.google.g711.mlaw.decoder) in mediacodec process
06-16 13:25:44.013 W/VoiceInteractionManagerService(  594): no available voice interaction services found for user 0
06-16 13:25:44.013 W/VoiceInteractionManagerService(  594): no available voice recognition services found for user 0
06-16 13:25:44.013 I/ActivityManager(  594): Loading recents for user 0 into memory.
06-16 13:25:44.018 I/Telephony(  733): TtyManager: updateUiTtyMode -1 -> 0
06-16 13:25:44.020 W/art     (  925): Unexpected CPU variant for X86 using defaults: x86_64
06-16 13:25:44.027 I/ActivityManager(  594): Start proc 925:com.genymotion.systempatcher/1000 for added application com.genymotion.systempatcher
06-16 13:25:44.034 I/MediaPlayerService(  288): MediaPlayerService::getOMX
06-16 13:25:44.034 I/OMXClient(  288): MuxOMX ctor
06-16 13:25:44.034 I/OMXMaster(  285): makeComponentInstance(OMX.google.vorbis.decoder) in mediacodec process
06-16 13:25:44.036 W/art     (  936): Unexpected CPU variant for X86 using defaults: x86_64
06-16 13:25:44.038 I/ActivityManager(  594): Start proc 936:com.genymotion.genyd/1000 for added application com.genymotion.genyd
06-16 13:25:44.054 W/art     (  976): Unexpected CPU variant for X86 using defaults: x86_64
06-16 13:25:44.059 I/ActivityManager(  594): Start proc 976:com.android.printspooler/u0a56 for service com.android.printspooler/.model.PrintSpoolerService
06-16 13:25:44.072 W/System  (  911): ClassLoader referenced unknown path: /system/priv-app/ContactsProvider/lib/x86_64
06-16 13:25:44.075 I/AccountManagerService(  594): User 0 is unlocked - opening CE database
06-16 13:25:44.077 I/ActivityManager(  594): Start proc 989:com.android.keychain/1000 for service com.android.keychain/.KeyChainService
06-16 13:25:44.080 I/ActivityManager(  594): START u0 {act=android.intent.action.MAIN cat=[android.intent.category.HOME] flg=0x10000100 cmp=com.android.launcher3/.Launcher} from uid 0 on display 0
06-16 13:25:44.082 W/art     (  989): Unexpected CPU variant for X86 using defaults: x86_64
06-16 13:25:44.082 I/vol.Events(  683): writeEvent collection_started
06-16 13:25:44.086 I/MediaPlayerService(  288): MediaPlayerService::getOMX
06-16 13:25:44.086 I/OMXClient(  288): MuxOMX ctor
06-16 13:25:44.086 I/OMXMaster(  285): makeComponentInstance(OMX.google.gsm.decoder) in mediacodec process
06-16 13:25:44.088 W/System  (  925): ClassLoader referenced unknown path: /system/app/SystemPatcher/lib/x86_64
06-16 13:25:44.100 W/art     ( 1009): Unexpected CPU variant for X86 using defaults: x86_64
06-16 13:25:44.111 I/ActivityManager(  594): Start proc 1009:com.android.launcher3/u0a14 for activity com.android.launcher3/.Launcher
06-16 13:25:44.114 I/MediaPlayerService(  288): MediaPlayerService::getOMX
06-16 13:25:44.114 I/OMXClient(  288): MuxOMX ctor
06-16 13:25:44.114 I/OMXMaster(  285): makeComponentInstance(OMX.google.opus.decoder) in mediacodec process
06-16 13:25:44.116 W/System  (  936): ClassLoader referenced unknown path: /system/app/GenydService/lib/x86_64
06-16 13:25:44.117 I/WindowManager(  594): Destroying surface Surface(name=com.android.settings/com.android.settings.FallbackHome) called by com.android.server.wm.WindowStateAnimator.destroySurface:2016 com.android.server.wm.WindowStateAnimator.destroySurfaceLocked:882 com.android.server.wm.WindowState.destroyOrSaveSurface:2100 com.android.server.wm.WindowManagerService.tryStartExitingAnimation:3030 com.android.server.wm.WindowManagerService.relayoutWindow:2910 com.android.server.wm.Session.relayout:224 android.view.IWindowSession$Stub.onTransact:286 com.android.server.wm.Session.onTransact:145 
06-16 13:25:44.131 W/System  (  989): ClassLoader referenced unknown path: /system/app/KeyChain/lib/x86_64
06-16 13:25:44.138 I/MediaPlayerService(  288): MediaPlayerService::getOMX
06-16 13:25:44.138 I/OMXClient(  288): MuxOMX ctor
06-16 13:25:44.144 I/OMXMaster(  285): makeComponentInstance(OMX.google.raw.decoder) in mediacodec process
06-16 13:25:44.146 I/MediaPlayerService(  288): MediaPlayerService::getOMX
06-16 13:25:44.146 I/OMXClient(  288): MuxOMX ctor
06-16 13:25:44.146 I/OMXMaster(  285): makeComponentInstance(OMX.google.flac.decoder) in mediacodec process
06-16 13:25:44.146 E/OMX     (  285): FAILED to allocate omx component 'OMX.google.flac.decoder' err=InvalidComponentName(0x80001002)
06-16 13:25:44.146 I/MediaPlayerService(  288): MediaPlayerService::getOMX
06-16 13:25:44.146 I/OMXClient(  288): MuxOMX ctor
06-16 13:25:44.146 I/OMXMaster(  285): makeComponentInstance(OMX.google.mp2.decoder) in mediacodec process
06-16 13:25:44.147 E/OMX     (  285): FAILED to allocate omx component 'OMX.google.mp2.decoder' err=InvalidComponentName(0x80001002)
06-16 13:25:44.147 I/MediaPlayerService(  288): MediaPlayerService::getOMX
06-16 13:25:44.147 I/OMXClient(  288): MuxOMX ctor
06-16 13:25:44.147 I/OMXMaster(  285): makeComponentInstance(OMX.google.ac3.decoder) in mediacodec process
06-16 13:25:44.147 E/OMX     (  285): FAILED to allocate omx component 'OMX.google.ac3.decoder' err=InvalidComponentName(0x80001002)
06-16 13:25:44.147 I/MediaPlayerService(  288): MediaPlayerService::getOMX
06-16 13:25:44.147 I/OMXClient(  288): MuxOMX ctor
06-16 13:25:44.147 I/OMXMaster(  285): makeComponentInstance(OMX.ffmpeg.pcm.decoder) in mediacodec process
06-16 13:25:44.148 E/linker  (  285): library /system/lib/libavcodec.so with text relocation is whitelisted
06-16 13:25:44.148 W/linker  (  285): /system/lib/libavcodec.so has text relocations. This is wasting memory and prevents security hardening. Please fix.
06-16 13:25:44.148 E/linker  (  285): library /system/lib/libavcodec.so with text relocation is whitelisted
06-16 13:25:44.149 E/linker  (  285): library /system/lib/libswresample.so with text relocation is whitelisted
06-16 13:25:44.149 W/linker  (  285): /system/lib/libswresample.so has text relocations. This is wasting memory and prevents security hardening. Please fix.
06-16 13:25:44.149 E/linker  (  285): library /system/lib/libswresample.so with text relocation is whitelisted
06-16 13:25:44.150 I/SystemPatcherService(  925): Starting up
06-16 13:25:44.153 E/SELinux (  258): avc:  denied  { add } for service=SystemPatcher pid=925 uid=1000 scontext=u:r:system_app:s0 tcontext=u:object_r:default_android_service:s0 tclass=service_manager permissive=1
06-16 13:25:44.153 I/SystemPatcherApp(  925): Registered com.genymotion.systempatcher.SystemPatcherService as SystemPatcher
06-16 13:25:44.166 I/MediaPlayerService(  288): MediaPlayerService::getOMX
06-16 13:25:44.166 I/OMXClient(  288): MuxOMX ctor
06-16 13:25:44.166 I/OMXMaster(  285): makeComponentInstance(OMX.google.h263.decoder) in mediacodec process
06-16 13:25:44.181 I/vol.Events(  683): writeEvent external_ringer_mode_changed normal
06-16 13:25:44.181 I/vol.Events(  683): writeEvent internal_ringer_mode_changed normal
06-16 13:25:44.182 I/GnssLocationProvider(  594): WakeLock acquired by sendMessage(12, 0, null)
06-16 13:25:44.194 W/System  ( 1009): ClassLoader referenced unknown path: /system/priv-app/Launcher3/lib/x86_64
06-16 13:25:44.199 E/OMXNodeInstance(  285): getExtensionIndex(11d000c:google.h263.decoder, OMX.google.android.index.configureVideoTunnelMode) ERROR: UnsupportedIndex(0x8000101a)
06-16 13:25:44.199 W/OMXNodeInstance(  285): [11d000c:google.h263.decoder] component does not support metadata mode; using fallback
06-16 13:25:44.199 I/art     (  708): System.exit called, status: 0
06-16 13:25:44.199 I/AndroidRuntime(  708): VM exiting with result code 0, cleanup skipped.
06-16 13:25:44.203 W/ContextImpl(  936): Calling a method in the system process without a qualified user: android.app.ContextImpl.startService:1385 android.content.ContextWrapper.startService:613 com.genymotion.genyd.GenydServiceApp.onCreate:16 android.app.Instrumentation.callApplicationOnCreate:1024 android.app.ActivityThread.handleBindApplication:5361 
06-16 13:25:44.204 I/MediaPlayerService(  288): MediaPlayerService::getOMX
06-16 13:25:44.204 I/OMXClient(  288): MuxOMX ctor
06-16 13:25:44.204 I/OMXMaster(  285): makeComponentInstance(OMX.google.h264.decoder) in mediacodec process
06-16 13:25:44.240 I/vol.Events(  683): writeEvent level_changed STREAM_ALARM 6
06-16 13:25:44.240 I/vol.Events(  683): writeEvent level_changed STREAM_BLUETOOTH_SCO 7
06-16 13:25:44.240 I/vol.Events(  683): writeEvent level_changed STREAM_MUSIC 11
06-16 13:25:44.240 I/vol.Events(  683): writeEvent level_changed STREAM_RING 5
06-16 13:25:44.240 I/vol.Events(  683): writeEvent level_changed STREAM_SYSTEM 5
06-16 13:25:44.248 I/vol.Events(  683): writeEvent level_changed STREAM_VOICE_CALL 4
06-16 13:25:44.250 W/System  (  911): ClassLoader referenced unknown path: /system/priv-app/BlockedNumberProvider/lib/x86_64
06-16 13:25:44.268 W/LocationProviderProxy-network(  594): Odd, no component found for service com.android.location.service.v3.NetworkLocationProvider
06-16 13:25:44.268 W/GeocoderProxy(  594): Odd, no component found for service com.android.location.service.GeocodeProvider
06-16 13:25:44.268 W/GeofenceProxy(  594): Odd, no component found for service com.android.location.service.GeofenceProvider
06-16 13:25:44.268 W/ActivityRecognitionProxy(  594): Odd, no component found for service com.android.location.service.ActivityRecognitionProvider
06-16 13:25:44.268 W/System  (  911): ClassLoader referenced unknown path: /system/app/UserDictionaryProvider/lib/x86_64
06-16 13:25:44.269 I/GnssLocationProvider(  594): WakeLock released by handleMessage(12, 0, null)
06-16 13:25:44.280 E/PhoneInterfaceManager(  733): [PhoneIntfMgr] getCarrierPackageNamesForIntent: No UICC
06-16 13:25:44.282 E/PhoneInterfaceManager(  733): [PhoneIntfMgr] getIccId: No UICC
06-16 13:25:44.284 I/Telecom (  594): PhoneAccountRegistrar: New phone account registered: [[ ] PhoneAccount: ComponentInfo{com.android.phone/com.android.services.telephony.TelephonyConnectionService}, [e0184adedf913b076626646d3f52c3b49c39ad6d], UserHandle{0} Capabilities: CallProvider MultiUser PlaceEmerg SimSub  Schemes: tel voicemail  Extras: null]: TSI.rPA@AAU
06-16 13:25:44.284 I/Telecom (  594): : Sending phone-account registered intent as user: TSI.rPA@AAU
06-16 13:25:44.286 I/Telephony(  733): AccountEntry: Registered phoneAccount: [[ ] PhoneAccount: ComponentInfo{com.android.phone/com.android.services.telephony.TelephonyConnectionService}, [e0184adedf913b076626646d3f52c3b49c39ad6d], UserHandle{0} Capabilities: CallProvider MultiUser PlaceEmerg SimSub  Schemes: tel voicemail  Extras: null] with handle: ComponentInfo{com.android.phone/com.android.services.telephony.TelephonyConnectionService}, [e0184adedf913b076626646d3f52c3b49c39ad6d], UserHandle{0}
06-16 13:25:44.287 I/Telephony(  733): PstnIncomingCallNotifier: Registering: Handler (com.android.internal.telephony.GsmCdmaPhone) {d149f94}
06-16 13:25:44.301 I/Telephony(  733): TelecomAccountRegistry: Unregistering phone account ComponentInfo{com.android.phone/com.android.services.telephony.TelephonyConnectionService}, [5fef04621e9a9b41849c3df35e75799299008300], UserHandle{0}.
06-16 13:25:44.301 I/Telecom (  594): : Sending phone-account unregistered intent as user: TSI.uPA@AAc
06-16 13:25:44.316 I/AlarmClock(  878): AlarmInitReceiver android.intent.action.LOCKED_BOOT_COMPLETED
06-16 13:25:44.316 I/GnssLocationProvider(  594): WakeLock acquired by sendMessage(12, 0, null)
06-16 13:25:44.319 I/GnssLocationProvider(  594): WakeLock released by handleMessage(12, 0, null)
06-16 13:25:44.321 I/WifiService(  594): WifiService trying to set country code to us with persist set to true
06-16 13:25:44.347 I/org.webrtc.Logging(  748): EglBase14Impl: SDK version: 24. isEGL14Supported: true
06-16 13:25:44.347 I/org.webrtc.Logging(  748): EglBase14Impl: Using OpenGL ES version 2
06-16 13:25:44.353 I/Telephony(  733): PstnIncomingCallNotifier: Unregistering: Handler (com.android.internal.telephony.GsmCdmaPhone) {d149f94}
06-16 13:25:44.354 E/PhoneInterfaceManager(  733): [PhoneIntfMgr] getIccId: No UICC
06-16 13:25:44.361 W/ACodec  (  288): [OMX.google.h264.decoder] stopping checking profiles after 32: 2/8000
06-16 13:25:44.362 I/Telecom (  594): PhoneAccountRegistrar: [ComponentInfo{com.android.phone/com.android.services.telephony.TelephonyConnectionService}, [e0184adedf913b076626646d3f52c3b49c39ad6d], UserHandle{0}(icon: Icon(typ=BITMAP size=19x24) -> Icon(typ=BITMAP size=19x24))]: TSI.rPA@AAo
06-16 13:25:44.362 I/Telecom (  594): : Sending phone-account registered intent as user: TSI.rPA@AAo
06-16 13:25:44.363 I/Telephony(  733): AccountEntry: Registered phoneAccount: [[ ] PhoneAccount: ComponentInfo{com.android.phone/com.android.services.telephony.TelephonyConnectionService}, [e0184adedf913b076626646d3f52c3b49c39ad6d], UserHandle{0} Capabilities: CallProvider MultiUser PlaceEmerg SimSub  Schemes: tel voicemail  Extras: null] with handle: ComponentInfo{com.android.phone/com.android.services.telephony.TelephonyConnectionService}, [e0184adedf913b076626646d3f52c3b49c39ad6d], UserHandle{0}
06-16 13:25:44.363 I/Telephony(  733): PstnIncomingCallNotifier: Registering: Handler (com.android.internal.telephony.GsmCdmaPhone) {d149f94}
06-16 13:25:44.363 E/OMXNodeInstance(  285): getExtensionIndex(11d000d:google.h264.decoder, OMX.google.android.index.configureVideoTunnelMode) ERROR: UnsupportedIndex(0x8000101a)
06-16 13:25:44.363 W/OMXNodeInstance(  285): [11d000d:google.h264.decoder] component does not support metadata mode; using fallback
06-16 13:25:44.365 I/org.webrtc.Logging(  748): NativeLibrary: Loading native library: jingle_peerconnection_so
06-16 13:25:44.365 I/org.webrtc.Logging(  748): NativeLibrary: Loading library: jingle_peerconnection_so
06-16 13:25:44.368 I/MediaPlayerService(  288): MediaPlayerService::getOMX
06-16 13:25:44.368 I/OMXClient(  288): MuxOMX ctor
06-16 13:25:44.368 I/OMXMaster(  285): makeComponentInstance(OMX.google.vp8.decoder) in mediacodec process
06-16 13:25:44.387 W/art     ( 1129): Unexpected CPU variant for X86 using defaults: x86_64
06-16 13:25:44.395 I/ActivityManager(  594): Start proc 1129:com.genymobile.genymotionacme/1000 for broadcast com.genymobile.genymotionacme/.BootBroadcastReceiver
06-16 13:25:44.415 W/System  ( 1129): ClassLoader referenced unknown path: /system/priv-app/GenymotionAcme/lib/x86_64
06-16 13:25:44.429 W/System  ( 1009): ClassLoader referenced unknown path: 
06-16 13:25:44.429 W/System  ( 1009): ClassLoader referenced unknown path: /system/app/QuickSearchBox/lib/x86_64
06-16 13:25:44.429 I/StatusBarManagerService(  594): registerStatusBar bar=com.android.internal.statusbar.IStatusBar$Stub$Proxy@657db37
06-16 13:25:44.432 E/OMXNodeInstance(  285): getExtensionIndex(11d000e:google.vp8.decoder, OMX.google.android.index.configureVideoTunnelMode) ERROR: UnsupportedIndex(0x8000101a)
06-16 13:25:44.432 W/OMXNodeInstance(  285): [11d000e:google.vp8.decoder] component does not support metadata mode; using fallback
06-16 13:25:44.434 I/MediaPlayerService(  288): MediaPlayerService::getOMX
06-16 13:25:44.435 I/ContactLocale(  911): AddressBook Labels [[en_US]]: [, A, B, C, D, E, F, G, H, I, J, K, L, M, N, O, P, Q, R, S, T, U, V, W, X, Y, Z, , , , , , , , , , , , , , , , , , , , , , , , , , , , , , , , , , , , , , , , , , , , , , , , , , , , , , , , , , , , , , , , , , , , , , , , , , , , , , , , , , , , , , , , , , , , , , , , , , , , , , , , , , , , , , , , , , , , , , , , , , , , , , , , , , , , , , , , , , , , , , , , , , , , , , , , , , , , , , , , , , , , , , , , , , , , , , , , , , , , , , , , , , , #, ]
06-16 13:25:44.436 I/OMXClient(  288): MuxOMX ctor
06-16 13:25:44.436 I/OMXMaster(  285): makeComponentInstance(OMX.google.vp9.decoder) in mediacodec process
06-16 13:25:44.437 I/ActivityManager(  594): Config changes=3 {1.0 310mcc270mnc [en_US] ldltr sw600dp w600dp h952dp 160dpi lrg port -touch qwerty/v/v -nav/h s.5}
06-16 13:25:44.449 I/org.webrtc.Logging(  748): PeerConnectionFactory: PeerConnectionFactory was initialized without an injected Loggable. Any existing Loggable will be deleted.
06-16 13:25:44.484 E/OMXNodeInstance(  285): getExtensionIndex(11d000f:google.vp9.decoder, OMX.google.android.index.configureVideoTunnelMode) ERROR: UnsupportedIndex(0x8000101a)
06-16 13:25:44.484 W/OMXNodeInstance(  285): [11d000f:google.vp9.decoder] component does not support metadata mode; using fallback
06-16 13:25:44.499 E/AcmeService( 1129): Failed to parse userdata json
06-16 13:25:44.499 E/AcmeService( 1129): org.json.JSONException: End of input at character 0 of 
06-16 13:25:44.499 E/AcmeService( 1129): 	at org.json.JSONTokener.syntaxError(JSONTokener.java:449)
06-16 13:25:44.499 E/AcmeService( 1129): 	at org.json.JSONTokener.nextValue(JSONTokener.java:97)
06-16 13:25:44.499 E/AcmeService( 1129): 	at org.json.JSONObject.<init>(JSONObject.java:156)
06-16 13:25:44.499 E/AcmeService( 1129): 	at org.json.JSONObject.<init>(JSONObject.java:173)
06-16 13:25:44.499 E/AcmeService( 1129): 	at com.genymobile.genymotionacme.AcmeService.grabDomainNamesJsonFromUserData(AcmeService.java:308)
06-16 13:25:44.499 E/AcmeService( 1129): 	at com.genymobile.genymotionacme.AcmeService.grabDomainNamesJson(AcmeService.java:268)
06-16 13:25:44.499 E/AcmeService( 1129): 	at com.genymobile.genymotionacme.AcmeService.onHandleIntent(AcmeService.java:94)
06-16 13:25:44.499 E/AcmeService( 1129): 	at android.app.IntentService$ServiceHandler.handleMessage(IntentService.java:67)
06-16 13:25:44.499 E/AcmeService( 1129): 	at android.os.Handler.dispatchMessage(Handler.java:102)
06-16 13:25:44.499 E/AcmeService( 1129): 	at android.os.Looper.loop(Looper.java:154)
06-16 13:25:44.499 E/AcmeService( 1129): 	at android.os.HandlerThread.run(HandlerThread.java:61)
