06-16 13:25:45.313 I/Telecom (  594): PhoneAccountRegistrar: [ComponentInfo{com.android.phone/com.android.services.telephony.TelephonyConnectionService}, [5fef04621e9a9b41849c3df35e75799299008300], UserHandle{0}(icon: Icon(typ=BITMAP size=19x24) -> Icon(typ=BITMAP size=19x24))]: TSI.rPA@AB8
06-16 13:25:45.313 I/Telecom (  594): : Sending phone-account registered intent as user: TSI.rPA@AB8
06-16 13:25:45.314 I/Telephony(  733): AccountEntry: Registered phoneAccount: [[ ] PhoneAccount: ComponentInfo{com.android.phone/com.android.services.telephony.TelephonyConnectionService}, [5fef04621e9a9b41849c3df35e75799299008300], UserHandle{0} Capabilities: CallProvider MultiUser PlaceEmerg SimSub  Schemes: tel voicemail  Extras: null] with handle: ComponentInfo{com.android.phone/com.android.services.telephony.TelephonyConnectionService}, [5fef04621e9a9b41849c3df35e75799299008300], UserHandle{0}
06-16 13:25:45.314 I/Telephony(  733): PstnIncomingCallNotifier: Registering: Handler (com.android.internal.telephony.GsmCdmaPhone) {d149f94}
06-16 13:25:45.320 I/Telephony(  733): PstnIncomingCallNotifier: Unregistering: Handler (com.android.internal.telephony.GsmCdmaPhone) {d149f94}
06-16 13:25:45.324 I/MediaPlayerService(  288): MediaPlayerService::getOMX
06-16 13:25:45.325 I/Telecom (  594): PhoneAccountRegistrar: [ComponentInfo{com.android.phone/com.android.services.telephony.TelephonyConnectionService}, [5fef04621e9a9b41849c3df35e75799299008300], UserHandle{0}(icon: Icon(typ=BITMAP size=19x24) -> Icon(typ=BITMAP size=19x24))]: TSI.rPA@ACI
06-16 13:25:45.325 I/Telecom (  594): : Sending phone-account registered intent as user: TSI.rPA@ACI
06-16 13:25:45.326 I/Telephony(  733): AccountEntry: Registered phoneAccount: [[ ] PhoneAccount: ComponentInfo{com.android.phone/com.android.services.telephony.TelephonyConnectionService}, [5fef04621e9a9b41849c3df35e75799299008300], UserHandle{0} Capabilities: CallProvider MultiUser PlaceEmerg SimSub  Schemes: tel voicemail  Extras: null] with handle: ComponentInfo{com.android.phone/com.android.services.telephony.TelephonyConnectionService}, [5fef04621e9a9b41849c3df35e75799299008300], UserHandle{0}
06-16 13:25:45.326 I/Telephony(  733): PstnIncomingCallNotifier: Registering: Handler (com.android.internal.telephony.GsmCdmaPhone) {d149f94}
06-16 13:25:45.327 I/OMXClient(  594): MuxOMX ctor
06-16 13:25:45.329 I/OMXMaster(  285): makeComponentInstance(OMX.google.vorbis.decoder) in mediacodec process
06-16 13:25:45.331 W/EventHub(  594): Unable to disable kernel key repeat for /dev/input/event4: Function not implemented
06-16 13:25:45.331 I/EventHub(  594): New device: id=5, fd=198, path='/dev/input/event4', name='Genymotion Virtual Input', classes=0x17, configuration='/system/usr/idc/Genymotion_Virtual_Input.idc', keyLayout='/system/usr/keylayout/Genymotion_Virtual_Input.kl', keyCharacterMap='/system/usr/keychars/Genymotion_Virtual_Input.kcm', builtinKeyboard=false, wakeMechanism=EPOLLWAKEUP, usingClockIoctl=true
06-16 13:25:45.331 I/InputReader(  594): Device reconfigured: id=5, name='Genymotion Virtual Input', size 600x1024, orientation 0, mode 1, display id 0
06-16 13:25:45.331 I/InputReader(  594): Device added: id=5, name='Genymotion Virtual Input', sources=0x00001103
06-16 13:25:45.333 I/ActivityManager(  594): Config changes=8 {1.0 310mcc270mnc [en_US] ldltr sw600dp w600dp h952dp 160dpi lrg port finger qwerty/v/v -nav/h s.6}
06-16 13:25:45.352 I/AndroidLoggerFactory(  748): Logger name 'io.swagger.v3.parser.OpenAPIV3Parser' exceeds maximum length of 23 characters, using 'i*.s*.v*.p*.OpenAPIV3P*' instead.
06-16 13:25:45.365 I/Telecom (  594): PhoneAccountRegistrar: [ComponentInfo{com.android.phone/com.android.services.telephony.TelephonyConnectionService}, [5fef04621e9a9b41849c3df35e75799299008300], UserHandle{0}(icon: Icon(typ=BITMAP size=19x24) -> Icon(typ=BITMAP size=19x24))]: TSI.rPA@ACY
06-16 13:25:45.365 I/Telecom (  594): : Sending phone-account registered intent as user: TSI.rPA@ACY
06-16 13:25:45.418 W/KeyguardUpdateMonitor(  683): invalid subId in handleSimStateChange()
06-16 13:25:45.425 W/KeyguardUpdateMonitor(  683): invalid subId in handleServiceStateChange()
06-16 13:25:45.429 I/Telephony(  733): PstnIncomingCallNotifier: Unregistering: Handler (com.android.internal.telephony.GsmCdmaPhone) {d149f94}
06-16 13:25:45.435 I/Telecom (  594): PhoneAccountRegistrar: [ComponentInfo{com.android.phone/com.android.services.telephony.TelephonyConnectionService}, [5fef04621e9a9b41849c3df35e75799299008300], UserHandle{0}(icon: Icon(typ=BITMAP size=19x24) -> Icon(typ=BITMAP size=19x24))]: TSI.rPA@ACc
06-16 13:25:45.435 I/Telecom (  594): : Sending phone-account registered intent as user: TSI.rPA@ACc
06-16 13:25:45.435 I/Telephony(  733): AccountEntry: Registered phoneAccount: [[ ] PhoneAccount: ComponentInfo{com.android.phone/com.android.services.telephony.TelephonyConnectionService}, [5fef04621e9a9b41849c3df35e75799299008300], UserHandle{0} Capabilities: CallProvider MultiUser PlaceEmerg SimSub  Schemes: tel voicemail  Extras: null] with handle: ComponentInfo{com.android.phone/com.android.services.telephony.TelephonyConnectionService}, [5fef04621e9a9b41849c3df35e75799299008300], UserHandle{0}
06-16 13:25:45.435 I/Telephony(  733): PstnIncomingCallNotifier: Registering: Handler (com.android.internal.telephony.GsmCdmaPhone) {d149f94}
06-16 13:25:45.436 I/Choreographer( 1009): Skipped 37 frames!  The application may be doing too much work on its main thread.
06-16 13:25:45.441 W/FingerprintManager(  683): isFingerprintHardwareDetected(): Service not connected!
06-16 13:25:45.443 W/Java7Support(  748): Unable to load JDK7 types (annotations, java.nio.file.Path): no Java7 support added
06-16 13:25:45.451 I/WindowManager(  594): Destroying surface Surface(name=KeyguardScrim) called by com.android.server.wm.WindowStateAnimator.destroySurface:2016 com.android.server.wm.WindowStateAnimator.destroySurfaceLocked:882 com.android.server.wm.WindowState.destroyOrSaveSurface:2100 com.android.server.wm.WindowSurfacePlacer.performSurfacePlacementInner:429 com.android.server.wm.WindowSurfacePlacer.performSurfacePlacementLoop:232 com.android.server.wm.WindowSurfacePlacer.performSurfacePlacement:180 com.android.server.wm.WindowManagerService$H.handleMessage:8092 android.os.Handler.dispatchMessage:102 
06-16 13:25:45.460 I/Telephony(  733): PstnIncomingCallNotifier: Unregistering: Handler (com.android.internal.telephony.GsmCdmaPhone) {d149f94}
06-16 13:25:45.473 I/art     ( 1009): Starting a blocking GC Explicit
06-16 13:25:45.473 I/Telecom (  594): PhoneAccountRegistrar: [ComponentInfo{com.android.phone/com.android.services.telephony.TelephonyConnectionService}, [5fef04621e9a9b41849c3df35e75799299008300], UserHandle{0}(icon: Icon(typ=BITMAP size=19x24) -> Icon(typ=BITMAP size=19x24))]: TSI.rPA@ACo
06-16 13:25:45.474 I/Telecom (  594): : Sending phone-account registered intent as user: TSI.rPA@ACo
06-16 13:25:45.474 I/Telephony(  733): AccountEntry: Registered phoneAccount: [[ ] PhoneAccount: ComponentInfo{com.android.phone/com.android.services.telephony.TelephonyConnectionService}, [5fef04621e9a9b41849c3df35e75799299008300], UserHandle{0} Capabilities: CallProvider MultiUser PlaceEmerg SimSub  Schemes: tel voicemail  Extras: null] with handle: ComponentInfo{com.android.phone/com.android.services.telephony.TelephonyConnectionService}, [5fef04621e9a9b41849c3df35e75799299008300], UserHandle{0}
06-16 13:25:45.474 I/Telephony(  733): PstnIncomingCallNotifier: Registering: Handler (com.android.internal.telephony.GsmCdmaPhone) {d149f94}
06-16 13:25:45.475 I/Choreographer(  683): Skipped 41 frames!  The application may be doing too much work on its main thread.
06-16 13:25:45.482 I/NotificationMgr(  733): updateMwi(): subId 1 update to false
06-16 13:25:45.483 I/Telecom (  594): PhoneAccountRegistrar: [ComponentInfo{com.android.phone/com.android.services.telephony.TelephonyConnectionService}, [5fef04621e9a9b41849c3df35e75799299008300], UserHandle{0}(icon: Icon(typ=BITMAP size=19x24) -> Icon(typ=BITMAP size=19x24))]: TSI.rPA@AC4
06-16 13:25:45.484 I/Telecom (  594): : Sending phone-account registered intent as user: TSI.rPA@AC4
06-16 13:25:45.485 I/Telecom (  594): PhoneAccountRegistrar: [ComponentInfo{com.android.phone/com.android.services.telephony.TelephonyConnectionService}, [5fef04621e9a9b41849c3df35e75799299008300], UserHandle{0}(icon: Icon(typ=BITMAP size=19x24) -> Icon(typ=BITMAP size=19x24))]: TSI.rPA@ADA
06-16 13:25:45.485 I/Telecom (  594): : Sending phone-account registered intent as user: TSI.rPA@ADA
06-16 13:25:45.486 I/Telecom (  594): PhoneAccountRegistrar: [ComponentInfo{com.android.phone/com.android.services.telephony.TelephonyConnectionService}, [5fef04621e9a9b41849c3df35e75799299008300], UserHandle{0}(icon: Icon(typ=BITMAP size=19x24) -> Icon(typ=BITMAP size=19x24))]: TSI.rPA@ADI
06-16 13:25:45.486 I/Telecom (  594): : Sending phone-account registered intent as user: TSI.rPA@ADI
06-16 13:25:45.487 I/art     ( 1009): Explicit concurrent mark sweep GC freed 9285(654KB) AllocSpace objects, 0(0B) LOS objects, 39% free, 2MB/4MB, paused 59us total 13.619ms
06-16 13:25:45.487 I/art     ( 1009): Starting a blocking GC Explicit
06-16 13:25:45.516 I/Telecom (  594): PhoneAccountRegistrar: SimCallManager queried, returning: null: TSI.gSCMFU@ADM
06-16 13:25:45.517 I/art     ( 1009): Explicit concurrent mark sweep GC freed 4367(284KB) AllocSpace objects, 2(40KB) LOS objects, 39% free, 2MB/4MB, paused 41us total 30.162ms
06-16 13:25:45.517 I/Telecom (  594): PhoneAccountRegistrar: [ComponentInfo{com.android.phone/com.android.services.telephony.TelephonyConnectionService}, [5fef04621e9a9b41849c3df35e75799299008300], UserHandle{0}(icon: Icon(typ=BITMAP size=19x24) -> Icon(typ=BITMAP size=19x24))]: TSI.rPA@ADU
06-16 13:25:45.518 I/Telecom (  594): : Sending phone-account registered intent as user: TSI.rPA@ADU
06-16 13:25:45.519 I/Telecom (  594): PhoneAccountRegistrar: [ComponentInfo{com.android.phone/com.android.services.telephony.TelephonyConnectionService}, [5fef04621e9a9b41849c3df35e75799299008300], UserHandle{0}(icon: Icon(typ=BITMAP size=19x24) -> Icon(typ=BITMAP size=19x24))]: TSI.rPA@ADc
06-16 13:25:45.519 I/Telecom (  594): : Sending phone-account registered intent as user: TSI.rPA@ADc
06-16 13:25:45.533 I/WindowManager(  594): Destroying surface Surface(name=com.android.launcher3/com.android.launcher3.Launcher) called by com.android.server.wm.WindowStateAnimator.destroySurface:2016 com.android.server.wm.WindowStateAnimator.destroySurfaceLocked:882 com.android.server.wm.WindowState.removeLocked:1456 com.android.server.wm.WindowManagerService.removeWindowInnerLocked:2485 com.android.server.wm.WindowManagerService.removeWindowLocked:2443 com.android.server.wm.WindowManagerService.removeWindowLocked:2312 com.android.server.wm.WindowManagerService.removeWindow:2307 com.android.server.wm.Session.remove:202 
06-16 13:25:45.559 I/OpenGLRenderer(  683): Initialized EGL, version 1.4
06-16 13:25:45.591 I/AndroidLoggerFactory(  748): Logger name 'io.swagger.v3.parser.processors.ExternalRefProcessor' exceeds maximum length of 23 characters, using 'i*.s*.v*.p*.p*.Externa*' instead.
06-16 13:25:45.596 I/init    (    1): type=1400 audit(0.0:401): avc: denied { read } for name="httpd" dev="xvda5" ino=3526 scontext=u:r:init:s0 tcontext=u:object_r:httpd_exec:s0 tclass=lnk_file permissive=1
06-16 13:25:45.596 I/init    (    1): type=1400 audit(0.0:402): avc: denied { getattr } for path="/system/xbin/busybox" dev="xvda5" ino=3451 scontext=u:r:init:s0 tcontext=u:object_r:busybox_exec:s0 tclass=file permissive=1
06-16 13:25:45.596 I/Webrtcd.Service(  748): Webrtc server started on port 6443
06-16 13:25:45.604 I/init    ( 1320): type=1400 audit(0.0:403): avc: denied { execute } for name="busybox" dev="xvda5" ino=3451 scontext=u:r:init:s0 tcontext=u:object_r:busybox_exec:s0 tclass=file permissive=1
06-16 13:25:45.604 I/init    ( 1320): type=1400 audit(0.0:404): avc: denied { read open } for path="/system/xbin/busybox" dev="xvda5" ino=3451 scontext=u:r:init:s0 tcontext=u:object_r:busybox_exec:s0 tclass=file permissive=1
06-16 13:25:45.604 I/init    ( 1320): type=1400 audit(0.0:405): avc: denied { execute_no_trans } for path="/system/xbin/busybox" dev="xvda5" ino=3451 scontext=u:r:init:s0 tcontext=u:object_r:busybox_exec:s0 tclass=file permissive=1
06-16 13:25:45.604 I/httpd   ( 1320): type=1400 audit(0.0:406): avc: denied { create } for scontext=u:r:init:s0 tcontext=u:r:init:s0 tclass=tcp_socket permissive=1
06-16 13:25:45.604 I/httpd   ( 1320): type=1400 audit(0.0:407): avc: denied { setopt } for scontext=u:r:init:s0 tcontext=u:r:init:s0 tclass=tcp_socket permissive=1
06-16 13:25:45.604 I/httpd   ( 1320): type=1400 audit(0.0:408): avc: denied { bind } for scontext=u:r:init:s0 tcontext=u:r:init:s0 tclass=tcp_socket permissive=1
06-16 13:25:45.604 I/httpd   ( 1320): type=1400 audit(0.0:409): avc: denied { name_bind } for src=80 scontext=u:r:init:s0 tcontext=u:object_r:port:s0 tclass=tcp_socket permissive=1
06-16 13:25:45.604 I/httpd   ( 1320): type=1400 audit(0.0:410): avc: denied { node_bind } for src=80 scontext=u:r:init:s0 tcontext=u:object_r:node:s0 tclass=tcp_socket permissive=1
06-16 13:25:45.604 I/httpd   ( 1320): type=1400 audit(0.0:411): avc: denied { net_bind_service } for capability=10 scontext=u:r:init:s0 tcontext=u:r:init:s0 tclass=capability permissive=1
06-16 13:25:45.604 I/httpd   ( 1320): type=1400 audit(0.0:412): avc: denied { listen } for lport=80 scontext=u:r:init:s0 tcontext=u:r:init:s0 tclass=tcp_socket permissive=1
06-16 13:25:45.604 I/httpd   ( 1320): type=1400 audit(0.0:413): avc: denied { accept } for lport=80 scontext=u:r:init:s0 tcontext=u:r:init:s0 tclass=tcp_socket permissive=1
06-16 13:25:45.662 W/IInputConnectionWrapper(  594): reportFullscreenMode on inexistent InputConnection
06-16 13:25:45.663 I/ActivityManager(  594): Displayed com.android.launcher3/.Launcher: +1s567ms
06-16 13:25:45.671 W/KeyguardUpdateMonitor(  683): invalid subId in handleServiceStateChange()
06-16 13:25:45.673 W/KeyguardUpdateMonitor(  683): invalid subId in handleSimStateChange()
06-16 13:25:45.673 W/KeyguardUpdateMonitor(  683): invalid subId in handleSimStateChange()
06-16 13:25:45.916 I/putmethod.latin(  669): type=1400 audit(0.0:414): avc: denied { sendto } for path="/dev/socket/logdw" scontext=u:r:untrusted_app:s0:c512,c768 tcontext=u:r:init:s0 tclass=unix_dgram_socket permissive=1
06-16 13:25:45.919 I/LatinIME(  669): Timeout waiting for dictionary load
06-16 13:25:46.087 I/RecoverySystem(  594): No recovery log file
06-16 13:25:46.100 I/BootReceiver(  594): Copying audit failures to DropBox
06-16 13:25:46.100 I/BootReceiver(  594): Checking for fsck errors
06-16 13:25:46.112 I/healthd (  291): type=1400 audit(0.0:415): avc: denied { read } for name="capacity" dev="fuse" ino=8 scontext=u:r:init:s0 tcontext=u:object_r:fuse:s0 tclass=file permissive=1
06-16 13:25:46.112 I/healthd (  291): type=1400 audit(0.0:416): avc: denied { open } for path="/dev/pipe/battery/BAT0/capacity" dev="fuse" ino=8 scontext=u:r:init:s0 tcontext=u:object_r:fuse:s0 tclass=file permissive=1
06-16 13:25:46.112 I/healthd (  291): type=1400 audit(0.0:417): avc: denied { call } for scontext=u:r:init:s0 tcontext=u:r:system_server:s0 tclass=binder permissive=1
06-16 13:25:46.148 W/WindowManager(  594): App freeze timeout expired.
06-16 13:25:46.189 I/Choreographer(  683): Skipped 30 frames!  The application may be doing too much work on its main thread.
06-16 13:25:46.336 I/main    (  277): type=1400 audit(0.0:418): avc: denied { read } for path="/dev/socket/zygote" scontext=u:r:zygote:s0 tcontext=u:r:init:s0 tclass=unix_stream_socket permissive=1
06-16 13:25:46.336 I/main    (  277): type=1400 audit(0.0:419): avc: denied { getattr } for path="socket:[13312]" dev="sockfs" ino=13312 scontext=u:r:zygote:s0 tcontext=u:r:init:s0 tclass=unix_stream_socket permissive=1
06-16 13:25:46.340 I/main    (  277): type=1400 audit(0.0:420): avc: denied { write } for path="/dev/socket/zygote" scontext=u:r:zygote:s0 tcontext=u:r:init:s0 tclass=unix_stream_socket permissive=1
06-16 13:25:46.348 W/art     ( 1331): Unexpected CPU variant for X86 using defaults: x86_64
06-16 13:25:46.349 I/ActivityManager(  594): Start proc 1331:com.android.dialer/u0a8 for broadcast com.android.dialer/.calllog.CallLogReceiver
06-16 13:25:46.385 W/System  ( 1331): ClassLoader referenced unknown path: /system/priv-app/Dialer/lib/x86_64
06-16 13:25:46.473 W/art     ( 1349): Unexpected CPU variant for X86 using defaults: x86_64
06-16 13:25:46.476 W/CountryDetector( 1331): No location permissions, not registering for location updates.
06-16 13:25:46.478 I/ActivityManager(  594): Start proc 1349:com.android.calendar/u0a31 for broadcast com.android.calendar/.alerts.AlertReceiver
06-16 13:25:46.481 I/Telecom (  594): PhoneAccountRegistrar: SimCallManager queried, returning: null: TSI.gSCMFU@ADk
06-16 13:25:46.492 W/System  ( 1349): ClassLoader referenced unknown path: /system/app/Calendar/lib/x86_64
06-16 13:25:46.632 I/wpa_supplicant(  816): type=1400 audit(0.0:424): avc: denied { read } for path="/dev/socket/wpa_wlan0" scontext=u:r:wpa:s0 tcontext=u:r:init:s0 tclass=unix_dgram_socket permissive=1
06-16 13:25:46.632 I/wpa_supplicant(  816): type=1400 audit(0.0:425): avc: denied { getopt } for path="/dev/socket/wpa_wlan0" scontext=u:r:wpa:s0 tcontext=u:r:init:s0 tclass=unix_dgram_socket permissive=1
06-16 13:25:46.632 I/wpa_supplicant(  816): type=1400 audit(0.0:426): avc: denied { ioctl } for path="socket:[13461]" dev="sockfs" ino=13461 ioctlcmd=5411 scontext=u:r:wpa:s0 tcontext=u:r:init:s0 tclass=unix_dgram_socket permissive=1
06-16 13:25:46.632 I/wpa_supplicant(  816): type=1400 audit(0.0:427): avc: denied { write } for path="/dev/socket/wpa_wlan0" scontext=u:r:wpa:s0 tcontext=u:r:init:s0 tclass=unix_dgram_socket permissive=1
06-16 13:25:46.632 I/wpa_supplicant(  816): type=1400 audit(0.0:428): avc: denied { sendto } for path="/data/misc/wifi/sockets/wpa_ctrl_594-2" scontext=u:r:init:s0 tcontext=u:r:system_server:s0 tclass=unix_dgram_socket permissive=1
06-16 13:25:46.664 I/AlarmClock(  878): AlarmInitReceiver android.intent.action.BOOT_COMPLETED
06-16 13:25:46.673 W/art     ( 1370): Unexpected CPU variant for X86 using defaults: x86_64
06-16 13:25:46.680 I/ActivityManager(  594): Start proc 1370:com.android.providers.calendar/u0a2 for content provider com.android.providers.calendar/.CalendarProvider2
06-16 13:25:46.686 W/art     ( 1385): Unexpected CPU variant for X86 using defaults: x86_64
06-16 13:25:46.689 W/System  ( 1370): ClassLoader referenced unknown path: /system/priv-app/CalendarProvider/lib/x86_64
06-16 13:25:46.692 I/ActivityManager(  594): Start proc 1385:com.android.email/u0a42 for broadcast com.android.email/.service.EmailBroadcastReceiver
06-16 13:25:46.713 I/CalendarProvider2( 1370): Created com.android.providers.calendar.CalendarAlarmManager@7ee487d(com.android.providers.calendar.CalendarProvider2@8392372)
06-16 13:25:46.725 W/System  ( 1385): ClassLoader referenced unknown path: /system/app/Email/lib/x86_64
06-16 13:25:47.453 W/ActivityManager(  594): Unable to start service Intent { act=com.android.email.EXCHANGE_INTENT pkg=com.android.exchange } U=0: not found
06-16 13:25:47.458 W/ActivityManager(  594): Unable to start service Intent { act=com.android.email.EXCHANGE_INTENT pkg=com.android.exchange } U=0: not found
06-16 13:25:47.458 W/ActivityManager(  594): Unable to start service Intent { act=com.android.email.EXCHANGE_INTENT pkg=com.android.exchange } U=0: not found
06-16 13:25:47.469 I/SystemBroadcastReceiver(  669): Boot has been completed
06-16 13:25:47.469 I/SystemBroadcastReceiver(  669): toggleAppIcon() : FLAG_SYSTEM = true
06-16 13:25:47.472 I/main    (  277): type=1400 audit(0.0:429): avc: denied { getattr } for path="/sys/kernel/debug/tracing/trace_marker" dev="tracefs" ino=39 scontext=u:r:zygote:s0 tcontext=u:object_r:debugfs_tracing:s0 tclass=file permissive=1
06-16 13:25:47.476 I/main    ( 1408): type=1400 audit(0.0:430): avc: denied { write } for name="trace_marker" dev="tracefs" ino=39 scontext=u:r:zygote:s0 tcontext=u:object_r:debugfs_tracing:s0 tclass=file permissive=1
06-16 13:25:47.476 I/main    ( 1408): type=1400 audit(0.0:431): avc: denied { open } for path="/sys/kernel/debug/tracing/trace_marker" dev="tracefs" ino=39 scontext=u:r:zygote:s0 tcontext=u:object_r:debugfs_tracing:s0 tclass=file permissive=1
06-16 13:25:47.478 W/art     ( 1408): Unexpected CPU variant for X86 using defaults: x86_64
06-16 13:25:47.480 I/JDWP    ( 1415): type=1400 audit(0.0:432): avc: denied { connectto } for path=006A6477702D636F6E74726F6C scontext=u:r:platform_app:s0:c512,c768 tcontext=u:r:init:s0 tclass=unix_stream_socket permissive=1
06-16 13:25:47.482 I/ActivityManager(  594): Start proc 1408:com.android.managedprovisioning/u0a15 for broadcast com.android.managedprovisioning/.BootReminder
06-16 13:25:47.483 W/ActivityManager(  594): Unable to start service Intent { act=com.android.email.EXCHANGE_INTENT pkg=com.android.exchange } U=0: not found
06-16 13:25:47.483 W/ActivityManager(  594): Unable to start service Intent { cmp=com.android.email/.service.AttachmentService } U=0: not found
06-16 13:25:47.487 W/ActivityManager(  594): Unable to start service Intent { cmp=com.android.email/.service.AttachmentService } U=0: not found
06-16 13:25:47.487 I/Email   ( 1385): Observing account changes for notifications
06-16 13:25:47.488 W/ActivityManager(  594): Unable to start service Intent { cmp=com.android.email/.service.AttachmentService } U=0: not found
06-16 13:25:47.490 W/ActivityManager(  594): Unable to start service Intent { act=com.android.email.EXCHANGE_INTENT pkg=com.android.exchange } U=0: not found
06-16 13:25:47.490 W/ActivityManager(  594): Unable to start service Intent { act=com.android.email.EXCHANGE_INTENT pkg=com.android.exchange } U=0: not found
06-16 13:25:47.491 E/ActivityThread( 1385): Service com.android.email.service.EmailBroadcastProcessorService has leaked ServiceConnection com.android.emailcommon.service.ServiceProxy$ProxyConnection@b87196e that was originally bound here
06-16 13:25:47.491 E/ActivityThread( 1385): android.app.ServiceConnectionLeaked: Service com.android.email.service.EmailBroadcastProcessorService has leaked ServiceConnection com.android.emailcommon.service.ServiceProxy$ProxyConnection@b87196e that was originally bound here
06-16 13:25:47.491 E/ActivityThread( 1385): 	at android.app.LoadedApk$ServiceDispatcher.<init>(LoadedApk.java:1336)
06-16 13:25:47.491 E/ActivityThread( 1385): 	at android.app.LoadedApk.getServiceDispatcher(LoadedApk.java:1231)
06-16 13:25:47.491 E/ActivityThread( 1385): 	at android.app.ContextImpl.bindServiceCommon(ContextImpl.java:1478)
06-16 13:25:47.491 E/ActivityThread( 1385): 	at android.app.ContextImpl.bindService(ContextImpl.java:1450)
06-16 13:25:47.491 E/ActivityThread( 1385): 	at android.content.ContextWrapper.bindService(ContextWrapper.java:636)
06-16 13:25:47.491 E/ActivityThread( 1385): 	at com.android.emailcommon.service.ServiceProxy.setTask(ServiceProxy.java:181)
06-16 13:25:47.491 E/ActivityThread( 1385): 	at com.android.emailcommon.service.ServiceProxy.test(ServiceProxy.java:224)
06-16 13:25:47.491 E/ActivityThread( 1385): 	at com.android.email.service.EmailServiceUtils.isServiceAvailable(EmailServiceUtils.java:160)
06-16 13:25:47.491 E/ActivityThread( 1385): 	at com.android.email.provider.AccountReconciler.reconcileAccountsInternal(AccountReconciler.java:171)
06-16 13:25:47.491 E/ActivityThread( 1385): 	at com.android.email.provider.AccountReconciler.reconcileAccounts(AccountReconciler.java:115)
06-16 13:25:47.491 E/ActivityThread( 1385): 	at com.android.email.service.EmailBroadcastProcessorService.reconcileAndStartServices(EmailBroadcastProcessorService.java:305)
06-16 13:25:47.491 E/ActivityThread( 1385): 	at com.android.email.service.EmailBroadcastProcessorService.onBootCompleted(EmailBroadcastProcessorService.java:295)
06-16 13:25:47.491 E/ActivityThread( 1385): 	at com.android.email.service.EmailBroadcastProcessorService.onHandleIntent(EmailBroadcastProcessorService.java:130)
06-16 13:25:47.491 E/ActivityThread( 1385): 	at android.app.IntentService$ServiceHandler.handleMessage(IntentService.java:67)
06-16 13:25:47.491 E/ActivityThread( 1385): 	at android.os.Handler.dispatchMessage(Handler.java:102)
06-16 13:25:47.491 E/ActivityThread( 1385): 	at android.os.Looper.loop(Looper.java:154)
06-16 13:25:47.491 E/ActivityThread( 1385): 	at android.os.HandlerThread.run(HandlerThread.java:61)
06-16 13:25:47.491 W/ActivityManager(  594): Unbind failed: could not find connection for android.os.BinderProxy@7b522ac
06-16 13:25:47.492 W/ActivityManager(  594): Unable to start service Intent { act=com.android.email.EXCHANGE_INTENT pkg=com.android.exchange } U=0: not found
06-16 13:25:47.493 W/System  ( 1408): ClassLoader referenced unknown path: /system/priv-app/ManagedProvisioning/lib/x86_64
06-16 13:25:47.493 W/ActivityManager(  594): Unable to start service Intent { act=com.android.email.EXCHANGE_INTENT pkg=com.android.exchange } U=0: not found
06-16 13:25:47.512 W/art     ( 1423): Unexpected CPU variant for X86 using defaults: x86_64
06-16 13:25:47.519 I/ActivityManager(  594): Start proc 1423:com.android.messaging/u0a59 for broadcast com.android.messaging/.receiver.BootAndPackageReplacedReceiver
06-16 13:25:47.528 W/System  ( 1423): ClassLoader referenced unknown path: /system/app/messaging/lib/x86_64
06-16 13:25:47.638 W/WifiMode(  594): WiredSSID, Invalid SupportedRates!!!
06-16 13:25:47.638 W/WifiMode(  594): WiredSSID, Invalid SupportedRates!!!
06-16 13:25:47.638 W/WifiMode(  594): WiredSSID, Invalid SupportedRates!!!
06-16 13:25:47.652 I/wpa_supplicant(  816): type=1400 audit(0.0:433): avc: denied { sendto } for path="/dev/socket/logdw" scontext=u:r:wpa:s0 tcontext=u:r:init:s0 tclass=unix_dgram_socket permissive=1
06-16 13:25:47.655 I/wpa_supplicant(  816): wlan0: Trying to associate with SSID 'WiredSSID'
06-16 13:25:47.655 I/wpa_supplicant(  816): wlan0: Associated with 01:80:c2:00:00:03
06-16 13:25:47.655 I/wpa_supplicant(  816): wlan0: CTRL-EVENT-CONNECTED - Connection to 01:80:c2:00:00:03 completed [id=0 id_str=%7B%22creatorUid%22%3A%22-1%22%2C%22configKey%22%3A%22%5C%22WiredSSID%5C%22NONE%22%7D]
06-16 13:25:47.659 E/WifiScanner(  594): listener cannot be found
06-16 13:25:47.664 I/Binder:289_2(  566): type=1400 audit(0.0:434): avc: denied { sendto } for path="/dev/socket/logdw" scontext=u:r:netd:s0 tcontext=u:r:init:s0 tclass=unix_dgram_socket permissive=1
06-16 13:25:47.668 I/IpManager.wlan0(  650): type=1400 audit(0.0:435): avc: denied { sendto } for path="/dev/socket/logdw" scontext=u:r:system_server:s0 tcontext=u:r:init:s0 tclass=unix_dgram_socket permissive=1
06-16 13:25:47.671 E/IpReachabilityMonitor(  594): Error probing ip=172.20.0.1%8, errmsg=NetlinkErrorMessage{ nlmsghdr{StructNlMsgHdr{ nlmsg_len{56}, nlmsg_type{2(NLMSG_ERROR)}, nlmsg_flags{0())}, nlmsg_seq{1}, nlmsg_pid{-508147884} }}, nlmsgerr{StructNlMsgErr{ error{-2}, msg{StructNlMsgHdr{ nlmsg_len{36}, nlmsg_type{28(RTM_NEWNEIGH)}, nlmsg_flags{261(NLM_F_REQUEST|NLM_F_ACK|NLM_F_ROOT))}, nlmsg_seq{1}, nlmsg_pid{0} }} }} }
06-16 13:25:47.675 E/WifiNative-HAL(  594): setBssidBlacklist cmd 0 size 0
06-16 13:25:47.676 W/AlarmManager(  594): Unrecognized alarm listener com.android.server.wifi.WifiConnectivityManager$3@7ecf2ca
06-16 13:25:47.676 E/WifiScanner(  594): listener cannot be found
06-16 13:25:47.702 I/GnssLocationProvider(  594): WakeLock acquired by sendMessage(5, 0, null)
06-16 13:25:47.702 I/GnssLocationProvider(  594): WakeLock acquired by sendMessage(6, 0, null)
06-16 13:25:47.702 I/GnssLocationProvider(  594): WakeLock acquired by handleInjectNtpTime()
06-16 13:25:47.702 I/GnssLocationProvider(  594): WakeLock released by handleMessage(5, 0, null)
06-16 13:25:47.702 I/GnssLocationProvider(  594): WakeLock released by handleMessage(6, 0, null)
06-16 13:25:47.721 I/CalendarProvider2( 1370): Sending notification intent: Intent { act=android.intent.action.PROVIDER_CHANGED dat=content://com.android.calendar flg=0x20000000 }
06-16 13:25:47.721 W/ContentResolver( 1370): Failed to get type for: content://com.android.calendar (Unknown URL content://com.android.calendar)
06-16 13:25:47.730 I/GnssLocationProvider(  594): WakeLock acquired by sendMessage(10, 0, null)
06-16 13:25:47.730 I/GnssLocationProvider(  594): WakeLock released by handleMessage(10, 0, null)
06-16 13:25:47.730 I/GnssLocationProvider(  594): WakeLock released by handleInjectNtpTime()
06-16 13:25:48.112 I/healthd (  291): type=1400 audit(0.0:436): avc: denied { read } for name="capacity" dev="fuse" ino=8 scontext=u:r:init:s0 tcontext=u:object_r:fuse:s0 tclass=file permissive=1
06-16 13:25:48.112 I/healthd (  291): type=1400 audit(0.0:437): avc: denied { open } for path="/dev/pipe/battery/BAT0/capacity" dev="fuse" ino=8 scontext=u:r:init:s0 tcontext=u:object_r:fuse:s0 tclass=file permissive=1
06-16 13:25:48.280 I/timeinitialize( 1459): type=1400 audit(0.0:438): avc: denied { sendto } for path="/dev/socket/logdw" scontext=u:r:priv_app:s0:c512,c768 tcontext=u:r:init:s0 tclass=unix_dgram_socket permissive=1
06-16 13:25:48.281 W/art     ( 1459): Unexpected CPU variant for X86 using defaults: x86_64
06-16 13:25:48.284 I/JDWP    ( 1466): type=1400 audit(0.0:439): avc: denied { connectto } for path=006A6477702D636F6E74726F6C scontext=u:r:priv_app:s0:c512,c768 tcontext=u:r:init:s0 tclass=unix_stream_socket permissive=1
06-16 13:25:48.288 I/ActivityManager(  594): Start proc 1459:com.android.onetimeinitializer/u0a17 for broadcast com.android.onetimeinitializer/.OneTimeInitializerReceiver
06-16 13:25:48.289 I/MessagingApp( 1423): Carrier config changed. Reloading MMS config.
06-16 13:25:48.292 I/IntentService[A( 1458): type=1400 audit(0.0:440): avc: denied { sendto } for path="/dev/socket/logdw" scontext=u:r:platform_app:s0:c512,c768 tcontext=u:r:init:s0 tclass=unix_dgram_socket permissive=1
06-16 13:25:48.294 I/MessagingAppDataModel( 1423): Fixup: Send failed - 0 Download failed - 0
06-16 13:25:48.296 I/Binder:733_1(  745): type=1400 audit(0.0:441): avc: denied { sendto } for path="/dev/socket/logdw" scontext=u:r:radio:s0 tcontext=u:r:init:s0 tclass=unix_dgram_socket permissive=1
06-16 13:25:48.303 W/MessagingApp( 1423): canonicalizeMccMnc: invalid mccmnc:null ,null
06-16 13:25:48.303 W/System  ( 1459): ClassLoader referenced unknown path: /system/priv-app/OneTimeInitializer/lib/x86_64
06-16 13:25:48.310 W/MmsServiceBroker(  594): MmsService not connected. Try connecting...
06-16 13:25:48.310 I/MmsServiceBroker(  594): Connecting to MmsService
06-16 13:25:48.310 W/ContextImpl(  594): Calling a method in the system process without a qualified user: android.app.ContextImpl.bindService:1449 com.android.server.MmsServiceBroker.tryConnecting:240 com.android.server.MmsServiceBroker.-wrap3:-1 com.android.server.MmsServiceBroker$1.handleMessage:82 android.os.Handler.dispatchMessage:102 
06-16 13:25:48.323 W/System  (  733): ClassLoader referenced unknown path: /system/priv-app/MmsService/lib/x86_64
06-16 13:25:48.329 I/MmsServiceBroker(  594): MmsService connected
06-16 13:25:48.329 I/MmsService(  733): MmsConfigManager receiver action: android.intent.action.SIM_STATE_CHANGED
06-16 13:25:48.329 I/MmsService(  733): MmsConfigManager receiver action: android.telephony.action.CARRIER_CONFIG_CHANGED
06-16 13:25:48.329 I/MmsService(  733): mms config for sub 1: null
06-16 13:25:48.331 I/MmsService(  733): MmsConfigManager loads in background mcc/mnc: 310/270
06-16 13:25:48.331 I/MmsService(  733): MmsConfigManager loads in background mcc/mnc: 310/270
06-16 13:25:48.331 I/MessagingApp( 1423): Carrier configs loaded: Bundle[{smsToMmsTextThreshold=-1, maxMessageTextSize=-1, recipientLimit=-1, maxImageHeight=480, maxMessageSize=307200, maxImageWidth=640, enabledMMS=true, enableMultipartSMS=true}] from resources+system for subId=1
06-16 13:25:48.332 I/MmsService(  733): MmsConfigManager loads in background mcc/mnc: 310/270
06-16 13:25:48.341 I/MessagingAppDataModel( 1423): SyncMessagesAction: Starting batch for messages from 1646714763786 to 1750094748271 (message update limit = 80, message scan limit = 4000)
06-16 13:25:48.346 W/MessagingApp( 1423): canonicalizeMccMnc: invalid mccmnc:null ,null
06-16 13:25:48.347 I/MmsService(  733): mms config for sub 1: Bundle[{httpSocketTimeout=60000, aliasMinChars=2, smsToMmsTextThreshold=-1, enableSMSDeliveryReports=true, maxMessageTextSize=-1, supportMmsContentDisposition=true, enabledTransID=false, aliasEnabled=false, supportHttpCharsetHeader=false, allowAttachAudio=true, smsToMmsTextLengthThreshold=-1, recipientLimit=2147483647, uaProfTagName=x-wap-profile, aliasMaxChars=48, maxImageHeight=1944, enableMMSDeliveryReports=false, userAgent=, config_cellBroadcastAppLinks=true, maxSubjectLength=40, httpParams=, enableGroupMms=true, emailGatewayNumber=, maxMessageSize=1048576, naiSuffix=, enableMMSReadReports=false, maxImageWidth=2592, uaProfUrl=, enabledMMS=true, enabledNotifyWapMMSC=false, sendMultipartSmsAsSeparateMessages=false, enableMultipartSMS=true}]
06-16 13:25:48.347 I/MessagingApp( 1423): Carrier configs loaded: Bundle[{httpSocketTimeout=60000, aliasMinChars=2, smsToMmsTextThreshold=-1, enableSMSDeliveryReports=true, maxMessageTextSize=-1, supportMmsContentDisposition=true, enabledTransID=false, aliasEnabled=false, supportHttpCharsetHeader=false, allowAttachAudio=true, smsToMmsTextLengthThreshold=-1, recipientLimit=2147483647, uaProfTagName=x-wap-profile, aliasMaxChars=48, maxImageHeight=1944, enableMMSDeliveryReports=false, userAgent=, config_cellBroadcastAppLinks=true, maxSubjectLength=40, httpParams=, enableGroupMms=true, emailGatewayNumber=, maxMessageSize=1048576, naiSuffix=, enableMMSReadReports=false, maxImageWidth=2592, uaProfUrl=, enabledMMS=true, enabledNotifyWapMMSC=false, sendMultipartSmsAsSeparateMessages=false, enableMultipartSMS=true}] from resources+system for subId=1
06-16 13:25:48.349 W/MessagingApp( 1423): canonicalizeMccMnc: invalid mccmnc:null ,null
06-16 13:25:48.350 I/MmsService(  733): mms config for sub 1: Bundle[{httpSocketTimeout=60000, aliasMinChars=2, smsToMmsTextThreshold=-1, enableSMSDeliveryReports=true, maxMessageTextSize=-1, supportMmsContentDisposition=true, enabledTransID=false, aliasEnabled=false, supportHttpCharsetHeader=false, allowAttachAudio=true, smsToMmsTextLengthThreshold=-1, recipientLimit=2147483647, uaProfTagName=x-wap-profile, aliasMaxChars=48, maxImageHeight=1944, enableMMSDeliveryReports=false, userAgent=, config_cellBroadcastAppLinks=true, maxSubjectLength=40, httpParams=, enableGroupMms=true, emailGatewayNumber=, maxMessageSize=1048576, naiSuffix=, enableMMSReadReports=false, maxImageWidth=2592, uaProfUrl=, enabledMMS=true, enabledNotifyWapMMSC=false, sendMultipartSmsAsSeparateMessages=false, enableMultipartSMS=true}]
06-16 13:25:48.350 I/MessagingApp( 1423): Carrier configs loaded: Bundle[{httpSocketTimeout=60000, aliasMinChars=2, smsToMmsTextThreshold=-1, enableSMSDeliveryReports=true, maxMessageTextSize=-1, supportMmsContentDisposition=true, enabledTransID=false, aliasEnabled=false, supportHttpCharsetHeader=false, allowAttachAudio=true, smsToMmsTextLengthThreshold=-1, recipientLimit=2147483647, uaProfTagName=x-wap-profile, aliasMaxChars=48, maxImageHeight=1944, enableMMSDeliveryReports=false, userAgent=, config_cellBroadcastAppLinks=true, maxSubjectLength=40, httpParams=, enableGroupMms=true, emailGatewayNumber=, maxMessageSize=1048576, naiSuffix=, enableMMSReadReports=false, maxImageWidth=2592, uaProfUrl=, enabledMMS=true, enabledNotifyWapMMSC=false, sendMultipartSmsAsSeparateMessages=false, enableMultipartSMS=true}] from resources+system for subId=1
06-16 13:25:48.381 I/MessagingAppDataModel( 1423): SyncMessagesAction: All messages now in sync
06-16 13:25:48.432 I/otion.superuse( 1486): type=1400 audit(0.0:442): avc: denied { sendto } for path="/dev/socket/logdw" scontext=u:r:system_app:s0 tcontext=u:r:init:s0 tclass=unix_dgram_socket permissive=1
06-16 13:25:48.439 W/art     ( 1486): Unexpected CPU variant for X86 using defaults: x86_64
06-16 13:25:48.442 I/ActivityManager(  594): Start proc 1486:com.genymotion.superuser/1000 for broadcast com.genymotion.superuser/com.koushikdutta.superuser.SuCheckerReceiver
06-16 13:25:48.450 W/System  ( 1486): ClassLoader referenced unknown path: /system/app/Superuser/lib/x86_64
06-16 13:25:48.484 I/main    (  277): type=1400 audit(0.0:443): avc: denied { read } for path="/dev/socket/zygote" scontext=u:r:zygote:s0 tcontext=u:r:init:s0 tclass=unix_stream_socket permissive=1
06-16 13:25:48.484 I/main    (  277): type=1400 audit(0.0:444): avc: denied { getattr } for path="socket:[13312]" dev="sockfs" ino=13312 scontext=u:r:zygote:s0 tcontext=u:r:init:s0 tclass=unix_stream_socket permissive=1
06-16 13:25:48.486 W/MediaScanner( 1163): Error opening directory '/oem/media/', skipping: No such file or directory.
06-16 13:25:48.488 I/Thread-2( 1502): type=1400 audit(0.0:445): avc: denied { execute } for name="su" dev="xvda5" ino=3656 scontext=u:r:system_app:s0 tcontext=u:object_r:su_exec:s0 tclass=file permissive=1
06-16 13:25:48.488 I/Thread-2( 1502): type=1400 audit(0.0:446): avc: denied { read open } for path="/system/xbin/su" dev="xvda5" ino=3656 scontext=u:r:system_app:s0 tcontext=u:object_r:su_exec:s0 tclass=file permissive=1
06-16 13:25:48.492 I/main    (  277): type=1400 audit(0.0:447): avc: denied { write } for path="/dev/socket/zygote" scontext=u:r:zygote:s0 tcontext=u:r:init:s0 tclass=unix_stream_socket permissive=1
06-16 13:25:48.492 I/Thread-2( 1502): type=1400 audit(0.0:448): avc: denied { execute_no_trans } for path="/system/xbin/su" dev="xvda5" ino=3656 scontext=u:r:system_app:s0 tcontext=u:object_r:su_exec:s0 tclass=file permissive=1
06-16 13:25:48.498 W/art     ( 1503): Unexpected CPU variant for X86 using defaults: x86_64
06-16 13:25:48.500 I/JDWP    ( 1512): type=1400 audit(0.0:449): avc: denied { connectto } for path=006A6477702D636F6E74726F6C scontext=u:r:platform_app:s0:c512,c768 tcontext=u:r:init:s0 tclass=unix_stream_socket permissive=1
06-16 13:25:48.500 I/ActivityManager(  594): Start proc 1503:com.android.cellbroadcastreceiver/u0a4 for broadcast com.android.cellbroadcastreceiver/.CellBroadcastReceiver
06-16 13:25:48.500 I/Superuser( 1486): Result: 16 com.genymotion.superuser
06-16 13:25:48.520 W/System  ( 1503): ClassLoader referenced unknown path: /system/priv-app/CellBroadcastReceiver/lib/x86_64
06-16 13:25:48.540 I/rild    (  293): type=1400 audit(0.0:450): avc: denied { read } for path="socket:[14406]" dev="sockfs" ino=14406 scontext=u:r:rild:s0 tcontext=u:r:init:s0 tclass=unix_stream_socket permissive=1
06-16 13:25:48.540 I/rild    (  293): type=1400 audit(0.0:451): avc: denied { sendto } for path="/dev/socket/logdw" scontext=u:r:rild:s0 tcontext=u:r:init:s0 tclass=unix_dgram_socket permissive=1
06-16 13:25:48.540 I/rild    (  293): type=1400 audit(0.0:452): avc: denied { write } for path="socket:[14406]" dev="sockfs" ino=14406 scontext=u:r:rild:s0 tcontext=u:r:init:s0 tclass=unix_stream_socket permissive=1
06-16 13:25:48.551 I/OmtpVvmCarrierCfgHlpr(  733): Requesting VVM activation for subId: 1
06-16 13:25:48.552 I/genybaseband(  297): type=1400 audit(0.0:453): avc: denied { sendto } for path="/dev/socket/logdw" scontext=u:r:logwrapper:s0 tcontext=u:r:init:s0 tclass=unix_dgram_socket permissive=1
06-16 13:25:48.556 I/genybaseband(  297): type=1400 audit(0.0:454): avc: denied { write } for path="socket:[9284]" dev="sockfs" ino=9284 scontext=u:r:logwrapper:s0 tcontext=u:r:logwrapper:s0 tclass=tcp_socket permissive=1
06-16 13:25:48.556 I/genybaseband(  297): type=1400 audit(0.0:455): avc: denied { read } for path="socket:[9284]" dev="sockfs" ino=9284 scontext=u:r:logwrapper:s0 tcontext=u:r:logwrapper:s0 tclass=tcp_socket permissive=1
06-16 13:25:48.574 I/OmtpVvmCarrierCfgHlpr(  733): Requesting VVM activation for subId: 1
06-16 13:25:48.584 I/rild    (  293): type=1400 audit(0.0:456): avc: denied { read } for path="socket:[14406]" dev="sockfs" ino=14406 scontext=u:r:rild:s0 tcontext=u:r:init:s0 tclass=unix_stream_socket permissive=1
06-16 13:25:48.584 I/genybaseband(  297): type=1400 audit(0.0:457): avc: denied { read } for path="socket:[9289]" dev="sockfs" ino=9289 scontext=u:r:logwrapper:s0 tcontext=u:r:init:s0 tclass=unix_stream_socket permissive=1
06-16 13:25:48.584 I/genybaseband( 1525): type=1400 audit(0.0:458): avc: denied { write } for path="socket:[9289]" dev="sockfs" ino=9289 scontext=u:r:logwrapper:s0 tcontext=u:r:init:s0 tclass=unix_stream_socket permissive=1
06-16 13:25:48.588 I/rild    (  293): type=1400 audit(0.0:459): avc: denied { write } for path="socket:[14406]" dev="sockfs" ino=14406 scontext=u:r:rild:s0 tcontext=u:r:init:s0 tclass=unix_stream_socket permissive=1
06-16 13:25:48.604 I/OmtpVvmCarrierCfgHlpr(  733): Requesting VVM activation for subId: 1
06-16 13:25:48.608 I/lmkd    (  256): type=1400 audit(0.0:460): avc: denied { read } for path="socket:[13142]" dev="sockfs" ino=13142 scontext=u:r:lmkd:s0 tcontext=u:r:init:s0 tclass=unix_stream_socket permissive=1
06-16 13:25:48.616 I/ndroid.calendar( 1349): type=1400 audit(0.0:461): avc: denied { sendto } for path="/dev/socket/logdw" scontext=u:r:untrusted_app:s0:c512,c768 tcontext=u:r:init:s0 tclass=unix_dgram_socket permissive=1
06-16 13:25:48.703 W/AlarmManagerService(  594): Unable to set rtc to 1750094748: No such device
06-16 13:25:48.713 I/AlarmClock(  878): AlarmInitReceiver android.intent.action.TIME_SET
06-16 13:25:50.663 I/wpa_supplicant(  816): type=1400 audit(0.0:462): avc: denied { read } for path="/dev/socket/wpa_wlan0" scontext=u:r:wpa:s0 tcontext=u:r:init:s0 tclass=unix_dgram_socket permissive=1
06-16 13:25:50.663 I/wpa_supplicant(  816): type=1400 audit(0.0:463): avc: denied { getopt } for path="/dev/socket/wpa_wlan0" scontext=u:r:wpa:s0 tcontext=u:r:init:s0 tclass=unix_dgram_socket permissive=1
06-16 13:25:50.663 I/wpa_supplicant(  816): type=1400 audit(0.0:464): avc: denied { ioctl } for path="socket:[13461]" dev="sockfs" ino=13461 ioctlcmd=5411 scontext=u:r:wpa:s0 tcontext=u:r:init:s0 tclass=unix_dgram_socket permissive=1
06-16 13:25:50.663 I/wpa_supplicant(  816): type=1400 audit(0.0:465): avc: denied { write } for path="/dev/socket/wpa_wlan0" scontext=u:r:wpa:s0 tcontext=u:r:init:s0 tclass=unix_dgram_socket permissive=1
06-16 13:25:53.622 I/GlobalDismissManager( 1349): no sender configured
06-16 13:26:01.059 I/crond   (  270): type=1400 audit(0.0:466): avc: denied { read } for name="crontab" dev="xvda7" ino=119043 scontext=u:r:vbox86-setup:s0 tcontext=u:object_r:system_data_file:s0 tclass=dir permissive=1
06-16 13:26:01.059 I/crond   (  270): type=1400 audit(0.0:467): avc: denied { open } for path="/data/crontab" dev="xvda7" ino=119043 scontext=u:r:vbox86-setup:s0 tcontext=u:object_r:system_data_file:s0 tclass=dir permissive=1
06-16 13:26:01.059 I/crond   (  270): type=1400 audit(0.0:468): avc: denied { read } for name="root" dev="xvda7" ino=119044 scontext=u:r:vbox86-setup:s0 tcontext=u:object_r:system_data_file:s0 tclass=file permissive=1
06-16 13:26:01.059 I/crond   (  270): type=1400 audit(0.0:469): avc: denied { open } for path="/data/crontab/root" dev="xvda7" ino=119044 scontext=u:r:vbox86-setup:s0 tcontext=u:object_r:system_data_file:s0 tclass=file permissive=1
06-16 13:26:01.059 I/crond   (  270): type=1400 audit(0.0:470): avc: denied { getattr } for path="/data/crontab/root" dev="xvda7" ino=119044 scontext=u:r:vbox86-setup:s0 tcontext=u:object_r:system_data_file:s0 tclass=file permissive=1
06-16 13:26:01.670 I/ActivityManager(  594): Waited long enough for: ServiceRecord{8864367 u0 com.android.calendar/.alerts.InitAlarmsService}
06-16 13:26:05.633 W/WifiMode(  594): WiredSSID, Invalid SupportedRates!!!
06-16 13:26:05.633 W/WifiMode(  594): WiredSSID, Invalid SupportedRates!!!
06-16 13:26:05.633 W/WifiMode(  594): WiredSSID, Invalid SupportedRates!!!
06-16 13:26:10.727 I/healthd (  291): type=1400 audit(0.0:471): avc: denied { read } for scontext=u:r:init:s0 tcontext=u:r:init:s0 tclass=netlink_kobject_uevent_socket permissive=1
06-16 13:26:10.727 I/netd    (  557): type=1400 audit(0.0:472): avc: denied { write } for path="socket:[13231]" dev="sockfs" ino=13231 scontext=u:r:netd:s0 tcontext=u:r:init:s0 tclass=unix_stream_socket permissive=1
06-16 13:26:17.695 I/wpa_supplicant(  816): type=1400 audit(0.0:473): avc: denied { sendto } for path="/data/misc/wifi/sockets/wpa_ctrl_594-2" scontext=u:r:init:s0 tcontext=u:r:system_server:s0 tclass=unix_dgram_socket permissive=1
06-16 13:26:18.111 I/healthd (  291): type=1400 audit(0.0:474): avc: denied { call } for scontext=u:r:init:s0 tcontext=u:r:system_server:s0 tclass=binder permissive=1
06-16 13:26:25.633 W/WifiMode(  594): WiredSSID, Invalid SupportedRates!!!
06-16 13:26:25.633 W/WifiMode(  594): WiredSSID, Invalid SupportedRates!!!
06-16 13:26:25.634 W/WifiMode(  594): WiredSSID, Invalid SupportedRates!!!
06-16 13:26:59.983 I/httpd   ( 1320): type=1400 audit(0.0:475): avc: denied { write } for name="fwmarkd" dev="tmpfs" ino=9077 scontext=u:r:init:s0 tcontext=u:object_r:fwmarkd_socket:s0 tclass=sock_file permissive=1
06-16 13:26:59.983 I/netd    (  564): type=1400 audit(0.0:476): avc: denied { accept } for path="/dev/socket/fwmarkd" scontext=u:r:netd:s0 tcontext=u:r:init:s0 tclass=unix_stream_socket permissive=1
06-16 13:26:59.983 I/netd    (  564): type=1400 audit(0.0:477): avc: denied { getopt } for path="/dev/socket/fwmarkd" scontext=u:r:netd:s0 tcontext=u:r:init:s0 tclass=unix_stream_socket permissive=1
06-16 13:26:59.983 I/netd    (  564): type=1400 audit(0.0:478): avc: denied { read } for path="/dev/socket/fwmarkd" scontext=u:r:netd:s0 tcontext=u:r:init:s0 tclass=unix_stream_socket permissive=1
06-16 13:26:59.983 I/netd    (  564): type=1400 audit(0.0:479): avc: denied { read write } for path="socket:[15228]" dev="sockfs" ino=15228 scontext=u:r:netd:s0 tcontext=u:r:init:s0 tclass=tcp_socket permissive=1
06-16 13:26:59.983 I/netd    (  564): type=1400 audit(0.0:480): avc: denied { getopt } for laddr=::ffff:172.20.34.36 lport=80 faddr=::ffff:104.167.221.114 fport=51016 scontext=u:r:netd:s0 tcontext=u:r:init:s0 tclass=tcp_socket permissive=1
06-16 13:26:59.983 I/netd    (  564): type=1400 audit(0.0:481): avc: denied { setopt } for laddr=::ffff:172.20.34.36 lport=80 faddr=::ffff:104.167.221.114 fport=51016 scontext=u:r:netd:s0 tcontext=u:r:init:s0 tclass=tcp_socket permissive=1
06-16 13:26:59.983 I/httpd   ( 1320): type=1400 audit(0.0:482): avc: denied { setopt } for laddr=::ffff:172.20.34.36 lport=80 faddr=::ffff:104.167.221.114 fport=51016 scontext=u:r:init:s0 tcontext=u:r:init:s0 tclass=tcp_socket permissive=1
06-16 13:26:59.983 I/httpd   ( 1320): type=1400 audit(0.0:483): avc: denied { accept } for lport=80 scontext=u:r:init:s0 tcontext=u:r:init:s0 tclass=tcp_socket permissive=1
06-16 13:26:59.987 I/httpd   ( 1552): type=1400 audit(0.0:484): avc: denied { read } for path="socket:[15228]" dev="sockfs" ino=15228 scontext=u:r:init:s0 tcontext=u:r:init:s0 tclass=tcp_socket permissive=1
06-16 13:26:59.987 I/httpd   ( 1552): type=1400 audit(0.0:485): avc: denied { write } for path="socket:[15228]" dev="sockfs" ino=15228 scontext=u:r:init:s0 tcontext=u:r:init:s0 tclass=tcp_socket permissive=1
06-16 13:26:59.987 I/httpd   ( 1552): type=1400 audit(0.0:486): avc: denied { shutdown } for laddr=::ffff:172.20.34.36 lport=80 faddr=::ffff:104.167.221.114 fport=51016 scontext=u:r:init:s0 tcontext=u:r:init:s0 tclass=tcp_socket permissive=1
06-16 13:27:00.002 I/ActivityManager(  594): Killing 989:com.android.keychain/1000 (adj 906): empty #17
06-16 13:27:05.634 W/WifiMode(  594): WiredSSID, Invalid SupportedRates!!!
06-16 13:27:05.634 W/WifiMode(  594): WiredSSID, Invalid SupportedRates!!!
06-16 13:27:05.634 W/WifiMode(  594): WiredSSID, Invalid SupportedRates!!!
06-16 13:28:25.633 W/WifiMode(  594): WiredSSID, Invalid SupportedRates!!!
06-16 13:28:25.633 W/WifiMode(  594): WiredSSID, Invalid SupportedRates!!!
06-16 13:28:25.634 W/WifiMode(  594): WiredSSID, Invalid SupportedRates!!!
06-16 13:28:30.875 I/adbd    ( 1566): type=1400 audit(0.0:487): avc: denied { execute_no_trans } for path="/system/bin/sh" dev="xvda5" ino=489 scontext=u:r:init:s0 tcontext=u:object_r:shell_exec:s0 tclass=file permissive=1
06-16 13:28:30.879 I/getprop ( 1566): type=1400 audit(0.0:488): avc: denied { read write } for path="socket:[17285]" dev="sockfs" ino=17285 scontext=u:r:toolbox:s0 tcontext=u:r:init:s0 tclass=unix_stream_socket permissive=1
06-16 13:28:30.879 I/getprop ( 1566): type=1400 audit(0.0:489): avc: denied { getattr } for path="socket:[17285]" dev="sockfs" ino=17285 scontext=u:r:toolbox:s0 tcontext=u:r:init:s0 tclass=unix_stream_socket permissive=1
06-16 13:28:30.943 I//sbin/adbd( 1572): type=1400 audit(0.0:490): avc: denied { write } for comm=73657276696365203433 name="etc" dev="xvda5" ino=559 scontext=u:r:init:s0 tcontext=u:object_r:system_file:s0 tclass=dir permissive=1
06-16 13:28:30.947 I//sbin/adbd( 1572): type=1400 audit(0.0:491): avc: denied { remove_name } for comm=73657276696365203433 name="hosts" dev="xvda5" ino=576 scontext=u:r:init:s0 tcontext=u:object_r:system_file:s0 tclass=dir permissive=1
06-16 13:28:30.947 I//sbin/adbd( 1572): type=1400 audit(0.0:492): avc: denied { unlink } for comm=73657276696365203433 name="hosts" dev="xvda5" ino=576 scontext=u:r:init:s0 tcontext=u:object_r:system_file:s0 tclass=file permissive=1
06-16 13:28:30.955 I//sbin/adbd( 1572): type=1400 audit(0.0:493): avc: denied { add_name } for comm=73657276696365203433 name="hosts" scontext=u:r:init:s0 tcontext=u:object_r:system_file:s0 tclass=dir permissive=1
06-16 13:28:30.955 I//sbin/adbd( 1572): type=1400 audit(0.0:494): avc: denied { create } for comm=73657276696365203433 name="hosts" scontext=u:r:init:s0 tcontext=u:object_r:system_file:s0 tclass=file permissive=1
