--------- beginning of main
06-16 13:25:16.432 W/auditd  (  112): type=2000 audit(0.0:1): initialized
06-16 13:25:16.676 I/auditd  (  112): type=1403 audit(0.0:2): policy loaded auid=4294967295 ses=4294967295
06-16 13:25:16.696 I/init    (   89): type=1400 audit(0.0:3): avc: denied { execute_no_trans } for path="/init" dev="rootfs" ino=7810 scontext=u:r:init:s0 tcontext=u:object_r:init_exec:s0 tclass=file permissive=1
06-16 13:25:16.696 I/ueventd (   89): type=1400 audit(0.0:4): avc: denied { create } for name="__kmsg__" scontext=u:r:init:s0 tcontext=u:object_r:device:s0 tclass=chr_file permissive=1
06-16 13:25:16.696 I/ueventd (   89): type=1400 audit(0.0:5): avc: denied { unlink } for name="__kmsg__" dev="tmpfs" ino=1133 scontext=u:r:init:s0 tcontext=u:object_r:device:s0 tclass=chr_file permissive=1
06-16 13:25:16.700 I/ueventd (   89): type=1400 audit(0.0:6): avc: denied { create } for scontext=u:r:init:s0 tcontext=u:r:init:s0 tclass=netlink_kobject_uevent_socket permissive=1
06-16 13:25:16.700 I/ueventd (   89): type=1400 audit(0.0:7): avc: denied { setopt } for scontext=u:r:init:s0 tcontext=u:r:init:s0 tclass=netlink_kobject_uevent_socket permissive=1
06-16 13:25:16.700 I/ueventd (   89): type=1400 audit(0.0:8): avc: denied { bind } for scontext=u:r:init:s0 tcontext=u:r:init:s0 tclass=netlink_kobject_uevent_socket permissive=1
06-16 13:25:16.700 I/ueventd (   89): type=1400 audit(0.0:9): avc: denied { read } for scontext=u:r:init:s0 tcontext=u:r:init:s0 tclass=netlink_kobject_uevent_socket permissive=1
06-16 13:25:16.700 I/ueventd (   89): type=1400 audit(0.0:10): avc: denied { create } for name="rtc0" scontext=u:r:init:s0 tcontext=u:object_r:rtc_device:s0 tclass=chr_file permissive=1
06-16 13:25:20.348 I/init    (    1): type=1400 audit(0.0:67): avc: denied { sys_module } for capability=16 scontext=u:r:init:s0 tcontext=u:r:init:s0 tclass=capability permissive=1
06-16 13:25:20.460 I/debuggerd64(  122): type=1400 audit(0.0:68): avc: denied { sendto } for path="/dev/socket/logdw" scontext=u:r:debuggerd:s0 tcontext=u:r:init:s0 tclass=unix_dgram_socket permissive=1
06-16 13:25:20.462 I/        (  122): debuggerd: starting
06-16 13:25:20.472 I/vold    (  123): type=1400 audit(0.0:69): avc: denied { read write } for path="socket:[8009]" dev="sockfs" ino=8009 scontext=u:r:vold:s0 tcontext=u:r:init:s0 tclass=unix_stream_socket permissive=1
06-16 13:25:20.512 I/vold    (  123): type=1400 audit(0.0:70): avc: denied { sendto } for path="/dev/socket/logdw" scontext=u:r:vold:s0 tcontext=u:r:init:s0 tclass=unix_dgram_socket permissive=1
--------- beginning of system
06-16 13:25:20.516 I/vold    (  123): Vold 3.0 (the awakening) firing up
06-16 13:25:20.768 I/ueventd (   89): type=1400 audit(0.0:71): avc: denied { relabelfrom } for name="ram0" dev="tmpfs" ino=1258 scontext=u:r:init:s0 tcontext=u:object_r:ram_device:s0 tclass=blk_file permissive=1
06-16 13:25:20.768 I/ueventd (   89): type=1400 audit(0.0:72): avc: denied { relabelto } for name="ram0" dev="tmpfs" ino=1258 scontext=u:r:init:s0 tcontext=u:object_r:ram_device:s0 tclass=blk_file permissive=1
06-16 13:25:20.768 I/ueventd (   89): type=1400 audit(0.0:73): avc: denied { relabelfrom } for name="xvda" dev="tmpfs" ino=1143 scontext=u:r:init:s0 tcontext=u:object_r:block_device:s0 tclass=blk_file permissive=1
06-16 13:25:20.768 I/ueventd (   89): type=1400 audit(0.0:74): avc: denied { relabelto } for name="xvda" dev="tmpfs" ino=1143 scontext=u:r:init:s0 tcontext=u:object_r:block_device:s0 tclass=blk_file permissive=1
06-16 13:25:20.768 I/vold    (  123): type=1400 audit(0.0:75): avc: denied { listen } for path="/dev/socket/vold" scontext=u:r:vold:s0 tcontext=u:r:init:s0 tclass=unix_stream_socket permissive=1
06-16 13:25:20.776 I/vdc     (  124): type=1400 audit(0.0:76): avc: denied { connectto } for path="/dev/socket/cryptd" scontext=u:r:vdc:s0 tcontext=u:r:init:s0 tclass=unix_stream_socket permissive=1
06-16 13:25:20.776 I/vold    (  128): type=1400 audit(0.0:77): avc: denied { accept } for path="/dev/socket/cryptd" scontext=u:r:vold:s0 tcontext=u:r:init:s0 tclass=unix_stream_socket permissive=1
06-16 13:25:20.776 I/vold    (  128): type=1400 audit(0.0:78): avc: denied { getopt } for path="/dev/socket/cryptd" scontext=u:r:vold:s0 tcontext=u:r:init:s0 tclass=unix_stream_socket permissive=1
06-16 13:25:20.780 I/ueventd (   89): type=1400 audit(0.0:79): avc: denied { relabelfrom } for name="loop0" dev="tmpfs" ino=1268 scontext=u:r:init:s0 tcontext=u:object_r:loop_device:s0 tclass=blk_file permissive=1
06-16 13:25:20.780 I/ueventd (   89): type=1400 audit(0.0:80): avc: denied { relabelto } for name="loop0" dev="tmpfs" ino=1268 scontext=u:r:init:s0 tcontext=u:object_r:loop_device:s0 tclass=blk_file permissive=1
06-16 13:25:20.786 I/vdc     (    1): 200 124 Command succeeded
06-16 13:25:20.824 I/tzdatacheck(  129): type=1400 audit(0.0:81): avc: denied { sendto } for path="/dev/socket/logdw" scontext=u:r:tzdatacheck:s0 tcontext=u:r:init:s0 tclass=unix_dgram_socket permissive=1
06-16 13:25:20.825 I//system/bin/tzdatacheck(  129): tzdata file /data/misc/zoneinfo/current/tzdata does not exist. No action required.
06-16 13:25:20.848 I/ueventd (   89): type=1400 audit(0.0:82): avc: denied { read } for scontext=u:r:init:s0 tcontext=u:r:init:s0 tclass=netlink_kobject_uevent_socket permissive=1
06-16 13:25:20.900 I/init    (    1): type=1400 audit(0.0:83): avc: denied { read } for name="httpd" dev="xvda5" ino=3526 scontext=u:r:init:s0 tcontext=u:object_r:httpd_exec:s0 tclass=lnk_file permissive=1
06-16 13:25:20.900 I/init    (    1): type=1400 audit(0.0:84): avc: denied { getattr } for path="/system/xbin/busybox" dev="xvda5" ino=3451 scontext=u:r:init:s0 tcontext=u:object_r:busybox_exec:s0 tclass=file permissive=1
06-16 13:25:20.908 I/init    (  132): type=1400 audit(0.0:85): avc: denied { execute } for name="busybox" dev="xvda5" ino=3451 scontext=u:r:init:s0 tcontext=u:object_r:busybox_exec:s0 tclass=file permissive=1
06-16 13:25:20.912 I/init    (  132): type=1400 audit(0.0:86): avc: denied { read open } for path="/system/xbin/busybox" dev="xvda5" ino=3451 scontext=u:r:init:s0 tcontext=u:object_r:busybox_exec:s0 tclass=file permissive=1
06-16 13:25:20.912 I/init    (  132): type=1400 audit(0.0:87): avc: denied { execute_no_trans } for path="/system/xbin/busybox" dev="xvda5" ino=3451 scontext=u:r:init:s0 tcontext=u:object_r:busybox_exec:s0 tclass=file permissive=1
06-16 13:25:20.920 I/cp      (  133): type=1400 audit(0.0:88): avc: denied { read } for name="www" dev="xvda7" ino=7939 scontext=u:r:toolbox:s0 tcontext=u:object_r:system_data_file:s0 tclass=dir permissive=1
06-16 13:25:20.920 I/cp      (  133): type=1400 audit(0.0:89): avc: denied { open } for path="/data/www" dev="xvda7" ino=7939 scontext=u:r:toolbox:s0 tcontext=u:object_r:system_data_file:s0 tclass=dir permissive=1
06-16 13:25:20.928 I/cp      (  133): type=1400 audit(0.0:90): avc: denied { write } for name="definition.v1.yaml" dev="xvda7" ino=7941 scontext=u:r:toolbox:s0 tcontext=u:object_r:system_data_file:s0 tclass=file permissive=1
06-16 13:25:20.928 I/cp      (  133): type=1400 audit(0.0:91): avc: denied { open } for path="/data/www/api/definition.v1.yaml" dev="xvda7" ino=7941 scontext=u:r:toolbox:s0 tcontext=u:object_r:system_data_file:s0 tclass=file permissive=1
06-16 13:25:20.980 I/sshd    (  134): type=1400 audit(0.0:92): avc: denied { sendto } for path="/dev/socket/logdw" scontext=u:r:start-ssh:s0 tcontext=u:r:init:s0 tclass=unix_dgram_socket permissive=1
06-16 13:25:20.981 I//system/bin/sshd(  134): Server listening on :: port 22.
06-16 13:25:20.981 I//system/bin/sshd(  134): Server listening on 0.0.0.0 port 22.
06-16 13:25:20.981 E//system/bin/sshd(  134): error: Couldn't create pid file "/var/run/sshd.pid": No such file or directory
06-16 13:25:20.988 I/httpd   (  132): type=1400 audit(0.0:93): avc: denied { create } for scontext=u:r:init:s0 tcontext=u:r:init:s0 tclass=tcp_socket permissive=1
06-16 13:25:20.988 I/httpd   (  132): type=1400 audit(0.0:94): avc: denied { setopt } for scontext=u:r:init:s0 tcontext=u:r:init:s0 tclass=tcp_socket permissive=1
06-16 13:25:20.988 I/httpd   (  132): type=1400 audit(0.0:95): avc: denied { bind } for scontext=u:r:init:s0 tcontext=u:r:init:s0 tclass=tcp_socket permissive=1
06-16 13:25:20.988 I/httpd   (  132): type=1400 audit(0.0:96): avc: denied { name_bind } for src=80 scontext=u:r:init:s0 tcontext=u:object_r:port:s0 tclass=tcp_socket permissive=1
06-16 13:25:20.988 I/httpd   (  132): type=1400 audit(0.0:97): avc: denied { node_bind } for src=80 scontext=u:r:init:s0 tcontext=u:object_r:node:s0 tclass=tcp_socket permissive=1
06-16 13:25:20.988 I/httpd   (  132): type=1400 audit(0.0:98): avc: denied { net_bind_service } for capability=10 scontext=u:r:init:s0 tcontext=u:r:init:s0 tclass=capability permissive=1
06-16 13:25:20.988 I/httpd   (  132): type=1400 audit(0.0:99): avc: denied { listen } for lport=80 scontext=u:r:init:s0 tcontext=u:r:init:s0 tclass=tcp_socket permissive=1
06-16 13:25:20.988 I/httpd   (  132): type=1400 audit(0.0:100): avc: denied { accept } for lport=80 scontext=u:r:init:s0 tcontext=u:r:init:s0 tclass=tcp_socket permissive=1
06-16 13:25:21.125 I/        (  121): debuggerd: starting
06-16 13:25:23.620 I/logd    (  116): type=1400 audit(0.0:102): avc: denied { getopt } for path="/dev/socket/logd" scontext=u:r:logd:s0 tcontext=u:r:init:s0 tclass=unix_stream_socket permissive=1
06-16 13:25:23.620 I/logd.control(  116): type=1400 audit(0.0:103): avc: denied { sendto } for path="/dev/socket/logdw" scontext=u:r:logd:s0 tcontext=u:r:init:s0 tclass=unix_dgram_socket permissive=1
06-16 13:25:23.648 I/gatekeeperd(  141): type=1400 audit(0.0:104): avc: denied { sendto } for path="/dev/socket/logdw" scontext=u:r:gatekeeperd:s0 tcontext=u:r:init:s0 tclass=unix_dgram_socket permissive=1
06-16 13:25:23.652 I/gatekeeperd(  141): Starting gatekeeperd...
06-16 13:25:23.668 I/init    (  144): type=1400 audit(0.0:105): avc: denied { execute_no_trans } for path="/sbin/adbd" dev="rootfs" ino=7824 scontext=u:r:init:s0 tcontext=u:object_r:rootfs:s0 tclass=file permissive=1
06-16 13:25:23.668 I/perfprofd(  142): type=1400 audit(0.0:106): avc: denied { sendto } for path="/dev/socket/logdw" scontext=u:r:perfprofd:s0 tcontext=u:r:init:s0 tclass=unix_dgram_socket permissive=1
06-16 13:25:23.671 I/perfprofd(  142): starting Android Wide Profiling daemon
06-16 13:25:23.672 I/adbd    (  144): type=1400 audit(0.0:107): avc: denied { write } for name="property_service" dev="tmpfs" ino=7901 scontext=u:r:init:s0 tcontext=u:object_r:property_socket:s0 tclass=sock_file permissive=1
06-16 13:25:23.672 E/perfprofd(  142): unable to open configuration file /data/data/com.google.android.gms/files/perfprofd.conf
06-16 13:25:23.672 I/perfprofd(  142): random seed set to 933827390
06-16 13:25:23.880 I/ueventd (   89): type=1400 audit(0.0:108): avc: denied { create } for name="fb0" scontext=u:r:init:s0 tcontext=u:object_r:graphics_device:s0 tclass=chr_file permissive=1
06-16 13:25:24.036 I/diskeventd(  252): type=1400 audit(0.0:109): avc: denied { create } for scontext=u:r:init:s0 tcontext=u:r:init:s0 tclass=netlink_kobject_uevent_socket permissive=1
06-16 13:25:24.036 I/logwrapper(  255): type=1400 audit(0.0:110): avc: denied { read write } for path="socket:[8945]" dev="sockfs" ino=8945 scontext=u:r:logwrapper:s0 tcontext=u:r:init:s0 tclass=unix_stream_socket permissive=1
06-16 13:25:24.036 I/logwrapper(  255): type=1400 audit(0.0:111): avc: denied { read write } for name="0" dev="devpts" ino=3 scontext=u:r:logwrapper:s0 tcontext=u:object_r:devpts:s0 tclass=chr_file permissive=1
06-16 13:25:24.036 I/logwrapper(  255): type=1400 audit(0.0:112): avc: denied { open } for path="/dev/pts/0" dev="devpts" ino=3 scontext=u:r:logwrapper:s0 tcontext=u:object_r:devpts:s0 tclass=chr_file permissive=1
06-16 13:25:24.040 I/lmkd    (  256): type=1400 audit(0.0:113): avc: denied { read write } for path="socket:[8936]" dev="sockfs" ino=8936 scontext=u:r:lmkd:s0 tcontext=u:r:init:s0 tclass=unix_stream_socket permissive=1
06-16 13:25:24.044 I/vinput  (  260): type=1400 audit(0.0:114): avc: denied { sendto } for path="/dev/socket/logdw" scontext=u:r:vinput:s0 tcontext=u:r:init:s0 tclass=unix_dgram_socket permissive=1
06-16 13:25:24.044 I/diskeventd(  252): type=1400 audit(0.0:115): avc: denied { setopt } for scontext=u:r:init:s0 tcontext=u:r:init:s0 tclass=netlink_kobject_uevent_socket permissive=1
06-16 13:25:24.044 I/diskeventd(  252): type=1400 audit(0.0:116): avc: denied { bind } for scontext=u:r:init:s0 tcontext=u:r:init:s0 tclass=netlink_kobject_uevent_socket permissive=1
06-16 13:25:24.044 I/diskeventd(  252): type=1400 audit(0.0:117): avc: denied { getopt } for scontext=u:r:init:s0 tcontext=u:r:init:s0 tclass=netlink_kobject_uevent_socket permissive=1
06-16 13:25:24.044 I/logwrapper(  265): type=1400 audit(0.0:118): avc: denied { execute } for name="genybaseband" dev="xvda5" ino=339 scontext=u:r:logwrapper:s0 tcontext=u:object_r:genybaseband_exec:s0 tclass=file permissive=1
06-16 13:25:24.044 I/logwrapper(  265): type=1400 audit(0.0:119): avc: denied { read open } for path="/system/bin/genybaseband" dev="xvda5" ino=339 scontext=u:r:logwrapper:s0 tcontext=u:object_r:genybaseband_exec:s0 tclass=file permissive=1
06-16 13:25:24.044 I/logwrapper(  265): type=1400 audit(0.0:120): avc: denied { execute_no_trans } for path="/system/bin/genybaseband" dev="xvda5" ino=339 scontext=u:r:logwrapper:s0 tcontext=u:object_r:genybaseband_exec:s0 tclass=file permissive=1
06-16 13:25:24.044 I/lmkd    (  256): type=1400 audit(0.0:121): avc: denied { listen } for path="/dev/socket/lmkd" scontext=u:r:lmkd:s0 tcontext=u:r:init:s0 tclass=unix_stream_socket permissive=1
06-16 13:25:24.044 I/lmkd    (  256): type=1400 audit(0.0:122): avc: denied { sendto } for path="/dev/socket/logdw" scontext=u:r:lmkd:s0 tcontext=u:r:init:s0 tclass=unix_dgram_socket permissive=1
06-16 13:25:24.044 I/logd.writer(  115): type=1400 audit(0.0:123): avc: denied { read } for path="/dev/socket/logdw" scontext=u:r:logd:s0 tcontext=u:r:init:s0 tclass=unix_dgram_socket permissive=1
06-16 13:25:24.045 W/vinput  (  260): Empty command, we ignore it
06-16 13:25:24.047 I/lowmemorykiller(  256): Using in-kernel low memory killer interface
06-16 13:25:24.048 I/crond   (  270): type=1400 audit(0.0:124): avc: denied { read } for name="crontab" dev="xvda7" ino=119043 scontext=u:r:vbox86-setup:s0 tcontext=u:object_r:system_data_file:s0 tclass=dir permissive=1
06-16 13:25:24.048 I/crond   (  270): type=1400 audit(0.0:125): avc: denied { open } for path="/data/crontab" dev="xvda7" ino=119043 scontext=u:r:vbox86-setup:s0 tcontext=u:object_r:system_data_file:s0 tclass=dir permissive=1
06-16 13:25:24.050 W/vinput  (  260): Vinput: Publish command vinput status ready configured:0 has no receiver
06-16 13:25:24.050 I/crond   (  270): crond: crond (busybox 1.22.1 bionic) started, log level 8
06-16 13:25:24.075 E/network_profile_handler(  257): init_all_network_profile_state: wlan: wlan0 phone:rmnet0
06-16 13:25:24.075 I/network_profile(  257): Redis connect
06-16 13:25:24.075 I/network_profile(  257): Redis PUB: network_profile status ready
06-16 13:25:24.076 I/network_profile(  257): Redis read thread
06-16 13:25:24.076 I/network_profile(  257): Redis read wait
06-16 13:25:24.076 W/network_profile(  257): message not properly formated
06-16 13:25:24.104 W/baseband-redis(  265): Redis message not properly formated
06-16 13:25:24.112 E/SELinux (  258): avc:  denied  { add } for service=batteryproperties pid=291 uid=0 scontext=u:r:init:s0 tcontext=u:object_r:batteryproperties_service:s0 tclass=service_manager permissive=1
06-16 13:25:24.128 I/        (  283): installd firing up
06-16 13:25:24.143 I/SurfaceFlinger(  262): SurfaceFlinger is starting
06-16 13:25:24.152 I/SurfaceFlinger(  262): SurfaceFlinger's main thread ready to run. Initializing graphics H/W...
06-16 13:25:24.162 I/Netd    (  289): Netd 1.0 starting
06-16 13:25:24.171 E/libEGL  (  262): load_driver(/vendor/lib64/egl/libGLES_swiftshader.so): dlopen failed: library "/vendor/lib64/egl/libGLES_swiftshader.so" not found
06-16 13:25:24.204 I/keystore(  284): Found keymaster0 module Keymaster OpenSSL HAL, version 2
06-16 13:25:24.204 I/SoftKeymaster(  284): system/keymaster/soft_keymaster_device.cpp, Line 131: Creating device
06-16 13:25:24.204 I/keystore(  284): Keymaster0 module is software-only.  Using SoftKeymasterDevice instead.
06-16 13:25:24.204 I/SoftKeymaster(  284): system/keymaster/soft_keymaster_device.cpp, Line 131: Creating device
06-16 13:25:24.648 I/art     (  277): option[0]=-Xzygote
06-16 13:25:24.648 I/art     (  277): option[1]=-Xstacktracefile:/data/anr/traces.txt
06-16 13:25:24.648 I/art     (  277): option[2]=exit
06-16 13:25:24.648 I/art     (  277): option[3]=vfprintf
06-16 13:25:24.648 I/art     (  277): option[4]=sensitiveThread
06-16 13:25:24.648 I/art     (  277): option[5]=-verbose:gc
06-16 13:25:24.648 I/art     (  277): option[6]=-Xms8m
06-16 13:25:24.648 I/art     (  277): option[7]=-Xmx512m
06-16 13:25:24.648 I/art     (  277): option[8]=-XX:HeapGrowthLimit=192m
06-16 13:25:24.648 I/art     (  277): option[9]=-XX:HeapMinFree=512k
06-16 13:25:24.648 I/art     (  277): option[10]=-XX:HeapMaxFree=8m
06-16 13:25:24.648 I/art     (  277): option[11]=-XX:HeapTargetUtilization=0.75
06-16 13:25:24.648 I/art     (  277): option[12]=-Xusejit:true
06-16 13:25:24.648 I/art     (  277): option[13]=-Xjitsaveprofilinginfo
06-16 13:25:24.648 I/art     (  277): option[14]=-agentlib:jdwp=transport=dt_android_adb,suspend=n,server=y
06-16 13:25:24.648 I/art     (  277): option[15]=-Xlockprofthreshold:500
06-16 13:25:24.648 I/art     (  277): option[16]=-Ximage-compiler-option
06-16 13:25:24.648 I/art     (  277): option[17]=--runtime-arg
06-16 13:25:24.648 I/art     (  277): option[18]=-Ximage-compiler-option
06-16 13:25:24.648 I/art     (  277): option[19]=-Xms64m
06-16 13:25:24.648 I/art     (  277): option[20]=-Ximage-compiler-option
06-16 13:25:24.648 I/art     (  277): option[21]=--runtime-arg
06-16 13:25:24.648 I/art     (  277): option[22]=-Ximage-compiler-option
06-16 13:25:24.648 I/art     (  277): option[23]=-Xmx64m
06-16 13:25:24.648 I/art     (  277): option[24]=-Ximage-compiler-option
06-16 13:25:24.648 I/art     (  277): option[25]=--image-classes=/system/etc/preloaded-classes
06-16 13:25:24.648 I/art     (  277): option[26]=-Ximage-compiler-option
06-16 13:25:24.648 I/art     (  277): option[27]=--compiled-classes=/system/etc/compiled-classes
06-16 13:25:24.648 I/art     (  277): option[28]=-Xcompiler-option
06-16 13:25:24.648 I/art     (  277): option[29]=--runtime-arg
06-16 13:25:24.648 I/art     (  277): option[30]=-Xcompiler-option
06-16 13:25:24.648 I/art     (  277): option[31]=-Xms64m
06-16 13:25:24.648 I/art     (  277): option[32]=-Xcompiler-option
06-16 13:25:24.648 I/art     (  277): option[33]=--runtime-arg
06-16 13:25:24.648 I/art     (  277): option[34]=-Xcompiler-option
06-16 13:25:24.648 I/art     (  277): option[35]=-Xmx512m
06-16 13:25:24.648 I/art     (  277): option[36]=-Ximage-compiler-option
06-16 13:25:24.648 I/art     (  277): option[37]=--instruction-set-variant=x86_64
06-16 13:25:24.648 I/art     (  277): option[38]=-Xcompiler-option
06-16 13:25:24.648 I/art     (  277): option[39]=--instruction-set-variant=x86_64
06-16 13:25:24.648 I/art     (  277): option[40]=-Ximage-compiler-option
06-16 13:25:24.648 I/art     (  277): option[41]=--instruction-set-features=default
06-16 13:25:24.648 I/art     (  277): option[42]=-Xcompiler-option
06-16 13:25:24.648 I/art     (  277): option[43]=--instruction-set-features=default
06-16 13:25:24.648 I/art     (  277): option[44]=-Duser.locale=en-US
06-16 13:25:24.648 I/art     (  277): option[45]=--cpu-abilist=x86_64
06-16 13:25:24.648 I/art     (  277): option[46]=-Xfingerprint:Android/cloud/cloud:7.0/NBD92Y/1313:userdebug/test-keys
06-16 13:25:24.653 W/gatekeeperd(  141): falling back to software GateKeeper
06-16 13:25:24.654 I/mediacodec(  285): @@@ mediacodecservice starting
06-16 13:25:24.655 W/        (  285): No seccomp filter defined for this architecture.
06-16 13:25:24.656 I/        (  279): sMaxFastTracks = 8
06-16 13:25:24.656 I/cameraserver(  280): ServiceManager: 0xee21afc0
06-16 13:25:24.656 I/audioserver(  279): ServiceManager: 0xf091afc0
06-16 13:25:24.656 W/BatteryNotifier(  279): batterystats service unavailable!
06-16 13:25:24.656 I/AudioFlinger(  279): Using default 3000 mSec as standby time.
06-16 13:25:24.656 I/AudioPolicyService(  279): AudioPolicyService CSTOR in new mode
06-16 13:25:24.660 I/CameraService(  280): CameraService started (pid=280)
06-16 13:25:24.660 I/CameraService(  280): CameraService process starting
06-16 13:25:24.660 W/BatteryNotifier(  280): batterystats service unavailable!
06-16 13:25:24.660 W/BatteryNotifier(  280): batterystats service unavailable!
06-16 13:25:24.661 I/APM::ConfigParsingUtils(  279): loadAudioPolicyConfig() loaded /system/etc/audio_policy.conf
06-16 13:25:24.731 E/genymotion_audio(  279): Fail to get mixer ctl: Master Playback Switch
06-16 13:25:24.731 E/genymotion_audio(  279): Fail to get mixer ctl: Master Playback Volume
06-16 13:25:24.731 E/genymotion_audio(  279): Fail to get mixer ctl: PCM Playback Switch
06-16 13:25:24.731 E/genymotion_audio(  279): Fail to get mixer ctl: PCM Playback Volume
06-16 13:25:24.731 E/genymotion_audio(  279): Fail to get mixer ctl: Capture Switch
06-16 13:25:24.731 E/genymotion_audio(  279): Fail to get mixer ctl: Capture Volume
06-16 13:25:24.731 I/genymotion_audio(  279): Starting audio input server
06-16 13:25:24.731 I/genymotion_audio(  279): Starting input server...
06-16 13:25:24.731 I/genymotion_audio(  279): pcm dump: lock server init ret: 0
06-16 13:25:24.731 I/genymotion_audio(  279): pcm dump: init input buffer with 1764 frames of 4 bytes
06-16 13:25:24.731 I/genymotion_audio(  279): Starting input pcm server
06-16 13:25:24.731 I/AudioFlinger(  279): loadHwModule() Loaded primary audio interface from Generic audio HW HAL (audio) handle 10
06-16 13:25:24.731 I/AudioFlinger(  279): openOutput(), module 10 Device 2, SamplingRate 44100, Format 0x000001, Channels 3, flags 2
06-16 13:25:24.731 I/genymotion_audio(  279): Starting pcm out server
06-16 13:25:24.731 W/AudioFlinger(  279): HAL output buffer size is 661 frames but AudioMixer requires multiples of 16 frames
06-16 13:25:24.731 I/AudioFlinger(  279): HAL output buffer size 661 frames, normal sink buffer size 1056 frames
06-16 13:25:24.732 I/mediaextractor(  287): type=1400 audit(0.0:202): avc: denied { sendto } for path="/dev/socket/logdw" scontext=u:r:mediaextractor:s0 tcontext=u:r:init:s0 tclass=unix_dgram_socket permissive=1
06-16 13:25:24.736 I/audioserver(  488): type=1400 audit(0.0:203): avc: denied { listen } for path="/dev/socket/audio_out" scontext=u:r:audioserver:s0 tcontext=u:r:init:s0 tclass=unix_stream_socket permissive=1
06-16 13:25:24.736 I/audioserver(  488): type=1400 audit(0.0:204): avc: denied { accept } for path="/dev/socket/audio_out" scontext=u:r:audioserver:s0 tcontext=u:r:init:s0 tclass=unix_stream_socket permissive=1
06-16 13:25:24.736 I/cameraserver(  280): type=1400 audit(0.0:205): avc: denied { create } for scontext=u:r:cameraserver:s0 tcontext=u:r:cameraserver:s0 tclass=tcp_socket permissive=1
06-16 13:25:24.736 I/cameraserver(  280): type=1400 audit(0.0:206): avc: denied { write } for name="fwmarkd" dev="tmpfs" ino=9077 scontext=u:r:cameraserver:s0 tcontext=u:object_r:fwmarkd_socket:s0 tclass=sock_file permissive=1
06-16 13:25:24.736 I/cameraserver(  280): type=1400 audit(0.0:207): avc: denied { connect } for scontext=u:r:cameraserver:s0 tcontext=u:r:cameraserver:s0 tclass=tcp_socket permissive=1
06-16 13:25:24.736 I/cameraserver(  280): type=1400 audit(0.0:208): avc: denied { name_connect } for dest=24801 scontext=u:r:cameraserver:s0 tcontext=u:object_r:port:s0 tclass=tcp_socket permissive=1
06-16 13:25:24.736 I/cameraserver(  280): type=1400 audit(0.0:209): avc: denied { setopt } for laddr=127.0.0.1 lport=54082 faddr=127.0.0.1 fport=24801 scontext=u:r:cameraserver:s0 tcontext=u:r:cameraserver:s0 tclass=tcp_socket permissive=1
06-16 13:25:24.736 I/cameraserver(  280): type=1400 audit(0.0:210): avc: denied { create } for scontext=u:r:cameraserver:s0 tcontext=u:r:cameraserver:s0 tclass=tcp_socket permissive=1
06-16 13:25:24.736 I/cameraserver(  280): type=1400 audit(0.0:211): avc: denied { connect } for scontext=u:r:cameraserver:s0 tcontext=u:r:cameraserver:s0 tclass=tcp_socket permissive=1
06-16 13:25:24.737 W//system/bin/mediaextractor(  287): libminijail: allowing syscall: socketcall
06-16 13:25:24.737 W//system/bin/mediaextractor(  287): libminijail: allowing syscall: writev
06-16 13:25:24.737 W//system/bin/mediaextractor(  287): libminijail: allowing syscall: fcntl64
06-16 13:25:24.737 W//system/bin/mediaextractor(  287): libminijail: allowing syscall: clock_gettime
06-16 13:25:24.737 I/genymotion_audio(  279): out sampling rate 0
06-16 13:25:24.738 W//system/bin/mediaextractor(  287): libminijail: logging seccomp filter failures
06-16 13:25:24.739 E/EmulatedCamera_Factory(  280): 2 cameras are being emulated.
06-16 13:25:24.739 E/EmulatedCamera_HotplugThread(  280): createFileIfNotExists: Could not create file '/data/misc/media/emulator.camera.hotplug.0', error: 'Permission denied' (13)
06-16 13:25:24.739 E/EmulatedCamera_HotplugThread(  280): createFileIfNotExists: Could not create file '/data/misc/media/emulator.camera.hotplug.1', error: 'Permission denied' (13)
06-16 13:25:24.739 E/cutils-trace(  280): Error opening trace file: Permission denied (13)
06-16 13:25:24.739 I/CameraService(  280): Loaded "Emulated Camera Module" camera module
06-16 13:25:24.739 E/CameraService(  280): setUpVendorTags: Vendor tag operations not fully defined. Ignoring definitions.
06-16 13:25:24.739 I/CameraFlashlight(  280): Opening camera 0
06-16 13:25:24.739 I/ServiceManager(  280): Waiting for service SurfaceFlinger...
06-16 13:25:24.739 I/genymotion_audio(  279): Input server: Trying to get unix socket
06-16 13:25:24.739 I/genymotion_audio(  279): Input server: done, checking...
06-16 13:25:24.739 I/genymotion_audio(  279): Input server: socket is okay, listening on it...
06-16 13:25:24.739 I/genymotion_audio(  279): Input server: done listening
06-16 13:25:24.739 I/genymotion_audio(  279): Input server waiting for connection
06-16 13:25:24.749 I/BufferProvider(  279): found effect "Multichannel Downmix To Stereo" from The Android Open Source Project
06-16 13:25:24.749 I/AudioFlinger(  279): Using module 10 has the primary audio interface
06-16 13:25:24.753 I/AudioFlinger(  279): AudioFlinger's thread 0xf039b5c0 ready to run
06-16 13:25:24.753 W/BatteryNotifier(  279): batterystats service unavailable!
06-16 13:25:24.753 W/BatteryNotifier(  279): batterystats service unavailable!
06-16 13:25:24.759 W/BatteryNotifier(  279): batterystats service unavailable!
06-16 13:25:24.759 W/AudioFlinger(  279): no wake lock to update, system not ready yet
06-16 13:25:24.759 E/cutils-trace(  279): Error opening trace file: Permission denied (13)
06-16 13:25:24.760 I/mediaserver(  288): type=1400 audit(0.0:212): avc: denied { sendto } for path="/dev/socket/logdw" scontext=u:r:mediaserver:s0 tcontext=u:r:init:s0 tclass=unix_dgram_socket permissive=1
06-16 13:25:24.763 I/mediaserver(  288): ServiceManager: 0xe9c3c040
06-16 13:25:24.764 I/mediadrmserver(  286): type=1400 audit(0.0:213): avc: denied { sendto } for path="/dev/socket/logdw" scontext=u:r:mediadrmserver:s0 tcontext=u:r:init:s0 tclass=unix_dgram_socket permissive=1
06-16 13:25:24.766 I/mediaserver(  286): ServiceManager: 0xee6bc040
06-16 13:25:24.781 I/genymotion_audio(  279): pcm dump: lock init ret: 0
06-16 13:25:24.781 I/genymotion_audio(  279): pcm dump: in->pcm_config.rate: 44100
06-16 13:25:24.781 I/genymotion_audio(  279): pcm dump: in->pcm_config.period_size: 441
06-16 13:25:24.781 I/genymotion_audio(  279): pcm dump: in->pcm_config.period_count: 4
06-16 13:25:24.781 I/genymotion_audio(  279): pcm dump: in->pcm_config.channels: 2
06-16 13:25:24.781 I/genymotion_audio(  279): pcm dump: to byte: 2
06-16 13:25:24.781 I/genymotion_audio(  279): in_read_worker: Start.  channels 2 format 0 rate 44100
06-16 13:25:24.781 I/genymotion_audio(  279): in_read_worker dump: in->pcm_config.period_size: 441
06-16 13:25:24.781 I/genymotion_audio(  279): in_read_worker dump: in->pcm_config.period_count: 4
06-16 13:25:24.781 I/genymotion_audio(  279): in_read_worker dump: in->pcm_config.channels: 2
06-16 13:25:24.781 I/genymotion_audio(  279): in_read_worker dump: to byte: 2
06-16 13:25:24.781 I/genymotion_audio(  279): in_read_worker standby/restart
06-16 13:25:24.781 I/AudioFlinger(  279): AudioFlinger's thread 0xefc83b00 ready to run
06-16 13:25:24.782 I/RadioService(  279): RadioService
06-16 13:25:24.782 I/RadioService(  279): onFirstRef
06-16 13:25:24.782 E/RadioService(  279): couldn't load radio module radio.primary (No such file or directory)
06-16 13:25:24.782 E/SoundTriggerHwService(  279): couldn't load sound trigger module sound_trigger.primary (No such file or directory)
06-16 13:25:24.782 E/FastThread(  279): did not receive expected priority boost
06-16 13:25:24.788 I/iptables-restor(  508): type=1400 audit(0.0:214): avc: denied { module_request } for kmod="ipt_owner" scontext=u:r:netd:s0 tcontext=u:r:kernel:s0 tclass=system permissive=1
06-16 13:25:24.789 I/iptables(  289): iptables v1.4.20: Couldn't find target `fw_dozable'
06-16 13:25:24.789 I/iptables(  289): 
06-16 13:25:24.789 I/iptables(  289): Try `iptables -h' or 'iptables --help' for more information.
06-16 13:25:24.789 I/iptables(  289): iptables terminated by exit(2)
06-16 13:25:24.789 E/Netd    (  289): exec() res=0, status=512 for /system/bin/iptables -w -t filter -D fw_INPUT -j fw_dozable 
06-16 13:25:24.791 I/ip6tables(  289): ip6tables v1.4.20: Couldn't find target `fw_dozable'
06-16 13:25:24.791 I/ip6tables(  289): 
06-16 13:25:24.791 I/ip6tables(  289): Try `ip6tables -h' or 'ip6tables --help' for more information.
06-16 13:25:24.791 I/ip6tables(  289): ip6tables terminated by exit(2)
06-16 13:25:24.791 E/Netd    (  289): exec() res=0, status=512 for /system/bin/ip6tables -w -t filter -D fw_INPUT -j fw_dozable 
06-16 13:25:24.796 E/Netd    (  289): /system/bin/iptables-restore failed with res=0, status=256
06-16 13:25:24.798 E/Netd    (  289): /system/bin/ip6tables-restore failed with res=0, status=256
06-16 13:25:24.799 I/iptables(  289): iptables v1.4.20: Couldn't find target `fw_standby'
06-16 13:25:24.800 I/iptables(  289): 
06-16 13:25:24.800 I/iptables(  289): Try `iptables -h' or 'iptables --help' for more information.
06-16 13:25:24.800 I/iptables(  289): iptables terminated by exit(2)
06-16 13:25:24.800 E/Netd    (  289): exec() res=0, status=512 for /system/bin/iptables -w -t filter -D fw_INPUT -j fw_standby 
06-16 13:25:24.801 I/ip6tables(  289): ip6tables v1.4.20: Couldn't find target `fw_standby'
06-16 13:25:24.801 I/ip6tables(  289): 
06-16 13:25:24.801 I/ip6tables(  289): Try `ip6tables -h' or 'ip6tables --help' for more information.
06-16 13:25:24.801 I/ip6tables(  289): ip6tables terminated by exit(2)
06-16 13:25:24.801 E/Netd    (  289): exec() res=0, status=512 for /system/bin/ip6tables -w -t filter -D fw_INPUT -j fw_standby 
06-16 13:25:24.805 I/iptables(  289): iptables v1.4.20: Couldn't find target `fw_powersave'
06-16 13:25:24.805 I/iptables(  289): 
06-16 13:25:24.805 I/iptables(  289): Try `iptables -h' or 'iptables --help' for more information.
06-16 13:25:24.805 I/iptables(  289): iptables terminated by exit(2)
06-16 13:25:24.805 E/Netd    (  289): exec() res=0, status=512 for /system/bin/iptables -w -t filter -D fw_INPUT -j fw_powersave 
06-16 13:25:24.807 I/ip6tables(  289): ip6tables v1.4.20: Couldn't find target `fw_powersave'
06-16 13:25:24.807 I/ip6tables(  289): 
06-16 13:25:24.807 I/ip6tables(  289): Try `ip6tables -h' or 'ip6tables --help' for more information.
06-16 13:25:24.807 I/ip6tables(  289): ip6tables terminated by exit(2)
06-16 13:25:24.807 E/Netd    (  289): exec() res=0, status=512 for /system/bin/ip6tables -w -t filter -D fw_INPUT -j fw_powersave 
06-16 13:25:24.808 E/Netd    (  289): /system/bin/iptables-restore failed with res=0, status=256
06-16 13:25:24.810 E/Netd    (  289): /system/bin/ip6tables-restore failed with res=0, status=256
06-16 13:25:24.829 W/BatteryNotifier(  288): batterystats service unavailable!
06-16 13:25:24.833 E/Netd    (  289): /system/bin/iptables-restore failed with res=0, status=256
06-16 13:25:24.835 E/Netd    (  289): /system/bin/ip6tables-restore failed with res=0, status=256
06-16 13:25:24.836 I/netd    (  289): type=1400 audit(0.0:215): avc: denied { sys_module } for capability=16 scontext=u:r:netd:s0 tcontext=u:r:netd:s0 tclass=capability permissive=1
06-16 13:25:24.840 I/netd    (  289): type=1400 audit(0.0:216): avc: denied { listen } for path="/dev/socket/dnsproxyd" scontext=u:r:netd:s0 tcontext=u:r:init:s0 tclass=unix_stream_socket permissive=1
06-16 13:25:24.843 E/Netd    (  289): cannot find interface dummy0
06-16 13:25:24.843 E/Netd    (  289): Unable to create netlink socket: Protocol not supported
06-16 13:25:24.843 E/Netd    (  289): Unable to open quota socket
06-16 13:25:25.048 I/surfaceflinger(  262): type=1400 audit(0.0:217): avc: denied { sendto } for path="/dev/socket/logdw" scontext=u:r:surfaceflinger:s0 tcontext=u:r:init:s0 tclass=unix_dgram_socket permissive=1
06-16 13:25:25.092 I/gralloc (  262): using (fd=11)
06-16 13:25:25.092 I/gralloc (  262): id           = Virtual FB
06-16 13:25:25.092 I/gralloc (  262): xres         = 600 px
06-16 13:25:25.092 I/gralloc (  262): yres         = 1024 px
06-16 13:25:25.092 I/gralloc (  262): xres_virtual = 600 px
06-16 13:25:25.092 I/gralloc (  262): yres_virtual = 2048 px
06-16 13:25:25.092 I/gralloc (  262): bpp          = 32
06-16 13:25:25.092 I/gralloc (  262): r            = 16:8
06-16 13:25:25.092 I/gralloc (  262): g            =  8:8
06-16 13:25:25.092 I/gralloc (  262): b            =  0:8
06-16 13:25:25.092 I/gralloc (  262): width        = 95 mm (160.421051 dpi)
06-16 13:25:25.092 I/gralloc (  262): height       = 162 mm (160.553085 dpi)
06-16 13:25:25.092 I/gralloc (  262): refresh rate = 60.00 Hz
06-16 13:25:25.093 E/SurfaceFlinger(  262): hwcomposer module not found
06-16 13:25:25.093 I/SurfaceFlinger(  262): Trying a simpler query for non-RGBA_8888
06-16 13:25:25.093 I/SurfaceFlinger(  262): EGL information: format=0x5
06-16 13:25:25.093 I/SurfaceFlinger(  262): vendor    : Android
06-16 13:25:25.093 I/SurfaceFlinger(  262): version   : 1.4 Android META-EGL
06-16 13:25:25.093 I/SurfaceFlinger(  262): extensions: EGL_KHR_get_all_proc_addresses EGL_ANDROID_presentation_time EGL_KHR_swap_buffers_with_damage EGL_ANDROID_create_native_client_buffer EGL_ANDROID_front_buffer_auto_refresh EGL_KHR_image_base EGL_KHR_gl_texture_2D_image EGL_KHR_gl_texture_cubemap_image EGL_KHR_gl_renderbuffer_image EGL_KHR_fence_sync EGL_KHR_create_context EGL_ANDROID_recordable 
06-16 13:25:25.093 I/SurfaceFlinger(  262): Client API: OpenGL_ES
06-16 13:25:25.093 I/SurfaceFlinger(  262): EGLSurface: 8-8-8-8, config=0x2f
06-16 13:25:25.101 I/SurfaceFlinger(  262): OpenGL ES informations: format=0x5
06-16 13:25:25.101 I/SurfaceFlinger(  262): vendor    : Google Inc.
06-16 13:25:25.101 I/SurfaceFlinger(  262): renderer  : Google SwiftShader
06-16 13:25:25.101 I/SurfaceFlinger(  262): version   : OpenGL ES 2.0 SwiftShader 3.3.0.2
06-16 13:25:25.101 I/SurfaceFlinger(  262): extensions: GL_OES_compressed_ETC1_RGB8_texture GL_OES_depth24 GL_OES_depth32 GL_OES_depth_texture GL_OES_depth_texture_cube_map GL_OES_EGL_image GL_OES_EGL_image_external GL_OES_EGL_sync GL_OES_element_index_uint GL_OES_framebuffer_object GL_OES_packed_depth_stencil GL_OES_rgb8_rgba8 GL_OES_standard_derivatives GL_OES_texture_float GL_OES_texture_float_linear GL_OES_texture_half_float GL_OES_texture_half_float_linear GL_OES_texture_npot GL_OES_texture_3D GL_OES_vertex_half_float GL_EXT_blend_minmax GL_EXT_color_buffer_half_float GL_EXT_draw_buffers GL_EXT_instanced_arrays GL_EXT_occlusion_query_boolean GL_EXT_read_format_bgra GL_EXT_texture_filter_anisotropic GL_EXT_texture_format_BGRA8888 GL_EXT_texture_rg GL_ANGLE_framebuffer_blit GL_ANGLE_framebuffer_multisample GL_ANGLE_instanced_arrays GL_CHROMIUM_texture_filtering_hint GL_NV_fence GL_NV_framebuffer_blit GL_NV_read_depth 
06-16 13:25:25.101 I/SurfaceFlinger(  262): GL_MAX_TEXTURE_SIZE = 8192
06-16 13:25:25.101 I/SurfaceFlinger(  262): GL_MAX_VIEWPORT_DIMS = 8192
06-16 13:25:25.101 E/cutils-trace(  262): Error opening trace file: Permission denied (13)
06-16 13:25:25.232 I/surfaceflinger(  262): type=1400 audit(0.0:218): avc: denied { execmem } for scontext=u:r:surfaceflinger:s0 tcontext=u:r:surfaceflinger:s0 tclass=process permissive=1
06-16 13:25:25.340 I/BootAnimation(  576): type=1400 audit(0.0:219): avc: denied { sendto } for path="/dev/socket/logdw" scontext=u:r:bootanim:s0 tcontext=u:r:init:s0 tclass=unix_dgram_socket permissive=1
06-16 13:25:25.342 E/libEGL  (  573): load_driver(/vendor/lib64/egl/libGLES_swiftshader.so): dlopen failed: library "/vendor/lib64/egl/libGLES_swiftshader.so" not found
06-16 13:25:25.348 I/BootAnimation(  576): type=1400 audit(0.0:220): avc: denied { read } for name="fb0" dev="tmpfs" ino=8441 scontext=u:r:bootanim:s0 tcontext=u:object_r:graphics_device:s0 tclass=chr_file permissive=1
06-16 13:25:25.348 I/BootAnimation(  576): type=1400 audit(0.0:221): avc: denied { open } for path="/dev/graphics/fb0" dev="tmpfs" ino=8441 scontext=u:r:bootanim:s0 tcontext=u:object_r:graphics_device:s0 tclass=chr_file permissive=1
06-16 13:25:25.358 E/cutils-trace(  573): Error opening trace file: Permission denied (13)
06-16 13:25:25.736 I/cameraserver(  280): type=1400 audit(0.0:224): avc: denied { sendto } for path="/dev/socket/logdw" scontext=u:r:cameraserver:s0 tcontext=u:r:init:s0 tclass=unix_dgram_socket permissive=1
06-16 13:25:25.739 I/CameraFlashlight(  280): Destroying camera 0
06-16 13:25:25.739 I/CameraFlashlight(  280): Opening camera 1
06-16 13:25:25.743 I/CameraFlashlight(  280): Destroying camera 1
06-16 13:25:25.743 I/ServiceManager(  280): Waiting for service media.camera.proxy...
06-16 13:25:26.112 I/healthd (  291): type=1400 audit(0.0:225): avc: denied { read } for name="capacity" dev="fuse" ino=8 scontext=u:r:init:s0 tcontext=u:object_r:fuse:s0 tclass=file permissive=1
06-16 13:25:26.112 I/healthd (  291): type=1400 audit(0.0:226): avc: denied { open } for path="/dev/pipe/battery/BAT0/capacity" dev="fuse" ino=8 scontext=u:r:init:s0 tcontext=u:object_r:fuse:s0 tclass=file permissive=1
06-16 13:25:26.408 I/main    (  277): type=1400 audit(0.0:227): avc: denied { sendto } for path="/dev/socket/logdw" scontext=u:r:zygote:s0 tcontext=u:r:init:s0 tclass=unix_dgram_socket permissive=1
06-16 13:25:26.744 I/ServiceManager(  280): Waiting for service media.camera.proxy...
06-16 13:25:27.476 I/zygote  (  278): type=1400 audit(0.0:228): avc: denied { write } for name="trace_marker" dev="tracefs" ino=39 scontext=u:r:zygote:s0 tcontext=u:object_r:debugfs_tracing:s0 tclass=file permissive=1
06-16 13:25:27.476 I/zygote  (  278): type=1400 audit(0.0:229): avc: denied { open } for path="/sys/kernel/debug/tracing/trace_marker" dev="tracefs" ino=39 scontext=u:r:zygote:s0 tcontext=u:object_r:debugfs_tracing:s0 tclass=file permissive=1
06-16 13:25:27.550 I/art     (  278): option[0]=-Xzygote
06-16 13:25:27.550 I/art     (  278): option[1]=-Xstacktracefile:/data/anr/traces.txt
06-16 13:25:27.550 I/art     (  278): option[2]=exit
06-16 13:25:27.550 I/art     (  278): option[3]=vfprintf
06-16 13:25:27.550 I/art     (  278): option[4]=sensitiveThread
06-16 13:25:27.550 I/art     (  278): option[5]=-verbose:gc
06-16 13:25:27.550 I/art     (  278): option[6]=-Xms8m
06-16 13:25:27.550 I/art     (  278): option[7]=-Xmx512m
06-16 13:25:27.550 I/art     (  278): option[8]=-XX:HeapGrowthLimit=192m
06-16 13:25:27.550 I/art     (  278): option[9]=-XX:HeapMinFree=512k
06-16 13:25:27.550 I/art     (  278): option[10]=-XX:HeapMaxFree=8m
06-16 13:25:27.550 I/art     (  278): option[11]=-XX:HeapTargetUtilization=0.75
06-16 13:25:27.550 I/art     (  278): option[12]=-Xusejit:true
06-16 13:25:27.550 I/art     (  278): option[13]=-Xjitsaveprofilinginfo
06-16 13:25:27.550 I/art     (  278): option[14]=-agentlib:jdwp=transport=dt_android_adb,suspend=n,server=y
06-16 13:25:27.550 I/art     (  278): option[15]=-Xlockprofthreshold:500
06-16 13:25:27.550 I/art     (  278): option[16]=-Ximage-compiler-option
06-16 13:25:27.550 I/art     (  278): option[17]=--runtime-arg
06-16 13:25:27.550 I/art     (  278): option[18]=-Ximage-compiler-option
06-16 13:25:27.550 I/art     (  278): option[19]=-Xms64m
06-16 13:25:27.550 I/art     (  278): option[20]=-Ximage-compiler-option
06-16 13:25:27.550 I/art     (  278): option[21]=--runtime-arg
06-16 13:25:27.550 I/art     (  278): option[22]=-Ximage-compiler-option
06-16 13:25:27.550 I/art     (  278): option[23]=-Xmx64m
06-16 13:25:27.550 I/art     (  278): option[24]=-Ximage-compiler-option
06-16 13:25:27.550 I/art     (  278): option[25]=--image-classes=/system/etc/preloaded-classes
06-16 13:25:27.550 I/art     (  278): option[26]=-Ximage-compiler-option
06-16 13:25:27.550 I/art     (  278): option[27]=--compiled-classes=/system/etc/compiled-classes
06-16 13:25:27.550 I/art     (  278): option[28]=-Xcompiler-option
06-16 13:25:27.550 I/art     (  278): option[29]=--runtime-arg
06-16 13:25:27.550 I/art     (  278): option[30]=-Xcompiler-option
06-16 13:25:27.550 I/art     (  278): option[31]=-Xms64m
06-16 13:25:27.550 I/art     (  278): option[32]=-Xcompiler-option
06-16 13:25:27.550 I/art     (  278): option[33]=--runtime-arg
06-16 13:25:27.550 I/art     (  278): option[34]=-Xcompiler-option
06-16 13:25:27.550 I/art     (  278): option[35]=-Xmx512m
06-16 13:25:27.550 I/art     (  278): option[36]=-Ximage-compiler-option
06-16 13:25:27.550 I/art     (  278): option[37]=--instruction-set-variant=x86
06-16 13:25:27.550 I/art     (  278): option[38]=-Xcompiler-option
06-16 13:25:27.550 I/art     (  278): option[39]=--instruction-set-variant=x86
06-16 13:25:27.550 I/art     (  278): option[40]=-Ximage-compiler-option
06-16 13:25:27.550 I/art     (  278): option[41]=--instruction-set-features=default
06-16 13:25:27.550 I/art     (  278): option[42]=-Xcompiler-option
06-16 13:25:27.550 I/art     (  278): option[43]=--instruction-set-features=default
06-16 13:25:27.550 I/art     (  278): option[44]=-Duser.locale=en-US
06-16 13:25:27.550 I/art     (  278): option[45]=--cpu-abilist=x86
06-16 13:25:27.550 I/art     (  278): option[46]=-Xfingerprint:Android/cloud/cloud:7.0/NBD92Y/1313:userdebug/test-keys
06-16 13:25:27.744 I/ServiceManager(  280): Waiting for service media.camera.proxy...
06-16 13:25:27.760 I/AudioOut_D(  493): type=1400 audit(0.0:230): avc: denied { sendto } for path="/dev/socket/logdw" scontext=u:r:audioserver:s0 tcontext=u:r:init:s0 tclass=unix_dgram_socket permissive=1
06-16 13:25:27.764 W/BatteryNotifier(  279): batterystats service unavailable!
06-16 13:25:28.014 E/memtrack(  277): Couldn't load memtrack module (No such file or directory)
06-16 13:25:28.014 E/android.os.Debug(  277): failed to load memtrack module: -2
06-16 13:25:28.018 I/Radio-JNI(  277): register_android_hardware_Radio DONE
06-16 13:25:28.243 I/SamplingProfilerIntegration(  277): Profiling disabled.
06-16 13:25:28.292 I/main    (  277): type=1400 audit(0.0:231): avc: denied { listen } for path="/dev/socket/zygote" scontext=u:r:zygote:s0 tcontext=u:r:init:s0 tclass=unix_stream_socket permissive=1
06-16 13:25:28.293 I/Zygote  (  277): Installing ICU cache reference pinning...
06-16 13:25:28.325 I/Zygote  (  277): Preloading ICU data...
06-16 13:25:28.745 I/ServiceManager(  280): Waiting for service media.camera.proxy...
06-16 13:25:28.909 I/Zygote  (  277): Preloading classes...
06-16 13:25:29.745 I/ServiceManager(  280): Waiting for service media.camera.proxy...
06-16 13:25:30.634 E/Typeface(  277): Error mapping font file /system/fonts/DroidSansFallback.ttf
06-16 13:25:30.941 E/memtrack(  278): Couldn't load memtrack module (No such file or directory)
06-16 13:25:30.941 E/android.os.Debug(  278): failed to load memtrack module: -2
06-16 13:25:30.943 I/Radio-JNI(  278): register_android_hardware_Radio DONE
06-16 13:25:31.052 I/SamplingProfilerIntegration(  278): Profiling disabled.
06-16 13:25:31.079 I/Zygote  (  278): Installing ICU cache reference pinning...
06-16 13:25:31.080 I/Zygote  (  278): Preloading ICU data...
06-16 13:25:31.188 I/art     (  277): Thread[1,tid=277,Native,Thread*=0x7ffbf3095a00,peer=0x12c060d0,"main"] recursive attempt to load library "/system/lib64/libmedia_jni.so"
06-16 13:25:31.190 I/art     (  277): Thread[1,tid=277,Native,Thread*=0x7ffbf3095a00,peer=0x12c060d0,"main"] recursive attempt to load library "/system/lib64/libmedia_jni.so"
06-16 13:25:31.190 I/art     (  277): Thread[1,tid=277,Native,Thread*=0x7ffbf3095a00,peer=0x12c060d0,"main"] recursive attempt to load library "/system/lib64/libmedia_jni.so"
06-16 13:25:31.283 I/Zygote  (  278): Preloading classes...
06-16 13:25:31.668 E/Typeface(  278): Error mapping font file /system/fonts/DroidSansFallback.ttf
06-16 13:25:31.841 I/System  (  277): Loaded time zone names for "" in 50ms (50ms in ICU)
06-16 13:25:31.882 I/System  (  277): Loaded time zone names for "en_US" in 41ms (40ms in ICU)
06-16 13:25:31.900 I/Zygote  (  277): ...preloaded 4161 classes in 2991ms.
06-16 13:25:31.900 I/art     (  277): VMRuntime.preloadDexCaches starting
06-16 13:25:31.910 I/art     (  278): Thread[1,tid=278,Native,Thread*=0xe7a0b400,peer=0x12c060d0,"main"] recursive attempt to load library "/system/lib/libmedia_jni.so"
06-16 13:25:31.911 I/art     (  278): Thread[1,tid=278,Native,Thread*=0xe7a0b400,peer=0x12c060d0,"main"] recursive attempt to load library "/system/lib/libmedia_jni.so"
06-16 13:25:31.911 I/art     (  278): Thread[1,tid=278,Native,Thread*=0xe7a0b400,peer=0x12c060d0,"main"] recursive attempt to load library "/system/lib/libmedia_jni.so"
06-16 13:25:31.986 I/art     (  277): VMRuntime.preloadDexCaches strings total=282418 before=39296 after=39296
06-16 13:25:31.986 I/art     (  277): VMRuntime.preloadDexCaches types total=23493 before=7835 after=7862
06-16 13:25:31.986 I/art     (  277): VMRuntime.preloadDexCaches fields total=111426 before=40635 after=40849
06-16 13:25:31.986 I/art     (  277): VMRuntime.preloadDexCaches methods total=196896 before=82193 after=82753
06-16 13:25:31.986 I/art     (  277): VMRuntime.preloadDexCaches finished
06-16 13:25:32.064 E/linker  (  278): library /system/lib/libavcodec.so with text relocation is whitelisted
06-16 13:25:32.064 W/linker  (  278): /system/lib/libavcodec.so has text relocations. This is wasting memory and prevents security hardening. Please fix.
06-16 13:25:32.065 E/linker  (  278): library /system/lib/libavcodec.so with text relocation is whitelisted
06-16 13:25:32.132 I/main    (  278): type=1400 audit(0.0:232): avc: denied { execmod } for path="/system/lib/libavcodec.so" dev="xvda5" ino=2166 scontext=u:r:zygote:s0 tcontext=u:object_r:system_file:s0 tclass=file permissive=1
06-16 13:25:32.164 E/linker  (  278): library /system/lib/libswresample.so with text relocation is whitelisted
06-16 13:25:32.164 W/linker  (  278): /system/lib/libswresample.so has text relocations. This is wasting memory and prevents security hardening. Please fix.
06-16 13:25:32.164 E/linker  (  278): library /system/lib/libswresample.so with text relocation is whitelisted
06-16 13:25:32.708 I/art     (  278): Background sticky concurrent mark sweep GC freed 15628(1010KB) AllocSpace objects, 0(0B) LOS objects, 36% free, 1575KB/2MB, paused 41.780ms total 44.856ms
06-16 13:25:32.717 I/System  (  278): Loaded time zone names for "" in 6ms (5ms in ICU)
06-16 13:25:32.722 I/System  (  278): Loaded time zone names for "en_US" in 5ms (4ms in ICU)
06-16 13:25:32.743 I/Zygote  (  278): ...preloaded 4161 classes in 1460ms.
06-16 13:25:32.743 I/art     (  278): VMRuntime.preloadDexCaches starting
06-16 13:25:32.880 I/art     (  278): VMRuntime.preloadDexCaches strings total=282418 before=39296 after=39296
06-16 13:25:32.880 I/art     (  278): VMRuntime.preloadDexCaches types total=23493 before=7835 after=7862
06-16 13:25:32.880 I/art     (  278): VMRuntime.preloadDexCaches fields total=111426 before=40635 after=40849
06-16 13:25:32.880 I/art     (  278): VMRuntime.preloadDexCaches methods total=196896 before=82193 after=82753
06-16 13:25:32.880 I/art     (  278): VMRuntime.preloadDexCaches finished
06-16 13:25:32.926 I/Zygote  (  277): Preloading resources...
06-16 13:25:32.926 I/Zygote  (  278): Preloading resources...
06-16 13:25:33.099 W/Resources(  277): Preloaded drawable resource #0x1080298 (android:drawable/editbox_dropdown_background_dark) that varies with configuration!!
06-16 13:25:33.100 W/Resources(  278): Preloaded drawable resource #0x1080298 (android:drawable/editbox_dropdown_background_dark) that varies with configuration!!
06-16 13:25:33.161 W/Resources(  277): Preloaded drawable resource #0x108030a (android:drawable/ic_clear_disabled) that varies with configuration!!
06-16 13:25:33.162 W/Resources(  277): Preloaded drawable resource #0x108030f (android:drawable/ic_clear_normal) that varies with configuration!!
06-16 13:25:33.162 W/Resources(  277): Preloaded drawable resource #0x1080344 (android:drawable/ic_go) that varies with configuration!!
06-16 13:25:33.163 W/Resources(  277): Preloaded drawable resource #0x1080038 (android:drawable/ic_menu_close_clear_cancel) that varies with configuration!!
06-16 13:25:33.163 W/Resources(  277): Preloaded drawable resource #0x1080045 (android:drawable/ic_menu_more) that varies with configuration!!
