06-16 13:28:30.955 I//sbin/adbd( 1572): type=1400 audit(0.0:495): avc: denied { write } for comm=73657276696365203433 path="/system/etc/hosts" dev="xvda5" ino=576 scontext=u:r:init:s0 tcontext=u:object_r:system_file:s0 tclass=file permissive=1
06-16 13:28:30.955 I//sbin/adbd( 1572): type=1400 audit(0.0:496): avc: denied { setattr } for comm=73657276696365203433 name="hosts" dev="xvda5" ino=576 scontext=u:r:init:s0 tcontext=u:object_r:system_file:s0 tclass=file permissive=1
06-16 13:28:37.387 I/adbd    ( 1573): type=1400 audit(0.0:497): avc: denied { ioctl } for path="/dev/pts/1" dev="devpts" ino=4 ioctlcmd=540e scontext=u:r:init:s0 tcontext=u:object_r:devpts:s0 tclass=chr_file permissive=1
06-16 13:28:37.391 I/sh      ( 1573): type=1400 audit(0.0:498): avc: denied { getattr } for path="/dev/pts/1" dev="devpts" ino=4 scontext=u:r:init:s0 tcontext=u:object_r:devpts:s0 tclass=chr_file permissive=1
06-16 13:28:37.395 I/sh      ( 1575): type=1400 audit(0.0:499): avc: denied { execute_no_trans } for path="/system/bin/cmd" dev="xvda5" ino=291 scontext=u:r:init:s0 tcontext=u:object_r:system_file:s0 tclass=file permissive=1
06-16 13:28:37.403 I/cmd     ( 1575): type=1400 audit(0.0:500): avc: denied { call } for scontext=u:r:init:s0 tcontext=u:r:servicemanager:s0 tclass=binder permissive=1
06-16 13:28:37.403 I/servicemanager(  258): type=1400 audit(0.0:501): avc: denied { search } for name="1575" dev="proc" ino=17323 scontext=u:r:servicemanager:s0 tcontext=u:r:init:s0 tclass=dir permissive=1
06-16 13:28:37.403 I/servicemanager(  258): type=1400 audit(0.0:502): avc: denied { read } for name="current" dev="proc" ino=15844 scontext=u:r:servicemanager:s0 tcontext=u:r:init:s0 tclass=file permissive=1
06-16 13:28:37.403 I/servicemanager(  258): type=1400 audit(0.0:503): avc: denied { open } for path="/proc/1575/attr/current" dev="proc" ino=15844 scontext=u:r:servicemanager:s0 tcontext=u:r:init:s0 tclass=file permissive=1
06-16 13:28:37.403 I/servicemanager(  258): type=1400 audit(0.0:504): avc: denied { getattr } for scontext=u:r:servicemanager:s0 tcontext=u:r:init:s0 tclass=process permissive=1
06-16 13:28:37.403 I/servicemanager(  258): type=1400 audit(0.0:505): avc: denied { sendto } for path="/dev/socket/logdw" scontext=u:r:servicemanager:s0 tcontext=u:r:init:s0 tclass=unix_dgram_socket permissive=1
06-16 13:28:37.403 I/servicemanager(  258): type=1400 audit(0.0:506): avc: denied { transfer } for scontext=u:r:servicemanager:s0 tcontext=u:r:init:s0 tclass=binder permissive=1
06-16 13:28:37.403 I/cmd     ( 1575): type=1400 audit(0.0:507): avc: denied { transfer } for scontext=u:r:init:s0 tcontext=u:r:system_server:s0 tclass=binder permissive=1
06-16 13:28:37.405 E/SELinux (  258): avc:  denied  { find } for service=package pid=1575 uid=0 scontext=u:r:init:s0 tcontext=u:object_r:package_service:s0 tclass=service_manager permissive=1
06-16 13:28:37.435 I/installd(  283): type=1400 audit(0.0:508): avc: denied { read } for path="socket:[13066]" dev="sockfs" ino=13066 scontext=u:r:installd:s0 tcontext=u:r:init:s0 tclass=unix_stream_socket permissive=1
06-16 13:28:37.435 I/installd(  283): type=1400 audit(0.0:509): avc: denied { sendto } for path="/dev/socket/logdw" scontext=u:r:installd:s0 tcontext=u:r:init:s0 tclass=unix_dgram_socket permissive=1
06-16 13:28:37.435 I/installd(  283): type=1400 audit(0.0:510): avc: denied { write } for path="socket:[13066]" dev="sockfs" ino=13066 scontext=u:r:installd:s0 tcontext=u:r:init:s0 tclass=unix_stream_socket permissive=1
06-16 13:28:37.437 I/        (  283): free_cache(136818582) avail 2195730432
06-16 13:28:39.627 W/art     (  594): Long monitor contention with owner PackageInstaller (620) at void com.android.org.conscrypt.NativeCrypto.EVP_DigestUpdateDirect(com.android.org.conscrypt.NativeRef$EVP_MD_CTX, long, int)(NativeCrypto.java:-2) waiters=0 in android.content.pm.PackageInstaller$SessionInfo com.android.server.pm.PackageInstallerSession.generateInfo() for 475ms
06-16 13:28:39.640 W/art     ( 1579): Unexpected CPU variant for X86 using defaults: x86_64
06-16 13:28:39.646 I/ActivityManager(  594): Start proc 1579:com.android.defcontainer/u0a7 for service com.android.defcontainer/.DefaultContainerService
06-16 13:28:39.655 I/logd.writer(  115): type=1400 audit(0.0:511): avc: denied { read } for path="/dev/socket/logdw" scontext=u:r:logd:s0 tcontext=u:r:init:s0 tclass=unix_dgram_socket permissive=1
06-16 13:28:39.658 I/SELinux (  283): SELinux: Loaded file_contexts contexts from /file_contexts.bin.
06-16 13:28:39.658 I/PackageManager.DexOptimizer(  594): Running dexopt (dex2oat) on: /data/app/vmdl1691983641.tmp/base.apk pkg=jp.jaxa.iss.kibo.rpc.sampleapk isa=x86_64 vmSafeMode=false debuggable=true target-filter=interpret-only oatDir = /data/app/vmdl1691983641.tmp/oat sharedLibraries=null
06-16 13:28:39.667 I/dex2oat ( 1594): type=1400 audit(0.0:512): avc: denied { sendto } for path="/dev/socket/logdw" scontext=u:r:dex2oat:s0 tcontext=u:r:init:s0 tclass=unix_dgram_socket permissive=1
06-16 13:28:39.671 W/dex2oat ( 1594): Unexpected CPU variant for X86 using defaults: x86_64
06-16 13:28:39.671 I/dex2oat ( 1594): /system/bin/dex2oat --compiler-filter=interpret-only --debuggable
06-16 13:28:39.671 E/cutils-trace( 1594): Error opening trace file: Permission denied (13)
06-16 13:28:39.905 W/dex2oat ( 1594): Before Android 4.1, method int android.support.v7.widget.ListViewCompat.lookForSelectablePosition(int, boolean) would have incorrectly overridden the package-private method in android.widget.ListView
06-16 13:28:39.937 W/dex2oat ( 1594): Before Android 4.1, method android.graphics.PorterDuffColorFilter android.support.graphics.drawable.VectorDrawableCompat.updateTintFilter(android.graphics.PorterDuffColorFilter, android.content.res.ColorStateList, android.graphics.PorterDuff$Mode) would have incorrectly overridden the package-private method in android.graphics.drawable.Drawable
06-16 13:28:40.150 W/dex2oat ( 1594): Before Android 4.1, method double java.util.concurrent.ThreadLocalRandom.internalNextDouble(double, double) would have incorrectly overridden the package-private method in java.util.Random
06-16 13:28:40.150 W/dex2oat ( 1594): Before Android 4.1, method int java.util.concurrent.ThreadLocalRandom.internalNextInt(int, int) would have incorrectly overridden the package-private method in java.util.Random
06-16 13:28:40.150 W/dex2oat ( 1594): Before Android 4.1, method long java.util.concurrent.ThreadLocalRandom.internalNextLong(long, long) would have incorrectly overridden the package-private method in java.util.Random
06-16 13:28:40.468 I/dex2oat ( 1594): dex2oat took 797.292ms (threads: 2) arena alloc=1953KB (2000192B) java alloc=11MB (12089480B) native alloc=15MB (16397624B) free=5MB (5622472B)
06-16 13:28:40.507 I/vold    (  127): type=1400 audit(0.0:513): avc: denied { read } for path="socket:[11936]" dev="sockfs" ino=11936 scontext=u:r:vold:s0 tcontext=u:r:init:s0 tclass=unix_stream_socket permissive=1
06-16 13:28:40.507 I/vold    (  127): type=1400 audit(0.0:514): avc: denied { sendto } for path="/dev/socket/logdw" scontext=u:r:vold:s0 tcontext=u:r:init:s0 tclass=unix_dgram_socket permissive=1
06-16 13:28:40.507 I/vold    (  127): type=1400 audit(0.0:515): avc: denied { write } for path="socket:[11936]" dev="sockfs" ino=11936 scontext=u:r:vold:s0 tcontext=u:r:init:s0 tclass=unix_stream_socket permissive=1
06-16 13:28:40.510 I/GnssLocationProvider(  594): WakeLock acquired by sendMessage(3, 0, com.android.server.location.GnssLocationProvider$GpsRequest@cc86959)
06-16 13:28:40.510 I/GnssLocationProvider(  594): WakeLock released by handleMessage(3, 0, com.android.server.location.GnssLocationProvider$GpsRequest@cc86959)
06-16 13:28:40.512 I/GnssLocationProvider(  594): WakeLock acquired by sendMessage(3, 0, com.android.server.location.GnssLocationProvider$GpsRequest@544291e)
06-16 13:28:40.512 I/GnssLocationProvider(  594): WakeLock released by handleMessage(3, 0, com.android.server.location.GnssLocationProvider$GpsRequest@544291e)
06-16 13:28:40.520 I/art     (  594): Starting a blocking GC Explicit
06-16 13:28:40.527 I/installd(  283): type=1400 audit(0.0:516): avc: denied { sendto } for path="/dev/socket/logdw" scontext=u:r:installd:s0 tcontext=u:r:init:s0 tclass=unix_dgram_socket permissive=1
06-16 13:28:40.527 I/Binder:594_3(  627): type=1400 audit(0.0:517): avc: denied { call } for scontext=u:r:system_server:s0 tcontext=u:r:init:s0 tclass=binder permissive=1
06-16 13:28:40.529 I/art     (  594): Explicit concurrent mark sweep GC freed 26516(1543KB) AllocSpace objects, 14(488KB) LOS objects, 33% free, 8MB/12MB, paused 117us total 8.928ms
06-16 13:28:40.529 E/        (  283): Couldn't opendir /data/app/vmdl1691983641.tmp: No such file or directory
06-16 13:28:40.547 I/main    (  277): type=1400 audit(0.0:518): avc: denied { getattr } for path="/sys/kernel/debug/tracing/trace_marker" dev="tracefs" ino=39 scontext=u:r:zygote:s0 tcontext=u:object_r:debugfs_tracing:s0 tclass=file permissive=1
06-16 13:28:40.547 I/main    ( 1597): type=1400 audit(0.0:519): avc: denied { write } for name="trace_marker" dev="tracefs" ino=39 scontext=u:r:zygote:s0 tcontext=u:object_r:debugfs_tracing:s0 tclass=file permissive=1
06-16 13:28:40.547 I/main    ( 1597): type=1400 audit(0.0:520): avc: denied { open } for path="/sys/kernel/debug/tracing/trace_marker" dev="tracefs" ino=39 scontext=u:r:zygote:s0 tcontext=u:object_r:debugfs_tracing:s0 tclass=file permissive=1
06-16 13:28:40.550 I/InputReader(  594): Reconfiguring input devices.  changes=0x00000010
06-16 13:28:40.551 I/JDWP    ( 1604): type=1400 audit(0.0:521): avc: denied { connectto } for path=006A6477702D636F6E74726F6C scontext=u:r:untrusted_app:s0:c512,c768 tcontext=u:r:init:s0 tclass=unix_stream_socket permissive=1
06-16 13:28:40.551 W/art     ( 1597): Unexpected CPU variant for X86 using defaults: x86_64
06-16 13:28:40.555 I/ActivityManager(  608): type=1400 audit(0.0:522): avc: denied { sendto } for path="/dev/socket/logdw" scontext=u:r:system_server:s0 tcontext=u:r:init:s0 tclass=unix_dgram_socket permissive=1
06-16 13:28:40.557 I/ActivityManager(  594): Start proc 1597:com.android.gallery3d/u0a45 for broadcast com.android.gallery3d/.app.PackagesMonitor
06-16 13:28:40.566 W/VoiceInteractionManagerService(  594): no available voice recognition services found for user 0
06-16 13:28:40.566 W/LocationProviderProxy-network(  594): Odd, no component found for service com.android.location.service.v3.NetworkLocationProvider
06-16 13:28:40.566 W/GeocoderProxy(  594): Odd, no component found for service com.android.location.service.GeocodeProvider
06-16 13:28:40.566 W/GeofenceProxy(  594): Odd, no component found for service com.android.location.service.GeofenceProvider
06-16 13:28:40.566 W/ActivityRecognitionProxy(  594): Odd, no component found for service com.android.location.service.ActivityRecognitionProvider
06-16 13:28:40.643 I/android.musicf( 1614): type=1400 audit(0.0:523): avc: denied { sendto } for path="/dev/socket/logdw" scontext=u:r:priv_app:s0:c512,c768 tcontext=u:r:init:s0 tclass=unix_dgram_socket permissive=1
06-16 13:28:40.646 W/art     ( 1614): Unexpected CPU variant for X86 using defaults: x86_64
06-16 13:28:40.647 I/JDWP    ( 1621): type=1400 audit(0.0:524): avc: denied { connectto } for path=006A6477702D636F6E74726F6C scontext=u:r:priv_app:s0:c512,c768 tcontext=u:r:init:s0 tclass=unix_stream_socket permissive=1
06-16 13:28:40.652 I/ActivityManager(  594): Start proc 1614:com.android.musicfx/u0a16 for broadcast com.android.musicfx/.Compatibility$Receiver
06-16 13:28:40.653 I/ActivityManager(  594): Killing 1129:com.genymobile.genymotionacme/1000 (adj 906): empty #17
06-16 13:28:40.659 W/System  ( 1614): ClassLoader referenced unknown path: /system/priv-app/MusicFX/lib/x86_64
06-16 13:28:40.667 I/com.svox.pico( 1631): type=1400 audit(0.0:525): avc: denied { sendto } for path="/dev/socket/logdw" scontext=u:r:untrusted_app:s0:c512,c768 tcontext=u:r:init:s0 tclass=unix_dgram_socket permissive=1
06-16 13:28:40.667 I/JDWP    ( 1638): type=1400 audit(0.0:526): avc: denied { connectto } for path=006A6477702D636F6E74726F6C scontext=u:r:untrusted_app:s0:c512,c768 tcontext=u:r:init:s0 tclass=unix_stream_socket permissive=1
06-16 13:28:40.671 W/art     ( 1631): Unexpected CPU variant for X86 using defaults: x86_64
06-16 13:28:40.678 I/ActivityManager(  594): Start proc 1631:com.svox.pico/u0a54 for broadcast com.svox.pico/.VoiceDataInstallerReceiver
06-16 13:28:40.679 I/ActivityManager(  594): Killing 1331:com.android.dialer/u0a8 (adj 906): empty #17
06-16 13:28:40.687 I/ActivityManager(  594): Killing 1408:com.android.managedprovisioning/u0a15 (adj 906): empty #17
06-16 13:28:41.855 I/wpa_supplicant(  816): type=1400 audit(0.0:527): avc: denied { read } for path="/dev/socket/wpa_wlan0" scontext=u:r:wpa:s0 tcontext=u:r:init:s0 tclass=unix_dgram_socket permissive=1
06-16 13:28:41.855 I/wpa_supplicant(  816): type=1400 audit(0.0:528): avc: denied { getopt } for path="/dev/socket/wpa_wlan0" scontext=u:r:wpa:s0 tcontext=u:r:init:s0 tclass=unix_dgram_socket permissive=1
06-16 13:28:41.855 I/wpa_supplicant(  816): type=1400 audit(0.0:529): avc: denied { ioctl } for path="socket:[13461]" dev="sockfs" ino=13461 ioctlcmd=5411 scontext=u:r:wpa:s0 tcontext=u:r:init:s0 tclass=unix_dgram_socket permissive=1
06-16 13:28:41.855 I/wpa_supplicant(  816): type=1400 audit(0.0:530): avc: denied { write } for path="/dev/socket/wpa_wlan0" scontext=u:r:wpa:s0 tcontext=u:r:init:s0 tclass=unix_dgram_socket permissive=1
06-16 13:28:42.111 I/healthd (  291): type=1400 audit(0.0:531): avc: denied { read } for name="capacity" dev="fuse" ino=8 scontext=u:r:init:s0 tcontext=u:object_r:fuse:s0 tclass=file permissive=1
06-16 13:28:42.111 I/healthd (  291): type=1400 audit(0.0:532): avc: denied { open } for path="/dev/pipe/battery/BAT0/capacity" dev="fuse" ino=8 scontext=u:r:init:s0 tcontext=u:object_r:fuse:s0 tclass=file permissive=1
06-16 13:28:44.403 I/m.android.phone(  733): type=1400 audit(0.0:533): avc: denied { sendto } for path="/dev/socket/logdw" scontext=u:r:radio:s0 tcontext=u:r:init:s0 tclass=unix_dgram_socket permissive=1
06-16 13:28:44.415 I/rild    (  293): type=1400 audit(0.0:534): avc: denied { sendto } for path="/dev/socket/logdw" scontext=u:r:rild:s0 tcontext=u:r:init:s0 tclass=unix_dgram_socket permissive=1
06-16 13:28:44.415 I/genybaseband(  297): type=1400 audit(0.0:535): avc: denied { sendto } for path="/dev/socket/logdw" scontext=u:r:logwrapper:s0 tcontext=u:r:init:s0 tclass=unix_dgram_socket permissive=1
06-16 13:28:49.676 I/ActivityManager(  594): Killing 1459:com.android.onetimeinitializer/u0a17 (adj 906): empty #17
06-16 13:29:47.751 I/healthd (  291): type=1400 audit(0.0:536): avc: denied { read } for scontext=u:r:init:s0 tcontext=u:r:init:s0 tclass=netlink_kobject_uevent_socket permissive=1
06-16 13:29:47.751 I/netd    (  557): type=1400 audit(0.0:537): avc: denied { write } for path="socket:[13231]" dev="sockfs" ino=13231 scontext=u:r:netd:s0 tcontext=u:r:init:s0 tclass=unix_stream_socket permissive=1
06-16 13:30:01.059 I/crond   ( 1654): type=1400 audit(0.0:538): avc: denied { setgid } for capability=6 scontext=u:r:vbox86-setup:s0 tcontext=u:r:vbox86-setup:s0 tclass=capability permissive=1
06-16 13:30:01.059 I/crond   ( 1654): type=1400 audit(0.0:539): avc: denied { setuid } for capability=7 scontext=u:r:vbox86-setup:s0 tcontext=u:r:vbox86-setup:s0 tclass=capability permissive=1
06-16 13:30:01.060 I/crond   (  270): crond: USER root pid 1654 cmd sleep 5400;reboot -p
06-16 13:31:05.634 W/WifiMode(  594): WiredSSID, Invalid SupportedRates!!!
06-16 13:31:05.634 W/WifiMode(  594): WiredSSID, Invalid SupportedRates!!!
06-16 13:31:05.635 W/WifiMode(  594): WiredSSID, Invalid SupportedRates!!!
06-16 13:31:26.531 I/<-0.0.0.052888( 1565): type=1400 audit(0.0:540): avc: denied { read } for path="socket:[8187]" dev="sockfs" ino=8187 scontext=u:r:init:s0 tcontext=u:r:init:s0 tclass=tcp_socket permissive=1
06-16 13:31:26.535 I/adbd    ( 1665): type=1400 audit(0.0:541): avc: denied { execute_no_trans } for path="/system/bin/sh" dev="xvda5" ino=489 scontext=u:r:init:s0 tcontext=u:object_r:shell_exec:s0 tclass=file permissive=1
06-16 13:31:26.535 I/sh      ( 1665): type=1400 audit(0.0:542): avc: denied { execute_no_trans } for path="/system/bin/am" dev="xvda5" ino=256 scontext=u:r:init:s0 tcontext=u:object_r:system_file:s0 tclass=file permissive=1
06-16 13:31:26.535 I/->0.0.0.052888( 1564): type=1400 audit(0.0:543): avc: denied { write } for path="socket:[8187]" dev="sockfs" ino=8187 scontext=u:r:init:s0 tcontext=u:r:init:s0 tclass=tcp_socket permissive=1
06-16 13:31:26.539 I/app_process( 1665): type=1400 audit(0.0:544): avc: denied { read write } for path="socket:[15993]" dev="sockfs" ino=15993 scontext=u:r:zygote:s0 tcontext=u:r:init:s0 tclass=unix_stream_socket permissive=1
06-16 13:31:26.671 I/app_process( 1665): type=1400 audit(0.0:545): avc: denied { sendto } for path="/dev/socket/logdw" scontext=u:r:zygote:s0 tcontext=u:r:init:s0 tclass=unix_dgram_socket permissive=1
06-16 13:31:26.683 I/main    ( 1665): type=1400 audit(0.0:546): avc: denied { execmem } for scontext=u:r:zygote:s0 tcontext=u:r:zygote:s0 tclass=process permissive=1
06-16 13:31:26.683 I/main    ( 1665): type=1400 audit(0.0:547): avc: denied { execute } for path="/dev/ashmem" dev="tmpfs" ino=1245 scontext=u:r:zygote:s0 tcontext=u:object_r:ashmem_device:s0 tclass=chr_file permissive=1
06-16 13:31:26.683 I/main    ( 1665): type=1400 audit(0.0:548): avc: denied { execute } for path=2F6465762F6173686D656D2F64616C76696B2D6A69742D636F64652D6361636865202864656C6574656429 dev="tmpfs" ino=16117 scontext=u:r:zygote:s0 tcontext=u:object_r:zygote_tmpfs:s0 tclass=file permissive=1
06-16 13:31:26.685 W/art     ( 1665): Unexpected CPU variant for X86 using defaults: x86_64
06-16 13:31:26.702 E/memtrack( 1665): Couldn't load memtrack module (No such file or directory)
06-16 13:31:26.702 E/android.os.Debug( 1665): failed to load memtrack module: -2
06-16 13:31:26.702 I/Radio-JNI( 1665): register_android_hardware_Radio DONE
06-16 13:31:26.703 I/main    ( 1665): type=1400 audit(0.0:549): avc: denied { call } for scontext=u:r:zygote:s0 tcontext=u:r:servicemanager:s0 tclass=binder permissive=1
06-16 13:31:26.703 I/servicemanager(  258): type=1400 audit(0.0:550): avc: denied { search } for name="1665" dev="proc" ino=17532 scontext=u:r:servicemanager:s0 tcontext=u:r:zygote:s0 tclass=dir permissive=1
06-16 13:31:26.703 I/servicemanager(  258): type=1400 audit(0.0:551): avc: denied { read } for name="current" dev="proc" ino=17555 scontext=u:r:servicemanager:s0 tcontext=u:r:zygote:s0 tclass=file permissive=1
06-16 13:31:26.703 I/servicemanager(  258): type=1400 audit(0.0:552): avc: denied { open } for path="/proc/1665/attr/current" dev="proc" ino=17555 scontext=u:r:servicemanager:s0 tcontext=u:r:zygote:s0 tclass=file permissive=1
06-16 13:31:26.703 I/servicemanager(  258): type=1400 audit(0.0:553): avc: denied { getattr } for scontext=u:r:servicemanager:s0 tcontext=u:r:zygote:s0 tclass=process permissive=1
06-16 13:31:26.703 I/servicemanager(  258): type=1400 audit(0.0:554): avc: denied { sendto } for path="/dev/socket/logdw" scontext=u:r:servicemanager:s0 tcontext=u:r:init:s0 tclass=unix_dgram_socket permissive=1
06-16 13:31:26.703 I/main    ( 1665): type=1400 audit(0.0:555): avc: denied { call } for scontext=u:r:zygote:s0 tcontext=u:r:system_server:s0 tclass=binder permissive=1
06-16 13:31:26.705 E/SELinux (  258): avc:  denied  { find } for service=activity pid=1665 uid=0 scontext=u:r:zygote:s0 tcontext=u:object_r:activity_service:s0 tclass=service_manager permissive=1
06-16 13:31:26.705 E/SELinux (  258): avc:  denied  { find } for service=package pid=1665 uid=0 scontext=u:r:zygote:s0 tcontext=u:object_r:package_service:s0 tclass=service_manager permissive=1
06-16 13:31:26.731 I/main    (  277): type=1400 audit(0.0:556): avc: denied { getattr } for path="socket:[13312]" dev="sockfs" ino=13312 scontext=u:r:zygote:s0 tcontext=u:r:init:s0 tclass=unix_stream_socket permissive=1
06-16 13:31:26.735 I/art     ( 1675): Late-enabling -Xcheck:jni
06-16 13:31:26.735 W/art     ( 1675): Unexpected CPU variant for X86 using defaults: x86_64
06-16 13:31:26.739 I/lmkd    (  256): type=1400 audit(0.0:557): avc: denied { read } for path="socket:[13142]" dev="sockfs" ino=13142 scontext=u:r:lmkd:s0 tcontext=u:r:init:s0 tclass=unix_stream_socket permissive=1
06-16 13:31:26.742 I/ActivityManager(  594): Start proc 1675:gov.nasa.arc.astrobee.android.gs.manager/u0a63 for service gov.nasa.arc.astrobee.android.gs.manager/.ManagerService
06-16 13:31:26.750 W/System  ( 1675): ClassLoader referenced unknown path: /data/app/gov.nasa.arc.astrobee.android.gs.manager-1/lib/x86_64
06-16 13:31:26.811 E/Notification( 1675): setLatestEventInfo() is deprecated and you should feel deprecated.
06-16 13:31:26.811 E/Notification( 1675): java.lang.Throwable
06-16 13:31:26.811 E/Notification( 1675): 	at android.app.Notification.setLatestEventInfo(Notification.java:2048)
06-16 13:31:26.811 E/Notification( 1675): 	at org.ros.android.NodeMainExecutorService.onStartCommand(NodeMainExecutorService.java:220)
06-16 13:31:26.811 E/Notification( 1675): 	at android.app.ActivityThread.handleServiceArgs(ActivityThread.java:3297)
06-16 13:31:26.811 E/Notification( 1675): 	at android.app.ActivityThread.-wrap21(ActivityThread.java)
06-16 13:31:26.811 E/Notification( 1675): 	at android.app.ActivityThread$H.handleMessage(ActivityThread.java:1565)
06-16 13:31:26.811 E/Notification( 1675): 	at android.os.Handler.dispatchMessage(Handler.java:102)
06-16 13:31:26.811 E/Notification( 1675): 	at android.os.Looper.loop(Looper.java:154)
06-16 13:31:26.811 E/Notification( 1675): 	at android.app.ActivityThread.main(ActivityThread.java:6077)
06-16 13:31:26.811 E/Notification( 1675): 	at java.lang.reflect.Method.invoke(Native Method)
06-16 13:31:26.811 E/Notification( 1675): 	at com.android.internal.os.ZygoteInit$MethodAndArgsCaller.run(ZygoteInit.java:865)
06-16 13:31:26.811 E/Notification( 1675): 	at com.android.internal.os.ZygoteInit.main(ZygoteInit.java:755)
06-16 13:31:26.832 I/Registrar( 1675): MasterXmlRpcEndpoint URI: http://llp:11311
06-16 13:31:26.835 I/Registrar( 1675): Registering publisher: Publisher<PublisherDefinition<PublisherIdentifier<NodeIdentifier</guest_science_manager, http://hlp:34079/>, TopicIdentifier</rosout>>, Topic<TopicIdentifier</rosout>, TopicDescription<rosgraph_msgs/Log, acffd30cd6b6de30f120938c17c593fb>>>>
06-16 13:31:26.847 I/netd    (  561): type=1400 audit(0.0:558): avc: denied { accept } for path="/dev/socket/dnsproxyd" scontext=u:r:netd:s0 tcontext=u:r:init:s0 tclass=unix_stream_socket permissive=1
06-16 13:31:26.847 I/netd    (  561): type=1400 audit(0.0:559): avc: denied { getopt } for path="/dev/socket/dnsproxyd" scontext=u:r:netd:s0 tcontext=u:r:init:s0:c512,c768 tclass=unix_stream_socket permissive=1
06-16 13:31:26.847 I/netd    (  561): type=1400 audit(0.0:560): avc: denied { read } for path="socket:[17590]" dev="sockfs" ino=17590 scontext=u:r:netd:s0 tcontext=u:r:init:s0:c512,c768 tclass=unix_stream_socket permissive=1
06-16 13:31:26.847 I/netd    ( 1705): type=1400 audit(0.0:561): avc: denied { write } for path="socket:[17590]" dev="sockfs" ino=17590 scontext=u:r:netd:s0 tcontext=u:r:init:s0:c512,c768 tclass=unix_stream_socket permissive=1
06-16 13:31:26.863 I/Registrar( 1675): Response<Success, Registered [/guest_science_manager] as publisher of [/rosout], [http://172.20.117.59:38437/]>
06-16 13:31:26.863 I/DefaultPublisher( 1675): Publisher registered: Publisher<PublisherDefinition<PublisherIdentifier<NodeIdentifier</guest_science_manager, http://hlp:34079/>, TopicIdentifier</rosout>>, Topic<TopicIdentifier</rosout>, TopicDescription<rosgraph_msgs/Log, acffd30cd6b6de30f120938c17c593fb>>>>
06-16 13:31:26.863 I/Registrar( 1675): Registering subscriber: Subscriber<Topic<TopicIdentifier</clock>, TopicDescription<rosgraph_msgs/Clock, a9c97c1d230cfc112e270351a944ee47>>>
06-16 13:31:26.888 I/Registrar( 1675): Response<Success, Subscribed to [/clock], [http://172.20.117.59:46465/]>
06-16 13:31:26.889 I/DefaultSubscriber( 1675): Subscriber registered: Subscriber<Topic<TopicIdentifier</clock>, TopicDescription<rosgraph_msgs/Clock, a9c97c1d230cfc112e270351a944ee47>>>
06-16 13:31:26.892 I/Registrar( 1675): Registering publisher: Publisher<PublisherDefinition<PublisherIdentifier<NodeIdentifier</guest_science_manager, http://hlp:34079/>, TopicIdentifier</gs/gs_manager/ack>>, Topic<TopicIdentifier</gs/gs_manager/ack>, TopicDescription<ff_msgs/AckStamped, cebddec69fd770df54633be444a9187d>>>>
06-16 13:31:26.893 I/Registrar( 1675): Registering publisher: Publisher<PublisherDefinition<PublisherIdentifier<NodeIdentifier</guest_science_manager, http://hlp:34079/>, TopicIdentifier</gs/gs_manager/config>>, Topic<TopicIdentifier</gs/gs_manager/config>, TopicDescription<ff_msgs/GuestScienceConfig, c6f632ed2411de4159494a3e7754794e>>>>
06-16 13:31:26.895 I/Registrar( 1675): Registering publisher: Publisher<PublisherDefinition<PublisherIdentifier<NodeIdentifier</guest_science_manager, http://hlp:34079/>, TopicIdentifier</gs/data>>, Topic<TopicIdentifier</gs/data>, TopicDescription<ff_msgs/GuestScienceData, edd2c791ea93ffa7cb0ec80c5bb00972>>>>
06-16 13:31:26.896 I/Registrar( 1675): Registering publisher: Publisher<PublisherDefinition<PublisherIdentifier<NodeIdentifier</guest_science_manager, http://hlp:34079/>, TopicIdentifier</gs/gs_manager/state>>, Topic<TopicIdentifier</gs/gs_manager/state>, TopicDescription<ff_msgs/GuestScienceState, 24e5a1ba8527257cc710720a32de6e51>>>>
06-16 13:31:26.900 I/Registrar( 1675): Registering publisher: Publisher<PublisherDefinition<PublisherIdentifier<NodeIdentifier</guest_science_manager, http://hlp:34079/>, TopicIdentifier</heartbeat>>, Topic<TopicIdentifier</heartbeat>, TopicDescription<ff_msgs/Heartbeat, 00da4d5a529de9d778f78787c87e306c>>>>
06-16 13:31:26.902 I/Registrar( 1675): Registering subscriber: Subscriber<Topic<TopicIdentifier</mgt/executive/command>, TopicDescription<ff_msgs/CommandStamped, ac01350894b1be9e3a7b4f390a14812d>>>
06-16 13:31:26.915 I/art     ( 1746): Late-enabling -Xcheck:jni
06-16 13:31:26.915 W/art     ( 1746): Unexpected CPU variant for X86 using defaults: x86_64
06-16 13:31:26.920 I/Registrar( 1675): Response<Success, Registered [/guest_science_manager] as publisher of [/gs/gs_manager/ack], [http://172.20.117.59:33777/]>
06-16 13:31:26.921 I/DefaultPublisher( 1675): Publisher registered: Publisher<PublisherDefinition<PublisherIdentifier<NodeIdentifier</guest_science_manager, http://hlp:34079/>, TopicIdentifier</gs/gs_manager/ack>>, Topic<TopicIdentifier</gs/gs_manager/ack>, TopicDescription<ff_msgs/AckStamped, cebddec69fd770df54633be444a9187d>>>>
06-16 13:31:26.923 I/ActivityManager(  594): Start proc 1746:jp.jaxa.iss.kibo.rpc.sampleapk/u0a64 for broadcast jp.jaxa.iss.kibo.rpc.sampleapk/gov.nasa.arc.astrobee.android.gs.InfoInqueryBroadcastReceiver
06-16 13:31:26.924 I/Registrar( 1675): Response<Success, Registered [/guest_science_manager] as publisher of [/gs/gs_manager/config], [http://172.20.117.59:33777/]>
06-16 13:31:26.925 I/DefaultPublisher( 1675): Publisher registered: Publisher<PublisherDefinition<PublisherIdentifier<NodeIdentifier</guest_science_manager, http://hlp:34079/>, TopicIdentifier</gs/gs_manager/config>>, Topic<TopicIdentifier</gs/gs_manager/config>, TopicDescription<ff_msgs/GuestScienceConfig, c6f632ed2411de4159494a3e7754794e>>>>
06-16 13:31:26.928 I/Registrar( 1675): Response<Success, Registered [/guest_science_manager] as publisher of [/gs/data], []>
06-16 13:31:26.928 I/DefaultPublisher( 1675): Publisher registered: Publisher<PublisherDefinition<PublisherIdentifier<NodeIdentifier</guest_science_manager, http://hlp:34079/>, TopicIdentifier</gs/data>>, Topic<TopicIdentifier</gs/data>, TopicDescription<ff_msgs/GuestScienceData, edd2c791ea93ffa7cb0ec80c5bb00972>>>>
06-16 13:31:26.933 I/ActivityManager(  594): Killing 1163:android.process.media/u0a10 (adj 906): empty #17
06-16 13:31:26.942 I/Registrar( 1675): Response<Success, Registered [/guest_science_manager] as publisher of [/heartbeat], [http://172.20.117.59:44267/]>
06-16 13:31:26.942 I/DefaultPublisher( 1675): Publisher registered: Publisher<PublisherDefinition<PublisherIdentifier<NodeIdentifier</guest_science_manager, http://hlp:34079/>, TopicIdentifier</heartbeat>>, Topic<TopicIdentifier</heartbeat>, TopicDescription<ff_msgs/Heartbeat, 00da4d5a529de9d778f78787c87e306c>>>>
06-16 13:31:26.943 I/Registrar( 1675): Response<Success, Registered [/guest_science_manager] as publisher of [/gs/gs_manager/state], [http://172.20.117.59:33777/]>
06-16 13:31:26.943 I/Registrar( 1675): Response<Success, Subscribed to [/mgt/executive/command], [http://172.20.117.59:33777/]>
06-16 13:31:26.943 I/DefaultPublisher( 1675): Publisher registered: Publisher<PublisherDefinition<PublisherIdentifier<NodeIdentifier</guest_science_manager, http://hlp:34079/>, TopicIdentifier</gs/gs_manager/state>>, Topic<TopicIdentifier</gs/gs_manager/state>, TopicDescription<ff_msgs/GuestScienceState, 24e5a1ba8527257cc710720a32de6e51>>>>
06-16 13:31:26.944 I/DefaultSubscriber( 1675): Subscriber registered: Subscriber<Topic<TopicIdentifier</mgt/executive/command>, TopicDescription<ff_msgs/CommandStamped, ac01350894b1be9e3a7b4f390a14812d>>>
06-16 13:31:27.039 I/wpa_supplicant(  816): type=1400 audit(0.0:562): avc: denied { sendto } for path="/data/misc/wifi/sockets/wpa_ctrl_594-2" scontext=u:r:init:s0 tcontext=u:r:system_server:s0 tclass=unix_dgram_socket permissive=1
06-16 13:31:28.111 I/healthd (  291): type=1400 audit(0.0:563): avc: denied { call } for scontext=u:r:init:s0 tcontext=u:r:system_server:s0 tclass=binder permissive=1
06-16 13:31:29.223 I/adbd    ( 1767): type=1400 audit(0.0:564): avc: denied { ioctl } for path="/dev/pts/1" dev="devpts" ino=4 ioctlcmd=540e scontext=u:r:init:s0 tcontext=u:object_r:devpts:s0 tclass=chr_file permissive=1
06-16 13:31:29.227 I/sh      ( 1767): type=1400 audit(0.0:565): avc: denied { getattr } for path="/dev/pts/1" dev="devpts" ino=4 scontext=u:r:init:s0 tcontext=u:object_r:devpts:s0 tclass=chr_file permissive=1
06-16 18:25:23.620 I/logd    (  116): type=1400 audit(0.0:101): avc: denied { accept } for path="/dev/socket/logd" scontext=u:r:logd:s0 tcontext=u:r:init:s0 tclass=unix_stream_socket permissive=1
06-16 13:31:29.231 I/logcat  ( 1767): type=1400 audit(0.0:566): avc: denied { read write } for path="/dev/pts/1" dev="devpts" ino=4 scontext=u:r:logd:s0 tcontext=u:object_r:devpts:s0 tclass=chr_file permissive=1
06-16 13:31:29.231 I/logd    (  114): type=1400 audit(0.0:567): avc: denied { accept } for path="/dev/socket/logdr" scontext=u:r:logd:s0 tcontext=u:r:init:s0 tclass=unix_stream_socket permissive=1
06-16 13:31:29.231 I/logd    (  114): type=1400 audit(0.0:568): avc: denied { getopt } for path="/dev/socket/logdr" scontext=u:r:logd:s0 tcontext=u:r:init:s0 tclass=unix_stream_socket permissive=1
06-16 13:31:29.231 I/logd.reader(  114): type=1400 audit(0.0:569): avc: denied { read } for path="socket:[17772]" dev="sockfs" ino=17772 scontext=u:r:logd:s0 tcontext=u:r:init:s0 tclass=unix_stream_socket permissive=1
06-16 13:31:29.231 I/logd.reader(  114): type=1400 audit(0.0:570): avc: denied { setopt } for path="/dev/socket/logdr" scontext=u:r:logd:s0 tcontext=u:r:init:s0 tclass=unix_stream_socket permissive=1
06-16 13:31:29.231 I/logd.reader.per( 1772): type=1400 audit(0.0:571): avc: denied { write } for path="socket:[17779]" dev="sockfs" ino=17779 scontext=u:r:logd:s0 tcontext=u:r:init:s0 tclass=unix_stream_socket permissive=1
06-16 13:31:31.713 I/art     ( 1675): Do partial code cache collection, code=28KB, data=29KB
06-16 13:31:31.713 I/art     ( 1675): After code cache collection, code=27KB, data=28KB
06-16 13:31:31.713 I/art     ( 1675): Increasing code cache capacity to 128KB
06-16 13:31:41.804 E/OpenCV/StaticHelper( 1746): OpenCV error: Cannot load info library for OpenCV
06-16 13:31:41.811 I/OpenCV/StaticHelper( 1746): 
06-16 13:31:41.811 I/OpenCV/StaticHelper( 1746): General configuration for OpenCV 4.5.3 =====================================
06-16 13:31:41.811 I/OpenCV/StaticHelper( 1746):   Version control:               unknown
06-16 13:31:41.811 I/OpenCV/StaticHelper( 1746): 
06-16 13:31:41.811 I/OpenCV/StaticHelper( 1746):   Extra modules:
06-16 13:31:41.811 I/OpenCV/StaticHelper( 1746):     Location (extra):            /home/quickbirdstudios/opencv/releases/opencv_contrib-4.5.3/modules
06-16 13:31:41.811 I/OpenCV/StaticHelper( 1746):     Version control (extra):     unknown
06-16 13:31:41.811 I/OpenCV/StaticHelper( 1746): 
06-16 13:31:41.811 I/OpenCV/StaticHelper( 1746):   Platform:
06-16 13:31:41.811 I/OpenCV/StaticHelper( 1746):     Timestamp:                   2021-08-29T19:29:53Z
06-16 13:31:41.811 I/OpenCV/StaticHelper( 1746):     Host:                        Linux 5.4.0-80-generic x86_64
06-16 13:31:41.811 I/OpenCV/StaticHelper( 1746):     Target:                      Android 1 x86_64
06-16 13:31:41.811 I/OpenCV/StaticHelper( 1746):     CMake:                       3.21.1
06-16 13:31:41.811 I/OpenCV/StaticHelper( 1746):     CMake generator:             Ninja
06-16 13:31:41.811 I/OpenCV/StaticHelper( 1746):     CMake build tool:            /usr/bin/ninja-build
06-16 13:31:41.811 I/OpenCV/StaticHelper( 1746):     Configuration:               Release
06-16 13:31:41.811 I/OpenCV/StaticHelper( 1746): 
06-16 13:31:41.811 I/OpenCV/StaticHelper( 1746):   CPU/HW features:
06-16 13:31:41.811 I/OpenCV/StaticHelper( 1746):     Baseline:                    SSE SSE2 SSE3
06-16 13:31:41.811 I/OpenCV/StaticHelper( 1746):       requested:                 SSE3
06-16 13:31:41.811 I/OpenCV/StaticHelper( 1746):     Dispatched code generation:  SSE4_1 SSE4_2 FP16 AVX AVX2 AVX512_SKX
06-16 13:31:41.811 I/OpenCV/StaticHelper( 1746):       requested:                 SSE4_1 SSE4_2 AVX FP16 AVX2 AVX512_SKX
06-16 13:31:41.811 I/OpenCV/StaticHelper( 1746):       SSE4_1 (15 files):         + SSSE3 SSE4_1
06-16 13:31:41.811 I/OpenCV/StaticHelper( 1746):       SSE4_2 (1 files):          + SSSE3 SSE4_1 POPCNT SSE4_2
06-16 13:31:41.811 I/OpenCV/StaticHelper( 1746):       FP16 (0 files):            + SSSE3 SSE4_1 POPCNT SSE4_2 FP16 AVX
06-16 13:31:41.811 I/OpenCV/StaticHelper( 1746):       AVX (4 files):             + SSSE3 SSE4_1 POPCNT SSE4_2 AVX
06-16 13:31:41.811 I/OpenCV/StaticHelper( 1746):       AVX2 (29 files):           + SSSE3 SSE4_1 POPCNT SSE4_2 FP16 FMA3 AVX AVX2
06-16 13:31:41.811 I/OpenCV/StaticHelper( 1746):       AVX512_SKX (4 files):      + SSSE3 SSE4_1 POPCNT SSE4_2 FP16 FMA3 AVX AVX2 AVX_512F AVX512_COMMON AVX512_SKX
06-16 13:31:41.811 I/OpenCV/StaticHelper( 1746): 
06-16 13:31:41.811 I/OpenCV/StaticHelper( 1746):   C/C++:
06-16 13:31:41.811 I/OpenCV/StaticHelper( 1746):     Built as dynamic libs?:      NO
06-16 13:31:41.811 I/OpenCV/StaticHelper( 1746):     C++ standard:                11
06-16 13:31:41.811 I/OpenCV/StaticHelper( 1746):     C++ Compiler:                /home/quickbirdstudios/Android/SdkForTesting/ndk/22.1.7171670/toolchains/llvm/prebuilt/linux-x86_64/bin/clang++  (ver 11.0.5)
06-16 13:31:41.811 I/OpenCV/StaticHelper( 1746):     C++ flags (Release):         -DANDROID -fdata-sections -ffunction-sections -funwind-tables -fstack-protector-strong -no-canonical-prefixes -D_FORTIFY_SOURCE=2 -Wformat -Werror=format-security     -fsigned-char -W -Wall -Werror=return-type -Werror=non-virtual-dtor -Werror=address -Werror=sequence-point -Wformat -Werror=format-security -Wmissing-declarations -Wmissing-prototypes -Wstrict-prototypes -Wundef -Winit-self -Wpointer-arith -Wshadow -Wsign-promo -Wuninitialized -Winconsistent-missing-override -Wno-delete-non-virtual-dtor -Wno-unnamed-type-template-args -Wno-comment -Wno-deprecated-enum-enum-conversion -Wno-deprecated-anon-enum-enum-conversion -fdiagnostics-show-option -Wno-long-long -Qunused-arguments  -msse -msse2 -msse3 -fvisibility=hidden -fvisibility-inlines-hidden  -O2 -DNDEBUG   -DNDEBUG
06-16 13:31:41.811 I/OpenCV/StaticHelper( 1746):     C++ flags (Debug):           -DANDROID -fdata-sections -ffunction-sections -funwind-tables -fstack-protector-strong -no-canonical-prefixes -D_FORTIFY_SOURCE=2 -Wformat -Werror=format-security     -fsigned-char -W -Wall -Werror=return-type -Werror=non-virtual-dtor -Werror=address -Werror=sequence-point -Wformat -Werror=format-security -Wmissing-declarations -Wmissing-prototypes -Wstrict-prototypes -Wundef -Winit-self -Wpointer-arith -Wshadow -Wsign-promo -Wuninitialized -Winconsistent-missing-override -Wno-delete-non-virtual-dtor -Wno-unnamed-type-template-args -Wno-comment -Wno-deprecated-enum-enum-conversion -Wno-deprecated-anon-enum-enum-conversion -fdiagnostics-show-option -Wno-long-long -Qunused-arguments  -msse -msse2 -msse3 -fvisibility=hidden -fvisibility-inlines-hidden  -O0 -fno-limit-debug-info   -DDEBUG -D_DEBUG -g
06-16 13:31:41.811 I/OpenCV/StaticHelper( 1746):     C Compiler:                  /home/quickbirdstudios/Android/SdkForTesting/ndk/22.1.7171670/toolchains/llvm/prebuilt/linux-x86_64/bin/clang
06-16 13:31:41.811 I/OpenCV/StaticHelper( 1746):     C flags (Release):           -DANDROID -fdata-sections -ffunction-sections -funwind-tables -fstack-protector-strong -no-canonical-prefixes -D_FORTIFY_SOURCE=2 -Wformat -Werror=format-security    -fsigned-char -W -Wall -Werror=return-type -Werror=non-virtual-dtor -Werror=address -Werror=sequence-point -Wformat -Werror=format-security -Wmissing-declarations -Wmissing-prototypes -Wstrict-prototypes -Wundef -Winit-self -Wpointer-arith -Wshadow -Wsign-promo -Wuninitialized -Winconsistent-missing-override -Wno-delete-non-virtual-dtor -Wno-unnamed-type-template-args -Wno-comment -Wno-deprecated-enum-enum-conversion -Wno-deprecated-anon-enum-enum-conversion -fdiagnostics-show-option -Wno-long-long -Qunused-arguments  -msse -msse2 -msse3 -fvisibility=hidden -fvisibility-inlines-hidden  -O2 -DNDEBUG   -DNDEBUG
06-16 13:31:41.811 I/OpenCV/StaticHelper( 1746):     C flags (Debug):             -DANDROID -fdata-sections -ffunction-sections -funwind-tables -fstack-protector-strong -no-canonical-prefixes -D_FORTIFY_SOURCE=2 -Wformat -Werror=format-security    -fsigned-char -W -Wall -Werror=return-type -Werror=non-virtual-dtor -Werror=address -Werror=sequence-point -Wformat -Werror=format-security -Wmissing-declarations -Wmissing-prototypes -Wstrict-prototypes -Wundef -Winit-self -Wpointer-arith -Wshadow -Wsign-promo -Wuninitialized -Winconsistent-missing-override -Wno-delete-non-virtual-dtor -Wno-unnamed-type-template-args -Wno-comment -Wno-deprecated-enum-enum-conversion -Wno-deprecated-anon-enum-enum-conversion -fdiagnostics-show-option -Wno-long-long -Qunused-arguments  -msse -msse2 -msse3 -fvisibility=hidden -fvisibility-inlines-hidden  -O0 -fno-limit-debug-info   -DDEBUG -D_DEBUG -g
06-16 13:31:41.811 I/OpenCV/StaticHelper( 1746):     Linker flags (Release):      -Wl,--exclude-libs,libippicv.a -Wl,--exclude-libs,libippiw.a -Wl,--exclude-libs,libgcc.a -Wl,--exclude-libs,libgcc_real.a -Wl,--exclude-libs,libatomic.a -Wl,--build-id=sha1 -Wl,--no-rosegment -Wl,--fatal-warnings -Wl,--no-undefined -Qunused-arguments   -Wl,--as-needed  
06-16 13:31:41.811 I/OpenCV/StaticHelper( 1746):     Linker flags (Debug):        -Wl,--exclude-libs,libippicv.a -Wl,--exclude-libs,libippiw.a -Wl,--exclude-libs,libgcc.a -Wl,--exclude-libs,libgcc_real.a -Wl,--exclude-libs,libatomic.a -Wl,--build-id=sha1 -Wl,--no-rosegment -Wl,--fatal-warnings -Wl,--no-undefined -Qunused-arguments   -Wl,--as-needed  
06-16 13:31:41.811 I/OpenCV/StaticHelper( 1746):     ccache:                      YES
06-16 13:31:41.811 I/OpenCV/StaticHelper( 1746):     Precompiled headers:         NO
06-16 13:31:41.811 I/OpenCV/StaticHelper( 1746):     Extra dependencies:          z dl m log
06-16 13:31:41.811 I/OpenCV/StaticHelper( 1746):     3rdparty dependencies:       libcpufeatures libprotobuf ade tbb ittnotify libjpeg-turbo libwebp libpng libtiff libopenjp2 IlmImf quirc ippiw ippicv
06-16 13:31:41.811 I/OpenCV/StaticHelper( 1746): 
06-16 13:31:41.811 I/OpenCV/StaticHelper( 1746):   OpenCV modules:
06-16 13:31:41.811 I/OpenCV/StaticHelper( 1746):     To be built:                 aruco barcode bgsegm bioinspired calib3d ccalib core datasets dnn dnn_objdetect dnn_superres dpm face features2d flann fuzzy gapi hfs highgui img_hash imgcodecs imgproc intensity_transform java line_descriptor mcc ml objdetect optflow phase_unwrapping photo plot quality rapid reg rgbd saliency shape stereo stitching structured_light superres surface_matching text tracking video videoio videostab wechat_qrcode xfeatures2d ximgproc xobjdetect xphoto
06-16 13:31:41.811 I/OpenCV/StaticHelper( 1746):     Disabled:                    world
06-16 13:31:41.811 I/OpenCV/StaticHelper( 1746):     Disabled by dependency:      -
06-16 13:31:41.811 I/OpenCV/StaticHelper( 1746):     Unavailable:                 alphamat cudaarithm cudabgsegm cudacodec cudafeatures2d cudafilters cudaimgproc cudalegacy cudaobjdetect cudaoptflow cudastereo cudawarping cudev cvv freetype hdf julia matlab ovis python2 python3 sfm ts viz
06-16 13:31:41.811 I/OpenCV/StaticHelper( 1746):     Applications:                -
06-16 13:31:41.811 I/OpenCV/StaticHelper( 1746):     Documentation:               NO
06-16 13:31:41.811 I/OpenCV/StaticHelper( 1746):     Non-free algorithms:         NO
06-16 13:31:41.811 I/OpenCV/StaticHelper( 1746): 
06-16 13:31:41.811 I/OpenCV/StaticHelper( 1746):   Android NDK:                   /home/quickbirdstudios/Android/SdkForTesting/ndk/22.1.7171670 (ver 22.1.7171670)
06-16 13:31:41.811 I/OpenCV/StaticHelper( 1746):     Android ABI:                 x86_64
06-16 13:31:41.811 I/OpenCV/StaticHelper( 1746):     NDK toolchain:               x86_64-linux-android-clang
06-16 13:31:41.811 I/OpenCV/StaticHelper( 1746):     STL type:                    c++_shared
06-16 13:31:41.811 I/OpenCV/StaticHelper( 1746):     Native API level:            21
06-16 13:31:41.811 I/OpenCV/StaticHelper( 1746):   Android SDK:                   /home/quickbirdstudios/Android/SdkForTesting (tools: 26.1.1 build tools: 29.0.2)
06-16 13:31:41.811 I/OpenCV/StaticHelper( 1746): 
06-16 13:31:41.811 I/OpenCV/StaticHelper( 1746):   GUI: 
06-16 13:31:41.811 I/OpenCV/StaticHelper( 1746): 
06-16 13:31:41.811 I/OpenCV/StaticHelper( 1746):   Media I/O: 
06-16 13:31:41.811 I/OpenCV/StaticHelper( 1746):     ZLib:                        z (ver 1.2.11)
06-16 13:31:41.811 I/OpenCV/StaticHelper( 1746):     JPEG:                        build-libjpeg-turbo (ver 2.1.0-62)
06-16 13:31:41.811 I/OpenCV/StaticHelper( 1746):     WEBP:                        build (ver encoder: 0x020f)
06-16 13:31:41.811 I/OpenCV/StaticHelper( 1746):     PNG:                         build (ver 1.6.37)
06-16 13:31:41.811 I/OpenCV/StaticHelper( 1746):     TIFF:                        build (ver 42 - 4.2.0)
06-16 13:31:41.811 I/OpenCV/StaticHelper( 1746):     JPEG 2000:                   build (ver 2.4.0)
06-16 13:31:41.811 I/OpenCV/StaticHelper( 1746):     OpenEXR:                     build (ver 2.3.0)
06-16 13:31:41.811 I/OpenCV/StaticHelper( 1746):     HDR:                         YES
06-16 13:31:41.811 I/OpenCV/StaticHelper( 1746):     SUNRASTER:                   YES
06-16 13:31:41.811 I/OpenCV/StaticHelper( 1746):     PXM:                         YES
06-16 13:31:41.811 I/OpenCV/StaticHelper( 1746):     PFM:                         YES
06-16 13:31:41.811 I/OpenCV/StaticHelper( 1746): 
06-16 13:31:41.811 I/OpenCV/StaticHelper( 1746):   Video I/O:
06-16 13:31:41.811 I/OpenCV/StaticHelper( 1746): 
06-16 13:31:41.811 I/OpenCV/StaticHelper( 1746):   Parallel framework:            TBB (ver 2020.2 interface 11102)
06-16 13:31:41.811 I/OpenCV/StaticHelper( 1746): 
06-16 13:31:41.811 I/OpenCV/StaticHelper( 1746):   Trace:                         YES (with Intel ITT)
06-16 13:31:41.811 I/OpenCV/StaticHelper( 1746): 
06-16 13:31:41.811 I/OpenCV/StaticHelper( 1746):   Other third-party libraries:
06-16 13:31:41.811 I/OpenCV/StaticHelper( 1746):     Intel IPP:                   2020.0.0 Gold [2020.0.0]
06-16 13:31:41.811 I/OpenCV/StaticHelper( 1746):            at:                   /home/quickbirdstudios/opencv/releases/opencv-4.5.3-build/opencv-contrib_4.5.3/o4a/3rdparty/ippicv/ippicv_lnx/icv
06-16 13:31:41.811 I/OpenCV/StaticHelper( 1746):     Intel IPP IW:                sources (2020.0.0)
06-16 13:31:41.811 I/OpenCV/StaticHelper( 1746):               at:                /home/quickbirdstudios/opencv/releases/opencv-4.5.3-build/opencv-contrib_4.5.3/o4a/3rdparty/ippicv/ippicv_lnx/iw
06-16 13:31:41.811 I/OpenCV/StaticHelper( 1746):     Custom HAL:                  NO
06-16 13:31:41.811 I/OpenCV/StaticHelper( 1746):     Protobuf:                    build (3.5.1)
06-16 13:31:41.811 I/OpenCV/StaticHelper( 1746): 
06-16 13:31:41.811 I/OpenCV/StaticHelper( 1746):   Python (for build):            /usr/bin/python3
06-16 13:31:41.811 I/OpenCV/StaticHelper( 1746): 
06-16 13:31:41.811 I/OpenCV/StaticHelper( 1746):   Java:                          export all functions
06-16 13:31:41.811 I/OpenCV/StaticHelper( 1746):     ant:                         NO
06-16 13:31:41.811 I/OpenCV/StaticHelper( 1746):     Java wrappers:               YES
06-16 13:31:41.811 I/OpenCV/StaticHelper( 1746):     Java tests:                  NO
06-16 13:31:41.811 I/OpenCV/StaticHelper( 1746): 
06-16 13:31:41.811 I/OpenCV/StaticHelper( 1746):   Install to:                    /home/quickbirdstudios/opencv/releases/opencv-4.5.3-build/opencv-contrib_4.5.3/o4a/install
06-16 13:31:41.811 I/OpenCV/StaticHelper( 1746): -----------------------------------------------------------------
06-16 13:31:41.812 I/KiboRpcApi( 1746): [AARVersion] AAR version 6.0.0
06-16 13:31:41.829 I/Registrar( 1746): MasterXmlRpcEndpoint URI: http://llp:11311
06-16 13:31:41.836 I/Registrar( 1746): Registering publisher: Publisher<PublisherDefinition<PublisherIdentifier<NodeIdentifier</kibo_rpc_api, http://hlp:45249/>, TopicIdentifier</rosout>>, Topic<TopicIdentifier</rosout>, TopicDescription<rosgraph_msgs/Log, acffd30cd6b6de30f120938c17c593fb>>>>
06-16 13:31:41.844 I/Registrar( 1746): Response<Success, Registered [/kibo_rpc_api] as publisher of [/rosout], [http://172.20.117.59:38437/, http://172.20.117.59:40277/]>
06-16 13:31:41.844 I/DefaultPublisher( 1746): Publisher registered: Publisher<PublisherDefinition<PublisherIdentifier<NodeIdentifier</kibo_rpc_api, http://hlp:45249/>, TopicIdentifier</rosout>>, Topic<TopicIdentifier</rosout>, TopicDescription<rosgraph_msgs/Log, acffd30cd6b6de30f120938c17c593fb>>>>
06-16 13:31:41.848 I/Registrar( 1746): Registering subscriber: Subscriber<Topic<TopicIdentifier</clock>, TopicDescription<rosgraph_msgs/Clock, a9c97c1d230cfc112e270351a944ee47>>>
06-16 13:31:41.858 I/Registrar( 1746): Response<Success, Subscribed to [/clock], [http://172.20.117.59:46465/]>
06-16 13:31:41.859 I/DefaultSubscriber( 1746): Subscriber registered: Subscriber<Topic<TopicIdentifier</clock>, TopicDescription<rosgraph_msgs/Clock, a9c97c1d230cfc112e270351a944ee47>>>
06-16 13:31:41.862 I/Registrar( 1746): Registering publisher: Publisher<PublisherDefinition<PublisherIdentifier<NodeIdentifier</kibo_rpc_api, http://hlp:45249/>, TopicIdentifier</command>>, Topic<TopicIdentifier</command>, TopicDescription<ff_msgs/CommandStamped, ac01350894b1be9e3a7b4f390a14812d>>>>
06-16 13:31:41.868 I/Registrar( 1746): Registering subscriber: Subscriber<Topic<TopicIdentifier</mgt/ack>, TopicDescription<ff_msgs/AckStamped, cebddec69fd770df54633be444a9187d>>>
06-16 13:31:41.879 I/Registrar( 1746): MasterXmlRpcEndpoint URI: http://llp:11311
06-16 13:31:41.883 I/Registrar( 1746): MasterXmlRpcEndpoint URI: http://llp:11311
06-16 13:31:41.884 I/Registrar( 1746): Registering subscriber: Subscriber<Topic<TopicIdentifier</gnc/ekf>, TopicDescription<ff_msgs/EkfState, 543b97822b033d7199b506ad4005f134>>>
06-16 13:31:41.886 I/Registrar( 1746): Response<Success, Registered [/kibo_rpc_api] as publisher of [/command], [http://172.20.117.59:46465/, http://172.20.117.59:33777/, http://172.20.117.59:40277/, http://172.20.117.59:33087/]>
06-16 13:31:41.886 I/DefaultPublisher( 1746): Publisher registered: Publisher<PublisherDefinition<PublisherIdentifier<NodeIdentifier</kibo_rpc_api, http://hlp:45249/>, TopicIdentifier</command>>, Topic<TopicIdentifier</command>, TopicDescription<ff_msgs/CommandStamped, ac01350894b1be9e3a7b4f390a14812d>>>>
06-16 13:31:41.887 I/Registrar( 1746): Response<Success, Subscribed to [/mgt/ack], [http://172.20.117.59:33777/]>
06-16 13:31:41.888 I/DefaultSubscriber( 1746): Subscriber registered: Subscriber<Topic<TopicIdentifier</mgt/ack>, TopicDescription<ff_msgs/AckStamped, cebddec69fd770df54633be444a9187d>>>
06-16 13:31:41.889 I/Registrar( 1746): Registering publisher: Publisher<PublisherDefinition<PublisherIdentifier<NodeIdentifier</GetterNode, http://hlp:43471/>, TopicIdentifier</rosout>>, Topic<TopicIdentifier</rosout>, TopicDescription<rosgraph_msgs/Log, acffd30cd6b6de30f120938c17c593fb>>>>
06-16 13:31:41.891 I/Registrar( 1746): Registering publisher: Publisher<PublisherDefinition<PublisherIdentifier<NodeIdentifier</SetterNode, http://hlp:44382/>, TopicIdentifier</rosout>>, Topic<TopicIdentifier</rosout>, TopicDescription<rosgraph_msgs/Log, acffd30cd6b6de30f120938c17c593fb>>>>
06-16 13:31:41.901 I/Registrar( 1746): Response<Success, Subscribed to [/gnc/ekf], [http://172.20.117.59:34279/]>
06-16 13:31:41.901 I/DefaultSubscriber( 1746): Subscriber registered: Subscriber<Topic<TopicIdentifier</gnc/ekf>, TopicDescription<ff_msgs/EkfState, 543b97822b033d7199b506ad4005f134>>>
06-16 13:31:41.926 I/Registrar( 1746): Response<Success, Registered [/GetterNode] as publisher of [/rosout], [http://172.20.117.59:38437/, http://172.20.117.59:40277/]>
