06-16 13:04:11.958 I/WindowManager(  592): Destroying surface Surface(name=com.android.settings/com.android.settings.FallbackHome) called by com.android.server.wm.WindowStateAnimator.destroySurface:2016 com.android.server.wm.WindowStateAnimator.destroySurfaceLocked:882 com.android.server.wm.WindowState.destroyOrSaveSurface:2100 com.android.server.wm.WindowManagerService.tryStartExitingAnimation:3030 com.android.server.wm.WindowManagerService.relayoutWindow:2910 com.android.server.wm.Session.relayout:224 android.view.IWindowSession$Stub.onTransact:286 com.android.server.wm.Session.onTransact:145 
06-16 13:04:11.959 I/org.webrtc.Logging(  743): WebRtcAudioEffectsExternal: ctor@[name=Thread-2, id=36]
06-16 13:04:11.959 I/org.webrtc.Logging(  743): WebRtcAudioRecordExternal: ctor@[name=Thread-2, id=36]
06-16 13:04:11.960 I/org.webrtc.Logging(  743): WebRtcAudioTrackExternal: ctor@[name=Thread-2, id=36]
06-16 13:04:11.960 I/MediaPlayerService(  277): MediaPlayerService::getOMX
06-16 13:04:11.960 I/OMXClient(  277): MuxOMX ctor
06-16 13:04:11.960 I/OMXMaster(  274): makeComponentInstance(OMX.google.flac.decoder) in mediacodec process
06-16 13:04:11.960 E/OMX     (  274): FAILED to allocate omx component 'OMX.google.flac.decoder' err=InvalidComponentName(0x80001002)
06-16 13:04:11.960 I/MediaPlayerService(  277): MediaPlayerService::getOMX
06-16 13:04:11.960 I/OMXClient(  277): MuxOMX ctor
06-16 13:04:11.960 I/OMXMaster(  274): makeComponentInstance(OMX.google.mp2.decoder) in mediacodec process
06-16 13:04:11.960 E/OMX     (  274): FAILED to allocate omx component 'OMX.google.mp2.decoder' err=InvalidComponentName(0x80001002)
06-16 13:04:11.960 I/MediaPlayerService(  277): MediaPlayerService::getOMX
06-16 13:04:11.960 I/OMXClient(  277): MuxOMX ctor
06-16 13:04:11.960 I/OMXMaster(  274): makeComponentInstance(OMX.google.ac3.decoder) in mediacodec process
06-16 13:04:11.960 E/OMX     (  274): FAILED to allocate omx component 'OMX.google.ac3.decoder' err=InvalidComponentName(0x80001002)
06-16 13:04:11.960 I/MediaPlayerService(  277): MediaPlayerService::getOMX
06-16 13:04:11.961 I/OMXClient(  277): MuxOMX ctor
06-16 13:04:11.961 I/OMXMaster(  274): makeComponentInstance(OMX.ffmpeg.pcm.decoder) in mediacodec process
06-16 13:04:11.962 I/main    (  266): type=1400 audit(0.0:371): avc: denied { write } for path="/dev/socket/zygote" scontext=u:r:zygote:s0 tcontext=u:r:init:s0 tclass=unix_stream_socket permissive=1
06-16 13:04:11.966 I/mediacodec(  274): type=1400 audit(0.0:372): avc: denied { execmod } for path="/system/lib/libavcodec.so" dev="xvda5" ino=2166 scontext=u:r:mediacodec:s0 tcontext=u:object_r:system_file:s0 tclass=file permissive=1
06-16 13:04:11.966 E/linker  (  274): library /system/lib/libavcodec.so with text relocation is whitelisted
06-16 13:04:11.966 W/linker  (  274): /system/lib/libavcodec.so has text relocations. This is wasting memory and prevents security hardening. Please fix.
06-16 13:04:11.966 E/linker  (  274): library /system/lib/libavcodec.so with text relocation is whitelisted
06-16 13:04:11.966 E/linker  (  274): library /system/lib/libswresample.so with text relocation is whitelisted
06-16 13:04:11.966 W/linker  (  274): /system/lib/libswresample.so has text relocations. This is wasting memory and prevents security hardening. Please fix.
06-16 13:04:11.966 E/linker  (  274): library /system/lib/libswresample.so with text relocation is whitelisted
06-16 13:04:11.969 W/ContextImpl(  996): Calling a method in the system process without a qualified user: android.app.ContextImpl.startService:1385 android.content.ContextWrapper.startService:613 com.genymotion.genyd.GenydServiceApp.onCreate:16 android.app.Instrumentation.callApplicationOnCreate:1024 android.app.ActivityThread.handleBindApplication:5361 
06-16 13:04:11.972 I/ActivityManager(  592): Start proc 1074:com.android.keychain/1000 for service com.android.keychain/.KeyChainService
06-16 13:04:11.985 W/System  (  871): ClassLoader referenced unknown path: /system/priv-app/BlockedNumberProvider/lib/x86_64
06-16 13:04:11.987 I/MediaPlayerService(  277): MediaPlayerService::getOMX
06-16 13:04:11.987 I/OMXClient(  277): MuxOMX ctor
06-16 13:04:11.987 I/OMXMaster(  274): makeComponentInstance(OMX.google.h263.decoder) in mediacodec process
06-16 13:04:11.990 I/lmkd    (  260): type=1400 audit(0.0:373): avc: denied { read } for path="socket:[13357]" dev="sockfs" ino=13357 scontext=u:r:lmkd:s0 tcontext=u:r:init:s0 tclass=unix_stream_socket permissive=1
06-16 13:04:12.003 W/art     ( 1074): Unexpected CPU variant for X86 using defaults: x86_64
06-16 13:04:12.006 I/netd    ( 1072): type=1400 audit(0.0:374): avc: denied { write } for path="socket:[14281]" dev="sockfs" ino=14281 scontext=u:r:netd:s0 tcontext=u:r:init:s0 tclass=unix_stream_socket permissive=1
06-16 13:04:12.010 I/wpa_supplicant(  784): type=1400 audit(0.0:375): avc: denied { read } for path="/dev/socket/wpa_wlan0" scontext=u:r:wpa:s0 tcontext=u:r:init:s0 tclass=unix_dgram_socket permissive=1
06-16 13:04:12.010 I/wpa_supplicant(  784): type=1400 audit(0.0:376): avc: denied { getopt } for path="/dev/socket/wpa_wlan0" scontext=u:r:wpa:s0 tcontext=u:r:init:s0 tclass=unix_dgram_socket permissive=1
06-16 13:04:12.010 I/wpa_supplicant(  784): type=1400 audit(0.0:377): avc: denied { ioctl } for path="socket:[13010]" dev="sockfs" ino=13010 ioctlcmd=5411 scontext=u:r:wpa:s0 tcontext=u:r:init:s0 tclass=unix_dgram_socket permissive=1
06-16 13:04:12.010 I/wpa_supplicant(  784): type=1400 audit(0.0:378): avc: denied { write } for path="/dev/socket/wpa_wlan0" scontext=u:r:wpa:s0 tcontext=u:r:init:s0 tclass=unix_dgram_socket permissive=1
06-16 13:04:12.010 I/wpa_supplicant(  784): type=1400 audit(0.0:379): avc: denied { sendto } for path="/data/misc/wifi/sockets/wpa_ctrl_592-1" scontext=u:r:init:s0 tcontext=u:r:system_server:s0 tclass=unix_dgram_socket permissive=1
06-16 13:04:12.010 I/WifiService(  592): WifiService trying to set country code to us with persist set to true
06-16 13:04:12.014 I/audioserver(  268): type=1400 audit(0.0:380): avc: denied { sendto } for path="/dev/socket/logdw" scontext=u:r:audioserver:s0 tcontext=u:r:init:s0 tclass=unix_dgram_socket permissive=1
06-16 13:04:12.016 E/OMXNodeInstance(  274): getExtensionIndex(112000c:google.h263.decoder, OMX.google.android.index.configureVideoTunnelMode) ERROR: UnsupportedIndex(0x8000101a)
06-16 13:04:12.016 W/OMXNodeInstance(  274): [112000c:google.h263.decoder] component does not support metadata mode; using fallback
06-16 13:04:12.018 I/MediaPlayerService(  277): MediaPlayerService::getOMX
06-16 13:04:12.018 I/OMXClient(  277): MuxOMX ctor
06-16 13:04:12.018 I/OMXMaster(  274): makeComponentInstance(OMX.google.h264.decoder) in mediacodec process
06-16 13:04:12.026 I/netd    (  540): type=1400 audit(0.0:381): avc: denied { read } for path="socket:[14281]" dev="sockfs" ino=14281 scontext=u:r:netd:s0 tcontext=u:r:init:s0 tclass=unix_stream_socket permissive=1
06-16 13:04:12.030 I/netd    (  543): type=1400 audit(0.0:382): avc: denied { accept } for path="/dev/socket/fwmarkd" scontext=u:r:netd:s0 tcontext=u:r:init:s0 tclass=unix_stream_socket permissive=1
06-16 13:04:12.030 I/netd    (  543): type=1400 audit(0.0:383): avc: denied { getopt } for path="/dev/socket/fwmarkd" scontext=u:r:netd:s0 tcontext=u:r:init:s0 tclass=unix_stream_socket permissive=1
06-16 13:04:12.085 I/Choreographer(  674): Skipped 38 frames!  The application may be doing too much work on its main thread.
06-16 13:04:12.090 I/Thread-2( 1104): type=1400 audit(0.0:384): avc: denied { write } for name="audio_out" dev="tmpfs" ino=9256 scontext=u:r:system_app:s0 tcontext=u:object_r:socket_device:s0 tclass=sock_file permissive=1
06-16 13:04:12.093 I/genymotion_audio(  268): pcm server connected
06-16 13:04:12.093 I/genymotion_audio(  268): pcm server starting
06-16 13:04:12.121 W/System  ( 1029): ClassLoader referenced unknown path: /system/priv-app/GenymotionAcme/lib/x86_64
06-16 13:04:12.121 W/System  ( 1074): ClassLoader referenced unknown path: /system/app/KeyChain/lib/x86_64
06-16 13:04:12.122 W/System  ( 1056): ClassLoader referenced unknown path: /system/priv-app/Launcher3/lib/x86_64
06-16 13:04:12.310 I/Telephony(  729): PstnIncomingCallNotifier: Unregistering: Handler (com.android.internal.telephony.GsmCdmaPhone) {38146e2}
06-16 13:04:12.311 W/WindowManager(  592): Keyguard drawn timeout. Setting mKeyguardDrawComplete
06-16 13:04:12.351 E/PhoneInterfaceManager(  729): [PhoneIntfMgr] getIccId: No UICC
06-16 13:04:12.371 I/ContactLocale(  871): AddressBook Labels [[en_US]]: [, A, B, C, D, E, F, G, H, I, J, K, L, M, N, O, P, Q, R, S, T, U, V, W, X, Y, Z, , , , , , , , , , , , , , , , , , , , , , , , , , , , , , , , , , , , , , , , , , , , , , , , , , , , , , , , , , , , , , , , , , , , , , , , , , , , , , , , , , , , , , , , , , , , , , , , , , , , , , , , , , , , , , , , , , , , , , , , , , , , , , , , , , , , , , , , , , , , , , , , , , , , , , , , , , , , , , , , , , , , , , , , , , , , , , , , , , , , , , , , , , , #, ]
06-16 13:04:12.382 W/ACodec  (  277): [OMX.google.h264.decoder] stopping checking profiles after 32: 2/8000
06-16 13:04:12.382 E/OMXNodeInstance(  274): getExtensionIndex(112000d:google.h264.decoder, OMX.google.android.index.configureVideoTunnelMode) ERROR: UnsupportedIndex(0x8000101a)
06-16 13:04:12.382 W/OMXNodeInstance(  274): [112000d:google.h264.decoder] component does not support metadata mode; using fallback
06-16 13:04:12.383 I/MediaPlayerService(  277): MediaPlayerService::getOMX
06-16 13:04:12.384 I/OMXClient(  277): MuxOMX ctor
06-16 13:04:12.384 I/OMXMaster(  274): makeComponentInstance(OMX.google.vp8.decoder) in mediacodec process
06-16 13:04:12.432 I/Telecom (  592): PhoneAccountRegistrar: [ComponentInfo{com.android.phone/com.android.services.telephony.TelephonyConnectionService}, [e0184adedf913b076626646d3f52c3b49c39ad6d], UserHandle{0}(icon: Icon(typ=BITMAP size=19x24) -> Icon(typ=BITMAP size=19x24))]: TSI.rPA@AAo
06-16 13:04:12.432 I/Telecom (  592): : Sending phone-account registered intent as user: TSI.rPA@AAo
06-16 13:04:12.434 I/StatusBarManagerService(  592): registerStatusBar bar=com.android.internal.statusbar.IStatusBar$Stub$Proxy@6c2eaf0
06-16 13:04:12.452 I/Telephony(  729): AccountEntry: Registered phoneAccount: [[ ] PhoneAccount: ComponentInfo{com.android.phone/com.android.services.telephony.TelephonyConnectionService}, [e0184adedf913b076626646d3f52c3b49c39ad6d], UserHandle{0} Capabilities: CallProvider MultiUser PlaceEmerg SimSub  Schemes: tel voicemail  Extras: null] with handle: ComponentInfo{com.android.phone/com.android.services.telephony.TelephonyConnectionService}, [e0184adedf913b076626646d3f52c3b49c39ad6d], UserHandle{0}
06-16 13:04:12.452 I/Telephony(  729): PstnIncomingCallNotifier: Registering: Handler (com.android.internal.telephony.GsmCdmaPhone) {38146e2}
06-16 13:04:12.465 I/GnssLocationProvider(  592): WakeLock released by handleMessage(12, 0, null)
06-16 13:04:12.465 W/LocationProviderProxy-network(  592): Odd, no component found for service com.android.location.service.v3.NetworkLocationProvider
06-16 13:04:12.466 W/GeocoderProxy(  592): Odd, no component found for service com.android.location.service.GeocodeProvider
06-16 13:04:12.466 W/GeofenceProxy(  592): Odd, no component found for service com.android.location.service.GeofenceProvider
06-16 13:04:12.466 W/ActivityRecognitionProxy(  592): Odd, no component found for service com.android.location.service.ActivityRecognitionProvider
06-16 13:04:12.473 I/LatinIME:LogUtils(  665): Dictionary info: dictionary = UserHistoryDictionary.en_US ; version = 1750093452 ; date = ?
06-16 13:04:12.497 I/LatinIME:LogUtils(  665): Dictionary info: dictionary = main:en ; version = 54 ; date = 1414726273
06-16 13:04:12.514 E/OMXNodeInstance(  274): getExtensionIndex(112000e:google.vp8.decoder, OMX.google.android.index.configureVideoTunnelMode) ERROR: UnsupportedIndex(0x8000101a)
06-16 13:04:12.514 W/OMXNodeInstance(  274): [112000e:google.vp8.decoder] component does not support metadata mode; using fallback
06-16 13:04:12.516 I/MediaPlayerService(  277): MediaPlayerService::getOMX
06-16 13:04:12.516 I/OMXClient(  277): MuxOMX ctor
06-16 13:04:12.516 I/OMXMaster(  274): makeComponentInstance(OMX.google.vp9.decoder) in mediacodec process
06-16 13:04:12.546 E/OMXNodeInstance(  274): getExtensionIndex(112000f:google.vp9.decoder, OMX.google.android.index.configureVideoTunnelMode) ERROR: UnsupportedIndex(0x8000101a)
06-16 13:04:12.546 W/OMXNodeInstance(  274): [112000f:google.vp9.decoder] component does not support metadata mode; using fallback
06-16 13:04:12.547 I/MediaPlayerService(  277): MediaPlayerService::getOMX
06-16 13:04:12.547 I/OMXClient(  277): MuxOMX ctor
06-16 13:04:12.547 I/OMXMaster(  274): makeComponentInstance(OMX.google.hevc.decoder) in mediacodec process
06-16 13:04:12.575 I/ActivityManager(  592): Config changes=3 {1.0 310mcc270mnc [en_US] ldltr sw600dp w600dp h952dp 160dpi lrg port -touch qwerty/v/v -nav/h s.6}
06-16 13:04:12.620 E/OMXNodeInstance(  274): getExtensionIndex(1120010:google.hevc.decoder, OMX.google.android.index.configureVideoTunnelMode) ERROR: UnsupportedIndex(0x8000101a)
06-16 13:04:12.620 W/OMXNodeInstance(  274): [1120010:google.hevc.decoder] component does not support metadata mode; using fallback
06-16 13:04:12.622 I/MediaPlayerService(  277): MediaPlayerService::getOMX
06-16 13:04:12.622 I/OMXClient(  277): MuxOMX ctor
06-16 13:04:12.622 I/OMXMaster(  274): makeComponentInstance(OMX.google.mpeg2v.decoder) in mediacodec process
06-16 13:04:12.622 E/OMX     (  274): FAILED to allocate omx component 'OMX.google.mpeg2v.decoder' err=InvalidComponentName(0x80001002)
06-16 13:04:12.622 I/MediaPlayerService(  277): MediaPlayerService::getOMX
06-16 13:04:12.622 I/OMXClient(  277): MuxOMX ctor
06-16 13:04:12.622 I/OMXMaster(  274): makeComponentInstance(OMX.ffmpeg.mpeg4.decoder) in mediacodec process
06-16 13:04:12.629 E/linker  (  274): library /system/lib/libavcodec.so with text relocation is whitelisted
06-16 13:04:12.629 W/linker  (  274): /system/lib/libavcodec.so has text relocations. This is wasting memory and prevents security hardening. Please fix.
06-16 13:04:12.629 E/linker  (  274): library /system/lib/libavcodec.so with text relocation is whitelisted
06-16 13:04:12.630 E/linker  (  274): library /system/lib/libswscale.so with text relocation is whitelisted
06-16 13:04:12.630 W/linker  (  274): /system/lib/libswscale.so has text relocations. This is wasting memory and prevents security hardening. Please fix.
06-16 13:04:12.630 E/linker  (  274): library /system/lib/libswscale.so with text relocation is whitelisted
06-16 13:04:12.645 E/linker  (  274): library /system/lib/libswresample.so with text relocation is whitelisted
06-16 13:04:12.645 W/linker  (  274): /system/lib/libswresample.so has text relocations. This is wasting memory and prevents security hardening. Please fix.
06-16 13:04:12.645 E/linker  (  274): library /system/lib/libswresample.so with text relocation is whitelisted
06-16 13:04:12.652 W/System  (  674): ClassLoader referenced unknown path: 
06-16 13:04:12.661 I/GnssLocationProvider(  592): WakeLock acquired by sendMessage(12, 0, null)
06-16 13:04:12.661 I/GnssLocationProvider(  592): WakeLock released by handleMessage(12, 0, null)
06-16 13:04:12.662 I/Telephony(  729): PstnIncomingCallNotifier: Unregistering: Handler (com.android.internal.telephony.GsmCdmaPhone) {38146e2}
06-16 13:04:12.662 E/PhoneInterfaceManager(  729): [PhoneIntfMgr] getIccId: No UICC
06-16 13:04:12.663 I/Telecom (  592): PhoneAccountRegistrar: [ComponentInfo{com.android.phone/com.android.services.telephony.TelephonyConnectionService}, [e0184adedf913b076626646d3f52c3b49c39ad6d], UserHandle{0}(addr: tel:*********** -> tel:)(icon: Icon(typ=BITMAP size=19x24) -> Icon(typ=BITMAP size=19x24))(subAddr: tel:*********** -> tel:)]: TSI.rPA@AA4
06-16 13:04:12.663 I/Telecom (  592): : Sending phone-account registered intent as user: TSI.rPA@AA4
06-16 13:04:12.663 I/Telephony(  729): AccountEntry: Registered phoneAccount: [[ ] PhoneAccount: ComponentInfo{com.android.phone/com.android.services.telephony.TelephonyConnectionService}, [e0184adedf913b076626646d3f52c3b49c39ad6d], UserHandle{0} Capabilities: CallProvider MultiUser PlaceEmerg SimSub  Schemes: tel voicemail  Extras: null] with handle: ComponentInfo{com.android.phone/com.android.services.telephony.TelephonyConnectionService}, [e0184adedf913b076626646d3f52c3b49c39ad6d], UserHandle{0}
06-16 13:04:12.664 I/Telephony(  729): PstnIncomingCallNotifier: Registering: Handler (com.android.internal.telephony.GsmCdmaPhone) {38146e2}
06-16 13:04:12.665 I/GnssLocationProvider(  592): WakeLock acquired by sendMessage(12, 0, null)
06-16 13:04:12.666 I/GnssLocationProvider(  592): WakeLock released by handleMessage(12, 0, null)
06-16 13:04:12.666 I/Telephony(  729): PstnIncomingCallNotifier: Unregistering: Handler (com.android.internal.telephony.GsmCdmaPhone) {38146e2}
06-16 13:04:12.667 E/PhoneInterfaceManager(  729): [PhoneIntfMgr] getIccId: No UICC
06-16 13:04:12.667 I/Telecom (  592): PhoneAccountRegistrar: [ComponentInfo{com.android.phone/com.android.services.telephony.TelephonyConnectionService}, [e0184adedf913b076626646d3f52c3b49c39ad6d], UserHandle{0}(icon: Icon(typ=BITMAP size=19x24) -> Icon(typ=BITMAP size=19x24))]: TSI.rPA@ABI
06-16 13:04:12.667 I/Telecom (  592): : Sending phone-account registered intent as user: TSI.rPA@ABI
06-16 13:04:12.668 I/Telephony(  729): AccountEntry: Registered phoneAccount: [[ ] PhoneAccount: ComponentInfo{com.android.phone/com.android.services.telephony.TelephonyConnectionService}, [e0184adedf913b076626646d3f52c3b49c39ad6d], UserHandle{0} Capabilities: CallProvider MultiUser PlaceEmerg SimSub  Schemes: tel voicemail  Extras: null] with handle: ComponentInfo{com.android.phone/com.android.services.telephony.TelephonyConnectionService}, [e0184adedf913b076626646d3f52c3b49c39ad6d], UserHandle{0}
06-16 13:04:12.668 I/Telephony(  729): PstnIncomingCallNotifier: Registering: Handler (com.android.internal.telephony.GsmCdmaPhone) {38146e2}
06-16 13:04:12.696 E/OMXNodeInstance(  274): getParameter(1120011:ffmpeg.mpeg4.decoder, ParamVideoProfileLevelQuerySupported(0x600000f)) ERROR: UnsupportedIndex(0x8000101a)
06-16 13:04:12.696 E/OMXNodeInstance(  274): getExtensionIndex(1120011:ffmpeg.mpeg4.decoder, OMX.google.android.index.configureVideoTunnelMode) ERROR: UnsupportedIndex(0x8000101a)
06-16 13:04:12.696 W/OMXNodeInstance(  274): [1120011:ffmpeg.mpeg4.decoder] component does not support metadata mode; using fallback
06-16 13:04:12.696 E/OMXNodeInstance(  274): getExtensionIndex(1120011:ffmpeg.mpeg4.decoder, OMX.google.android.index.prepareForAdaptivePlayback) ERROR: UnsupportedIndex(0x8000101a)
06-16 13:04:12.708 I/ActivityManager(  592): Start proc 1181:android.process.media/u0a10 for broadcast com.android.providers.downloads/.DownloadReceiver
06-16 13:04:12.725 I/MediaPlayerService(  277): MediaPlayerService::getOMX
06-16 13:04:12.726 I/OMXClient(  277): MuxOMX ctor
06-16 13:04:12.726 I/OMXMaster(  274): makeComponentInstance(OMX.google.aac.encoder) in mediacodec process
06-16 13:04:12.728 W/art     ( 1181): Unexpected CPU variant for X86 using defaults: x86_64
06-16 13:04:12.734 E/AcmeService( 1029): Failed to parse userdata json
06-16 13:04:12.734 E/AcmeService( 1029): org.json.JSONException: End of input at character 0 of 
06-16 13:04:12.734 E/AcmeService( 1029): 	at org.json.JSONTokener.syntaxError(JSONTokener.java:449)
06-16 13:04:12.734 E/AcmeService( 1029): 	at org.json.JSONTokener.nextValue(JSONTokener.java:97)
06-16 13:04:12.734 E/AcmeService( 1029): 	at org.json.JSONObject.<init>(JSONObject.java:156)
06-16 13:04:12.734 E/AcmeService( 1029): 	at org.json.JSONObject.<init>(JSONObject.java:173)
06-16 13:04:12.734 E/AcmeService( 1029): 	at com.genymobile.genymotionacme.AcmeService.grabDomainNamesJsonFromUserData(AcmeService.java:308)
06-16 13:04:12.734 E/AcmeService( 1029): 	at com.genymobile.genymotionacme.AcmeService.grabDomainNamesJson(AcmeService.java:268)
06-16 13:04:12.734 E/AcmeService( 1029): 	at com.genymobile.genymotionacme.AcmeService.onHandleIntent(AcmeService.java:94)
06-16 13:04:12.734 E/AcmeService( 1029): 	at android.app.IntentService$ServiceHandler.handleMessage(IntentService.java:67)
06-16 13:04:12.734 E/AcmeService( 1029): 	at android.os.Handler.dispatchMessage(Handler.java:102)
06-16 13:04:12.734 E/AcmeService( 1029): 	at android.os.Looper.loop(Looper.java:154)
06-16 13:04:12.734 E/AcmeService( 1029): 	at android.os.HandlerThread.run(HandlerThread.java:61)
06-16 13:04:12.741 I/WindowManager(  592): Destroying surface Surface(name=Android is starting) called by com.android.server.wm.WindowStateAnimator.destroySurface:2016 com.android.server.wm.WindowStateAnimator.destroySurfaceLocked:882 com.android.server.wm.WindowState.destroyOrSaveSurface:2100 com.android.server.wm.WindowSurfacePlacer.performSurfacePlacementInner:429 com.android.server.wm.WindowSurfacePlacer.performSurfacePlacementLoop:232 com.android.server.wm.WindowSurfacePlacer.performSurfacePlacement:180 com.android.server.wm.WindowManagerService$H.handleMessage:8092 android.os.Handler.dispatchMessage:102 
06-16 13:04:12.748 I/GnssLocationProvider(  592): WakeLock acquired by sendMessage(12, 0, null)
06-16 13:04:12.759 I/MediaPlayerService(  277): MediaPlayerService::getOMX
06-16 13:04:12.759 I/OMXClient(  277): MuxOMX ctor
06-16 13:04:12.759 I/OMXMaster(  274): makeComponentInstance(OMX.google.amrnb.encoder) in mediacodec process
06-16 13:04:12.761 W/System  ( 1181): ClassLoader referenced unknown path: /system/priv-app/DownloadProvider/lib/x86_64
06-16 13:04:12.764 I/MediaPlayerService(  277): MediaPlayerService::getOMX
06-16 13:04:12.764 I/OMXClient(  277): MuxOMX ctor
06-16 13:04:12.764 I/OMXMaster(  274): makeComponentInstance(OMX.google.amrwb.encoder) in mediacodec process
06-16 13:04:12.778 W/System  ( 1181): ClassLoader referenced unknown path: /system/priv-app/MediaProvider/lib/x86_64
06-16 13:04:12.791 I/MediaPlayerService(  277): MediaPlayerService::getOMX
06-16 13:04:12.791 I/OMXClient(  277): MuxOMX ctor
06-16 13:04:12.791 I/OMXMaster(  274): makeComponentInstance(OMX.google.h263.encoder) in mediacodec process
06-16 13:04:12.796 E/BluetoothAdapter(  674): Bluetooth binder is null
06-16 13:04:12.816 E/GnssLocationProvider(  592): no AGPS interface in set_agps_server
06-16 13:04:12.816 I/GnssLocationProvider(  592): WakeLock released by handleMessage(12, 0, null)
06-16 13:04:12.820 I/CameraManagerGlobal(  674): Connecting to camera service
06-16 13:04:12.821 I/CameraService(  269): getCameraCharacteristics: Switching to HAL1 shim implementation...
06-16 13:04:12.821 I/CameraService(  269): CameraService::connect call (PID -1 "cameraserver", camera ID 0) for HAL version default and Camera API version 1
06-16 13:04:12.821 E/CameraService(  269): getCameraPriorityFromProcState: Received invalid process state -1 from ActivityManagerService!
06-16 13:04:12.824 E/linker  (  277): library /system/lib/libavcodec.so with text relocation is whitelisted
06-16 13:04:12.824 W/linker  (  277): /system/lib/libavcodec.so has text relocations. This is wasting memory and prevents security hardening. Please fix.
06-16 13:04:12.824 E/linker  (  277): library /system/lib/libavcodec.so with text relocation is whitelisted
06-16 13:04:12.825 E/linker  (  277): library /system/lib/libswresample.so with text relocation is whitelisted
06-16 13:04:12.825 W/linker  (  277): /system/lib/libswresample.so has text relocations. This is wasting memory and prevents security hardening. Please fix.
06-16 13:04:12.825 E/linker  (  277): library /system/lib/libswresample.so with text relocation is whitelisted
06-16 13:04:12.826 I/SoftMPEG4Encoder(  274): Construct SoftMPEG4Encoder
06-16 13:04:12.826 E/WVMExtractor(  277): Failed to open libwvm.so: dlopen failed: library "libwvm.so" not found
06-16 13:04:12.827 W/ACodec  (  277): do not know color format 0x7f000789 = 2130708361
06-16 13:04:12.828 E/OMXNodeInstance(  274): getConfig(1120015:google.h263.encoder, ConfigAndroidIntraRefresh(0x6f60000a)) ERROR: Undefined(0x80001001)
06-16 13:04:12.828 I/MediaPlayerService(  277): MediaPlayerService::getOMX
06-16 13:04:12.828 I/OMXClient(  277): MuxOMX ctor
06-16 13:04:12.828 I/OMXMaster(  274): makeComponentInstance(OMX.google.h264.encoder) in mediacodec process
06-16 13:04:12.829 I/FFmpegExtractor(  276): android-source:0xea9e2400
06-16 13:04:12.830 I/FFMPEG  (  276): Input #0, ogg, from 'android-source:0xea9e2400':
06-16 13:04:12.830 I/FFMPEG  (  276):   Duration: 00:00:00.42, start: 0.000000, bitrate: 113 kb/s
06-16 13:04:12.830 I/FFMPEG  (  276):     Stream #0:0: Audio: vorbis, 48000 Hz, mono, fltp, 48 kb/s
06-16 13:04:12.830 I/FFMPEG  (  276):     Metadata:
06-16 13:04:12.830 I/FFMPEG  (  276):       TITLE           : Camera Shutter
06-16 13:04:12.830 I/FFMPEG  (  276):       ARTIST          : (c) 2012 Android Open Source Project
06-16 13:04:12.830 I/FFmpegExtractor(  276): FFmpegExtrator, url: android-source:0xea9e2400, format_name: ogg, format_long_name: Ogg
06-16 13:04:12.830 I/FFmpegExtractor(  276): list the formats suppoted by ffmpeg: 
06-16 13:04:12.830 I/FFmpegExtractor(  276): ========================================
06-16 13:04:12.830 I/FFmpegExtractor(  276): ========================================
06-16 13:04:12.830 I/FFmpegExtractor(  276): adjust mime(application/ogg -> audio/vorbis)
06-16 13:04:12.830 I/FFmpegExtractor(  276): sniff through BetterSniffFFMPEG success
06-16 13:04:12.837 W/System  ( 1056): ClassLoader referenced unknown path: 
06-16 13:04:12.837 W/System  ( 1056): ClassLoader referenced unknown path: /system/app/QuickSearchBox/lib/x86_64
06-16 13:04:12.843 I/GnssLocationProvider(  592): WakeLock acquired by sendMessage(12, 0, null)
06-16 13:04:12.843 E/GnssLocationProvider(  592): no AGPS interface in set_agps_server
06-16 13:04:12.843 I/GnssLocationProvider(  592): WakeLock released by handleMessage(12, 0, null)
06-16 13:04:12.844 I/FFmpegExtractor(  276): android-source:0xe919b400
06-16 13:04:12.846 I/FFMPEG  (  276): Input #0, ogg, from 'android-source:0xe919b400':
06-16 13:04:12.846 I/FFMPEG  (  276):   Duration: 00:00:00.54, start: 0.000000, bitrate: 95 kb/s
06-16 13:04:12.846 I/FFMPEG  (  276):     Stream #0:0: Audio: vorbis, 48000 Hz, mono, fltp, 48 kb/s
06-16 13:04:12.846 I/FFMPEG  (  276):     Metadata:
06-16 13:04:12.846 I/FFMPEG  (  276):       TITLE           : Video Record
06-16 13:04:12.846 I/FFMPEG  (  276):       ARTIST          : (c) 2012 Android Open Source Project
06-16 13:04:12.846 I/FFmpegExtractor(  276): FFmpegExtrator, url: android-source:0xe919b400, format_name: ogg, format_long_name: Ogg
06-16 13:04:12.846 I/FFmpegExtractor(  276): list the formats suppoted by ffmpeg: 
06-16 13:04:12.846 I/FFmpegExtractor(  276): ========================================
06-16 13:04:12.846 I/FFmpegExtractor(  276): ========================================
06-16 13:04:12.846 I/FFmpegExtractor(  276): adjust mime(application/ogg -> audio/vorbis)
06-16 13:04:12.846 I/FFmpegExtractor(  276): sniff through BetterSniffFFMPEG success
06-16 13:04:12.848 W/ACodec  (  277): do not know color format 0x7f000789 = 2130708361
06-16 13:04:12.849 I/MediaPlayerService(  277): MediaPlayerService::getOMX
06-16 13:04:12.849 I/OMXClient(  277): MuxOMX ctor
06-16 13:04:12.849 I/OMXMaster(  274): makeComponentInstance(OMX.google.mpeg4.encoder) in mediacodec process
06-16 13:04:12.858 I/system_server(  592): type=1400 audit(0.0:406): avc: denied { sendto } for path="/dev/socket/logdw" scontext=u:r:system_server:s0 tcontext=u:r:init:s0 tclass=unix_dgram_socket permissive=1
06-16 13:04:12.860 I/GnssLocationProvider(  592): WakeLock acquired by sendMessage(12, 0, null)
06-16 13:04:12.867 I/SoftMPEG4Encoder(  274): Construct SoftMPEG4Encoder
06-16 13:04:12.873 I/FFmpegExtractor(  276): android-source:0xea9dca00
06-16 13:04:12.878 I/FFMPEG  (  276): Input #0, ogg, from 'android-source:0xea9dca00':
06-16 13:04:12.879 I/FFMPEG  (  276):   Duration: 00:00:00.51, start: 0.000000, bitrate: 101 kb/s
06-16 13:04:12.879 I/FFMPEG  (  276):     Stream #0:0: Audio: vorbis, 48000 Hz, mono, fltp, 48 kb/s
06-16 13:04:12.879 I/FFMPEG  (  276):     Metadata:
06-16 13:04:12.879 I/FFMPEG  (  276):       TITLE           : Video Stop
06-16 13:04:12.879 I/FFMPEG  (  276):       ARTIST          : (c) 2012 Android Open Source Project
06-16 13:04:12.879 I/FFmpegExtractor(  276): FFmpegExtrator, url: android-source:0xea9dca00, format_name: ogg, format_long_name: Ogg
06-16 13:04:12.879 I/FFmpegExtractor(  276): list the formats suppoted by ffmpeg: 
06-16 13:04:12.879 I/FFmpegExtractor(  276): ========================================
06-16 13:04:12.879 I/FFmpegExtractor(  276): ========================================
06-16 13:04:12.879 I/FFmpegExtractor(  276): adjust mime(application/ogg -> audio/vorbis)
06-16 13:04:12.879 I/FFmpegExtractor(  276): sniff through BetterSniffFFMPEG success
06-16 13:04:12.894 I/cameraserver(  269): type=1400 audit(0.0:407): avc: denied { sendto } for path="/dev/socket/logdw" scontext=u:r:cameraserver:s0 tcontext=u:r:init:s0 tclass=unix_dgram_socket permissive=1
06-16 13:04:12.895 W/ACodec  (  277): do not know color format 0x7f000789 = 2130708361
06-16 13:04:12.896 I/CameraFlashlight(  269): Opening camera 0
06-16 13:04:12.896 E/GnssLocationProvider(  592): no AGPS interface in set_agps_server
06-16 13:04:12.896 E/OMXNodeInstance(  274): getConfig(1120017:google.mpeg4.encoder, ConfigAndroidIntraRefresh(0x6f60000a)) ERROR: Undefined(0x80001001)
06-16 13:04:12.896 I/GnssLocationProvider(  592): WakeLock released by handleMessage(12, 0, null)
06-16 13:04:12.898 I/MediaPlayerService(  277): MediaPlayerService::getOMX
06-16 13:04:12.899 I/OMXClient(  277): MuxOMX ctor
06-16 13:04:12.899 I/OMXMaster(  274): makeComponentInstance(OMX.google.flac.encoder) in mediacodec process
06-16 13:04:12.921 I/CameraFlashlight(  269): Destroying camera 0
06-16 13:04:12.922 E/GnssLocationProvider(  592): no AGPS interface in set_agps_server
06-16 13:04:12.926 I/CameraService(  269): disconnect: Disconnected client for camera 0 for PID 269
06-16 13:04:12.929 I/CameraService(  269): getCameraCharacteristics: Switching to HAL1 shim implementation...
06-16 13:04:12.929 I/CameraService(  269): CameraService::connect call (PID -1 "cameraserver", camera ID 1) for HAL version default and Camera API version 1
06-16 13:04:12.929 E/CameraService(  269): getCameraPriorityFromProcState: Received invalid process state -1 from ActivityManagerService!
06-16 13:04:12.929 I/Telephony(  729): PstnIncomingCallNotifier: Unregistering: Handler (com.android.internal.telephony.GsmCdmaPhone) {38146e2}
06-16 13:04:12.940 I/MediaPlayerService(  277): MediaPlayerService::getOMX
06-16 13:04:12.944 I/OMXClient(  277): MuxOMX ctor
06-16 13:04:12.944 I/OMXMaster(  274): makeComponentInstance(OMX.google.vp8.encoder) in mediacodec process
06-16 13:04:12.945 I/FFmpegExtractor(  276): android-source:0xe919e600
06-16 13:04:12.946 I/Telecom (  592): PhoneAccountRegistrar: New phone account registered: [[ ] PhoneAccount: ComponentInfo{com.android.phone/com.android.services.telephony.TelephonyConnectionService}, [5fef04621e9a9b41849c3df35e75799299008300], UserHandle{0} Capabilities: CallProvider MultiUser PlaceEmerg SimSub  Schemes: tel voicemail  Extras: null]: TSI.rPA@ABY
06-16 13:04:12.946 I/Telecom (  592): : Sending phone-account registered intent as user: TSI.rPA@ABY
06-16 13:04:12.947 I/FFMPEG  (  276): Input #0, ogg, from 'android-source:0xe919e600':
06-16 13:04:12.947 I/FFMPEG  (  276):   Duration: 00:00:00.42, start: 0.000000, bitrate: 113 kb/s
06-16 13:04:12.947 I/FFMPEG  (  276):     Stream #0:0: Audio: vorbis, 48000 Hz, mono, fltp, 48 kb/s
06-16 13:04:12.947 I/FFMPEG  (  276):     Metadata:
06-16 13:04:12.947 I/FFMPEG  (  276):       TITLE           : Camera Shutter
06-16 13:04:12.947 I/FFMPEG  (  276):       ARTIST          : (c) 2012 Android Open Source Project
06-16 13:04:12.947 I/FFmpegExtractor(  276): FFmpegExtrator, url: android-source:0xe919e600, format_name: ogg, format_long_name: Ogg
06-16 13:04:12.947 I/FFmpegExtractor(  276): list the formats suppoted by ffmpeg: 
06-16 13:04:12.947 I/FFmpegExtractor(  276): ========================================
06-16 13:04:12.947 I/Telephony(  729): AccountEntry: Registered phoneAccount: [[ ] PhoneAccount: ComponentInfo{com.android.phone/com.android.services.telephony.TelephonyConnectionService}, [5fef04621e9a9b41849c3df35e75799299008300], UserHandle{0} Capabilities: CallProvider MultiUser PlaceEmerg SimSub  Schemes: tel voicemail  Extras: null] with handle: ComponentInfo{com.android.phone/com.android.services.telephony.TelephonyConnectionService}, [5fef04621e9a9b41849c3df35e75799299008300], UserHandle{0}
06-16 13:04:12.947 I/Telephony(  729): PstnIncomingCallNotifier: Registering: Handler (com.android.internal.telephony.GsmCdmaPhone) {38146e2}
06-16 13:04:12.947 I/FFmpegExtractor(  276): ========================================
06-16 13:04:12.947 I/FFmpegExtractor(  276): adjust mime(application/ogg -> audio/vorbis)
06-16 13:04:12.947 I/FFmpegExtractor(  276): sniff through BetterSniffFFMPEG success
06-16 13:04:12.948 I/Telephony(  729): TelecomAccountRegistry: Unregistering phone account ComponentInfo{com.android.phone/com.android.services.telephony.TelephonyConnectionService}, [e0184adedf913b076626646d3f52c3b49c39ad6d], UserHandle{0}.
06-16 13:04:12.948 I/Telecom (  592): : Sending phone-account unregistered intent as user: TSI.uPA@ABg
06-16 13:04:12.961 W/ACodec  (  277): do not know color format 0x7f000789 = 2130708361
06-16 13:04:12.962 E/OMXNodeInstance(  274): getConfig(1120019:google.vp8.encoder, ConfigAndroidIntraRefresh(0x6f60000a)) ERROR: Undefined(0x80001001)
06-16 13:04:12.963 I/MediaPlayerService(  277): MediaPlayerService::getOMX
06-16 13:04:12.964 I/OMXClient(  277): MuxOMX ctor
06-16 13:04:12.964 W/MediaCodecList(  277): unable to open media codecs configuration xml file: /etc/media_codecs_performance.xml
06-16 13:04:12.964 I/MediaPlayerService(  277): MediaPlayerService::getOMX
06-16 13:04:12.964 I/OMXClient(  277): MuxOMX ctor
06-16 13:04:12.965 W/MediaCodecList(  277): unable to open media codecs configuration xml file: /data/misc/media/media_codecs_profiling_results.xml
06-16 13:04:12.965 I/MediaPlayerService(  277): MediaPlayerService::getOMX
06-16 13:04:12.966 I/rild    (  285): type=1400 audit(0.0:408): avc: denied { sendto } for path="/dev/socket/logdw" scontext=u:r:rild:s0 tcontext=u:r:init:s0 tclass=unix_dgram_socket permissive=1
06-16 13:04:12.966 I/MediaPlayerService(  277): MediaPlayerService::getOMX
06-16 13:04:12.966 I/OMXClient(  674): MuxOMX ctor
06-16 13:04:12.966 I/OMXClient(  592): MuxOMX ctor
06-16 13:04:12.973 I/OMXMaster(  274): makeComponentInstance(OMX.google.vorbis.decoder) in mediacodec process
06-16 13:04:12.980 W/AudioCapabilities(  743): Unsupported mime audio/x-pcm
06-16 13:04:12.991 I/FFmpegExtractor(  276): android-source:0xea9dca00
06-16 13:04:12.993 I/FFMPEG  (  276): Input #0, ogg, from 'android-source:0xea9dca00':
06-16 13:04:12.993 I/FFMPEG  (  276):   Duration: 00:00:00.54, start: 0.000000, bitrate: 95 kb/s
06-16 13:04:12.993 I/FFMPEG  (  276):     Stream #0:0: Audio: vorbis, 48000 Hz, mono, fltp, 48 kb/s
06-16 13:04:12.993 I/FFMPEG  (  276):     Metadata:
06-16 13:04:12.993 I/FFMPEG  (  276):       TITLE           : Video Record
06-16 13:04:12.993 I/FFMPEG  (  276):       ARTIST          : (c) 2012 Android Open Source Project
06-16 13:04:12.993 I/FFmpegExtractor(  276): FFmpegExtrator, url: android-source:0xea9dca00, format_name: ogg, format_long_name: Ogg
06-16 13:04:12.993 I/FFmpegExtractor(  276): list the formats suppoted by ffmpeg: 
06-16 13:04:12.993 I/FFmpegExtractor(  276): ========================================
06-16 13:04:12.993 I/FFmpegExtractor(  276): ========================================
06-16 13:04:12.993 I/FFmpegExtractor(  276): adjust mime(application/ogg -> audio/vorbis)
06-16 13:04:12.993 I/FFmpegExtractor(  276): sniff through BetterSniffFFMPEG success
06-16 13:04:13.004 I/OMXMaster(  274): makeComponentInstance(OMX.google.vorbis.decoder) in mediacodec process
06-16 13:04:13.012 I/FFmpegExtractor(  276): android-source:0xea9e2400
06-16 13:04:13.013 I/FFMPEG  (  276): Input #0, ogg, from 'android-source:0xea9e2400':
06-16 13:04:13.013 I/FFMPEG  (  276):   Duration: 00:00:00.51, start: 0.000000, bitrate: 101 kb/s
06-16 13:04:13.013 I/FFMPEG  (  276):     Stream #0:0: Audio: vorbis, 48000 Hz, mono, fltp, 48 kb/s
06-16 13:04:13.013 I/FFMPEG  (  276):     Metadata:
06-16 13:04:13.013 I/FFMPEG  (  276):       TITLE           : Video Stop
06-16 13:04:13.013 I/FFMPEG  (  276):       ARTIST          : (c) 2012 Android Open Source Project
06-16 13:04:13.013 I/FFmpegExtractor(  276): FFmpegExtrator, url: android-source:0xea9e2400, format_name: ogg, format_long_name: Ogg
06-16 13:04:13.013 I/FFmpegExtractor(  276): list the formats suppoted by ffmpeg: 
06-16 13:04:13.013 I/FFmpegExtractor(  276): ========================================
06-16 13:04:13.014 I/FFmpegExtractor(  276): ========================================
06-16 13:04:13.014 I/FFmpegExtractor(  276): adjust mime(application/ogg -> audio/vorbis)
06-16 13:04:13.014 I/FFmpegExtractor(  276): sniff through BetterSniffFFMPEG success
06-16 13:04:13.033 I/CameraFlashlight(  269): Opening camera 1
06-16 13:04:13.034 I/m.android.phone(  729): type=1400 audit(0.0:409): avc: denied { sendto } for path="/dev/socket/logdw" scontext=u:r:radio:s0 tcontext=u:r:init:s0 tclass=unix_dgram_socket permissive=1
06-16 13:04:13.034 I/RenderThread( 1219): type=1400 audit(0.0:410): avc: denied { sendto } for path="/dev/socket/logdw" scontext=u:r:priv_app:s0:c512,c768 tcontext=u:r:init:s0 tclass=unix_dgram_socket permissive=1
06-16 13:04:13.034 I/CameraFlashlight(  269): Destroying camera 1
06-16 13:04:13.035 I/OpenGLRenderer( 1056): Initialized EGL, version 1.4
06-16 13:04:13.035 I/CameraService(  269): disconnect: Disconnected client for camera 1 for PID 269
06-16 13:04:13.066 I/VideoCapabilities(  743): Unsupported profile 4 for video/mp4v-es
06-16 13:04:13.077 I/FFmpegExtractor(  276): android-source:0xea9e5600
06-16 13:04:13.078 I/FFMPEG  (  276): Input #0, ogg, from 'android-source:0xea9e5600':
06-16 13:04:13.078 I/FFMPEG  (  276):   Duration: 00:00:00.19, start: 0.000000, bitrate: 332 kb/s
06-16 13:04:13.078 I/FFMPEG  (  276):     Stream #0:0: Audio: vorbis, 44100 Hz, stereo, fltp, 160 kb/s
06-16 13:04:13.078 I/FFmpegExtractor(  276): FFmpegExtrator, url: android-source:0xea9e5600, format_name: ogg, format_long_name: Ogg
06-16 13:04:13.078 I/FFmpegExtractor(  276): list the formats suppoted by ffmpeg: 
06-16 13:04:13.078 I/FFmpegExtractor(  276): ========================================
06-16 13:04:13.078 I/FFmpegExtractor(  276): ========================================
06-16 13:04:13.078 I/FFmpegExtractor(  276): adjust mime(application/ogg -> audio/vorbis)
06-16 13:04:13.078 I/FFmpegExtractor(  276): sniff through BetterSniffFFMPEG success
06-16 13:04:13.086 I/genybaseband(  571): type=1400 audit(0.0:411): avc: denied { sendto } for path="/dev/socket/logdw" scontext=u:r:logwrapper:s0 tcontext=u:r:init:s0 tclass=unix_dgram_socket permissive=1
06-16 13:04:13.086 I/wpa_supplicant(  784): type=1400 audit(0.0:412): avc: denied { read } for path="/dev/socket/wpa_wlan0" scontext=u:r:wpa:s0 tcontext=u:r:init:s0 tclass=unix_dgram_socket permissive=1
06-16 13:04:13.086 I/wpa_supplicant(  784): type=1400 audit(0.0:413): avc: denied { getopt } for path="/dev/socket/wpa_wlan0" scontext=u:r:wpa:s0 tcontext=u:r:init:s0 tclass=unix_dgram_socket permissive=1
06-16 13:04:13.086 I/wpa_supplicant(  784): type=1400 audit(0.0:414): avc: denied { ioctl } for path="socket:[13010]" dev="sockfs" ino=13010 ioctlcmd=5411 scontext=u:r:wpa:s0 tcontext=u:r:init:s0 tclass=unix_dgram_socket permissive=1
06-16 13:04:13.086 I/wpa_supplicant(  784): type=1400 audit(0.0:415): avc: denied { write } for path="/dev/socket/wpa_wlan0" scontext=u:r:wpa:s0 tcontext=u:r:init:s0 tclass=unix_dgram_socket permissive=1
06-16 13:04:13.096 I/art     (  592): Background sticky concurrent mark sweep GC freed 26085(2MB) AllocSpace objects, 15(428KB) LOS objects, 26% free, 8MB/11MB, paused 30.620ms total 67.856ms
06-16 13:04:13.118 I/ndroid.systemui(  674): type=1400 audit(0.0:416): avc: denied { sendto } for path="/dev/socket/logdw" scontext=u:r:platform_app:s0:c512,c768 tcontext=u:r:init:s0 tclass=unix_dgram_socket permissive=1
06-16 13:04:13.118 I/StatusBar(  674): isKeyguardShowing() called before startKeyguard(), returning true
06-16 13:04:13.118 W/StatusBar(  674): isKeyguardSecure() called before startKeyguard(), returning false
06-16 13:04:13.118 W/StatusBar(  674): java.lang.Throwable
06-16 13:04:13.118 W/StatusBar(  674): 	at com.android.systemui.statusbar.BaseStatusBar.isKeyguardSecure(BaseStatusBar.java:2609)
06-16 13:04:13.118 W/StatusBar(  674): 	at com.android.systemui.statusbar.BaseStatusBar.isCameraAllowedByAdmin(BaseStatusBar.java:2632)
06-16 13:04:13.118 W/StatusBar(  674): 	at com.android.systemui.statusbar.phone.KeyguardBottomAreaView.updateCameraVisibility(KeyguardBottomAreaView.java:302)
06-16 13:04:13.118 W/StatusBar(  674): 	at com.android.systemui.statusbar.phone.KeyguardBottomAreaView.setPhoneStatusBar(KeyguardBottomAreaView.java:269)
06-16 13:04:13.118 W/StatusBar(  674): 	at com.android.systemui.statusbar.phone.PhoneStatusBar.makeStatusBarView(PhoneStatusBar.java:874)
06-16 13:04:13.118 W/StatusBar(  674): 	at com.android.systemui.statusbar.phone.PhoneStatusBar.addStatusBarWindow(PhoneStatusBar.java:3248)
06-16 13:04:13.118 W/StatusBar(  674): 	at com.android.systemui.statusbar.phone.PhoneStatusBar.createAndAddWindows(PhoneStatusBar.java:3244)
06-16 13:04:13.118 W/StatusBar(  674): 	at com.android.systemui.statusbar.BaseStatusBar.start(BaseStatusBar.java:752)
06-16 13:04:13.118 W/StatusBar(  674): 	at com.android.systemui.statusbar.phone.PhoneStatusBar.start(PhoneStatusBar.java:657)
06-16 13:04:13.118 W/StatusBar(  674): 	at com.android.systemui.statusbar.SystemBars.createStatusBarFromConfig(SystemBars.java:106)
06-16 13:04:13.118 W/StatusBar(  674): 	at com.android.systemui.statusbar.SystemBars.onNoService(SystemBars.java:58)
06-16 13:04:13.118 W/StatusBar(  674): 	at com.android.systemui.statusbar.ServiceMonitor.startService(ServiceMonitor.java:230)
06-16 13:04:13.118 W/StatusBar(  674): 	at com.android.systemui.statusbar.ServiceMonitor.-wrap5(ServiceMonitor.java)
06-16 13:04:13.118 W/StatusBar(  674): 	at com.android.systemui.statusbar.ServiceMonitor$1.handleMessage(ServiceMonitor.java:73)
06-16 13:04:13.118 W/StatusBar(  674): 	at android.os.Handler.dispatchMessage(Handler.java:102)
06-16 13:04:13.118 W/StatusBar(  674): 	at android.os.Looper.loop(Looper.java:154)
06-16 13:04:13.118 W/StatusBar(  674): 	at android.app.ActivityThread.main(ActivityThread.java:6077)
06-16 13:04:13.118 W/StatusBar(  674): 	at java.lang.reflect.Method.invoke(Native Method)
06-16 13:04:13.118 W/StatusBar(  674): 	at com.android.internal.os.ZygoteInit$MethodAndArgsCaller.run(ZygoteInit.java:865)
06-16 13:04:13.118 W/StatusBar(  674): 	at com.android.internal.os.ZygoteInit.main(ZygoteInit.java:755)
06-16 13:04:13.138 I/MediaPlayerService(  277): MediaPlayerService::getOMX
06-16 13:04:13.162 I/StatusBar(  674): isKeyguardShowing() called before startKeyguard(), returning true
06-16 13:04:13.162 W/StatusBar(  674): isKeyguardSecure() called before startKeyguard(), returning false
06-16 13:04:13.162 W/StatusBar(  674): java.lang.Throwable
06-16 13:04:13.162 W/StatusBar(  674): 	at com.android.systemui.statusbar.BaseStatusBar.isKeyguardSecure(BaseStatusBar.java:2609)
06-16 13:04:13.162 W/StatusBar(  674): 	at com.android.systemui.statusbar.BaseStatusBar.isCameraAllowedByAdmin(BaseStatusBar.java:2632)
06-16 13:04:13.162 W/StatusBar(  674): 	at com.android.systemui.statusbar.phone.KeyguardBottomAreaView.updateCameraVisibility(KeyguardBottomAreaView.java:302)
06-16 13:04:13.162 W/StatusBar(  674): 	at com.android.systemui.statusbar.phone.KeyguardBottomAreaView.setUserSetupComplete(KeyguardBottomAreaView.java:274)
06-16 13:04:13.162 W/StatusBar(  674): 	at com.android.systemui.statusbar.phone.PhoneStatusBar.makeStatusBarView(PhoneStatusBar.java:875)
06-16 13:04:13.162 W/StatusBar(  674): 	at com.android.systemui.statusbar.phone.PhoneStatusBar.addStatusBarWindow(PhoneStatusBar.java:3248)
06-16 13:04:13.162 W/StatusBar(  674): 	at com.android.systemui.statusbar.phone.PhoneStatusBar.createAndAddWindows(PhoneStatusBar.java:3244)
06-16 13:04:13.162 W/StatusBar(  674): 	at com.android.systemui.statusbar.BaseStatusBar.start(BaseStatusBar.java:752)
06-16 13:04:13.162 W/StatusBar(  674): 	at com.android.systemui.statusbar.phone.PhoneStatusBar.start(PhoneStatusBar.java:657)
06-16 13:04:13.162 W/StatusBar(  674): 	at com.android.systemui.statusbar.SystemBars.createStatusBarFromConfig(SystemBars.java:106)
06-16 13:04:13.162 W/StatusBar(  674): 	at com.android.systemui.statusbar.SystemBars.onNoService(SystemBars.java:58)
06-16 13:04:13.162 W/StatusBar(  674): 	at com.android.systemui.statusbar.ServiceMonitor.startService(ServiceMonitor.java:230)
06-16 13:04:13.162 W/StatusBar(  674): 	at com.android.systemui.statusbar.ServiceMonitor.-wrap5(ServiceMonitor.java)
06-16 13:04:13.162 W/StatusBar(  674): 	at com.android.systemui.statusbar.ServiceMonitor$1.handleMessage(ServiceMonitor.java:73)
06-16 13:04:13.162 W/StatusBar(  674): 	at android.os.Handler.dispatchMessage(Handler.java:102)
06-16 13:04:13.162 W/StatusBar(  674): 	at android.os.Looper.loop(Looper.java:154)
06-16 13:04:13.162 W/StatusBar(  674): 	at android.app.ActivityThread.main(ActivityThread.java:6077)
06-16 13:04:13.162 W/StatusBar(  674): 	at java.lang.reflect.Method.invoke(Native Method)
06-16 13:04:13.162 W/StatusBar(  674): 	at com.android.internal.os.ZygoteInit$MethodAndArgsCaller.run(ZygoteInit.java:865)
06-16 13:04:13.162 W/StatusBar(  674): 	at com.android.internal.os.ZygoteInit.main(ZygoteInit.java:755)
06-16 13:04:13.163 I/OMXClient(  674): MuxOMX ctor
06-16 13:04:13.164 I/FFmpegExtractor(  276): android-source:0xea9dc000
06-16 13:04:13.166 I/FFMPEG  (  276): Input #0, ogg, from 'android-source:0xea9dc000':
06-16 13:04:13.166 I/FFMPEG  (  276):   Duration: 00:00:00.11, start: 0.000000, bitrate: 431 kb/s
06-16 13:04:13.166 I/FFMPEG  (  276):     Stream #0:0: Audio: vorbis, 48000 Hz, mono, fltp, 140 kb/s
06-16 13:04:13.166 I/FFmpegExtractor(  276): FFmpegExtrator, url: android-source:0xea9dc000, format_name: ogg, format_long_name: Ogg
06-16 13:04:13.166 I/FFmpegExtractor(  276): list the formats suppoted by ffmpeg: 
06-16 13:04:13.166 I/FFmpegExtractor(  276): ========================================
06-16 13:04:13.166 I/FFmpegExtractor(  276): ========================================
06-16 13:04:13.166 I/FFmpegExtractor(  276): adjust mime(application/ogg -> audio/vorbis)
06-16 13:04:13.166 I/FFmpegExtractor(  276): sniff through BetterSniffFFMPEG success
06-16 13:04:13.195 I/org.webrtc.Logging(  743): PeerConnectionFactory: onNetworkThreadReady
06-16 13:04:13.195 I/org.webrtc.Logging(  743): PeerConnectionFactory: onSignalingThreadReady
06-16 13:04:13.195 I/org.webrtc.Logging(  743): PeerConnectionFactory: onWorkerThreadReady
06-16 13:04:13.222 I/OMXMaster(  274): makeComponentInstance(OMX.google.vorbis.decoder) in mediacodec process
06-16 13:04:13.230 I/GnssLocationProvider(  592): WakeLock acquired by sendMessage(12, 0, null)
06-16 13:04:13.230 E/GnssLocationProvider(  592): no AGPS interface in set_agps_server
06-16 13:04:13.231 I/GnssLocationProvider(  592): WakeLock released by handleMessage(12, 0, null)
06-16 13:04:13.239 I/MediaPlayerService(  277): MediaPlayerService::getOMX
06-16 13:04:13.244 I/OMXClient(  592): MuxOMX ctor
06-16 13:04:13.247 I/GnssLocationProvider(  592): WakeLock acquired by sendMessage(12, 0, null)
06-16 13:04:13.248 E/GnssLocationProvider(  592): no AGPS interface in set_agps_server
06-16 13:04:13.248 I/GnssLocationProvider(  592): WakeLock released by handleMessage(12, 0, null)
06-16 13:04:13.251 I/OMXMaster(  274): makeComponentInstance(OMX.google.vorbis.decoder) in mediacodec process
06-16 13:04:13.253 I/org.webrtc.Logging(  743): EglBase14Impl: Using OpenGL ES version 2
06-16 13:04:13.271 I/FFmpegExtractor(  276): android-source:0xe9195000
06-16 13:04:13.272 I/FFMPEG  (  276): Input #0, ogg, from 'android-source:0xe9195000':
06-16 13:04:13.272 I/FFMPEG  (  276):   Duration: 00:00:00.08, start: 0.000000, bitrate: 571 kb/s
06-16 13:04:13.272 I/FFMPEG  (  276):     Stream #0:0: Audio: vorbis, 48000 Hz, stereo, fltp, 160 kb/s
06-16 13:04:13.272 I/FFmpegExtractor(  276): FFmpegExtrator, url: android-source:0xe9195000, format_name: ogg, format_long_name: Ogg
06-16 13:04:13.272 I/FFmpegExtractor(  276): list the formats suppoted by ffmpeg: 
06-16 13:04:13.272 I/FFmpegExtractor(  276): ========================================
06-16 13:04:13.272 I/FFmpegExtractor(  276): ========================================
06-16 13:04:13.272 I/FFmpegExtractor(  276): adjust mime(application/ogg -> audio/vorbis)
06-16 13:04:13.272 I/FFmpegExtractor(  276): sniff through BetterSniffFFMPEG success
06-16 13:04:13.277 I/StatusBar(  674): isKeyguardShowing() called before startKeyguard(), returning true
06-16 13:04:13.277 W/StatusBar(  674): isKeyguardSecure() called before startKeyguard(), returning false
06-16 13:04:13.277 W/StatusBar(  674): java.lang.Throwable
06-16 13:04:13.277 W/StatusBar(  674): 	at com.android.systemui.statusbar.BaseStatusBar.isKeyguardSecure(BaseStatusBar.java:2609)
06-16 13:04:13.277 W/StatusBar(  674): 	at com.android.systemui.statusbar.BaseStatusBar.isCameraAllowedByAdmin(BaseStatusBar.java:2632)
06-16 13:04:13.277 W/StatusBar(  674): 	at com.android.systemui.statusbar.phone.KeyguardBottomAreaView.updateCameraVisibility(KeyguardBottomAreaView.java:302)
