06-16 13:04:10.018 E/WifiLogger(  592): Failed to start packet fate monitoring
06-16 13:04:10.020 I/WifiService(  592): Registering wifi
06-16 13:04:10.023 I/SystemServiceManager(  592): Starting com.android.server.wifi.scanner.WifiScanningService
06-16 13:04:10.023 I/WifiScanningService(  592): Creating wifiscanner
06-16 13:04:10.024 I/WifiScanningService(  592): Publishing wifiscanner
06-16 13:04:10.026 I/SystemServiceManager(  592): Starting com.android.server.wifi.RttService
06-16 13:04:10.026 I/RttService(  592): Creating rttmanager
06-16 13:04:10.028 I/RttService(  592): Starting rttmanager
06-16 13:04:10.028 I/SystemServiceManager(  592): Starting com.android.server.ethernet.EthernetService
06-16 13:04:10.028 I/EthernetServiceImpl(  592): Creating EthernetConfigStore
06-16 13:04:10.029 E/IpConfigStore(  592): Error parsing configuration: java.io.FileNotFoundException: /data/misc/ethernet/ipconfig.txt (No such file or directory)
06-16 13:04:10.029 W/EthernetConfigStore(  592): No Ethernet configuration found. Using default.
06-16 13:04:10.029 I/EthernetServiceImpl(  592): Read stored IP configuration: IP assignment: DHCP
06-16 13:04:10.029 I/EthernetServiceImpl(  592): Proxy settings: NONE
06-16 13:04:10.029 I/EthernetService(  592): Registering service ethernet
06-16 13:04:10.029 I/SystemServer(  592): StartConnectivityService
06-16 13:04:10.058 I/SystemServer(  592): StartNsdService
06-16 13:04:10.059 I/SystemServer(  592): StartUpdateLockService
06-16 13:04:10.060 I/SystemServiceManager(  592): Starting com.android.server.RecoverySystemService
06-16 13:04:10.061 I/SystemServiceManager(  592): Starting com.android.server.notification.NotificationManagerService
06-16 13:04:10.083 I/SystemServiceManager(  592): Starting com.android.server.storage.DeviceStorageMonitorService
06-16 13:04:10.084 I/SystemServer(  592): StartLocationManagerService
06-16 13:04:10.087 I/SystemServer(  592): StartCountryDetectorService
06-16 13:04:10.089 I/SystemServer(  592): StartSearchManagerService
06-16 13:04:10.089 I/SystemServiceManager(  592): Starting com.android.server.search.SearchManagerService$Lifecycle
06-16 13:04:10.089 I/SystemServiceManager(  592): Starting com.android.server.DropBoxManagerService
06-16 13:04:10.090 I/SystemServer(  592): StartWallpaperManagerService
06-16 13:04:10.090 I/SystemServiceManager(  592): Starting com.android.server.wallpaper.WallpaperManagerService$Lifecycle
06-16 13:04:10.090 E/BitmapFactory(  592): Unable to decode stream: java.io.FileNotFoundException: /data/system/users/0/wallpaper_orig (No such file or directory)
06-16 13:04:10.090 E/WallpaperManagerService(  592): Invalid wallpaper data
06-16 13:04:10.090 E/WallpaperManagerService(  592): Unable to apply new wallpaper
06-16 13:04:10.091 I/SystemServer(  592): StartAudioService
06-16 13:04:10.092 I/SystemServiceManager(  592): Starting com.android.server.audio.AudioService$Lifecycle
06-16 13:04:10.096 W/TelecomManager(  592): Telecom Service not found.
06-16 13:04:10.097 W/AudioFlinger(  268): no wake lock to update, system not ready yet
06-16 13:04:10.099 I/SystemServiceManager(  592): Starting com.android.server.DockObserver
06-16 13:04:10.099 W/DockObserver(  592): This kernel does not have dock station support
06-16 13:04:10.100 I/SystemServer(  592): StartWiredAccessoryManager
06-16 13:04:10.100 W/WiredAccessoryManager(  592): This kernel does not have wired headset support
06-16 13:04:10.100 W/WiredAccessoryManager(  592): This kernel does not have usb audio support
06-16 13:04:10.100 W/WiredAccessoryManager(  592): This kernel does not have HDMI audio support
06-16 13:04:10.100 I/SystemServiceManager(  592): Starting com.android.server.usb.UsbService$Lifecycle
06-16 13:04:10.106 E/UsbDeviceManager(  592): failed to write to /sys/class/android_usb/android0/f_rndis/ethaddr
06-16 13:04:10.109 E/UsbDeviceManager(  592): Error initializing UsbHandler
06-16 13:04:10.109 E/UsbDeviceManager(  592): java.io.FileNotFoundException: /sys/class/android_usb/android0/state (No such file or directory)
06-16 13:04:10.109 E/UsbDeviceManager(  592): 	at java.io.FileInputStream.open(Native Method)
06-16 13:04:10.109 E/UsbDeviceManager(  592): 	at java.io.FileInputStream.<init>(FileInputStream.java:146)
06-16 13:04:10.109 E/UsbDeviceManager(  592): 	at android.os.FileUtils.readTextFile(FileUtils.java:263)
06-16 13:04:10.109 E/UsbDeviceManager(  592): 	at com.android.server.usb.UsbDeviceManager$UsbHandler.<init>(UsbDeviceManager.java:352)
06-16 13:04:10.109 E/UsbDeviceManager(  592): 	at com.android.server.usb.UsbDeviceManager.<init>(UsbDeviceManager.java:204)
06-16 13:04:10.109 E/UsbDeviceManager(  592): 	at com.android.server.usb.UsbService.<init>(UsbService.java:116)
06-16 13:04:10.109 E/UsbDeviceManager(  592): 	at com.android.server.usb.UsbService$Lifecycle.onStart(UsbService.java:65)
06-16 13:04:10.109 E/UsbDeviceManager(  592): 	at com.android.server.SystemServiceManager.startService(SystemServiceManager.java:112)
06-16 13:04:10.109 E/UsbDeviceManager(  592): 	at com.android.server.SystemServiceManager.startService(SystemServiceManager.java:66)
06-16 13:04:10.109 E/UsbDeviceManager(  592): 	at com.android.server.SystemServer.startOtherServices(SystemServer.java:971)
06-16 13:04:10.109 E/UsbDeviceManager(  592): 	at com.android.server.SystemServer.run(SystemServer.java:324)
06-16 13:04:10.109 E/UsbDeviceManager(  592): 	at com.android.server.SystemServer.main(SystemServer.java:209)
06-16 13:04:10.109 E/UsbDeviceManager(  592): 	at java.lang.reflect.Method.invoke(Native Method)
06-16 13:04:10.109 E/UsbDeviceManager(  592): 	at com.android.internal.os.ZygoteInit$MethodAndArgsCaller.run(ZygoteInit.java:865)
06-16 13:04:10.109 E/UsbDeviceManager(  592): 	at com.android.internal.os.ZygoteInit.main(ZygoteInit.java:755)
06-16 13:04:10.109 E/UsbDeviceManagerJNI(  592): could not open /dev/usb_accessory
06-16 13:04:10.110 I/SystemServer(  592): StartSerialService
06-16 13:04:10.110 E/HardwarePropertiesManagerService-JNI(  592): Couldn't load thermal module (No such file or directory)
06-16 13:04:10.110 I/SystemServiceManager(  592): Starting com.android.server.twilight.TwilightService
06-16 13:04:10.111 I/SystemServiceManager(  592): Starting com.android.server.job.JobSchedulerService
06-16 13:04:10.112 I/SystemServiceManager(  592): Starting com.android.server.soundtrigger.SoundTriggerService
06-16 13:04:10.113 I/SystemServiceManager(  592): Starting com.android.server.backup.BackupManagerService$Lifecycle
06-16 13:04:10.114 I/SystemServiceManager(  592): Starting com.android.server.appwidget.AppWidgetService
06-16 13:04:10.118 I/SystemServiceManager(  592): Starting com.android.server.voiceinteraction.VoiceInteractionManagerService
06-16 13:04:10.118 I/SystemServer(  592): Gesture Launcher Service
06-16 13:04:10.118 I/SystemServiceManager(  592): Starting com.android.server.GestureLauncherService
06-16 13:04:10.118 I/SystemServiceManager(  592): Starting com.android.server.SensorNotificationService
06-16 13:04:10.118 I/SystemServiceManager(  592): Starting com.android.server.ContextHubSystemService
06-16 13:04:10.120 E/ContextHubService(  592): ** Could not load context_hub module : err No such file or directory
06-16 13:04:10.120 W/ContextHubService(  592): No Context Hub Module present
06-16 13:04:10.120 I/SystemServer(  592): StartDiskStatsService
06-16 13:04:10.120 I/SystemServer(  592): StartSamplingProfilerService
06-16 13:04:10.125 I/SystemServer(  592): StartNetworkTimeUpdateService
06-16 13:04:10.125 I/SystemServer(  592): StartCommonTimeManagementService
06-16 13:04:10.125 I/SystemServer(  592): CertBlacklister
06-16 13:04:10.127 I/SystemServiceManager(  592): Starting com.android.server.dreams.DreamManagerService
06-16 13:04:10.127 I/SystemServer(  592): StartAssetAtlasService
06-16 13:04:10.128 I/SystemServiceManager(  592): Starting com.android.server.print.PrintManagerService
06-16 13:04:10.132 I/SystemServiceManager(  592): Starting com.android.server.restrictions.RestrictionsManagerService
06-16 13:04:10.133 I/SystemServiceManager(  592): Starting com.android.server.media.MediaSessionService
06-16 13:04:10.138 I/SystemServer(  592): StartMediaRouterService
06-16 13:04:10.139 I/SystemServiceManager(  592): Starting com.android.server.trust.TrustManagerService
06-16 13:04:10.140 I/SurfaceFlinger(  265): Boot is finished (19588 ms)
06-16 13:04:10.140 I/SystemServer(  592): StartBackgroundDexOptService
06-16 13:04:10.141 I/SystemServiceManager(  592): Starting com.android.server.pm.ShortcutService$Lifecycle
06-16 13:04:10.144 I/SystemServiceManager(  592): Starting com.android.server.pm.LauncherAppsService
06-16 13:04:10.144 I/SystemServiceManager(  592): Starting com.android.server.media.projection.MediaProjectionManagerService
06-16 13:04:10.148 I/WindowManager(  592): SAFE MODE not enabled
06-16 13:04:10.148 I/SystemServiceManager(  592): Starting com.android.server.MmsServiceBroker
06-16 13:04:10.148 W/VibratorService(  592): Tried to stop vibrating but there is no vibrator device.
06-16 13:04:10.172 E/LockSettingsStorage(  592): Cannot read file java.io.FileNotFoundException: /data/system/gatekeeper.password.key: open failed: ENOENT (No such file or directory)
06-16 13:04:10.172 E/LockSettingsStorage(  592): Cannot read file java.io.FileNotFoundException: /data/system/password.key: open failed: ENOENT (No such file or directory)
06-16 13:04:10.173 E/LockSettingsStorage(  592): Cannot read file java.io.FileNotFoundException: /data/system/gatekeeper.pattern.key: open failed: ENOENT (No such file or directory)
06-16 13:04:10.173 E/LockSettingsStorage(  592): Cannot read file java.io.FileNotFoundException: /data/system/gatekeeper.gesture.key: open failed: ENOENT (No such file or directory)
06-16 13:04:10.173 E/LockSettingsStorage(  592): Cannot read file java.io.FileNotFoundException: /data/system/gesture.key: open failed: ENOENT (No such file or directory)
06-16 13:04:10.173 I/SystemServiceManager(  592): Starting phase 480
06-16 13:04:10.176 I/DevicePolicyManagerService(  592): Set ro.device_owner property to false
06-16 13:04:10.179 I/SystemServiceManager(  592): Starting phase 500
06-16 13:04:10.181 I/WifiService(  592): WifiService starting up with Wi-Fi enabled
06-16 13:04:10.182 I/WifiScanningService(  592): Starting wifiscanner
06-16 13:04:10.183 I/RttService(  592): Registering rttmanager
06-16 13:04:10.183 I/EthernetServiceImpl(  592): Starting Ethernet service
06-16 13:04:10.196 W/SoundTriggerHelper(  592): listModules status=0, # of modules=0
06-16 13:04:10.199 I/DefaultPermGrantPolicy(  592): Granting permissions to default platform handlers for user 0
06-16 13:04:10.199 W/VoiceInteractionManagerService(  592): no available voice interaction services found for user 0
06-16 13:04:10.199 W/VoiceInteractionManagerService(  592): no available voice recognition services found for user 0
06-16 13:04:10.199 W/KeyguardServiceDelegate(  592): onScreenTurningOn(): no keyguard service!
06-16 13:04:10.207 I/ActivityManager(  592): System now ready
06-16 13:04:10.208 I/SystemServer(  592): Making services ready
06-16 13:04:10.208 I/SystemServiceManager(  592): Starting phase 550
06-16 13:04:10.209 E/InputMethodManagerService(  592): Ignoring updateSystemUiLocked due to an invalid token. uid:1000 token:null
06-16 13:04:10.214 I/main    (  266): type=1400 audit(0.0:286): avc: denied { accept } for path="/dev/socket/zygote" scontext=u:r:zygote:s0 tcontext=u:r:init:s0 tclass=unix_stream_socket permissive=1
06-16 13:04:10.214 I/main    (  266): type=1400 audit(0.0:287): avc: denied { getopt } for path="/dev/socket/zygote" scontext=u:r:zygote:s0 tcontext=u:r:init:s0 tclass=unix_stream_socket permissive=1
06-16 13:04:10.214 I/main    (  266): type=1400 audit(0.0:288): avc: denied { setopt } for path="/dev/socket/zygote" scontext=u:r:zygote:s0 tcontext=u:r:init:s0 tclass=unix_stream_socket permissive=1
06-16 13:04:10.214 I/main    (  266): type=1400 audit(0.0:289): avc: denied { read } for path="/dev/socket/zygote" scontext=u:r:zygote:s0 tcontext=u:r:init:s0 tclass=unix_stream_socket permissive=1
06-16 13:04:10.214 I/main    (  266): type=1400 audit(0.0:290): avc: denied { getattr } for path="socket:[13587]" dev="sockfs" ino=13587 scontext=u:r:zygote:s0 tcontext=u:r:init:s0 tclass=unix_stream_socket permissive=1
06-16 13:04:10.214 I/main    (  266): type=1400 audit(0.0:291): avc: denied { write } for path="/dev/socket/zygote" scontext=u:r:zygote:s0 tcontext=u:r:init:s0 tclass=unix_stream_socket permissive=1
06-16 13:04:10.216 I/Zygote  (  592): Process: zygote socket opened, supported ABIS: x86_64
06-16 13:04:10.254 I/vold    (  127): type=1400 audit(0.0:292): avc: denied { sendto } for path="/dev/socket/logdw" scontext=u:r:vold:s0 tcontext=u:r:init:s0 tclass=unix_dgram_socket permissive=1
06-16 13:04:10.254 I/ActivityManager(  592): Start proc 665:com.android.inputmethod.latin/u0a48 for service com.android.inputmethod.latin/.LatinIME
06-16 13:04:10.255 E/BitmapFactory(  592): Unable to decode stream: java.io.FileNotFoundException: /data/system/users/0/wallpaper_orig (No such file or directory)
06-16 13:04:10.255 E/WallpaperManagerService(  592): Invalid wallpaper data
06-16 13:04:10.255 E/WallpaperManagerService(  592): Unable to apply new wallpaper
06-16 13:04:10.258 I/putmethod.lati(  665): type=1400 audit(0.0:293): avc: denied { sendto } for path="/dev/socket/logdw" scontext=u:r:untrusted_app:s0:c512,c768 tcontext=u:r:init:s0 tclass=unix_dgram_socket permissive=1
06-16 13:04:10.260 W/art     (  665): Unexpected CPU variant for X86 using defaults: x86_64
06-16 13:04:10.262 I/logd.writer(  118): type=1400 audit(0.0:294): avc: denied { read } for path="/dev/socket/logdw" scontext=u:r:logd:s0 tcontext=u:r:init:s0 tclass=unix_dgram_socket permissive=1
06-16 13:04:10.262 I/sdcard  (  670): type=1400 audit(0.0:295): avc: denied { sendto } for path="/dev/socket/logdw" scontext=u:r:sdcardd:s0 tcontext=u:r:init:s0 tclass=unix_dgram_socket permissive=1
06-16 13:04:10.265 W/sdcard  (  670): Device explicitly disabled sdcardfs
06-16 13:04:10.270 I/healthd (  292): type=1400 audit(0.0:296): avc: denied { read } for scontext=u:r:init:s0 tcontext=u:r:init:s0 tclass=netlink_kobject_uevent_socket permissive=1
06-16 13:04:10.276 I/ActivityManager(  592): Start proc 674:com.android.systemui/u0a23 for service com.android.systemui/.ImageWallpaper
06-16 13:04:10.276 I/ActivityManager(  592): Force stopping com.android.providers.media appid=10010 user=-1: vold reset
06-16 13:04:10.278 I/main    (  674): type=1400 audit(0.0:297): avc: denied { write } for name="trace_marker" dev="tracefs" ino=26 scontext=u:r:zygote:s0 tcontext=u:object_r:debugfs_tracing:s0 tclass=file permissive=1
06-16 13:04:10.278 I/main    (  674): type=1400 audit(0.0:298): avc: denied { open } for path="/sys/kernel/debug/tracing/trace_marker" dev="tracefs" ino=26 scontext=u:r:zygote:s0 tcontext=u:object_r:debugfs_tracing:s0 tclass=file permissive=1
06-16 13:04:10.278 E/BluetoothAdapter(  592): Bluetooth binder is null
06-16 13:04:10.279 E/BluetoothAdapter(  592): Bluetooth binder is null
06-16 13:04:10.279 I/AudioFlinger(  268): systemReady
06-16 13:04:10.280 I/SystemServer(  592): WebViewFactory preparation
06-16 13:04:10.282 I/surfaceflinger(  265): type=1400 audit(0.0:299): avc: denied { execmem } for scontext=u:r:surfaceflinger:s0 tcontext=u:r:surfaceflinger:s0 tclass=process permissive=1
06-16 13:04:10.282 I/ndroid.systemu(  674): type=1400 audit(0.0:300): avc: denied { sendto } for path="/dev/socket/logdw" scontext=u:r:platform_app:s0:c512,c768 tcontext=u:r:init:s0 tclass=unix_dgram_socket permissive=1
06-16 13:04:10.283 W/art     (  674): Unexpected CPU variant for X86 using defaults: x86_64
06-16 13:04:10.314 I/JDWP    (  686): type=1400 audit(0.0:301): avc: denied { connectto } for path=006A6477702D636F6E74726F6C scontext=u:r:untrusted_app:s0:c512,c768 tcontext=u:r:init:s0 tclass=unix_stream_socket permissive=1
06-16 13:04:10.322 I/JDWP    (  696): type=1400 audit(0.0:302): avc: denied { connectto } for path=006A6477702D636F6E74726F6C scontext=u:r:platform_app:s0:c512,c768 tcontext=u:r:init:s0 tclass=unix_stream_socket permissive=1
06-16 13:04:10.322 E/WVMExtractor(  592): Failed to open libwvm.so: dlopen failed: library "libwvm.so" not found
06-16 13:04:10.330 E/linker  (  276): library /system/lib/libavcodec.so with text relocation is whitelisted
06-16 13:04:10.330 W/linker  (  276): /system/lib/libavcodec.so has text relocations. This is wasting memory and prevents security hardening. Please fix.
06-16 13:04:10.330 E/linker  (  276): library /system/lib/libavcodec.so with text relocation is whitelisted
06-16 13:04:10.331 E/linker  (  276): library /system/lib/libswresample.so with text relocation is whitelisted
06-16 13:04:10.331 W/linker  (  276): /system/lib/libswresample.so has text relocations. This is wasting memory and prevents security hardening. Please fix.
06-16 13:04:10.332 E/linker  (  276): library /system/lib/libswresample.so with text relocation is whitelisted
06-16 13:04:10.358 I/Zygote  (  592): Process: zygote socket opened, supported ABIS: x86
06-16 13:04:10.359 I/art     (  267): Starting a blocking GC Background
06-16 13:04:10.371 W/ActivityManager(  592): Slow operation: 57ms so far, now at startProcess: returned from zygote!
06-16 13:04:10.371 W/ActivityManager(  592): Slow operation: 57ms so far, now at startProcess: done updating battery stats
06-16 13:04:10.371 W/ActivityManager(  592): Slow operation: 57ms so far, now at startProcess: building log message
06-16 13:04:10.371 I/ActivityManager(  592): Start proc 703:WebViewLoader-x86/1037 [android.webkit.WebViewFactory$RelroFileCreator] for 
06-16 13:04:10.371 W/ActivityManager(  592): Slow operation: 57ms so far, now at startProcess: starting to update pids map
06-16 13:04:10.371 W/ActivityManager(  592): Slow operation: 57ms so far, now at startProcess: done updating pids map
06-16 13:04:10.371 W/ActivityManager(  592): Slow operation: 57ms so far, now at startProcess: done starting proc!
06-16 13:04:10.392 I/ActivityManager(  592): Start proc 709:WebViewLoader-x86_64/1037 [android.webkit.WebViewFactory$RelroFileCreator] for 
06-16 13:04:10.394 I/NetworkManagement(  592): not enabling bandwidth control
06-16 13:04:10.400 W/art     (  709): Unexpected CPU variant for X86 using defaults: x86_64
06-16 13:04:10.425 I/FFmpegExtractor(  276): android-source:0xea9dc000
06-16 13:04:10.478 W/NetworkManagement(  592): setDataSaverMode(): already false
06-16 13:04:10.492 W/NetworkStats(  592): bandwidth controls disabled, unable to track stats
06-16 13:04:10.492 W/NetworkPolicy(  592): bandwidth controls disabled, unable to enforce policy
06-16 13:04:10.500 I/SystemServiceManager(  592): Starting phase 600
06-16 13:04:10.507 W/System  (  674): ClassLoader referenced unknown path: /system/priv-app/SystemUI/lib/x86_64
06-16 13:04:10.509 W/art     (  703): Unexpected CPU variant for X86 using defaults: x86
06-16 13:04:10.566 I/GnssLocationProvider(  592): WakeLock acquired by sendMessage(13, 0, null)
06-16 13:04:10.566 W/ServiceWatcher(  592): com.google.android.gms not found
06-16 13:04:10.567 W/ServiceWatcher(  592): com.google.android.gms not found
06-16 13:04:10.567 W/LocationProviderProxy-network(  592): Odd, no component found for service com.android.location.service.v3.NetworkLocationProvider
06-16 13:04:10.572 W/ServiceWatcher(  592): com.google.android.gms not found
06-16 13:04:10.573 W/ServiceWatcher(  592): com.google.android.gms not found
06-16 13:04:10.573 W/GeocoderProxy(  592): Odd, no component found for service com.android.location.service.GeocodeProvider
06-16 13:04:10.574 E/FlpHardwareProvider(  592): Error hw_get_module 'flp': -2
06-16 13:04:10.574 W/ServiceWatcher(  592): com.google.android.gms not found
06-16 13:04:10.575 W/GeofenceProxy(  592): Odd, no component found for service com.android.location.service.GeofenceProvider
06-16 13:04:10.575 E/ActivityRecognitionHardware(  592): Error hw_get_module: -2
06-16 13:04:10.575 W/ServiceWatcher(  592): com.google.android.gms not found
06-16 13:04:10.575 W/ActivityRecognitionProxy(  592): Odd, no component found for service com.android.location.service.ActivityRecognitionProvider
06-16 13:04:10.575 I/GnssLocationProvider(  592): WakeLock acquired by sendMessage(2, 1, null)
06-16 13:04:10.576 I/CommonTimeManagementService(  592): No common time service detected on this platform.  Common time services will be unavailable.
06-16 13:04:10.578 I/InputReader(  592): Reconfiguring input devices.  changes=0x00000030
06-16 13:04:10.578 I/MmsServiceBroker(  592): Delay connecting to MmsService until an API is called
06-16 13:04:10.579 W/VoiceInteractionManagerService(  592): no available voice interaction services found for user 0
06-16 13:04:10.579 W/VoiceInteractionManagerService(  592): no available voice recognition services found for user 0
06-16 13:04:10.583 W/art     (  729): Unexpected CPU variant for X86 using defaults: x86_64
06-16 13:04:10.590 I/ActivityManager(  592): Start proc 729:com.android.phone/1001 for added application com.android.phone
06-16 13:04:10.603 E/GnssLocationProvider(  592): no AGPS interface in set_agps_server
06-16 13:04:10.611 I/ActivityManager(  592): Start proc 743:com.genymobile.webrtcd/1000 for added application com.genymobile.webrtcd
06-16 13:04:10.611 I/ActivityManager(  592): START u0 {act=android.intent.action.MAIN cat=[android.intent.category.HOME] flg=0x10000100 cmp=com.android.settings/.FallbackHome} from uid 0 on display 0
06-16 13:04:10.611 W/System  (  592): ClassLoader referenced unknown path: 
06-16 13:04:10.611 W/System  (  592): ClassLoader referenced unknown path: /system/priv-app/Settings/lib/x86_64
06-16 13:04:10.614 I/ActivityManager(  592): Loaded persisted task ids for user 0
06-16 13:04:10.618 W/art     (  743): Unexpected CPU variant for X86 using defaults: x86_64
06-16 13:04:10.621 W/art     (  748): Unexpected CPU variant for X86 using defaults: x86_64
06-16 13:04:10.626 I/ActivityManager(  592): Start proc 748:com.android.settings/1000 for activity com.android.settings/.FallbackHome
06-16 13:04:10.661 I/MountService(  592): Running fstrim idle maintenance
06-16 13:04:10.663 W/vold    (  116): Trim failed on /cache: Operation not supported on transport endpoint
06-16 13:04:10.663 W/vold    (  116): Trim failed on /data: Operation not supported on transport endpoint
06-16 13:04:10.687 E/SoftapController(  278): Softap fwReload - NULL path for STA
06-16 13:04:10.806 I/SystemServer(  592): Enabled StrictMode for system server main thread.
06-16 13:04:10.808 W/art     (  592): Long monitor contention with owner main (592) at void com.android.server.am.ActivityManagerService.systemReady(java.lang.Runnable)(ActivityManagerService.java:13274) waiters=0 in void com.android.server.am.ActivityManagerService.dispatchUidsChanged() for 227ms
06-16 13:04:10.809 W/art     (  592): Long monitor contention with owner main (592) at void com.android.server.am.ActivityManagerService.systemReady(java.lang.Runnable)(ActivityManagerService.java:13274) waiters=2 in void com.android.server.am.ActivityManagerService.attachApplication(android.app.IApplicationThread) for 224ms
06-16 13:04:10.809 W/art     (  592): Long monitor contention with owner main (592) at void com.android.server.am.ActivityManagerService.systemReady(java.lang.Runnable)(ActivityManagerService.java:13274) waiters=4 in android.content.Intent com.android.server.am.ActivityManagerService.registerReceiver(android.app.IApplicationThread, java.lang.String, android.content.IIntentReceiver, android.content.IntentFilter, java.lang.String, int) for 206ms
06-16 13:04:10.809 W/art     (  592): Long monitor contention with owner main (592) at void com.android.server.am.ActivityManagerService.systemReady(java.lang.Runnable)(ActivityManagerService.java:13274) waiters=5 in void com.android.server.am.ActivityManagerService.attachApplication(android.app.IApplicationThread) for 189ms
06-16 13:04:10.810 W/art     (  592): Long monitor contention with owner main (592) at void com.android.server.am.ActivityManagerService.systemReady(java.lang.Runnable)(ActivityManagerService.java:13274) waiters=1 in java.lang.String com.android.server.am.ActivityManagerService.getTagForIntentSender(android.content.IIntentSender, java.lang.String) for 227ms
06-16 13:04:10.810 W/ContextImpl(  592): Calling a method in the system process without a qualified user: android.app.ContextImpl.startService:1385 com.android.server.content.SyncManager$13.run:631 android.os.Handler.handleCallback:751 android.os.Handler.dispatchMessage:95 android.os.Looper.loop:154 
06-16 13:04:10.812 E/WifiMonitor(  592): killSupplicant p2pfalse init.svc.wpa_supplicant=unknown init.svc.p2p_supplicant=unknown
06-16 13:04:10.814 E/wifi    (  592): Can not initialize the vendor function pointer table
06-16 13:04:10.814 E/WifiNative-HAL(  592): Could not start hal
06-16 13:04:10.814 E/WifiStateMachine(  592): Failed to start HAL
06-16 13:04:10.838 I/wpa_supplicant(  784): type=1400 audit(0.0:321): avc: denied { read write } for path="socket:[13010]" dev="sockfs" ino=13010 scontext=u:r:wpa:s0 tcontext=u:r:init:s0 tclass=unix_dgram_socket permissive=1
06-16 13:04:10.875 I/art     (  703): System.exit called, status: 0
06-16 13:04:10.875 I/AndroidRuntime(  703): VM exiting with result code 0, cleanup skipped.
06-16 13:04:10.886 I/netd    (  543): type=1400 audit(0.0:322): avc: denied { accept } for path="/dev/socket/fwmarkd" scontext=u:r:netd:s0 tcontext=u:r:init:s0 tclass=unix_stream_socket permissive=1
06-16 13:04:10.886 I/netd    (  543): type=1400 audit(0.0:323): avc: denied { getopt } for path="/dev/socket/fwmarkd" scontext=u:r:netd:s0 tcontext=u:r:init:s0 tclass=unix_stream_socket permissive=1
06-16 13:04:10.888 I/GnssLocationProvider(  592): WakeLock released by handleMessage(13, 0, null)
06-16 13:04:10.889 E/GnssLocationProvider(  592): no AGPS interface in set_agps_server
06-16 13:04:10.889 I/GnssLocationProvider(  592): WakeLock released by handleMessage(2, 1, null)
06-16 13:04:10.891 W/LocationProviderProxy-network(  592): Odd, no component found for service com.android.location.service.v3.NetworkLocationProvider
06-16 13:04:10.891 W/GeocoderProxy(  592): Odd, no component found for service com.android.location.service.GeocodeProvider
06-16 13:04:10.891 W/GeofenceProxy(  592): Odd, no component found for service com.android.location.service.GeofenceProvider
06-16 13:04:10.891 W/ActivityRecognitionProxy(  592): Odd, no component found for service com.android.location.service.ActivityRecognitionProvider
06-16 13:04:10.926 I/wpa_supplicant(  784): type=1400 audit(0.0:324): avc: denied { sendto } for path="/dev/socket/logdw" scontext=u:r:wpa:s0 tcontext=u:r:init:s0 tclass=unix_dgram_socket permissive=1
06-16 13:04:10.929 I/wpa_supplicant(  784): Successfully initialized wpa_supplicant
06-16 13:04:10.931 W/System  (  729): ClassLoader referenced unknown path: /system/priv-app/TeleService/lib/x86_64
06-16 13:04:10.934 W/System  (  748): ClassLoader referenced unknown path: /system/priv-app/Settings/lib/x86_64
06-16 13:04:10.947 I/WifiScanningService(  592): wifi driver unloaded
06-16 13:04:10.960 I/art     (  709): System.exit called, status: 0
06-16 13:04:10.960 I/AndroidRuntime(  709): VM exiting with result code 0, cleanup skipped.
06-16 13:04:10.962 W/System  (  592): ClassLoader referenced unknown path: /system/priv-app/Telecom/lib/x86_64
06-16 13:04:10.973 W/FingerprintManager(  674): isFingerprintHardwareDetected(): Service not connected!
06-16 13:04:10.973 W/FingerprintManager(  674): addLockoutResetCallback(): Service not connected!
06-16 13:04:10.974 W/System  (  729): ClassLoader referenced unknown path: /system/priv-app/TelephonyProvider/lib/x86_64
06-16 13:04:10.994 I/wpa_supplicant(  784): type=1400 audit(0.0:325): avc: denied { getopt } for path="/dev/socket/wpa_wlan0" scontext=u:r:wpa:s0 tcontext=u:r:init:s0 tclass=unix_dgram_socket permissive=1
06-16 13:04:10.994 I/wpa_supplicant(  784): type=1400 audit(0.0:326): avc: denied { ioctl } for path="socket:[13010]" dev="sockfs" ino=13010 ioctlcmd=5411 scontext=u:r:wpa:s0 tcontext=u:r:init:s0 tclass=unix_dgram_socket permissive=1
06-16 13:04:10.994 I/wpa_supplicant(  784): type=1400 audit(0.0:327): avc: denied { sendto } for path="/data/misc/wifi/sockets/wpa_ctrl_592-2" scontext=u:r:init:s0 tcontext=u:r:system_server:s0 tclass=unix_dgram_socket permissive=1
06-16 13:04:10.994 E/wpa_supplicant(  784): global ctrl interface @android:wpa_wlan0 matches ctrl interface wlan0 - do not open per-interface ctrl interface
06-16 13:04:11.001 E/BluetoothAdapter(  592): Bluetooth binder is null
06-16 13:04:11.002 W/ContextImpl(  743): Calling a method in the system process without a qualified user: android.app.ContextImpl.startService:1385 android.content.ContextWrapper.startService:613 com.genymobile.webrtcd.WebrtcdApp.onCreate:19 android.app.Instrumentation.callApplicationOnCreate:1024 android.app.ActivityThread.handleBindApplication:5361 
06-16 13:04:11.007 I/Telecom (  592): SystemStateProvider: Registering car mode receiver: android.content.IntentFilter@f0054a3: TS.init@AAA
06-16 13:04:11.017 E/WVMExtractor(  674): Failed to open libwvm.so: dlopen failed: library "libwvm.so" not found
06-16 13:04:11.025 I/Webrtcd.Service(  743): Received start id 1: Intent { cmp=com.genymobile.webrtcd/.LifecycleService }
06-16 13:04:11.025 I/Webrtcd.Service(  743): Starting server
06-16 13:04:11.030 I/ymobile.webrtcd(  743): type=1400 audit(0.0:328): avc: denied { read } for name="u:object_r:god_prop:s0" dev="tmpfs" ino=7919 scontext=u:r:system_app:s0 tcontext=u:object_r:god_prop:s0 tclass=file permissive=1
06-16 13:04:11.030 I/ymobile.webrtcd(  743): type=1400 audit(0.0:329): avc: denied { open } for path="/dev/__properties__/u:object_r:god_prop:s0" dev="tmpfs" ino=7919 scontext=u:r:system_app:s0 tcontext=u:object_r:god_prop:s0 tclass=file permissive=1
06-16 13:04:11.030 I/ymobile.webrtcd(  743): type=1400 audit(0.0:330): avc: denied { getattr } for path="/dev/__properties__/u:object_r:god_prop:s0" dev="tmpfs" ino=7919 scontext=u:r:system_app:s0 tcontext=u:object_r:god_prop:s0 tclass=file permissive=1
06-16 13:04:11.040 I/Telecom (  592): Telecom: Non-call EVENT: AUDIO_ROUTE, Entering state QuiescentEarpieceRoute
06-16 13:04:11.042 I/Telecom (  592): CallAudioModeStateMachine: Message received: null.: TS.init->CAMSM.pM_1@AAA_0
06-16 13:04:11.042 E/BluetoothAdapter(  592): Bluetooth binder is null
06-16 13:04:11.042 E/ActivityThread(  592): Failed to find provider info for call_log
06-16 13:04:11.045 I/Telecom (  592): Class: TelecomSystem.INSTANCE being set
06-16 13:04:11.045 E/BluetoothAdapter(  592): Bluetooth binder is null
06-16 13:04:11.051 W/System  (  592): ClassLoader referenced unknown path: /system/priv-app/FusedLocation/lib/x86_64
06-16 13:04:11.062 W/WifiNetworkHistory(  592): Upgrading network 0 to android.uid.system:1000
06-16 13:04:11.062 E/IpConfigStore(  592): Error parsing configuration: java.io.FileNotFoundException: /data/misc/wifi/ipconfig.txt (No such file or directory)
06-16 13:04:11.065 I/FFmpegExtractor(  276): android-source:0xe9195000
06-16 13:04:11.077 I/WifiConnectivityManager(  592): PNO settings: min5GHzRssi -82 min24GHzRssi -85 currentConnectionBonus 16 sameNetworkBonus 24 secureNetworkBonus 80 initialScoreMax 100
06-16 13:04:11.077 I/WifiConnectivityManager(  592): ConnectivityScanManager initialized 
06-16 13:04:11.077 E/WifiLogger(  592): no ring buffers found
06-16 13:04:11.077 E/WifiLogger(  592): Failed to start packet fate monitoring
06-16 13:04:11.078 I/putmethod.latin(  665): type=1400 audit(0.0:331): avc: denied { sendto } for path="/dev/socket/logdw" scontext=u:r:untrusted_app:s0:c512,c768 tcontext=u:r:init:s0 tclass=unix_dgram_socket permissive=1
06-16 13:04:11.079 I/LatinIME(  665): Hardware accelerated drawing: true
06-16 13:04:11.082 I/WifiConnectivityManager(  592): Set WiFi enabled
06-16 13:04:11.082 I/WifiConnectivityManager(  592): scheduleWatchdogTimer
06-16 13:04:11.082 I/SyncManager(  592): Got SyncJobService instance.
06-16 13:04:11.084 W/AlarmManager(  592): Unrecognized alarm listener com.android.server.wifi.WifiConnectivityManager$3@8da328d
06-16 13:04:11.084 E/WifiScanner(  592): listener cannot be found
06-16 13:04:11.086 E/BatteryStatsService(  592): no controller energy info supplied
06-16 13:04:11.087 E/WifiConnectivityManager(  592): SingleScanListener onFailure: reason: -1 description: not available
06-16 13:04:11.087 E/BatteryStatsService(  592): no controller energy info supplied
06-16 13:04:11.102 I/rild    (  285): type=1400 audit(0.0:332): avc: denied { accept } for path="/dev/socket/rild" scontext=u:r:rild:s0 tcontext=u:r:init:s0 tclass=unix_stream_socket permissive=1
06-16 13:04:11.102 I/rild    (  285): type=1400 audit(0.0:333): avc: denied { getopt } for path="/dev/socket/rild" scontext=u:r:rild:s0 tcontext=u:r:init:s0 tclass=unix_stream_socket permissive=1
06-16 13:04:11.102 I/rild    (  285): type=1400 audit(0.0:334): avc: denied { sendto } for path="/dev/socket/logdw" scontext=u:r:rild:s0 tcontext=u:r:init:s0 tclass=unix_dgram_socket permissive=1
06-16 13:04:11.102 I/rild    (  285): type=1400 audit(0.0:335): avc: denied { write } for path="socket:[13862]" dev="sockfs" ino=13862 scontext=u:r:rild:s0 tcontext=u:r:init:s0 tclass=unix_stream_socket permissive=1
06-16 13:04:11.106 I/Binder:265_2(  330): type=1400 audit(0.0:336): avc: denied { sendto } for path="/dev/socket/logdw" scontext=u:r:surfaceflinger:s0 tcontext=u:r:init:s0 tclass=unix_dgram_socket permissive=1
06-16 13:04:11.113 W/VibratorService(  592): Tried to stop vibrating but there is no vibrator device.
06-16 13:04:11.116 E/ActivityThread(  592): Failed to find provider info for com.android.calendar
06-16 13:04:11.116 E/ActivityThread(  592): Failed to find provider info for com.android.calendar
06-16 13:04:11.118 I/rild    (  285): type=1400 audit(0.0:337): avc: denied { read } for path="socket:[13862]" dev="sockfs" ino=13862 scontext=u:r:rild:s0 tcontext=u:r:init:s0 tclass=unix_stream_socket permissive=1
06-16 13:04:11.118 I/vol.Events(  674): writeEvent collection_started
06-16 13:04:11.127 I/Telecom (  592): WiredHeadsetManager: ACTION_HEADSET_PLUG event, plugged in: false, : WHC.oADA@AAE
06-16 13:04:11.134 I/ActivityManager(  592): user 0 is still locked. Cannot load recents
06-16 13:04:11.135 I/FFMPEG  (  276): Input #0, ogg, from 'android-source:0xe9195000':
06-16 13:04:11.135 I/FFMPEG  (  276):   Duration: 00:00:00.23, start: 0.000000, bitrate: 293 kb/s
06-16 13:04:11.136 I/FFMPEG  (  276): Input #0, ogg, from 'android-source:0xea9dc000':
06-16 13:04:11.136 I/FFMPEG  (  276):   Duration: 00:00:00.09, start: 0.000000, bitrate: 437 kb/s
06-16 13:04:11.137 I/FFMPEG  (  276):     Stream #0:0: Audio: vorbis, 44100 Hz, stereo, fltp, 160 kb/s
06-16 13:04:11.137 I/FFmpegExtractor(  276): FFmpegExtrator, url: android-source:0xe9195000, format_name: ogg, format_long_name: Ogg
06-16 13:04:11.137 I/FFmpegExtractor(  276): list the formats suppoted by ffmpeg: 
06-16 13:04:11.137 I/FFmpegExtractor(  276): ========================================
06-16 13:04:11.137 I/FFmpegExtractor(  276): ========================================
06-16 13:04:11.137 I/FFmpegExtractor(  276): adjust mime(application/ogg -> audio/vorbis)
06-16 13:04:11.137 I/FFmpegExtractor(  276): sniff through BetterSniffFFMPEG success
06-16 13:04:11.138 I/FFMPEG  (  276):     Stream #0:0: Audio: vorbis, 48000 Hz, stereo, fltp, 96 kb/s
06-16 13:04:11.138 I/FFmpegExtractor(  276): FFmpegExtrator, url: android-source:0xea9dc000, format_name: ogg, format_long_name: Ogg
06-16 13:04:11.138 I/FFmpegExtractor(  276): list the formats suppoted by ffmpeg: 
06-16 13:04:11.138 I/FFmpegExtractor(  276): ========================================
06-16 13:04:11.138 I/FFmpegExtractor(  276): ========================================
06-16 13:04:11.138 I/FFmpegExtractor(  276): adjust mime(application/ogg -> audio/vorbis)
06-16 13:04:11.138 I/FFmpegExtractor(  276): sniff through BetterSniffFFMPEG success
06-16 13:04:11.142 I/mediaserver(  277): type=1400 audit(0.0:338): avc: denied { sendto } for path="/dev/socket/logdw" scontext=u:r:mediaserver:s0 tcontext=u:r:init:s0 tclass=unix_dgram_socket permissive=1
06-16 13:04:11.142 I/logd.writer(  118): type=1400 audit(0.0:339): avc: denied { read } for path="/dev/socket/logdw" scontext=u:r:logd:s0 tcontext=u:r:init:s0 tclass=unix_dgram_socket permissive=1
06-16 13:04:11.142 I/mediacodec(  274): type=1400 audit(0.0:340): avc: denied { sendto } for path="/dev/socket/logdw" scontext=u:r:mediacodec:s0 tcontext=u:r:init:s0 tclass=unix_dgram_socket permissive=1
06-16 13:04:11.143 I/MediaPlayerService(  277): MediaPlayerService::getOMX
06-16 13:04:11.143 I/OMXClient(  277): MuxOMX ctor
06-16 13:04:11.144 I/MediaPlayerService(  277): MediaPlayerService::getOMX
06-16 13:04:11.144 I/OMXClient(  277): MuxOMX ctor
06-16 13:04:11.144 I/OMXMaster(  274): makeComponentInstance(OMX.google.mp3.decoder) in mediacodec process
06-16 13:04:11.147 I/DefaultPermGrantPolicy(  592): Granting permissions to default dialer app for user:0
06-16 13:04:11.151 I/OpenGLRenderer(  748): Initialized EGL, version 1.4
06-16 13:04:11.158 I/vol.Events(  674): writeEvent external_ringer_mode_changed normal
06-16 13:04:11.158 I/vol.Events(  674): writeEvent internal_ringer_mode_changed normal
06-16 13:04:11.178 I/SystemServiceManager(  592): Starting phase 1000
06-16 13:04:11.181 I/art     (  592): Background sticky concurrent mark sweep GC freed 25682(1920KB) AllocSpace objects, 6(148KB) LOS objects, 21% free, 7MB/9MB, paused 12.367ms total 32.915ms
06-16 13:04:11.182 I/Telecom (  592): PhoneAccountRegistrar: SimCallManager queried, returning: null: TSI.gSCM@AAM
06-16 13:04:11.183 I/WifiScanningService(  592): wifi driver loaded with scan capabilities: max buckets=16
06-16 13:04:11.187 I/FusedLocation(  592): engine started (com.android.location.fused)
06-16 13:04:11.189 I/ActivityManager(  592): Start proc 841:android.ext.services/u0a12 for on-hold
06-16 13:04:11.200 W/WindowManager(  592): Keyguard drawn timeout. Setting mKeyguardDrawComplete
06-16 13:04:11.214 W/art     (  841): Unexpected CPU variant for X86 using defaults: x86_64
06-16 13:04:11.226 I/ActivityManager(  592): Displayed com.android.settings/.FallbackHome: +611ms
06-16 13:04:11.227 W/InputAttributes(  665): No editor info for this field. Bug?
06-16 13:04:11.240 W/art     (  863): Unexpected CPU variant for X86 using defaults: x86_64
06-16 13:04:11.240 I/LatinIME:LogUtils(  665): Dictionary info: dictionary = userunigram.en_US ; version = 1750093451 ; date = ?
06-16 13:04:11.245 I/ActivityManager(  592): Start proc 863:com.android.smspush/u0a58 for service com.android.smspush/.WapPushManager
06-16 13:04:11.246 W/KeyguardServiceDelegate(  592): onScreenTurningOn(): no keyguard service!
06-16 13:04:11.249 W/art     (  871): Unexpected CPU variant for X86 using defaults: x86_64
06-16 13:04:11.255 I/ActivityManager(  592): Start proc 871:android.process.acore/u0a1 for content provider com.android.providers.userdictionary/.UserDictionaryProvider
06-16 13:04:11.281 I/MediaPlayerService(  277): MediaPlayerService::getOMX
06-16 13:04:11.281 I/OMXClient(  277): MuxOMX ctor
06-16 13:04:11.281 I/OMXMaster(  274): makeComponentInstance(OMX.google.amrnb.decoder) in mediacodec process
06-16 13:04:11.291 W/art     (  897): Unexpected CPU variant for X86 using defaults: x86_64
06-16 13:04:11.291 I/ActivityManager(  592): Start proc 897:com.android.deskclock/u0a38 for broadcast com.android.deskclock/.AlarmInitReceiver
06-16 13:04:11.316 W/InputAttributes(  665): No editor info for this field. Bug?
06-16 13:04:11.329 W/System  (  863): ClassLoader referenced unknown path: /system/app/WAPPushManager/lib/x86_64
06-16 13:04:11.330 W/System  (  841): ClassLoader referenced unknown path: /system/priv-app/ExtServices/lib/x86_64
06-16 13:04:11.343 W/System  (  871): ClassLoader referenced unknown path: /system/app/UserDictionaryProvider/lib/x86_64
06-16 13:04:11.367 I/MediaPlayerService(  277): MediaPlayerService::getOMX
06-16 13:04:11.368 I/OMXClient(  277): MuxOMX ctor
06-16 13:04:11.368 I/OMXMaster(  274): makeComponentInstance(OMX.google.amrwb.decoder) in mediacodec process
06-16 13:04:11.379 I/MediaPlayerService(  277): MediaPlayerService::getOMX
06-16 13:04:11.379 I/OMXClient(  277): MuxOMX ctor
06-16 13:04:11.379 I/OMXMaster(  274): makeComponentInstance(OMX.google.aac.decoder) in mediacodec process
06-16 13:04:11.396 I/vol.Events(  674): writeEvent level_changed STREAM_ALARM 6
06-16 13:04:11.396 I/vol.Events(  674): writeEvent level_changed STREAM_BLUETOOTH_SCO 7
06-16 13:04:11.397 W/System  (  897): ClassLoader referenced unknown path: /system/app/DeskClock/lib/x86_64
06-16 13:04:11.399 I/vol.Events(  674): writeEvent level_changed STREAM_MUSIC 11
06-16 13:04:11.400 I/vol.Events(  674): writeEvent level_changed STREAM_RING 5
06-16 13:04:11.400 I/vol.Events(  674): writeEvent level_changed STREAM_SYSTEM 5
06-16 13:04:11.401 I/vol.Events(  674): writeEvent level_changed STREAM_VOICE_CALL 4
06-16 13:04:11.410 E/BluetoothAdapter(  729): Bluetooth binder is null
06-16 13:04:11.425 I/Telephony(  729): TtyManager: updateUiTtyMode -1 -> 0
06-16 13:04:11.488 I/GnssLocationProvider(  592): WakeLock acquired by sendMessage(12, 0, null)
06-16 13:04:11.488 I/GnssLocationProvider(  592): WakeLock released by handleMessage(12, 0, null)
06-16 13:04:11.519 E/PhoneInterfaceManager(  729): [PhoneIntfMgr] getIccId: No UICC
06-16 13:04:11.523 I/MediaPlayerService(  277): MediaPlayerService::getOMX
06-16 13:04:11.523 I/OMXClient(  277): MuxOMX ctor
06-16 13:04:11.523 I/OMXMaster(  274): makeComponentInstance(OMX.google.g711.alaw.decoder) in mediacodec process
06-16 13:04:11.541 W/System  (  871): ClassLoader referenced unknown path: /system/priv-app/ContactsProvider/lib/x86_64
06-16 13:04:11.549 I/org.webrtc.Logging(  743): EglBase14Impl: SDK version: 24. isEGL14Supported: true
06-16 13:04:11.550 I/org.webrtc.Logging(  743): EglBase14Impl: Using OpenGL ES version 2
06-16 13:04:11.586 I/org.webrtc.Logging(  743): NativeLibrary: Loading native library: jingle_peerconnection_so
06-16 13:04:11.586 I/org.webrtc.Logging(  743): NativeLibrary: Loading library: jingle_peerconnection_so
06-16 13:04:11.590 I/Telecom (  592): PhoneAccountRegistrar: New phone account registered: [[ ] PhoneAccount: ComponentInfo{com.android.phone/com.android.services.telephony.TelephonyConnectionService}, [e0184adedf913b076626646d3f52c3b49c39ad6d], UserHandle{0} Capabilities: CallProvider MultiUser PlaceEmerg SimSub  Schemes: tel voicemail  Extras: null]: TSI.rPA@AAU
06-16 13:04:11.591 I/Telecom (  592): : Sending phone-account registered intent as user: TSI.rPA@AAU
06-16 13:04:11.602 I/Telephony(  729): AccountEntry: Registered phoneAccount: [[ ] PhoneAccount: ComponentInfo{com.android.phone/com.android.services.telephony.TelephonyConnectionService}, [e0184adedf913b076626646d3f52c3b49c39ad6d], UserHandle{0} Capabilities: CallProvider MultiUser PlaceEmerg SimSub  Schemes: tel voicemail  Extras: null] with handle: ComponentInfo{com.android.phone/com.android.services.telephony.TelephonyConnectionService}, [e0184adedf913b076626646d3f52c3b49c39ad6d], UserHandle{0}
06-16 13:04:11.632 I/Telephony(  729): PstnIncomingCallNotifier: Registering: Handler (com.android.internal.telephony.GsmCdmaPhone) {38146e2}
06-16 13:04:11.641 I/BackupManagerService(  592): Found stale backup journal, scheduling
06-16 13:04:11.644 I/AlarmClock(  897): AlarmInitReceiver android.intent.action.LOCKED_BOOT_COMPLETED
06-16 13:04:11.689 I/MediaPlayerService(  277): MediaPlayerService::getOMX
06-16 13:04:11.690 I/Telephony(  729): TelecomAccountRegistry: Unregistering phone account ComponentInfo{com.android.phone/com.android.services.telephony.TelephonyConnectionService}, [5fef04621e9a9b41849c3df35e75799299008300], UserHandle{0}.
06-16 13:04:11.690 I/OMXClient(  277): MuxOMX ctor
06-16 13:04:11.690 I/OMXMaster(  274): makeComponentInstance(OMX.google.g711.mlaw.decoder) in mediacodec process
06-16 13:04:11.710 I/BackupManagerService(  592): Backup enabled => false
06-16 13:04:11.728 I/MediaPlayerService(  277): MediaPlayerService::getOMX
06-16 13:04:11.728 I/OMXClient(  277): MuxOMX ctor
06-16 13:04:11.728 I/OMXMaster(  274): makeComponentInstance(OMX.google.vorbis.decoder) in mediacodec process
06-16 13:04:11.728 I/Telecom (  592): : Sending phone-account unregistered intent as user: TSI.uPA@AAc
06-16 13:04:11.792 W/VoiceInteractionManagerService(  592): no available voice interaction services found for user 0
06-16 13:04:11.792 W/VoiceInteractionManagerService(  592): no available voice recognition services found for user 0
06-16 13:04:11.800 W/art     (  968): Unexpected CPU variant for X86 using defaults: x86_64
06-16 13:04:11.808 I/ActivityManager(  592): Start proc 968:com.android.printspooler/u0a56 for service com.android.printspooler/.model.PrintSpoolerService
06-16 13:04:11.808 I/ActivityManager(  592): Loading recents for user 0 into memory.
06-16 13:04:11.826 I/ActivityManager(  592): Start proc 983:com.genymotion.systempatcher/1000 for added application com.genymotion.systempatcher
06-16 13:04:11.826 I/MediaPlayerService(  277): MediaPlayerService::getOMX
06-16 13:04:11.826 I/OMXClient(  277): MuxOMX ctor
06-16 13:04:11.826 I/OMXMaster(  274): makeComponentInstance(OMX.google.gsm.decoder) in mediacodec process
06-16 13:04:11.828 W/art     (  983): Unexpected CPU variant for X86 using defaults: x86_64
06-16 13:04:11.842 I/JDWP    (  988): type=1400 audit(0.0:365): avc: denied { connectto } for path=006A6477702D636F6E74726F6C scontext=u:r:untrusted_app:s0:c512,c768 tcontext=u:r:init:s0 tclass=unix_stream_socket permissive=1
06-16 13:04:11.844 W/art     (  996): Unexpected CPU variant for X86 using defaults: x86_64
06-16 13:04:11.870 I/ActivityManager(  592): Start proc 996:com.genymotion.genyd/1000 for added application com.genymotion.genyd
06-16 13:04:11.876 I/GnssLocationProvider(  592): WakeLock acquired by sendMessage(12, 0, null)
06-16 13:04:11.884 I/ActivityManager(  592): Start proc 1029:com.genymobile.genymotionacme/1000 for broadcast com.genymobile.genymotionacme/.BootBroadcastReceiver
06-16 13:04:11.890 I/ActivityManager(  592): START u0 {act=android.intent.action.MAIN cat=[android.intent.category.HOME] flg=0x10000100 cmp=com.android.launcher3/.Launcher} from uid 0 on display 0
06-16 13:04:11.897 W/System  (  983): ClassLoader referenced unknown path: /system/app/SystemPatcher/lib/x86_64
06-16 13:04:11.898 I/AccountManagerService(  592): User 0 is unlocked - opening CE database
06-16 13:04:11.899 I/MediaPlayerService(  277): MediaPlayerService::getOMX
06-16 13:04:11.900 I/OMXClient(  277): MuxOMX ctor
06-16 13:04:11.900 I/OMXMaster(  274): makeComponentInstance(OMX.google.opus.decoder) in mediacodec process
06-16 13:04:11.912 I/SystemPatcherService(  983): Starting up
06-16 13:04:11.921 W/System  (  996): ClassLoader referenced unknown path: /system/app/GenydService/lib/x86_64
06-16 13:04:11.926 I/org.webrtc.Logging(  743): PeerConnectionFactory: PeerConnectionFactory was initialized without an injected Loggable. Any existing Loggable will be deleted.
06-16 13:04:11.929 I/MediaPlayerService(  277): MediaPlayerService::getOMX
06-16 13:04:11.929 I/OMXClient(  277): MuxOMX ctor
06-16 13:04:11.929 I/OMXMaster(  274): makeComponentInstance(OMX.google.raw.decoder) in mediacodec process
06-16 13:04:11.930 I/servicemanager(  262): type=1400 audit(0.0:366): avc: denied { sendto } for path="/dev/socket/logdw" scontext=u:r:servicemanager:s0 tcontext=u:r:init:s0 tclass=unix_dgram_socket permissive=1
06-16 13:04:11.930 E/SELinux (  262): avc:  denied  { add } for service=SystemPatcher pid=983 uid=1000 scontext=u:r:system_app:s0 tcontext=u:object_r:default_android_service:s0 tclass=service_manager permissive=1
06-16 13:04:11.930 I/SystemPatcherApp(  983): Registered com.genymotion.systempatcher.SystemPatcherService as SystemPatcher
06-16 13:04:11.930 W/art     ( 1029): Unexpected CPU variant for X86 using defaults: x86_64
06-16 13:04:11.938 I/droid.launcher( 1056): type=1400 audit(0.0:367): avc: denied { sendto } for path="/dev/socket/logdw" scontext=u:r:priv_app:s0:c512,c768 tcontext=u:r:init:s0 tclass=unix_dgram_socket permissive=1
06-16 13:04:11.939 W/art     ( 1056): Unexpected CPU variant for X86 using defaults: x86_64
06-16 13:04:11.942 I/JDWP    ( 1063): type=1400 audit(0.0:368): avc: denied { connectto } for path=006A6477702D636F6E74726F6C scontext=u:r:priv_app:s0:c512,c768 tcontext=u:r:init:s0 tclass=unix_stream_socket permissive=1
06-16 13:04:11.942 I/ActivityManager(  592): Start proc 1056:com.android.launcher3/u0a14 for activity com.android.launcher3/.Launcher
06-16 13:04:11.958 I/main    (  266): type=1400 audit(0.0:369): avc: denied { read } for path="/dev/socket/zygote" scontext=u:r:zygote:s0 tcontext=u:r:init:s0 tclass=unix_stream_socket permissive=1
06-16 13:04:11.958 I/main    (  266): type=1400 audit(0.0:370): avc: denied { getattr } for path="socket:[13587]" dev="sockfs" ino=13587 scontext=u:r:zygote:s0 tcontext=u:r:init:s0 tclass=unix_stream_socket permissive=1
06-16 13:04:11.958 I/org.webrtc.Logging(  743): WebRtcAudioManagerExternal: Sample rate is set to 44100 Hz
06-16 13:04:11.958 I/org.webrtc.Logging(  743): WebRtcAudioManagerExternal: Sample rate is set to 44100 Hz
06-16 13:04:11.958 I/org.webrtc.Logging(  743): JavaAudioDeviceModule: createAudioDeviceModule
06-16 13:04:11.958 I/org.webrtc.Logging(  743): JavaAudioDeviceModule: HW NS will not be used.
06-16 13:04:11.958 I/org.webrtc.Logging(  743): JavaAudioDeviceModule: HW AEC will not be used.
