06-16 13:04:01.234 I/crond   (  281): type=1400 audit(0.0:246): avc: denied { read } for name="crontab" dev="xvda7" ino=119043 scontext=u:r:vbox86-setup:s0 tcontext=u:object_r:system_data_file:s0 tclass=dir permissive=1
06-16 13:04:01.234 I/crond   (  281): type=1400 audit(0.0:247): avc: denied { open } for path="/data/crontab" dev="xvda7" ino=119043 scontext=u:r:vbox86-setup:s0 tcontext=u:object_r:system_data_file:s0 tclass=dir permissive=1
06-16 13:04:01.234 I/crond   (  281): type=1400 audit(0.0:248): avc: denied { read } for name="root" dev="xvda7" ino=119044 scontext=u:r:vbox86-setup:s0 tcontext=u:object_r:system_data_file:s0 tclass=file permissive=1
06-16 13:04:01.234 I/crond   (  281): type=1400 audit(0.0:249): avc: denied { open } for path="/data/crontab/root" dev="xvda7" ino=119044 scontext=u:r:vbox86-setup:s0 tcontext=u:object_r:system_data_file:s0 tclass=file permissive=1
06-16 13:04:01.234 I/crond   (  281): type=1400 audit(0.0:250): avc: denied { getattr } for path="/data/crontab/root" dev="xvda7" ino=119044 scontext=u:r:vbox86-setup:s0 tcontext=u:object_r:system_data_file:s0 tclass=file permissive=1
06-16 13:04:01.234 I/art     (  266): Thread[1,tid=266,Native,Thread*=0x7ffbf3095a00,peer=0x12c060d0,"main"] recursive attempt to load library "/system/lib64/libmedia_jni.so"
06-16 13:04:01.234 I/art     (  266): Thread[1,tid=266,Native,Thread*=0x7ffbf3095a00,peer=0x12c060d0,"main"] recursive attempt to load library "/system/lib64/libmedia_jni.so"
06-16 13:04:01.450 E/linker  (  267): library /system/lib/libavcodec.so with text relocation is whitelisted
06-16 13:04:01.450 W/linker  (  267): /system/lib/libavcodec.so has text relocations. This is wasting memory and prevents security hardening. Please fix.
06-16 13:04:01.450 E/linker  (  267): library /system/lib/libavcodec.so with text relocation is whitelisted
06-16 13:04:01.526 I/main    (  267): type=1400 audit(0.0:251): avc: denied { execmod } for path="/system/lib/libavcodec.so" dev="xvda5" ino=2166 scontext=u:r:zygote:s0 tcontext=u:object_r:system_file:s0 tclass=file permissive=1
06-16 13:04:01.588 E/linker  (  267): library /system/lib/libswresample.so with text relocation is whitelisted
06-16 13:04:01.588 W/linker  (  267): /system/lib/libswresample.so has text relocations. This is wasting memory and prevents security hardening. Please fix.
06-16 13:04:01.588 E/linker  (  267): library /system/lib/libswresample.so with text relocation is whitelisted
06-16 13:04:01.772 I/System  (  267): Loaded time zone names for "" in 58ms (58ms in ICU)
06-16 13:04:01.846 I/System  (  267): Loaded time zone names for "en_US" in 74ms (73ms in ICU)
06-16 13:04:01.868 I/Zygote  (  267): ...preloaded 4161 classes in 3122ms.
06-16 13:04:01.868 I/art     (  267): VMRuntime.preloadDexCaches starting
06-16 13:04:01.942 I/art     (  267): VMRuntime.preloadDexCaches strings total=282418 before=39296 after=39296
06-16 13:04:01.942 I/art     (  267): VMRuntime.preloadDexCaches types total=23493 before=7835 after=7862
06-16 13:04:01.942 I/art     (  267): VMRuntime.preloadDexCaches fields total=111426 before=40635 after=40849
06-16 13:04:01.942 I/art     (  267): VMRuntime.preloadDexCaches methods total=196896 before=82193 after=82753
06-16 13:04:01.942 I/art     (  267): VMRuntime.preloadDexCaches finished
06-16 13:04:02.117 I/System  (  266): Loaded time zone names for "" in 6ms (5ms in ICU)
06-16 13:04:02.122 I/System  (  266): Loaded time zone names for "en_US" in 5ms (5ms in ICU)
06-16 13:04:02.142 I/Zygote  (  266): ...preloaded 4161 classes in 2015ms.
06-16 13:04:02.142 I/art     (  266): VMRuntime.preloadDexCaches starting
06-16 13:04:02.184 I/art     (  266): VMRuntime.preloadDexCaches strings total=282418 before=39296 after=39296
06-16 13:04:02.184 I/art     (  266): VMRuntime.preloadDexCaches types total=23493 before=7835 after=7862
06-16 13:04:02.184 I/art     (  266): VMRuntime.preloadDexCaches fields total=111426 before=40635 after=40849
06-16 13:04:02.184 I/art     (  266): VMRuntime.preloadDexCaches methods total=196896 before=82193 after=82753
06-16 13:04:02.184 I/art     (  266): VMRuntime.preloadDexCaches finished
06-16 13:04:03.035 I/Zygote  (  266): Preloading resources...
06-16 13:04:03.035 I/Zygote  (  267): Preloading resources...
06-16 13:04:03.233 W/Resources(  266): Preloaded drawable resource #0x1080298 (android:drawable/editbox_dropdown_background_dark) that varies with configuration!!
06-16 13:04:03.233 W/Resources(  267): Preloaded drawable resource #0x1080298 (android:drawable/editbox_dropdown_background_dark) that varies with configuration!!
06-16 13:04:03.270 W/Resources(  267): Preloaded drawable resource #0x108030a (android:drawable/ic_clear_disabled) that varies with configuration!!
06-16 13:04:03.270 W/Resources(  266): Preloaded drawable resource #0x108030a (android:drawable/ic_clear_disabled) that varies with configuration!!
06-16 13:04:03.270 W/Resources(  267): Preloaded drawable resource #0x108030f (android:drawable/ic_clear_normal) that varies with configuration!!
06-16 13:04:03.270 W/Resources(  266): Preloaded drawable resource #0x108030f (android:drawable/ic_clear_normal) that varies with configuration!!
06-16 13:04:03.271 W/Resources(  266): Preloaded drawable resource #0x1080344 (android:drawable/ic_go) that varies with configuration!!
06-16 13:04:03.271 W/Resources(  267): Preloaded drawable resource #0x1080344 (android:drawable/ic_go) that varies with configuration!!
06-16 13:04:03.294 W/Resources(  267): Preloaded drawable resource #0x1080038 (android:drawable/ic_menu_close_clear_cancel) that varies with configuration!!
06-16 13:04:03.294 W/Resources(  266): Preloaded drawable resource #0x1080038 (android:drawable/ic_menu_close_clear_cancel) that varies with configuration!!
06-16 13:04:03.294 W/Resources(  267): Preloaded drawable resource #0x1080045 (android:drawable/ic_menu_more) that varies with configuration!!
06-16 13:04:03.295 W/Resources(  266): Preloaded drawable resource #0x1080045 (android:drawable/ic_menu_more) that varies with configuration!!
06-16 13:04:03.299 W/Resources(  267): Preloaded drawable resource #0x10804d2 (android:drawable/menu_background_fill_parent_width) that varies with configuration!!
06-16 13:04:03.300 W/Resources(  266): Preloaded drawable resource #0x10804d2 (android:drawable/menu_background_fill_parent_width) that varies with configuration!!
06-16 13:04:03.317 W/Resources(  266): Preloaded drawable resource #0x1080765 (android:drawable/text_edit_paste_window) that varies with configuration!!
06-16 13:04:03.317 W/Resources(  267): Preloaded drawable resource #0x1080765 (android:drawable/text_edit_paste_window) that varies with configuration!!
06-16 13:04:03.323 W/Resources(  266): Preloaded drawable resource #0x1080096 (android:drawable/toast_frame) that varies with configuration!!
06-16 13:04:03.323 I/Zygote  (  266): ...preloaded 114 resources in 288ms.
06-16 13:04:03.323 W/Resources(  267): Preloaded drawable resource #0x1080096 (android:drawable/toast_frame) that varies with configuration!!
06-16 13:04:03.323 I/Zygote  (  267): ...preloaded 114 resources in 288ms.
06-16 13:04:03.324 I/Zygote  (  267): ...preloaded 41 resources in 1ms.
06-16 13:04:03.328 I/Zygote  (  266): ...preloaded 41 resources in 5ms.
06-16 13:04:03.328 E/libEGL  (  266): load_driver(/vendor/lib64/egl/libGLES_swiftshader.so): dlopen failed: library "/vendor/lib64/egl/libGLES_swiftshader.so" not found
06-16 13:04:03.340 I/Zygote  (  266): Preloading shared libraries...
06-16 13:04:03.357 E/libEGL  (  267): load_driver(/vendor/lib/egl/libGLES_swiftshader.so): dlopen failed: library "/vendor/lib/egl/libGLES_swiftshader.so" not found
06-16 13:04:03.419 I/Zygote  (  266): Uninstalled ICU cache reference pinning...
06-16 13:04:03.424 I/Zygote  (  266): Installed AndroidKeyStoreProvider in 4ms.
06-16 13:04:03.427 I/Zygote  (  266): Warmed up JCA providers in 4ms.
06-16 13:04:03.427 I/art     (  266): Starting a blocking GC Explicit
06-16 13:04:03.431 I/art     (  266): Explicit concurrent mark sweep GC freed 6929(397KB) AllocSpace objects, 0(0B) LOS objects, 39% free, 2MB/4MB, paused 34us total 3.329ms
06-16 13:04:03.431 I/art     (  266): Starting a blocking GC Explicit
06-16 13:04:03.434 I/art     (  266): Explicit concurrent mark sweep GC freed 722(21KB) AllocSpace objects, 0(0B) LOS objects, 40% free, 2MB/3MB, paused 30us total 2.850ms
06-16 13:04:03.454 I/art     (  266): Starting a blocking GC HeapTrim
06-16 13:04:03.455 I/art     (  266): Starting a blocking GC Background
06-16 13:04:03.462 I/main    (  266): type=1400 audit(0.0:252): avc: denied { getattr } for path="/sys/kernel/debug/tracing/trace_marker" dev="tracefs" ino=26 scontext=u:r:zygote:s0 tcontext=u:object_r:debugfs_tracing:s0 tclass=file permissive=1
06-16 13:04:03.462 I/main    (  266): type=1400 audit(0.0:253): avc: denied { getattr } for path="socket:[2041]" dev="sockfs" ino=2041 scontext=u:r:zygote:s0 tcontext=u:r:init:s0 tclass=unix_stream_socket permissive=1
06-16 13:04:03.465 I/Zygote  (  266): System server process 592 has been created
06-16 13:04:03.466 I/Zygote  (  266): Accepting command socket connections
06-16 13:04:04.477 I/Zygote  (  267): Preloading shared libraries...
06-16 13:04:04.496 I/Zygote  (  267): Uninstalled ICU cache reference pinning...
06-16 13:04:04.500 I/Zygote  (  267): Installed AndroidKeyStoreProvider in 4ms.
06-16 13:04:04.506 I/Zygote  (  267): Warmed up JCA providers in 6ms.
06-16 13:04:04.506 I/art     (  267): Starting a blocking GC Explicit
06-16 13:04:04.510 I/art     (  267): Explicit concurrent mark sweep GC freed 1388(72KB) AllocSpace objects, 0(0B) LOS objects, 39% free, 2MB/3MB, paused 38us total 3.525ms
06-16 13:04:04.510 I/art     (  267): Starting a blocking GC Explicit
06-16 13:04:04.513 I/art     (  267): Explicit concurrent mark sweep GC freed 5(128B) AllocSpace objects, 0(0B) LOS objects, 39% free, 2MB/3MB, paused 36us total 3.370ms
06-16 13:04:04.530 I/main    (  267): type=1400 audit(0.0:254): avc: denied { accept } for path="/dev/socket/zygote_secondary" scontext=u:r:zygote:s0 tcontext=u:r:init:s0 tclass=unix_stream_socket permissive=1
06-16 13:04:04.530 I/main    (  267): type=1400 audit(0.0:255): avc: denied { getopt } for path="/dev/socket/zygote_secondary" scontext=u:r:zygote:s0 tcontext=u:r:init:s0 tclass=unix_stream_socket permissive=1
06-16 13:04:04.530 I/Zygote  (  267): Accepting command socket connections
06-16 13:04:04.534 I/main    (  267): type=1400 audit(0.0:256): avc: denied { setopt } for path="/dev/socket/zygote_secondary" scontext=u:r:zygote:s0 tcontext=u:r:init:s0 tclass=unix_stream_socket permissive=1
06-16 13:04:04.546 I/main    (  267): type=1400 audit(0.0:257): avc: denied { read } for path="/dev/socket/zygote_secondary" scontext=u:r:zygote:s0 tcontext=u:r:init:s0 tclass=unix_stream_socket permissive=1
06-16 13:04:04.546 I/main    (  267): type=1400 audit(0.0:258): avc: denied { write } for path="/dev/socket/zygote_secondary" scontext=u:r:zygote:s0 tcontext=u:r:init:s0 tclass=unix_stream_socket permissive=1
06-16 13:04:04.558 I/main    (  592): type=1400 audit(0.0:259): avc: denied { sendto } for path="/dev/socket/logdw" scontext=u:r:system_server:s0 tcontext=u:r:init:s0 tclass=unix_dgram_socket permissive=1
06-16 13:04:04.558 I/installd(  272): type=1400 audit(0.0:260): avc: denied { sendto } for path="/dev/socket/logdw" scontext=u:r:installd:s0 tcontext=u:r:init:s0 tclass=unix_dgram_socket permissive=1
06-16 13:04:04.558 I/installd(  272): type=1400 audit(0.0:261): avc: denied { read } for path="socket:[9042]" dev="sockfs" ino=9042 scontext=u:r:installd:s0 tcontext=u:r:init:s0 tclass=unix_stream_socket permissive=1
06-16 13:04:04.558 I/installd(  272): type=1400 audit(0.0:262): avc: denied { write } for path="socket:[9042]" dev="sockfs" ino=9042 scontext=u:r:installd:s0 tcontext=u:r:init:s0 tclass=unix_stream_socket permissive=1
06-16 13:04:04.560 I/Zygote  (  592): Process: zygote socket opened, supported ABIS: x86
06-16 13:04:04.560 I/InstallerConnection(  592): connecting...
06-16 13:04:04.560 I/        (  272): new connection
06-16 13:04:04.734 I/installd(  272): type=1400 audit(0.0:263): avc: denied { accept } for path="/dev/socket/installd" scontext=u:r:installd:s0 tcontext=u:r:init:s0 tclass=unix_stream_socket permissive=1
06-16 13:04:04.736 I/InstallerConnection(  592): disconnecting...
06-16 13:04:04.736 E/        (  272): eof
06-16 13:04:04.736 E/        (  272): failed to read size
06-16 13:04:04.736 I/        (  272): closing connection
06-16 13:04:04.836 I/SystemServer(  592): Entered the Android system server!
06-16 13:04:05.047 I/SystemServiceManager(  592): Starting com.android.server.pm.Installer
06-16 13:04:05.051 I/Installer(  592): Waiting for installd to be ready.
06-16 13:04:05.051 I/InstallerConnection(  592): connecting...
06-16 13:04:05.051 I/        (  272): new connection
06-16 13:04:05.051 I/SystemServiceManager(  592): Starting com.android.server.am.ActivityManagerService$Lifecycle
06-16 13:04:05.176 I/ActivityManager(  592): Memory class: 192
06-16 13:04:05.179 I/ServiceThread(  592): Enabled StrictMode logging for ActivityManager looper.
06-16 13:04:05.181 I/ServiceThread(  592): Enabled StrictMode logging for android.ui looper.
06-16 13:04:05.328 I/IntentFirewall(  592): Read new rules (A:0 B:0 S:0)
06-16 13:04:05.333 I/ServiceThread(  592): Enabled StrictMode logging for android.display looper.
06-16 13:04:05.337 I/SystemServiceManager(  592): Starting com.android.server.power.PowerManagerService
06-16 13:04:05.339 I/ServiceThread(  592): Enabled StrictMode logging for PowerManagerService looper.
06-16 13:04:05.340 W/libsuspend(  592): Error writing 'on' to /sys/power/state: Function not implemented
06-16 13:04:05.340 I/libsuspend(  592): Selected autosleep
06-16 13:04:05.342 I/SystemServiceManager(  592): Starting com.android.server.lights.LightsService
06-16 13:04:05.349 I/SystemServiceManager(  592): Starting com.android.server.display.DisplayManagerService
06-16 13:04:05.354 I/SystemServiceManager(  592): Starting phase 100
06-16 13:04:05.362 I/DisplayManagerService(  592): Display device added: DisplayDeviceInfo{"Built-in Screen": uniqueId="local:0", 600 x 1024, modeId 1, defaultModeId 1, supportedModes [{id=1, width=600, height=1024, fps=60.000004}], colorTransformId 1, defaultColorTransformId 1, supportedColorTransforms [{id=1, colorTransform=0}], HdrCapabilities android.view.Display$HdrCapabilities@5ff22b3, density 160, 160.0 x 160.0 dpi, appVsyncOff 0, presDeadline 17666666, touch INTERNAL, rotation 0, type BUILT_IN, state UNKNOWN, FLAG_DEFAULT_DISPLAY, FLAG_ROTATES_WITH_CONTENT, FLAG_SECURE, FLAG_SUPPORTS_PROTECTED_BUFFERS}
06-16 13:04:05.362 I/SystemServer(  592): StartPackageManagerService
06-16 13:04:05.362 I/DisplayManagerService(  592): Display device changed state: "Built-in Screen", ON
06-16 13:04:05.456 W/SystemConfig(  592): No directory /system/etc/sysconfig, skipping
06-16 13:04:05.632 E/art     (  592): DexFile_getDexOptNeeded file '/system/framework/org.apache.http.legacy.jar' does not exist
06-16 13:04:05.632 W/PackageManager(  592): Library not found: /system/framework/org.apache.http.legacy.jar
06-16 13:04:05.649 E/art     (  592): DexFile_getDexOptNeeded file '/system/framework/org.apache.http.legacy.jar' does not exist
06-16 13:04:05.649 W/PackageManager(  592): Library not found: /system/framework/org.apache.http.legacy.jar
06-16 13:04:05.667 W/PackageManager(  592): Failed to parse /system/framework/oat: Missing base APK in /system/framework/oat
06-16 13:04:05.667 W/PackageManager(  592): Failed to parse /system/framework/x86: Missing base APK in /system/framework/x86
06-16 13:04:05.667 W/PackageManager(  592): Failed to parse /system/framework/x86_64: Missing base APK in /system/framework/x86_64
06-16 13:04:06.283 W/PackageParser(  592): No actions in intent filter at /system/priv-app/Contacts/Contacts.apk Binary XML file line #403
06-16 13:04:06.859 W/PackageParser(  592): No actions in intent filter at /system/priv-app/Dialer/Dialer.apk Binary XML file line #185
06-16 13:04:07.043 W/PackageManager(  592): Permission android.permission.DOWNLOAD_WITHOUT_NOTIFICATION from package com.android.providers.downloads in an unknown group android.permission-group.NETWORK
06-16 13:04:07.468 W/PackageManager(  592): Permission com.android.launcher.permission.INSTALL_SHORTCUT from package com.android.launcher3 in an unknown group android.permission-group.SYSTEM_TOOLS
06-16 13:04:07.468 W/PackageManager(  592): Permission com.android.launcher3.permission.READ_SETTINGS from package com.android.launcher3 in an unknown group android.permission-group.SYSTEM_TOOLS
06-16 13:04:07.468 W/PackageManager(  592): Permission com.android.launcher3.permission.WRITE_SETTINGS from package com.android.launcher3 in an unknown group android.permission-group.SYSTEM_TOOLS
06-16 13:04:08.237 W/PackageParser(  592): Ignoring duplicate uses-permissions/uses-permissions-sdk-m: android.permission.USE_CREDENTIALS in package: com.android.settings at: Binary XML file line #53
06-16 13:04:08.237 W/PackageParser(  592): Ignoring duplicate uses-permissions/uses-permissions-sdk-m: android.permission.READ_SYNC_SETTINGS in package: com.android.settings at: Binary XML file line #58
06-16 13:04:08.237 W/PackageParser(  592): Ignoring duplicate uses-permissions/uses-permissions-sdk-m: android.permission.WRITE_SYNC_SETTINGS in package: com.android.settings at: Binary XML file line #59
06-16 13:04:08.314 W/PackageParser(  592): Ignoring duplicate uses-permissions/uses-permissions-sdk-m: android.permission.INSTALL_GRANT_RUNTIME_PERMISSIONS in package: com.android.shell at: Binary XML file line #102
06-16 13:04:08.394 W/PackageParser(  592): Ignoring duplicate uses-permissions/uses-permissions-sdk-m: android.permission.CONFIGURE_WIFI_DISPLAY in package: com.android.systemui at: Binary XML file line #123
06-16 13:04:08.626 W/PackageParser(  592): Ignoring duplicate uses-permissions/uses-permissions-sdk-m: android.permission.READ_CONTACTS in package: com.android.bluetooth at: Binary XML file line #61
06-16 13:04:08.627 W/PackageParser(  592): No actions in intent filter at /system/app/Bluetooth/Bluetooth.apk Binary XML file line #222
06-16 13:04:08.658 W/PackageManager(  592): Non-privileged app; cap priority to 0; package: com.android.calendar activity: com.android.calendar.GoogleCalendarUriIntentFilter origPrio: 50
06-16 13:04:08.699 W/PackageManager(  592): Non-privileged app; cap priority to 0; package: com.android.cts.ctsshim activity: com.android.cts.ctsshim.InstallPriority origPrio: 100
06-16 13:04:08.699 W/PackageManager(  592): Non-privileged app; cap priority to 0; package: com.android.cts.ctsshim activity: com.android.cts.ctsshim.InstallPriority origPrio: 100
06-16 13:04:08.699 W/PackageManager(  592): Non-privileged app; cap priority to 0; package: com.android.cts.ctsshim activity: com.android.cts.ctsshim.InstallPriority origPrio: 100
06-16 13:04:08.699 W/PackageManager(  592): Non-privileged app; cap priority to 0; package: com.android.cts.ctsshim activity: com.android.cts.ctsshim.InstallPriority origPrio: 100
06-16 13:04:08.699 W/PackageManager(  592): Non-privileged app; cap priority to 0; package: com.android.cts.ctsshim activity: com.android.cts.ctsshim.InstallPriority origPrio: 100
06-16 13:04:08.775 W/PackageParser(  592): Ignoring duplicate uses-permissions/uses-permissions-sdk-m: android.permission.WRITE_CONTACTS in package: com.android.email at: Binary XML file line #40
06-16 13:04:08.819 W/PackageParser(  592): Unknown element under <application>: permission at /system/app/Gallery2/Gallery2.apk Binary XML file line #238
06-16 13:04:08.819 W/PackageParser(  592): Unknown element under <application>: permission at /system/app/Gallery2/Gallery2.apk Binary XML file line #241
06-16 13:04:09.055 W/PackageParser(  592): No actions in intent filter at /data/app/ApiDemos/ApiDemos.apk Binary XML file line #3144
06-16 13:04:09.055 W/PackageParser(  592): No actions in intent filter at /data/app/ApiDemos/ApiDemos.apk Binary XML file line #3150
06-16 13:04:09.055 W/PackageManager(  592): Package com.example.android.apis desires unavailable shared library com.example.will.never.exist; ignoring!
06-16 13:04:09.055 I/SELinux (  592): SELinux: Loaded file_contexts contexts from /file_contexts.bin.
06-16 13:04:09.158 I/installd(  272): type=1400 audit(0.0:264): avc: denied { read } for path="socket:[11986]" dev="sockfs" ino=11986 scontext=u:r:installd:s0 tcontext=u:r:init:s0 tclass=unix_stream_socket permissive=1
06-16 13:04:09.158 I/installd(  272): type=1400 audit(0.0:265): avc: denied { write } for path="socket:[11986]" dev="sockfs" ino=11986 scontext=u:r:installd:s0 tcontext=u:r:init:s0 tclass=unix_stream_socket permissive=1
06-16 13:04:09.158 W/PackageManager(  592): Protected action; cap priority to 0; package: com.android.cts.priv.ctsshim activity: com.android.cts.priv.ctsshim.InstallPriority origPrio: 100
06-16 13:04:09.158 W/PackageManager(  592): Protected action; cap priority to 0; package: com.android.cts.priv.ctsshim activity: com.android.cts.priv.ctsshim.InstallPriority origPrio: 100
06-16 13:04:09.158 W/PackageManager(  592): Protected action; cap priority to 0; package: com.android.cts.priv.ctsshim activity: com.android.cts.priv.ctsshim.InstallPriority origPrio: 100
06-16 13:04:09.158 W/PackageManager(  592): Protected action; cap priority to 0; package: com.android.cts.priv.ctsshim activity: com.android.cts.priv.ctsshim.InstallPriority origPrio: 100
06-16 13:04:09.158 W/PackageManager(  592): Protected action; cap priority to 0; package: com.android.packageinstaller activity: com.android.packageinstaller.PackageInstallerActivity origPrio: 1
06-16 13:04:09.158 W/PackageManager(  592): Package com.android.gallery3d desires unavailable shared library com.google.android.media.effects; ignoring!
06-16 13:04:09.158 W/PackageManager(  592): Package com.android.gallery3d desires unavailable shared library com.google.android.media.effects; ignoring!
06-16 13:04:09.158 W/PackageManager(  592): Package com.example.android.apis desires unavailable shared library com.example.will.never.exist; ignoring!
06-16 13:04:09.158 I/PackageManager(  592): Adjusting ABI for com.android.settings to x86_64 (requirer=android, scannedPackage=null)
06-16 13:04:09.179 I/PackageManager(  592): Adjusting ABI for com.genymotion.systempatcher to x86_64 (requirer=android, scannedPackage=null)
06-16 13:04:09.179 I/PackageManager(  592): Adjusting ABI for com.android.inputdevices to x86_64 (requirer=android, scannedPackage=null)
06-16 13:04:09.179 I/PackageManager(  592): Adjusting ABI for com.android.location.fused to x86_64 (requirer=android, scannedPackage=null)
06-16 13:04:09.179 I/PackageManager(  592): Adjusting ABI for com.android.wallpaperbackup to x86_64 (requirer=android, scannedPackage=null)
06-16 13:04:09.213 I/PackageManager(  592): Adjusting ABI for com.genymotion.genyd to x86_64 (requirer=android, scannedPackage=null)
06-16 13:04:09.213 I/PackageManager(  592): Adjusting ABI for com.genymotion.superuser to x86_64 (requirer=android, scannedPackage=null)
06-16 13:04:09.213 I/PackageManager(  592): Adjusting ABI for com.genymobile.genymotionacme to x86_64 (requirer=android, scannedPackage=null)
06-16 13:04:09.213 I/PackageManager(  592): Adjusting ABI for com.android.server.telecom to x86_64 (requirer=android, scannedPackage=null)
06-16 13:04:09.213 I/PackageManager(  592): Adjusting ABI for com.android.keychain to x86_64 (requirer=android, scannedPackage=null)
06-16 13:04:09.213 I/PackageManager(  592): Adjusting ABI for com.android.providers.settings to x86_64 (requirer=android, scannedPackage=null)
06-16 13:04:09.214 I/PackageManager(  592): Time to scan packages: 3.594 seconds
06-16 13:04:09.214 W/PackageManager(  592): Unknown permission com.google.android.googleapps.permission.GOOGLE_AUTH in package com.android.providers.calendar
06-16 13:04:09.214 W/PackageManager(  592): Unknown permission com.google.android.googleapps.permission.GOOGLE_AUTH.cl in package com.android.providers.calendar
06-16 13:04:09.214 W/PackageManager(  592): Not granting permission android.permission.GLOBAL_SEARCH to package com.android.quicksearchbox (protectionLevel=18 flags=0x3808be45)
06-16 13:04:09.214 W/PackageManager(  592): Not granting permission android.permission.WRITE_EXTERNAL_STORAGE to package gov.nasa.arc.astrobee.android.gs.manager because it was previously installed without
06-16 13:04:09.214 W/PackageManager(  592): Not granting permission android.permission.READ_EXTERNAL_STORAGE to package gov.nasa.arc.astrobee.android.gs.manager because it was previously installed without
06-16 13:04:09.214 W/PackageManager(  592): Not granting permission android.permission.BIND_WALLPAPER to package com.android.camera2 (protectionLevel=18 flags=0x3058bc45)
06-16 13:04:09.214 W/PackageManager(  592): Unknown permission com.android.launcher.permission.READ_SETTINGS in package com.android.launcher3
06-16 13:04:09.214 W/PackageManager(  592): Unknown permission com.android.launcher.permission.WRITE_SETTINGS in package com.android.launcher3
06-16 13:04:09.214 W/PackageManager(  592): Unknown permission com.google.android.googleapps.permission.GOOGLE_AUTH.mail in package com.android.calendar
06-16 13:04:09.214 W/PackageManager(  592): Unknown permission com.android.launcher.permission.READ_SETTINGS in package com.android.onetimeinitializer
06-16 13:04:09.214 W/PackageManager(  592): Unknown permission com.android.launcher.permission.WRITE_SETTINGS in package com.android.onetimeinitializer
06-16 13:04:09.214 W/PackageManager(  592): Unknown permission com.google.android.permission.INSTALL_WEARABLE_PACKAGES in package com.android.packageinstaller
06-16 13:04:09.214 W/PackageManager(  592): Not granting permission android.permission.DELETE_PACKAGES to package com.svox.pico (protectionLevel=18 flags=0x3808be45)
06-16 13:04:09.214 W/PackageManager(  592): Not granting permission android.permission.READ_CONTACTS to package com.example.android.apis because it was previously installed without
06-16 13:04:09.214 W/PackageManager(  592): Not granting permission android.permission.WRITE_CONTACTS to package com.example.android.apis because it was previously installed without
06-16 13:04:09.214 W/PackageManager(  592): Not granting permission android.permission.ACCESS_COARSE_LOCATION to package com.example.android.apis because it was previously installed without
06-16 13:04:09.214 W/PackageManager(  592): Not granting permission android.permission.WRITE_EXTERNAL_STORAGE to package com.example.android.apis because it was previously installed without
06-16 13:04:09.214 W/PackageManager(  592): Not granting permission android.permission.SEND_SMS to package com.example.android.apis because it was previously installed without
06-16 13:04:09.214 W/PackageManager(  592): Not granting permission android.permission.RECEIVE_SMS to package com.example.android.apis because it was previously installed without
06-16 13:04:09.214 W/PackageManager(  592): Not granting permission android.permission.RECEIVE_MMS to package com.example.android.apis because it was previously installed without
06-16 13:04:09.214 W/PackageManager(  592): Not granting permission android.permission.READ_SMS to package com.example.android.apis because it was previously installed without
06-16 13:04:09.214 W/PackageManager(  592): Not granting permission android.permission.READ_PHONE_STATE to package com.example.android.apis because it was previously installed without
06-16 13:04:09.214 W/PackageManager(  592): Not granting permission android.permission.RECORD_AUDIO to package com.example.android.apis because it was previously installed without
06-16 13:04:09.214 W/PackageManager(  592): Not granting permission android.permission.CAMERA to package com.example.android.apis because it was previously installed without
06-16 13:04:09.214 W/PackageManager(  592): Not granting permission android.permission.READ_EXTERNAL_STORAGE to package com.example.android.apis because it was previously installed without
06-16 13:04:09.214 W/PackageManager(  592): Unknown permission android.permission.RUN_INSTRUMENTATION in package org.chromium.webview_shell
06-16 13:04:09.214 W/PackageManager(  592): Unknown permission com.google.android.gallery3d.permission.PICASA_STORE in package com.android.dreams.phototable
06-16 13:04:09.214 W/PackageManager(  592): Unknown permission com.google.android.googleapps.permission.GOOGLE_AUTH in package com.android.settings
06-16 13:04:09.214 W/PackageManager(  592): Unknown permission com.android.launcher.permission.READ_SETTINGS in package com.android.settings
06-16 13:04:09.214 W/PackageManager(  592): Unknown permission com.android.launcher.permission.WRITE_SETTINGS in package com.android.settings
06-16 13:04:09.215 W/PackageManager(  592): Unknown permission com.google.android.gallery3d.permission.GALLERY_PROVIDER in package com.android.bluetooth
06-16 13:04:09.215 W/PackageManager(  592): Unknown permission com.google.android.googleapps.permission.ACCESS_GOOGLE_PASSWORD in package com.android.development
06-16 13:04:09.215 W/PackageManager(  592): Unknown permission com.google.android.googleapps.permission.GOOGLE_AUTH in package com.android.development
06-16 13:04:09.215 W/PackageManager(  592): Unknown permission com.google.android.googleapps.permission.GOOGLE_AUTH.ALL_SERVICES in package com.android.development
06-16 13:04:09.215 W/PackageManager(  592): Unknown permission com.google.android.googleapps.permission.GOOGLE_AUTH.YouTubeUser in package com.android.development
06-16 13:04:09.366 E/PackageManager(  592): There should probably be exactly one verifier; found []
06-16 13:04:09.385 I/art     (  592): Waiting for a blocking GC Explicit
06-16 13:04:09.386 I/art     (  592): Starting a blocking GC Explicit
06-16 13:04:09.392 I/art     (  592): Explicit concurrent mark sweep GC freed 1477(172KB) AllocSpace objects, 1(20KB) LOS objects, 33% free, 3MB/5MB, paused 70us total 6.408ms
06-16 13:04:09.396 I/SystemServer(  592): StartOtaDexOptService
06-16 13:04:09.405 I/SystemServer(  592): StartUserManagerService
06-16 13:04:09.405 I/SystemServiceManager(  592): Starting com.android.server.pm.UserManagerService$LifeCycle
06-16 13:04:09.410 I/lmkd    (  260): type=1400 audit(0.0:266): avc: denied { accept } for path="/dev/socket/lmkd" scontext=u:r:lmkd:s0 tcontext=u:r:init:s0 tclass=unix_stream_socket permissive=1
06-16 13:04:09.410 I/lmkd    (  260): type=1400 audit(0.0:267): avc: denied { sendto } for path="/dev/socket/logdw" scontext=u:r:lmkd:s0 tcontext=u:r:init:s0 tclass=unix_dgram_socket permissive=1
06-16 13:04:09.410 I/lmkd    (  260): type=1400 audit(0.0:268): avc: denied { read } for path="socket:[13357]" dev="sockfs" ino=13357 scontext=u:r:lmkd:s0 tcontext=u:r:init:s0 tclass=unix_stream_socket permissive=1
06-16 13:04:09.413 I/lowmemorykiller(  260): ActivityManager connected
06-16 13:04:09.414 I/netd    (  543): type=1400 audit(0.0:269): avc: denied { accept } for path="/dev/socket/fwmarkd" scontext=u:r:netd:s0 tcontext=u:r:init:s0 tclass=unix_stream_socket permissive=1
06-16 13:04:09.414 I/netd    (  543): type=1400 audit(0.0:270): avc: denied { getopt } for path="/dev/socket/fwmarkd" scontext=u:r:netd:s0 tcontext=u:r:init:s0 tclass=unix_stream_socket permissive=1
06-16 13:04:09.414 I/netd    (  543): type=1400 audit(0.0:271): avc: denied { read } for path="/dev/socket/fwmarkd" scontext=u:r:netd:s0 tcontext=u:r:init:s0 tclass=unix_stream_socket permissive=1
06-16 13:04:09.414 I/netd    (  543): type=1400 audit(0.0:272): avc: denied { write } for path="socket:[13386]" dev="sockfs" ino=13386 scontext=u:r:netd:s0 tcontext=u:r:init:s0 tclass=unix_stream_socket permissive=1
06-16 13:04:09.416 I/Sensors (  592): Redis connect
06-16 13:04:09.416 I/Sensors (  592): Redis read thread
06-16 13:04:09.416 I/Sensors (  592): Redis read wait
06-16 13:04:09.416 W/Sensors (  592): message not properly formated
06-16 13:04:09.418 I/system_server(  592): type=1400 audit(0.0:273): avc: denied { call } for scontext=u:r:system_server:s0 tcontext=u:r:init:s0 tclass=binder permissive=1
06-16 13:04:09.418 I/system_server(  592): type=1400 audit(0.0:274): avc: denied { transfer } for scontext=u:r:system_server:s0 tcontext=u:r:init:s0 tclass=binder permissive=1
06-16 13:04:09.418 I/healthd (  292): type=1400 audit(0.0:275): avc: denied { call } for scontext=u:r:init:s0 tcontext=u:r:system_server:s0 tclass=binder permissive=1
06-16 13:04:09.419 E/        (  592): Reporting Mode incorrect: sensor Genymotion Pressure handle=0x00000006 type=6 actual=1 expected=0
06-16 13:04:09.419 I/SystemServiceManager(  592): Starting com.android.server.BatteryService
06-16 13:04:09.423 I/SystemServiceManager(  592): Starting com.android.server.usage.UsageStatsService
06-16 13:04:09.432 I/SystemServiceManager(  592): Starting com.android.server.webkit.WebViewUpdateService
06-16 13:04:09.441 I/SystemServer(  592): Reading configuration...
06-16 13:04:09.441 I/SystemServer(  592): StartSchedulingPolicyService
06-16 13:04:09.441 I/SystemServiceManager(  592): Starting com.android.server.telecom.TelecomLoaderService
06-16 13:04:09.441 I/SystemServer(  592): StartTelephonyRegistry
06-16 13:04:09.443 I/SystemServer(  592): StartEntropyMixer
06-16 13:04:09.444 I/EntropyMixer(  592): Writing entropy...
06-16 13:04:09.452 I/SystemServer(  592): Camera Service
06-16 13:04:09.452 I/SystemServiceManager(  592): Starting com.android.server.camera.CameraService
06-16 13:04:09.454 I/ServiceThread(  592): Enabled StrictMode logging for CameraService_proxy looper.
06-16 13:04:09.454 I/SystemServer(  592): StartAccountManagerService
06-16 13:04:09.455 I/SystemServiceManager(  592): Starting com.android.server.accounts.AccountManagerService$Lifecycle
06-16 13:04:09.458 I/SystemServer(  592): StartContentService
06-16 13:04:09.459 I/SystemServiceManager(  592): Starting com.android.server.content.ContentService$Lifecycle
06-16 13:04:09.461 I/SystemServer(  592): InstallSystemProviders
06-16 13:04:09.513 W/System  (  592): ClassLoader referenced unknown path: /system/priv-app/SettingsProvider/lib/x86_64
06-16 13:04:09.531 I/SystemServer(  592): StartVibratorService
06-16 13:04:09.532 E/        (  592): Vibrator file does not exist : -1
06-16 13:04:09.532 E/        (  592): Vibrator device does not exist. Cannot start vibrator
06-16 13:04:09.532 W/VibratorService(  592): Tried to stop vibrating but there is no vibrator device.
06-16 13:04:09.533 I/SystemServer(  592): StartConsumerIrService
06-16 13:04:09.533 E/ConsumerIrService(  592): Can't open consumer IR HW Module, error: -2
06-16 13:04:09.533 I/SystemServer(  592): StartAlarmManagerService
06-16 13:04:09.533 I/SystemServiceManager(  592): Starting com.android.server.AlarmManagerService
06-16 13:04:09.534 W/AlarmManagerService(  592): no wall clock RTC found
06-16 13:04:09.535 I/SystemServer(  592): InitWatchdog
06-16 13:04:09.535 I/SystemServer(  592): StartInputManagerService
06-16 13:04:09.536 I/InputManager(  592): Initializing input manager, mUseDevInputEventForAudioJack=false
06-16 13:04:09.538 I/SystemServer(  592): StartWindowManagerService
06-16 13:04:09.565 I/WindowManager(  592): No existing display settings /data/system/display_settings.xml; starting empty
06-16 13:04:09.587 I/SystemServer(  592): StartVrManagerService
06-16 13:04:09.587 I/SystemServiceManager(  592): Starting com.android.server.vr.VrManagerService
06-16 13:04:09.588 W/VrManagerService(  592): init_native: Could not open VR hardware module, error No such file or directory (-2).
06-16 13:04:09.589 I/VrManagerService(  592): No VR packages found, disabling VR components
06-16 13:04:09.591 I/InputManager(  592): Starting input manager
06-16 13:04:09.593 I/SystemServer(  592): No Bluetooth Service (emulator)
06-16 13:04:09.593 I/SystemServer(  592): ConnectivityMetricsLoggerService
06-16 13:04:09.593 I/SystemServiceManager(  592): Starting com.android.server.connectivity.MetricsLoggerService
06-16 13:04:09.596 I/SystemServer(  592): PinnerService
06-16 13:04:09.596 I/SystemServiceManager(  592): Starting com.android.server.PinnerService
06-16 13:04:09.596 E/PinnerService(  592): Starting PinnerService
06-16 13:04:09.596 I/SystemServiceManager(  592): Starting com.android.server.InputMethodManagerService$Lifecycle
06-16 13:04:09.599 W/EventHub(  592): Unable to disable kernel key repeat for /dev/input/event1: Function not implemented
06-16 13:04:09.599 I/EventHub(  592): New device: id=1, fd=96, path='/dev/input/event1', name='Sleep Button', classes=0x1, configuration='', keyLayout='/system/usr/keylayout/Generic.kl', keyCharacterMap='/system/usr/keychars/Generic.kcm', builtinKeyboard=false, wakeMechanism=EPOLLWAKEUP, usingClockIoctl=true
06-16 13:04:09.600 W/EventHub(  592): Unable to disable kernel key repeat for /dev/input/event0: Function not implemented
06-16 13:04:09.600 I/EventHub(  592): New device: id=2, fd=97, path='/dev/input/event0', name='Power Button', classes=0x1, configuration='', keyLayout='/system/usr/keylayout/Generic.kl', keyCharacterMap='/system/usr/keychars/Generic.kcm', builtinKeyboard=false, wakeMechanism=EPOLLWAKEUP, usingClockIoctl=true
06-16 13:04:09.602 I/EventHub(  592): New device: id=3, fd=98, path='/dev/input/event2', name='AT Translated Set 2 keyboard', classes=0x3, configuration='', keyLayout='/system/usr/keylayout/AT_Translated_Set_2_keyboard.kl', keyCharacterMap='/system/usr/keychars/Generic.kcm', builtinKeyboard=false, wakeMechanism=EPOLLWAKEUP, usingClockIoctl=true
06-16 13:04:09.602 E/EventHub(  592): could not get driver version for /dev/input/mice, Not a typewriter
06-16 13:04:09.625 I/SystemServer(  592): StartAccessibilityManagerService
06-16 13:04:09.629 I/ActivityManager(  592): Config changes=1df8 {1.0 ?mcc?mnc [en_US] ldltr sw600dp w600dp h1024dp 160dpi lrg long port ?uimode ?night -touch -keyb/v/h -nav/h s.2}
06-16 13:04:09.631 I/ActivityManager(  592): Config changes=500 {1.0 ?mcc?mnc [en_US] ldltr sw600dp w600dp h952dp 160dpi lrg port ?uimode ?night -touch -keyb/v/h -nav/h s.3}
06-16 13:04:09.642 I/UsageStatsService(  592): User[0] Rollover scheduled @ 2025-06-17 13:04:09(1750179849629)
06-16 13:04:09.642 E/AppIdleHistory(  592): Unable to read app idle file for user 0
06-16 13:04:09.646 I/SystemServiceManager(  592): Starting com.android.server.MountService$Lifecycle
06-16 13:04:09.652 I/SystemServiceManager(  592): Starting com.android.server.UiModeManagerService
06-16 13:04:09.652 I/ActivityManager(  592): Config changes=200 {1.0 ?mcc?mnc [en_US] ldltr sw600dp w600dp h952dp 160dpi lrg port -touch -keyb/v/h -nav/h s.4}
06-16 13:04:09.654 I/vold    (  127): type=1400 audit(0.0:276): avc: denied { accept } for path="/dev/socket/cryptd" scontext=u:r:vold:s0 tcontext=u:r:init:s0 tclass=unix_stream_socket permissive=1
06-16 13:04:09.654 I/vold    (  127): type=1400 audit(0.0:277): avc: denied { getopt } for path="/dev/socket/cryptd" scontext=u:r:vold:s0 tcontext=u:r:init:s0 tclass=unix_stream_socket permissive=1
06-16 13:04:09.654 W/PackageManager(  592): No disk maintenance in 103378695654; running immediately
06-16 13:04:09.654 I/MountService(  592): fstrim requested, but no daemon connection yet; trying again
06-16 13:04:09.655 I/SystemServer(  592): StartLockSettingsService
06-16 13:04:09.655 I/SystemServiceManager(  592): Starting com.android.server.LockSettingsService$Lifecycle
06-16 13:04:09.658 I/vold    (  127): type=1400 audit(0.0:278): avc: denied { read } for path="socket:[13468]" dev="sockfs" ino=13468 scontext=u:r:vold:s0 tcontext=u:r:init:s0 tclass=unix_stream_socket permissive=1
06-16 13:04:09.658 I/vold    (  127): type=1400 audit(0.0:279): avc: denied { write } for path="socket:[13468]" dev="sockfs" ino=13468 scontext=u:r:vold:s0 tcontext=u:r:init:s0 tclass=unix_stream_socket permissive=1
06-16 13:04:09.660 I/SystemServiceManager(  592): Starting com.android.server.DeviceIdleController
06-16 13:04:09.660 I/SystemServiceManager(  592): Starting com.android.server.devicepolicy.DevicePolicyManagerService$Lifecycle
06-16 13:04:09.661 W/MountService(  592): No primary storage mounted!
06-16 13:04:09.662 I/PackageManager(  592): No secure containers found
06-16 13:04:09.662 W/PackageManager(  592): Unknown permission com.google.android.googleapps.permission.GOOGLE_AUTH in package com.android.providers.calendar
06-16 13:04:09.662 W/PackageManager(  592): Unknown permission com.google.android.googleapps.permission.GOOGLE_AUTH.cl in package com.android.providers.calendar
06-16 13:04:09.662 W/PackageManager(  592): Not granting permission android.permission.GLOBAL_SEARCH to package com.android.quicksearchbox (protectionLevel=18 flags=0x3888be45)
06-16 13:04:09.662 W/PackageManager(  592): Not granting permission android.permission.WRITE_EXTERNAL_STORAGE to package gov.nasa.arc.astrobee.android.gs.manager because it was previously installed without
06-16 13:04:09.662 W/PackageManager(  592): Not granting permission android.permission.READ_EXTERNAL_STORAGE to package gov.nasa.arc.astrobee.android.gs.manager because it was previously installed without
06-16 13:04:09.662 W/PackageManager(  592): Not granting permission android.permission.BIND_WALLPAPER to package com.android.camera2 (protectionLevel=18 flags=0x30d8bc45)
06-16 13:04:09.662 W/PackageManager(  592): Unknown permission com.android.launcher.permission.READ_SETTINGS in package com.android.launcher3
06-16 13:04:09.662 W/PackageManager(  592): Unknown permission com.android.launcher.permission.WRITE_SETTINGS in package com.android.launcher3
06-16 13:04:09.662 W/PackageManager(  592): Unknown permission com.google.android.googleapps.permission.GOOGLE_AUTH.mail in package com.android.calendar
06-16 13:04:09.662 W/PackageManager(  592): Unknown permission com.android.launcher.permission.READ_SETTINGS in package com.android.onetimeinitializer
06-16 13:04:09.662 W/PackageManager(  592): Unknown permission com.android.launcher.permission.WRITE_SETTINGS in package com.android.onetimeinitializer
06-16 13:04:09.662 W/PackageManager(  592): Unknown permission com.google.android.permission.INSTALL_WEARABLE_PACKAGES in package com.android.packageinstaller
06-16 13:04:09.662 W/PackageManager(  592): Not granting permission android.permission.DELETE_PACKAGES to package com.svox.pico (protectionLevel=18 flags=0x3888be45)
06-16 13:04:09.662 W/PackageManager(  592): Not granting permission android.permission.READ_CONTACTS to package com.example.android.apis because it was previously installed without
06-16 13:04:09.662 W/PackageManager(  592): Not granting permission android.permission.WRITE_CONTACTS to package com.example.android.apis because it was previously installed without
06-16 13:04:09.662 W/PackageManager(  592): Not granting permission android.permission.ACCESS_COARSE_LOCATION to package com.example.android.apis because it was previously installed without
06-16 13:04:09.662 W/PackageManager(  592): Not granting permission android.permission.WRITE_EXTERNAL_STORAGE to package com.example.android.apis because it was previously installed without
06-16 13:04:09.662 W/PackageManager(  592): Not granting permission android.permission.SEND_SMS to package com.example.android.apis because it was previously installed without
06-16 13:04:09.662 W/PackageManager(  592): Not granting permission android.permission.RECEIVE_SMS to package com.example.android.apis because it was previously installed without
06-16 13:04:09.662 W/PackageManager(  592): Not granting permission android.permission.RECEIVE_MMS to package com.example.android.apis because it was previously installed without
06-16 13:04:09.662 W/PackageManager(  592): Not granting permission android.permission.READ_SMS to package com.example.android.apis because it was previously installed without
06-16 13:04:09.662 W/PackageManager(  592): Not granting permission android.permission.READ_PHONE_STATE to package com.example.android.apis because it was previously installed without
06-16 13:04:09.662 W/PackageManager(  592): Not granting permission android.permission.RECORD_AUDIO to package com.example.android.apis because it was previously installed without
06-16 13:04:09.662 W/PackageManager(  592): Not granting permission android.permission.CAMERA to package com.example.android.apis because it was previously installed without
06-16 13:04:09.662 W/PackageManager(  592): Not granting permission android.permission.READ_EXTERNAL_STORAGE to package com.example.android.apis because it was previously installed without
06-16 13:04:09.662 W/PackageManager(  592): Unknown permission android.permission.RUN_INSTRUMENTATION in package org.chromium.webview_shell
06-16 13:04:09.662 W/PackageManager(  592): Unknown permission com.google.android.gallery3d.permission.PICASA_STORE in package com.android.dreams.phototable
06-16 13:04:09.662 W/PackageManager(  592): Unknown permission com.google.android.googleapps.permission.GOOGLE_AUTH in package com.android.settings
06-16 13:04:09.662 W/PackageManager(  592): Unknown permission com.android.launcher.permission.READ_SETTINGS in package com.android.settings
06-16 13:04:09.662 W/PackageManager(  592): Unknown permission com.android.launcher.permission.WRITE_SETTINGS in package com.android.settings
06-16 13:04:09.663 W/PackageManager(  592): Unknown permission com.google.android.gallery3d.permission.GALLERY_PROVIDER in package com.android.bluetooth
06-16 13:04:09.663 W/PackageManager(  592): Unknown permission com.google.android.googleapps.permission.ACCESS_GOOGLE_PASSWORD in package com.android.development
06-16 13:04:09.663 W/PackageManager(  592): Unknown permission com.google.android.googleapps.permission.GOOGLE_AUTH in package com.android.development
06-16 13:04:09.663 W/PackageManager(  592): Unknown permission com.google.android.googleapps.permission.GOOGLE_AUTH.ALL_SERVICES in package com.android.development
06-16 13:04:09.663 W/PackageManager(  592): Unknown permission com.google.android.googleapps.permission.GOOGLE_AUTH.YouTubeUser in package com.android.development
06-16 13:04:09.694 I/vold    (  126): type=1400 audit(0.0:280): avc: denied { read } for path="socket:[13470]" dev="sockfs" ino=13470 scontext=u:r:vold:s0 tcontext=u:r:init:s0 tclass=unix_stream_socket permissive=1
06-16 13:04:09.694 I/vold    (  126): type=1400 audit(0.0:281): avc: denied { write } for path="socket:[13470]" dev="sockfs" ino=13470 scontext=u:r:vold:s0 tcontext=u:r:init:s0 tclass=unix_stream_socket permissive=1
06-16 13:04:09.696 I/SystemServer(  592): StartStatusBarManagerService
06-16 13:04:09.696 W/MountService(  592): No primary storage defined yet; hacking together a stub
06-16 13:04:09.696 W/MountService(  592): No primary storage defined yet; hacking together a stub
06-16 13:04:09.696 W/MountService(  592): No primary storage mounted!
06-16 13:04:09.697 I/SystemServer(  592): StartClipboardService
06-16 13:04:09.698 I/SystemServer(  592): StartNetworkManagementService
06-16 13:04:09.700 I/NetworkManagement(  592): onDaemonConnected()
06-16 13:04:09.700 I/SystemServiceManager(  592): Starting com.android.server.TextServicesManagerService$Lifecycle
06-16 13:04:09.703 I/SystemServer(  592): StartNetworkScoreService
06-16 13:04:09.704 I/SystemServer(  592): StartNetworkStatsService
06-16 13:04:09.710 I/SystemServer(  592): StartNetworkPolicyManagerService
06-16 13:04:09.714 I/SystemServer(  592): No Wi-Fi NAN Service (NAN support Not Present)
06-16 13:04:09.718 I/EventHub(  592): ignoring event id /dev/input/event3 driver ImExPS/2 Generic Explorer Mouse
06-16 13:04:09.733 I/SystemServiceManager(  592): Starting com.android.server.wifi.p2p.WifiP2pService
06-16 13:04:09.761 I/WifiP2pService(  592): Registering wifip2p
06-16 13:04:09.762 I/SystemServiceManager(  592): Starting com.android.server.wifi.WifiService
06-16 13:04:09.790 I/RenderThread(  638): type=1400 audit(0.0:282): avc: denied { read } for name="fb0" dev="tmpfs" ino=8587 scontext=u:r:system_server:s0 tcontext=u:object_r:graphics_device:s0 tclass=chr_file permissive=1
06-16 13:04:09.790 I/RenderThread(  638): type=1400 audit(0.0:283): avc: denied { open } for path="/dev/graphics/fb0" dev="tmpfs" ino=8587 scontext=u:r:system_server:s0 tcontext=u:object_r:graphics_device:s0 tclass=chr_file permissive=1
06-16 13:04:09.790 I/RenderThread(  638): type=1400 audit(0.0:284): avc: denied { ioctl } for path="/dev/graphics/fb0" dev="tmpfs" ino=8587 ioctlcmd=4600 scontext=u:r:system_server:s0 tcontext=u:object_r:graphics_device:s0 tclass=chr_file permissive=1
06-16 13:04:09.790 I/OpenGLRenderer(  592): Initialized EGL, version 1.4
06-16 13:04:09.826 E/EventHub(  592): could not get driver version for /dev/input/mouse0, Not a typewriter
06-16 13:04:09.846 I/RenderThread(  638): type=1400 audit(0.0:285): avc: denied { execmem } for scontext=u:r:system_server:s0 tcontext=u:r:system_server:s0 tclass=process permissive=1
06-16 13:04:09.972 I/InputReader(  592): Device added: id=-1, name='Virtual', sources=0x00000301
06-16 13:04:09.972 I/InputReader(  592): Device added: id=3, name='AT Translated Set 2 keyboard', sources=0x00000101
06-16 13:04:09.972 I/InputReader(  592): Device added: id=2, name='Power Button', sources=0x00000101
06-16 13:04:09.972 I/InputReader(  592): Device added: id=1, name='Sleep Button', sources=0x00000101
06-16 13:04:09.972 I/InputReader(  592): Reconfiguring input devices.  changes=0x00000004
06-16 13:04:09.972 I/ActivityManager(  592): Config changes=30 {1.0 ?mcc?mnc [en_US] ldltr sw600dp w600dp h952dp 160dpi lrg port -touch qwerty/v/v -nav/h s.5}
06-16 13:04:10.018 W/art     (  592): Long monitor contention with owner WifiStateMachine (640) at boolean com.android.server.wifi.WifiNative.unloadDriverNative()(WifiNative.java:-2) waiters=0 in java.lang.String com.android.server.wifi.WifiNative.doStringCommand(java.lang.String) for 201ms
06-16 13:04:10.018 E/WifiLogger(  592): no ring buffers found
