06-16 13:04:13.277 W/StatusBar(  674): 	at com.android.systemui.statusbar.phone.KeyguardBottomAreaView.setUserSetupComplete(KeyguardBottomAreaView.java:274)
06-16 13:04:13.277 W/StatusBar(  674): 	at com.android.systemui.statusbar.phone.PhoneStatusBar$1.onChange(PhoneStatusBar.java:421)
06-16 13:04:13.277 W/StatusBar(  674): 	at com.android.systemui.statusbar.phone.PhoneStatusBar.resetUserSetupObserver(PhoneStatusBar.java:3474)
06-16 13:04:13.277 W/StatusBar(  674): 	at com.android.systemui.statusbar.phone.PhoneStatusBar.makeStatusBarView(PhoneStatusBar.java:948)
06-16 13:04:13.277 W/StatusBar(  674): 	at com.android.systemui.statusbar.phone.PhoneStatusBar.addStatusBarWindow(PhoneStatusBar.java:3248)
06-16 13:04:13.277 W/StatusBar(  674): 	at com.android.systemui.statusbar.phone.PhoneStatusBar.createAndAddWindows(PhoneStatusBar.java:3244)
06-16 13:04:13.277 W/StatusBar(  674): 	at com.android.systemui.statusbar.BaseStatusBar.start(BaseStatusBar.java:752)
06-16 13:04:13.277 W/StatusBar(  674): 	at com.android.systemui.statusbar.phone.PhoneStatusBar.start(PhoneStatusBar.java:657)
06-16 13:04:13.277 W/StatusBar(  674): 	at com.android.systemui.statusbar.SystemBars.createStatusBarFromConfig(SystemBars.java:106)
06-16 13:04:13.277 W/StatusBar(  674): 	at com.android.systemui.statusbar.SystemBars.onNoService(SystemBars.java:58)
06-16 13:04:13.277 W/StatusBar(  674): 	at com.android.systemui.statusbar.ServiceMonitor.startService(ServiceMonitor.java:230)
06-16 13:04:13.277 W/StatusBar(  674): 	at com.android.systemui.statusbar.ServiceMonitor.-wrap5(ServiceMonitor.java)
06-16 13:04:13.277 W/StatusBar(  674): 	at com.android.systemui.statusbar.ServiceMonitor$1.handleMessage(ServiceMonitor.java:73)
06-16 13:04:13.277 W/StatusBar(  674): 	at android.os.Handler.dispatchMessage(Handler.java:102)
06-16 13:04:13.277 W/StatusBar(  674): 	at android.os.Looper.loop(Looper.java:154)
06-16 13:04:13.277 W/StatusBar(  674): 	at android.app.ActivityThread.main(ActivityThread.java:6077)
06-16 13:04:13.277 W/StatusBar(  674): 	at java.lang.reflect.Method.invoke(Native Method)
06-16 13:04:13.277 W/StatusBar(  674): 	at com.android.internal.os.ZygoteInit$MethodAndArgsCaller.run(ZygoteInit.java:865)
06-16 13:04:13.277 W/StatusBar(  674): 	at com.android.internal.os.ZygoteInit.main(ZygoteInit.java:755)
06-16 13:04:13.277 I/Telephony(  729): PstnIncomingCallNotifier: Unregistering: Handler (com.android.internal.telephony.GsmCdmaPhone) {38146e2}
06-16 13:04:13.282 I/Telecom (  592): PhoneAccountRegistrar: [ComponentInfo{com.android.phone/com.android.services.telephony.TelephonyConnectionService}, [5fef04621e9a9b41849c3df35e75799299008300], UserHandle{0}(icon: Icon(typ=BITMAP size=19x24) -> Icon(typ=BITMAP size=19x24))]: TSI.rPA@ABw
06-16 13:04:13.282 I/Telecom (  592): : Sending phone-account registered intent as user: TSI.rPA@ABw
06-16 13:04:13.282 I/Telephony(  729): AccountEntry: Registered phoneAccount: [[ ] PhoneAccount: ComponentInfo{com.android.phone/com.android.services.telephony.TelephonyConnectionService}, [5fef04621e9a9b41849c3df35e75799299008300], UserHandle{0} Capabilities: CallProvider MultiUser PlaceEmerg SimSub  Schemes: tel voicemail  Extras: null] with handle: ComponentInfo{com.android.phone/com.android.services.telephony.TelephonyConnectionService}, [5fef04621e9a9b41849c3df35e75799299008300], UserHandle{0}
06-16 13:04:13.282 I/Telephony(  729): PstnIncomingCallNotifier: Registering: Handler (com.android.internal.telephony.GsmCdmaPhone) {38146e2}
06-16 13:04:13.305 I/MediaPlayerService(  277): MediaPlayerService::getOMX
06-16 13:04:13.306 I/OMXClient(  674): MuxOMX ctor
06-16 13:04:13.306 I/DisplayManagerService(  592): Display device added: DisplayDeviceInfo{"WebRTC_ScreenCapture": uniqueId="virtual:com.genymobile.webrtcd,1000,WebRTC_ScreenCapture,0", 600 x 1024, modeId 2, defaultModeId 2, supportedModes [{id=2, width=600, height=1024, fps=60.0}], colorTransformId 0, defaultColorTransformId 0, supportedColorTransforms [], HdrCapabilities null, density 400, 400.0 x 400.0 dpi, appVsyncOff 0, presDeadline 16666666, touch NONE, rotation 0, type VIRTUAL, state ON, owner com.genymobile.webrtcd (uid 1000), FLAG_SECURE, FLAG_PRIVATE}
06-16 13:04:13.308 I/org.webrtc.Logging(  743): SurfaceTextureHelper: Setting listener to org.webrtc.ScreenCapturerAndroid@c0a705d
06-16 13:04:13.308 I/OMXMaster(  274): makeComponentInstance(OMX.google.vorbis.decoder) in mediacodec process
06-16 13:04:13.320 I/Webrtcd.Screencapturer(  743): Start frame loop
06-16 13:04:13.322 I/surfaceflinger(  265): type=1400 audit(0.0:417): avc: denied { sendto } for path="/dev/socket/logdw" scontext=u:r:surfaceflinger:s0 tcontext=u:r:init:s0 tclass=unix_dgram_socket permissive=1
06-16 13:04:13.331 I/Telephony(  729): PstnIncomingCallNotifier: Unregistering: Handler (com.android.internal.telephony.GsmCdmaPhone) {38146e2}
06-16 13:04:13.333 I/Telecom (  592): PhoneAccountRegistrar: [ComponentInfo{com.android.phone/com.android.services.telephony.TelephonyConnectionService}, [5fef04621e9a9b41849c3df35e75799299008300], UserHandle{0}(icon: Icon(typ=BITMAP size=19x24) -> Icon(typ=BITMAP size=19x24))]: TSI.rPA@AB8
06-16 13:04:13.333 I/Telecom (  592): : Sending phone-account registered intent as user: TSI.rPA@AB8
06-16 13:04:13.334 I/ueventd (   88): type=1400 audit(0.0:418): avc: denied { read } for scontext=u:r:init:s0 tcontext=u:r:init:s0 tclass=netlink_kobject_uevent_socket permissive=1
06-16 13:04:13.341 I/Telephony(  729): AccountEntry: Registered phoneAccount: [[ ] PhoneAccount: ComponentInfo{com.android.phone/com.android.services.telephony.TelephonyConnectionService}, [5fef04621e9a9b41849c3df35e75799299008300], UserHandle{0} Capabilities: CallProvider MultiUser PlaceEmerg SimSub  Schemes: tel voicemail  Extras: null] with handle: ComponentInfo{com.android.phone/com.android.services.telephony.TelephonyConnectionService}, [5fef04621e9a9b41849c3df35e75799299008300], UserHandle{0}
06-16 13:04:13.341 I/Telephony(  729): PstnIncomingCallNotifier: Registering: Handler (com.android.internal.telephony.GsmCdmaPhone) {38146e2}
06-16 13:04:13.384 I/FFmpegExtractor(  276): android-source:0xea9dca00
06-16 13:04:13.391 I/FFMPEG  (  276): Input #0, ogg, from 'android-source:0xea9dca00':
06-16 13:04:13.391 I/FFMPEG  (  276):   Duration: 00:00:00.11, start: 0.000000, bitrate: 440 kb/s
06-16 13:04:13.391 I/FFMPEG  (  276):     Stream #0:0: Audio: vorbis, 48000 Hz, mono, fltp, 140 kb/s
06-16 13:04:13.391 I/FFmpegExtractor(  276): FFmpegExtrator, url: android-source:0xea9dca00, format_name: ogg, format_long_name: Ogg
06-16 13:04:13.391 I/FFmpegExtractor(  276): list the formats suppoted by ffmpeg: 
06-16 13:04:13.391 I/FFmpegExtractor(  276): ========================================
06-16 13:04:13.391 I/FFmpegExtractor(  276): ========================================
06-16 13:04:13.391 I/FFmpegExtractor(  276): adjust mime(application/ogg -> audio/vorbis)
06-16 13:04:13.391 I/FFmpegExtractor(  276): sniff through BetterSniffFFMPEG success
06-16 13:04:13.394 I/AndroidLoggerFactory(  743): Logger name 'io.swagger.v3.parser.OpenAPIV3Parser' exceeds maximum length of 23 characters, using 'i*.s*.v*.p*.OpenAPIV3P*' instead.
06-16 13:04:13.407 I/Telephony(  729): PstnIncomingCallNotifier: Unregistering: Handler (com.android.internal.telephony.GsmCdmaPhone) {38146e2}
06-16 13:04:13.409 I/Telecom (  592): PhoneAccountRegistrar: [ComponentInfo{com.android.phone/com.android.services.telephony.TelephonyConnectionService}, [5fef04621e9a9b41849c3df35e75799299008300], UserHandle{0}(icon: Icon(typ=BITMAP size=19x24) -> Icon(typ=BITMAP size=19x24))]: TSI.rPA@ACI
06-16 13:04:13.410 I/Telecom (  592): : Sending phone-account registered intent as user: TSI.rPA@ACI
06-16 13:04:13.411 I/Telephony(  729): AccountEntry: Registered phoneAccount: [[ ] PhoneAccount: ComponentInfo{com.android.phone/com.android.services.telephony.TelephonyConnectionService}, [5fef04621e9a9b41849c3df35e75799299008300], UserHandle{0} Capabilities: CallProvider MultiUser PlaceEmerg SimSub  Schemes: tel voicemail  Extras: null] with handle: ComponentInfo{com.android.phone/com.android.services.telephony.TelephonyConnectionService}, [5fef04621e9a9b41849c3df35e75799299008300], UserHandle{0}
06-16 13:04:13.411 I/Telephony(  729): PstnIncomingCallNotifier: Registering: Handler (com.android.internal.telephony.GsmCdmaPhone) {38146e2}
06-16 13:04:13.425 W/Java7Support(  743): Unable to load JDK7 types (annotations, java.nio.file.Path): no Java7 support added
06-16 13:04:13.446 I/Telecom (  592): PhoneAccountRegistrar: [ComponentInfo{com.android.phone/com.android.services.telephony.TelephonyConnectionService}, [5fef04621e9a9b41849c3df35e75799299008300], UserHandle{0}(icon: Icon(typ=BITMAP size=19x24) -> Icon(typ=BITMAP size=19x24))]: TSI.rPA@ACY
06-16 13:04:13.446 I/Telecom (  592): : Sending phone-account registered intent as user: TSI.rPA@ACY
06-16 13:04:13.447 I/MediaPlayerService(  277): MediaPlayerService::getOMX
06-16 13:04:13.447 I/OMXClient(  592): MuxOMX ctor
06-16 13:04:13.448 I/OMXMaster(  274): makeComponentInstance(OMX.google.vorbis.decoder) in mediacodec process
06-16 13:04:13.474 I/main    (  266): type=1400 audit(0.0:419): avc: denied { getattr } for path="/sys/kernel/debug/tracing/trace_marker" dev="tracefs" ino=26 scontext=u:r:zygote:s0 tcontext=u:object_r:debugfs_tracing:s0 tclass=file permissive=1
06-16 13:04:13.505 I/ActivityManager(  592): Start proc 1278:com.android.cellbroadcastreceiver/u0a4 for broadcast com.android.cellbroadcastreceiver/.CellBroadcastReceiver
06-16 13:04:13.508 W/FingerprintManager(  674): isFingerprintHardwareDetected(): Service not connected!
06-16 13:04:13.522 I/ueventd (   88): type=1400 audit(0.0:420): avc: denied { create } for name="mouse1" scontext=u:r:init:s0 tcontext=u:object_r:input_device:s0 tclass=chr_file permissive=1
06-16 13:04:13.525 E/EventHub(  592): could not get driver version for /dev/input/mouse1, Not a typewriter
06-16 13:04:13.530 I/main    ( 1278): type=1400 audit(0.0:421): avc: denied { write } for name="trace_marker" dev="tracefs" ino=26 scontext=u:r:zygote:s0 tcontext=u:object_r:debugfs_tracing:s0 tclass=file permissive=1
06-16 13:04:13.533 I/ActivityManager(  592): Displayed com.android.launcher3/.Launcher: +1s638ms
06-16 13:04:13.542 I/WindowManager(  592): Destroying surface Surface(name=KeyguardScrim) called by com.android.server.wm.WindowStateAnimator.destroySurface:2016 com.android.server.wm.WindowStateAnimator.destroySurfaceLocked:882 com.android.server.wm.WindowState.destroyOrSaveSurface:2100 com.android.server.wm.WindowSurfacePlacer.performSurfacePlacementInner:429 com.android.server.wm.WindowSurfacePlacer.performSurfacePlacementLoop:232 com.android.server.wm.WindowSurfacePlacer.performSurfacePlacement:180 com.android.server.wm.WindowManagerService$H.handleMessage:8092 android.os.Handler.dispatchMessage:102 
06-16 13:04:13.566 W/EventHub(  592): Unable to disable kernel key repeat for /dev/input/event4: Function not implemented
06-16 13:04:13.566 I/EventHub(  592): New device: id=4, fd=143, path='/dev/input/event4', name='Genymotion Virtual Input', classes=0x17, configuration='/system/usr/idc/Genymotion_Virtual_Input.idc', keyLayout='/system/usr/keylayout/Genymotion_Virtual_Input.kl', keyCharacterMap='/system/usr/keychars/Genymotion_Virtual_Input.kcm', builtinKeyboard=false, wakeMechanism=EPOLLWAKEUP, usingClockIoctl=true
06-16 13:04:13.566 I/InputReader(  592): Device reconfigured: id=4, name='Genymotion Virtual Input', size 600x1024, orientation 0, mode 1, display id 0
06-16 13:04:13.566 I/InputReader(  592): Device added: id=4, name='Genymotion Virtual Input', sources=0x00001103
06-16 13:04:13.566 I/ActivityManager(  592): Config changes=8 {1.0 310mcc270mnc [en_US] ldltr sw600dp w600dp h952dp 160dpi lrg port finger qwerty/v/v -nav/h s.7}
06-16 13:04:13.570 I/main    ( 1278): type=1400 audit(0.0:422): avc: denied { open } for path="/sys/kernel/debug/tracing/trace_marker" dev="tracefs" ino=26 scontext=u:r:zygote:s0 tcontext=u:object_r:debugfs_tracing:s0 tclass=file permissive=1
06-16 13:04:13.572 W/art     ( 1278): Unexpected CPU variant for X86 using defaults: x86_64
06-16 13:04:13.575 I/Telephony(  729): PstnIncomingCallNotifier: Unregistering: Handler (com.android.internal.telephony.GsmCdmaPhone) {38146e2}
06-16 13:04:13.594 I/JDWP    ( 1287): type=1400 audit(0.0:423): avc: denied { connectto } for path=006A6477702D636F6E74726F6C scontext=u:r:platform_app:s0:c512,c768 tcontext=u:r:init:s0 tclass=unix_stream_socket permissive=1
06-16 13:04:13.642 I/AndroidLoggerFactory(  743): Logger name 'io.swagger.v3.parser.processors.ExternalRefProcessor' exceeds maximum length of 23 characters, using 'i*.s*.v*.p*.p*.Externa*' instead.
06-16 13:04:13.642 I/FFmpegExtractor(  276): android-source:0xea9dfc00
06-16 13:04:13.644 I/FFMPEG  (  276): Input #0, ogg, from 'android-source:0xea9dfc00':
06-16 13:04:13.644 I/FFMPEG  (  276):   Duration: 00:00:00.11, start: 0.000000, bitrate: 431 kb/s
06-16 13:04:13.644 I/FFMPEG  (  276):     Stream #0:0: Audio: vorbis, 48000 Hz, mono, fltp, 140 kb/s
06-16 13:04:13.644 I/FFmpegExtractor(  276): FFmpegExtrator, url: android-source:0xea9dfc00, format_name: ogg, format_long_name: Ogg
06-16 13:04:13.644 I/FFmpegExtractor(  276): list the formats suppoted by ffmpeg: 
06-16 13:04:13.644 I/FFmpegExtractor(  276): ========================================
06-16 13:04:13.644 I/FFmpegExtractor(  276): ========================================
06-16 13:04:13.644 I/FFmpegExtractor(  276): adjust mime(application/ogg -> audio/vorbis)
06-16 13:04:13.644 I/FFmpegExtractor(  276): sniff through BetterSniffFFMPEG success
06-16 13:04:13.656 I/Webrtcd.Service(  743): Webrtc server started on port 6443
06-16 13:04:13.678 I/init    (    1): type=1400 audit(0.0:424): avc: denied { read } for name="httpd" dev="xvda5" ino=3526 scontext=u:r:init:s0 tcontext=u:object_r:httpd_exec:s0 tclass=lnk_file permissive=1
06-16 13:04:13.678 I/init    (    1): type=1400 audit(0.0:425): avc: denied { getattr } for path="/system/xbin/busybox" dev="xvda5" ino=3451 scontext=u:r:init:s0 tcontext=u:object_r:busybox_exec:s0 tclass=file permissive=1
06-16 13:04:13.682 I/Choreographer(  674): Skipped 55 frames!  The application may be doing too much work on its main thread.
06-16 13:04:13.712 I/MediaPlayerService(  277): MediaPlayerService::getOMX
06-16 13:04:13.712 I/OMXClient(  592): MuxOMX ctor
06-16 13:04:13.713 I/Telecom (  592): PhoneAccountRegistrar: [ComponentInfo{com.android.phone/com.android.services.telephony.TelephonyConnectionService}, [5fef04621e9a9b41849c3df35e75799299008300], UserHandle{0}(icon: Icon(typ=BITMAP size=19x24) -> Icon(typ=BITMAP size=19x24))]: TSI.rPA@ACc
06-16 13:04:13.713 I/Telecom (  592): : Sending phone-account registered intent as user: TSI.rPA@ACc
06-16 13:04:13.714 I/Telephony(  729): AccountEntry: Registered phoneAccount: [[ ] PhoneAccount: ComponentInfo{com.android.phone/com.android.services.telephony.TelephonyConnectionService}, [5fef04621e9a9b41849c3df35e75799299008300], UserHandle{0} Capabilities: CallProvider MultiUser PlaceEmerg SimSub  Schemes: tel voicemail  Extras: null] with handle: ComponentInfo{com.android.phone/com.android.services.telephony.TelephonyConnectionService}, [5fef04621e9a9b41849c3df35e75799299008300], UserHandle{0}
06-16 13:04:13.714 I/Telephony(  729): PstnIncomingCallNotifier: Registering: Handler (com.android.internal.telephony.GsmCdmaPhone) {38146e2}
06-16 13:04:13.715 W/System  ( 1278): ClassLoader referenced unknown path: /system/priv-app/CellBroadcastReceiver/lib/x86_64
06-16 13:04:13.723 I/Telephony(  729): PstnIncomingCallNotifier: Unregistering: Handler (com.android.internal.telephony.GsmCdmaPhone) {38146e2}
06-16 13:04:13.759 W/Launcher.Model( 1056): LoaderTask running with no launcher (loadAllApps)
06-16 13:04:13.760 I/art     ( 1056): Starting a blocking GC Explicit
06-16 13:04:13.768 I/OMXMaster(  274): makeComponentInstance(OMX.google.vorbis.decoder) in mediacodec process
06-16 13:04:13.780 I/Telecom (  592): PhoneAccountRegistrar: [ComponentInfo{com.android.phone/com.android.services.telephony.TelephonyConnectionService}, [5fef04621e9a9b41849c3df35e75799299008300], UserHandle{0}(icon: Icon(typ=BITMAP size=19x24) -> Icon(typ=BITMAP size=19x24))]: TSI.rPA@ACo
06-16 13:04:13.781 I/Telecom (  592): : Sending phone-account registered intent as user: TSI.rPA@ACo
06-16 13:04:13.781 I/Telephony(  729): AccountEntry: Registered phoneAccount: [[ ] PhoneAccount: ComponentInfo{com.android.phone/com.android.services.telephony.TelephonyConnectionService}, [5fef04621e9a9b41849c3df35e75799299008300], UserHandle{0} Capabilities: CallProvider MultiUser PlaceEmerg SimSub  Schemes: tel voicemail  Extras: null] with handle: ComponentInfo{com.android.phone/com.android.services.telephony.TelephonyConnectionService}, [5fef04621e9a9b41849c3df35e75799299008300], UserHandle{0}
06-16 13:04:13.781 I/Telephony(  729): PstnIncomingCallNotifier: Registering: Handler (com.android.internal.telephony.GsmCdmaPhone) {38146e2}
06-16 13:04:13.783 I/art     ( 1056): Explicit concurrent mark sweep GC freed 11715(857KB) AllocSpace objects, 0(0B) LOS objects, 39% free, 2MB/4MB, paused 100us total 22.728ms
06-16 13:04:13.785 I/NotificationMgr(  729): updateMwi(): subId 1 update to false
06-16 13:04:13.786 I/Telecom (  592): PhoneAccountRegistrar: [ComponentInfo{com.android.phone/com.android.services.telephony.TelephonyConnectionService}, [5fef04621e9a9b41849c3df35e75799299008300], UserHandle{0}(icon: Icon(typ=BITMAP size=19x24) -> Icon(typ=BITMAP size=19x24))]: TSI.rPA@AC4
06-16 13:04:13.786 I/Telecom (  592): : Sending phone-account registered intent as user: TSI.rPA@AC4
06-16 13:04:13.787 I/Telecom (  592): PhoneAccountRegistrar: [ComponentInfo{com.android.phone/com.android.services.telephony.TelephonyConnectionService}, [5fef04621e9a9b41849c3df35e75799299008300], UserHandle{0}(icon: Icon(typ=BITMAP size=19x24) -> Icon(typ=BITMAP size=19x24))]: TSI.rPA@ADA
06-16 13:04:13.787 I/Telecom (  592): : Sending phone-account registered intent as user: TSI.rPA@ADA
06-16 13:04:13.788 I/Telecom (  592): PhoneAccountRegistrar: [ComponentInfo{com.android.phone/com.android.services.telephony.TelephonyConnectionService}, [5fef04621e9a9b41849c3df35e75799299008300], UserHandle{0}(icon: Icon(typ=BITMAP size=19x24) -> Icon(typ=BITMAP size=19x24))]: TSI.rPA@ADI
06-16 13:04:13.788 I/Telecom (  592): : Sending phone-account registered intent as user: TSI.rPA@ADI
06-16 13:04:13.799 I/Telecom (  592): PhoneAccountRegistrar: SimCallManager queried, returning: null: TSI.gSCMFU@ADM
06-16 13:04:13.802 I/art     ( 1056): Starting a blocking GC Explicit
06-16 13:04:13.844 I/art     ( 1056): Explicit concurrent mark sweep GC freed 3398(198KB) AllocSpace objects, 0(0B) LOS objects, 39% free, 2MB/4MB, paused 64us total 42.460ms
06-16 13:04:13.856 I/Telecom (  592): PhoneAccountRegistrar: [ComponentInfo{com.android.phone/com.android.services.telephony.TelephonyConnectionService}, [5fef04621e9a9b41849c3df35e75799299008300], UserHandle{0}(icon: Icon(typ=BITMAP size=19x24) -> Icon(typ=BITMAP size=19x24))]: TSI.rPA@ADU
06-16 13:04:13.856 I/Telecom (  592): : Sending phone-account registered intent as user: TSI.rPA@ADU
06-16 13:04:13.861 W/art     ( 1301): Unexpected CPU variant for X86 using defaults: x86_64
06-16 13:04:13.863 I/ActivityManager(  592): Start proc 1301:com.android.quicksearchbox/u0a57 for broadcast com.android.quicksearchbox/.SearchWidgetProvider
06-16 13:04:13.882 I/JDWP    ( 1308): type=1400 audit(0.0:443): avc: denied { connectto } for path=006A6477702D636F6E74726F6C scontext=u:r:untrusted_app:s0:c512,c768 tcontext=u:r:init:s0 tclass=unix_stream_socket permissive=1
06-16 13:04:13.887 I/Telecom (  592): PhoneAccountRegistrar: [ComponentInfo{com.android.phone/com.android.services.telephony.TelephonyConnectionService}, [5fef04621e9a9b41849c3df35e75799299008300], UserHandle{0}(icon: Icon(typ=BITMAP size=19x24) -> Icon(typ=BITMAP size=19x24))]: TSI.rPA@ADg
06-16 13:04:13.887 I/Telecom (  592): : Sending phone-account registered intent as user: TSI.rPA@ADg
06-16 13:04:13.923 I/FFmpegExtractor(  276): android-source:0xea9dde00
06-16 13:04:13.925 I/FFMPEG  (  276): Input #0, ogg, from 'android-source:0xea9dde00':
06-16 13:04:13.925 I/FFMPEG  (  276):   Duration: 00:00:00.11, start: 0.000000, bitrate: 462 kb/s
06-16 13:04:13.925 I/FFMPEG  (  276):     Stream #0:0: Audio: vorbis, 48000 Hz, mono, fltp, 140 kb/s
06-16 13:04:13.925 I/FFmpegExtractor(  276): FFmpegExtrator, url: android-source:0xea9dde00, format_name: ogg, format_long_name: Ogg
06-16 13:04:13.925 I/FFmpegExtractor(  276): list the formats suppoted by ffmpeg: 
06-16 13:04:13.925 I/FFmpegExtractor(  276): ========================================
06-16 13:04:13.925 I/FFmpegExtractor(  276): ========================================
06-16 13:04:13.925 I/FFmpegExtractor(  276): adjust mime(application/ogg -> audio/vorbis)
06-16 13:04:13.925 I/FFmpegExtractor(  276): sniff through BetterSniffFFMPEG success
06-16 13:04:13.929 I/MediaPlayerService(  277): MediaPlayerService::getOMX
06-16 13:04:13.929 I/OMXClient(  592): MuxOMX ctor
06-16 13:04:13.929 I/OMXMaster(  274): makeComponentInstance(OMX.google.vorbis.decoder) in mediacodec process
06-16 13:04:13.934 W/System  ( 1301): ClassLoader referenced unknown path: /system/app/QuickSearchBox/lib/x86_64
06-16 13:04:14.001 W/art     (  592): Long monitor contention with owner android.display (613) at void com.android.server.wm.WindowAnimator$1.doFrame(long)(WindowAnimator.java:138) waiters=1 in void com.android.server.wm.WindowManagerService.removeWindow(com.android.server.wm.Session, android.view.IWindow) for 150ms
06-16 13:04:14.001 I/WindowManager(  592): Destroying surface Surface(name=com.android.launcher3/com.android.launcher3.Launcher) called by com.android.server.wm.WindowStateAnimator.destroyDeferredSurfaceLocked:911 com.android.server.wm.WindowState.removeLocked:1455 com.android.server.wm.WindowManagerService.removeWindowInnerLocked:2485 com.android.server.wm.WindowManagerService.removeWindowLocked:2443 com.android.server.wm.WindowManagerService.removeWindowLocked:2312 com.android.server.wm.WindowManagerService.removeWindow:2307 com.android.server.wm.Session.remove:202 android.view.IWindowSession$Stub.onTransact:242 
06-16 13:04:14.002 I/WindowManager(  592): Destroying surface Surface(name=com.android.launcher3/com.android.launcher3.Launcher) called by com.android.server.wm.WindowStateAnimator.destroySurface:2016 com.android.server.wm.WindowStateAnimator.destroySurfaceLocked:882 com.android.server.wm.WindowState.removeLocked:1456 com.android.server.wm.WindowManagerService.removeWindowInnerLocked:2485 com.android.server.wm.WindowManagerService.removeWindowLocked:2443 com.android.server.wm.WindowManagerService.removeWindowLocked:2312 com.android.server.wm.WindowManagerService.removeWindow:2307 com.android.server.wm.Session.remove:202 
06-16 13:04:14.003 I/FFmpegExtractor(  276): android-source:0xea9df200
06-16 13:04:14.005 I/FFMPEG  (  276): Input #0, ogg, from 'android-source:0xea9df200':
06-16 13:04:14.005 I/FFMPEG  (  276):   Duration: 00:00:00.18, start: 0.000000, bitrate: 431 kb/s
06-16 13:04:14.005 I/FFMPEG  (  276):     Stream #0:0: Audio: vorbis, 44100 Hz, mono, fltp, 239 kb/s
06-16 13:04:14.005 I/FFMPEG  (  276):     Metadata:
06-16 13:04:14.005 I/FFMPEG  (  276):       ARTIST          : Copyright 2013 Android Open Source Project
06-16 13:04:14.005 I/FFmpegExtractor(  276): FFmpegExtrator, url: android-source:0xea9df200, format_name: ogg, format_long_name: Ogg
06-16 13:04:14.005 I/FFmpegExtractor(  276): list the formats suppoted by ffmpeg: 
06-16 13:04:14.005 I/FFmpegExtractor(  276): ========================================
06-16 13:04:14.005 I/FFmpegExtractor(  276): ========================================
06-16 13:04:14.005 I/FFmpegExtractor(  276): adjust mime(application/ogg -> audio/vorbis)
06-16 13:04:14.005 I/FFmpegExtractor(  276): sniff through BetterSniffFFMPEG success
06-16 13:04:14.010 I/OpenGLRenderer(  674): Initialized EGL, version 1.4
06-16 13:04:14.026 I/MediaPlayerService(  277): MediaPlayerService::getOMX
06-16 13:04:14.026 I/OMXClient(  592): MuxOMX ctor
06-16 13:04:14.026 I/OMXMaster(  274): makeComponentInstance(OMX.google.vorbis.decoder) in mediacodec process
06-16 13:04:14.091 W/WifiMode(  592): WiredSSID, Invalid SupportedRates!!!
06-16 13:04:14.091 W/WifiMode(  592): WiredSSID, Invalid SupportedRates!!!
06-16 13:04:14.092 W/WifiMode(  592): WiredSSID, Invalid SupportedRates!!!
06-16 13:04:14.110 I/wpa_supplicant(  784): type=1400 audit(0.0:444): avc: denied { sendto } for path="/dev/socket/logdw" scontext=u:r:wpa:s0 tcontext=u:r:init:s0 tclass=unix_dgram_socket permissive=1
06-16 13:04:14.113 I/wpa_supplicant(  784): wlan0: Trying to associate with SSID 'WiredSSID'
06-16 13:04:14.113 I/wpa_supplicant(  784): wlan0: Associated with 01:80:c2:00:00:03
06-16 13:04:14.114 I/wpa_supplicant(  784): wlan0: CTRL-EVENT-CONNECTED - Connection to 01:80:c2:00:00:03 completed [id=0 id_str=%7B%22creatorUid%22%3A%22-1%22%2C%22configKey%22%3A%22%5C%22WiredSSID%5C%22NONE%22%7D]
06-16 13:04:14.126 W/KeyguardUpdateMonitor(  674): invalid subId in handleSimStateChange()
06-16 13:04:14.126 W/KeyguardUpdateMonitor(  674): invalid subId in handleServiceStateChange()
06-16 13:04:14.143 E/WifiScanner(  592): listener cannot be found
06-16 13:04:14.166 W/KeyguardUpdateMonitor(  674): invalid subId in handleServiceStateChange()
06-16 13:04:14.166 W/KeyguardUpdateMonitor(  674): invalid subId in handleSimStateChange()
06-16 13:04:14.166 W/KeyguardUpdateMonitor(  674): invalid subId in handleSimStateChange()
06-16 13:04:14.170 I/Binder:278_2(  545): type=1400 audit(0.0:445): avc: denied { read } for path="socket:[13482]" dev="sockfs" ino=13482 scontext=u:r:netd:s0 tcontext=u:r:init:s0 tclass=unix_stream_socket permissive=1
06-16 13:04:14.170 I/Binder:278_2(  545): type=1400 audit(0.0:446): avc: denied { write } for path="socket:[13482]" dev="sockfs" ino=13482 scontext=u:r:netd:s0 tcontext=u:r:init:s0 tclass=unix_stream_socket permissive=1
06-16 13:04:14.206 I/Binder:278_2(  545): type=1400 audit(0.0:447): avc: denied { sendto } for path="/dev/socket/logdw" scontext=u:r:netd:s0 tcontext=u:r:init:s0 tclass=unix_dgram_socket permissive=1
06-16 13:04:14.223 E/IpReachabilityMonitor(  592): Error probing ip=172.20.0.1%8, errmsg=NetlinkErrorMessage{ nlmsghdr{StructNlMsgHdr{ nlmsg_len{56}, nlmsg_type{2(NLMSG_ERROR)}, nlmsg_flags{0())}, nlmsg_seq{1}, nlmsg_pid{-1090287418} }}, nlmsgerr{StructNlMsgErr{ error{-2}, msg{StructNlMsgHdr{ nlmsg_len{36}, nlmsg_type{28(RTM_NEWNEIGH)}, nlmsg_flags{261(NLM_F_REQUEST|NLM_F_ACK|NLM_F_ROOT))}, nlmsg_seq{1}, nlmsg_pid{0} }} }} }
06-16 13:04:14.238 E/WifiNative-HAL(  592): setBssidBlacklist cmd 0 size 0
06-16 13:04:14.240 W/AlarmManager(  592): Unrecognized alarm listener com.android.server.wifi.WifiConnectivityManager$3@8da328d
06-16 13:04:14.240 E/WifiScanner(  592): listener cannot be found
06-16 13:04:14.290 I/healthd (  292): type=1400 audit(0.0:448): avc: denied { read } for name="capacity" dev="fuse" ino=8 scontext=u:r:init:s0 tcontext=u:object_r:fuse:s0 tclass=file permissive=1
06-16 13:04:14.290 I/healthd (  292): type=1400 audit(0.0:449): avc: denied { open } for path="/dev/pipe/battery/BAT0/capacity" dev="fuse" ino=8 scontext=u:r:init:s0 tcontext=u:object_r:fuse:s0 tclass=file permissive=1
06-16 13:04:14.290 I/healthd (  292): type=1400 audit(0.0:450): avc: denied { call } for scontext=u:r:init:s0 tcontext=u:r:system_server:s0 tclass=binder permissive=1
06-16 13:04:14.321 I/Choreographer(  674): Skipped 38 frames!  The application may be doing too much work on its main thread.
06-16 13:04:14.406 I/netd    (  540): type=1400 audit(0.0:451): avc: denied { accept } for path="/dev/socket/dnsproxyd" scontext=u:r:netd:s0 tcontext=u:r:init:s0 tclass=unix_stream_socket permissive=1
06-16 13:04:14.406 I/netd    (  540): type=1400 audit(0.0:452): avc: denied { getopt } for path="/dev/socket/dnsproxyd" scontext=u:r:netd:s0 tcontext=u:r:init:s0 tclass=unix_stream_socket permissive=1
06-16 13:04:14.602 I/GnssLocationProvider(  592): WakeLock acquired by sendMessage(5, 0, null)
06-16 13:04:14.602 I/GnssLocationProvider(  592): WakeLock acquired by sendMessage(6, 0, null)
06-16 13:04:14.602 I/GnssLocationProvider(  592): WakeLock acquired by handleInjectNtpTime()
06-16 13:04:14.602 I/GnssLocationProvider(  592): WakeLock released by handleMessage(5, 0, null)
06-16 13:04:14.602 I/GnssLocationProvider(  592): WakeLock released by handleMessage(6, 0, null)
06-16 13:04:14.770 I/GnssLocationProvider(  592): WakeLock acquired by sendMessage(10, 0, null)
06-16 13:04:14.770 I/GnssLocationProvider(  592): WakeLock released by handleMessage(10, 0, null)
06-16 13:04:14.770 I/GnssLocationProvider(  592): WakeLock released by handleInjectNtpTime()
06-16 13:04:14.835 I/WindowManager(  592): Screen frozen for +1s267ms due to Window{e1565f7 u0 NavigationBar}
06-16 13:04:14.966 W/art     (  592): Long monitor contention with owner android.display (613) at void com.android.server.wm.WindowManagerService$H.handleMessage(android.os.Message)(WindowManagerService.java:8091) waiters=0 in int com.android.server.wm.WindowManagerService.relayoutWindow(com.android.server.wm.Session, android.view.IWindow, int, android.view.WindowManager$LayoutParams, int, int, int, int, android.graphics.Rect, android.graphics.Rect, android.graphics.Rect, android.graphics.Rect, android.graphics.Rect, android.graphics.Rect, android.graphics.Rect, android.content.res.Configuration, android.view.Surface) for 127ms
06-16 13:04:15.230 I/Choreographer(  674): Skipped 53 frames!  The application may be doing too much work on its main thread.
06-16 13:04:15.364 W/art     ( 1355): Unexpected CPU variant for X86 using defaults: x86_64
06-16 13:04:15.366 I/JDWP    ( 1362): type=1400 audit(0.0:453): avc: denied { connectto } for path=006A6477702D636F6E74726F6C scontext=u:r:priv_app:s0:c512,c768 tcontext=u:r:init:s0 tclass=unix_stream_socket permissive=1
06-16 13:04:15.366 I/RecoverySystem(  592): No recovery log file
06-16 13:04:15.371 I/BootReceiver(  592): Copying audit failures to DropBox
06-16 13:04:15.371 I/BootReceiver(  592): Checking for fsck errors
06-16 13:04:15.405 I/ActivityManager(  592): Start proc 1355:com.android.dialer/u0a8 for broadcast com.android.dialer/.calllog.CallLogReceiver
06-16 13:04:15.417 W/System  ( 1355): ClassLoader referenced unknown path: /system/priv-app/Dialer/lib/x86_64
06-16 13:04:15.614 I/main    (  266): type=1400 audit(0.0:454): avc: denied { getattr } for path="/sys/kernel/debug/tracing/trace_marker" dev="tracefs" ino=26 scontext=u:r:zygote:s0 tcontext=u:object_r:debugfs_tracing:s0 tclass=file permissive=1
06-16 13:04:15.614 I/main    ( 1369): type=1400 audit(0.0:455): avc: denied { write } for name="trace_marker" dev="tracefs" ino=26 scontext=u:r:zygote:s0 tcontext=u:object_r:debugfs_tracing:s0 tclass=file permissive=1
06-16 13:04:15.614 I/main    ( 1369): type=1400 audit(0.0:456): avc: denied { open } for path="/sys/kernel/debug/tracing/trace_marker" dev="tracefs" ino=26 scontext=u:r:zygote:s0 tcontext=u:object_r:debugfs_tracing:s0 tclass=file permissive=1
06-16 13:04:15.614 W/AlarmManagerService(  592): Unable to set rtc to 1750093455: No such device
06-16 13:04:15.619 W/art     ( 1369): Unexpected CPU variant for X86 using defaults: x86_64
06-16 13:04:15.626 I/ActivityManager(  592): Start proc 1369:com.android.providers.calendar/u0a2 for content provider com.android.providers.calendar/.CalendarProvider2
06-16 13:04:15.638 W/System  ( 1369): ClassLoader referenced unknown path: /system/priv-app/CalendarProvider/lib/x86_64
06-16 13:04:15.792 I/CalendarProvider2( 1369): Created com.android.providers.calendar.CalendarAlarmManager@5ff22b3(com.android.providers.calendar.CalendarProvider2@3a68070)
06-16 13:04:16.221 W/art     ( 1389): Unexpected CPU variant for X86 using defaults: x86_64
06-16 13:04:16.222 I/Binder:592_7(  785): type=1400 audit(0.0:457): avc: denied { sendto } for path="/dev/socket/logdw" scontext=u:r:system_server:s0 tcontext=u:r:init:s0 tclass=unix_dgram_socket permissive=1
06-16 13:04:16.227 I/ActivityManager(  592): Start proc 1389:com.android.calendar/u0a31 for broadcast com.android.calendar/.alerts.AlertReceiver
06-16 13:04:16.235 I/Telecom (  592): PhoneAccountRegistrar: SimCallManager queried, returning: null: TSI.gSCMFU@ADo
06-16 13:04:16.261 W/System  ( 1389): ClassLoader referenced unknown path: /system/app/Calendar/lib/x86_64
06-16 13:04:16.286 W/CountryDetector( 1355): No location permissions, not registering for location updates.
06-16 13:04:16.290 I/AlarmClock(  897): AlarmInitReceiver android.intent.action.BOOT_COMPLETED
06-16 13:04:16.301 W/art     ( 1410): Unexpected CPU variant for X86 using defaults: x86_64
06-16 13:04:16.307 I/ActivityManager(  592): Start proc 1410:com.android.email/u0a42 for broadcast com.android.email/.service.EmailBroadcastReceiver
06-16 13:04:16.317 W/System  ( 1410): ClassLoader referenced unknown path: /system/app/Email/lib/x86_64
06-16 13:04:16.436 W/ActivityManager(  592): Unable to start service Intent { act=com.android.email.EXCHANGE_INTENT pkg=com.android.exchange } U=0: not found
06-16 13:04:16.443 W/ActivityManager(  592): Unable to start service Intent { act=com.android.email.EXCHANGE_INTENT pkg=com.android.exchange } U=0: not found
06-16 13:04:16.444 W/ActivityManager(  592): Unable to start service Intent { act=com.android.email.EXCHANGE_INTENT pkg=com.android.exchange } U=0: not found
06-16 13:04:16.460 I/SystemBroadcastReceiver(  665): Boot has been completed
06-16 13:04:16.460 I/SystemBroadcastReceiver(  665): toggleAppIcon() : FLAG_SYSTEM = true
06-16 13:04:16.462 I/JDWP    ( 1439): type=1400 audit(0.0:458): avc: denied { connectto } for path=006A6477702D636F6E74726F6C scontext=u:r:platform_app:s0:c512,c768 tcontext=u:r:init:s0 tclass=unix_stream_socket permissive=1
06-16 13:04:16.466 W/art     ( 1432): Unexpected CPU variant for X86 using defaults: x86_64
06-16 13:04:16.488 I/ActivityManager(  592): Start proc 1432:com.android.managedprovisioning/u0a15 for broadcast com.android.managedprovisioning/.BootReminder
06-16 13:04:16.496 W/System  ( 1432): ClassLoader referenced unknown path: /system/priv-app/ManagedProvisioning/lib/x86_64
06-16 13:04:16.498 I/EmailNotificati( 1446): type=1400 audit(0.0:459): avc: denied { sendto } for path="/dev/socket/logdw" scontext=u:r:untrusted_app:s0:c512,c768 tcontext=u:r:init:s0 tclass=unix_dgram_socket permissive=1
06-16 13:04:16.498 W/ActivityManager(  592): Unable to start service Intent { cmp=com.android.email/.service.AttachmentService } U=0: not found
06-16 13:04:16.498 W/ActivityManager(  592): Unable to start service Intent { act=com.android.email.EXCHANGE_INTENT pkg=com.android.exchange } U=0: not found
06-16 13:04:16.500 W/ActivityManager(  592): Unable to start service Intent { cmp=com.android.email/.service.AttachmentService } U=0: not found
06-16 13:04:16.500 W/ActivityManager(  592): Unable to start service Intent { act=com.android.email.EXCHANGE_INTENT pkg=com.android.exchange } U=0: not found
06-16 13:04:16.500 W/ActivityManager(  592): Unable to start service Intent { act=com.android.email.EXCHANGE_INTENT pkg=com.android.exchange } U=0: not found
06-16 13:04:16.502 I/Email   ( 1410): Observing account changes for notifications
06-16 13:04:16.503 W/ActivityManager(  592): Unable to start service Intent { cmp=com.android.email/.service.AttachmentService } U=0: not found
06-16 13:04:16.516 E/ActivityThread( 1410): Service com.android.email.service.EmailBroadcastProcessorService has leaked ServiceConnection com.android.emailcommon.service.ServiceProxy$ProxyConnection@f90bbcc that was originally bound here
06-16 13:04:16.516 E/ActivityThread( 1410): android.app.ServiceConnectionLeaked: Service com.android.email.service.EmailBroadcastProcessorService has leaked ServiceConnection com.android.emailcommon.service.ServiceProxy$ProxyConnection@f90bbcc that was originally bound here
06-16 13:04:16.516 E/ActivityThread( 1410): 	at android.app.LoadedApk$ServiceDispatcher.<init>(LoadedApk.java:1336)
06-16 13:04:16.516 E/ActivityThread( 1410): 	at android.app.LoadedApk.getServiceDispatcher(LoadedApk.java:1231)
06-16 13:04:16.516 E/ActivityThread( 1410): 	at android.app.ContextImpl.bindServiceCommon(ContextImpl.java:1478)
06-16 13:04:16.516 E/ActivityThread( 1410): 	at android.app.ContextImpl.bindService(ContextImpl.java:1450)
06-16 13:04:16.516 E/ActivityThread( 1410): 	at android.content.ContextWrapper.bindService(ContextWrapper.java:636)
06-16 13:04:16.516 E/ActivityThread( 1410): 	at com.android.emailcommon.service.ServiceProxy.setTask(ServiceProxy.java:181)
06-16 13:04:16.516 E/ActivityThread( 1410): 	at com.android.emailcommon.service.ServiceProxy.test(ServiceProxy.java:224)
06-16 13:04:16.516 E/ActivityThread( 1410): 	at com.android.email.service.EmailServiceUtils.isServiceAvailable(EmailServiceUtils.java:160)
06-16 13:04:16.516 E/ActivityThread( 1410): 	at com.android.email.provider.AccountReconciler.reconcileAccountsInternal(AccountReconciler.java:171)
06-16 13:04:16.516 E/ActivityThread( 1410): 	at com.android.email.provider.AccountReconciler.reconcileAccounts(AccountReconciler.java:115)
06-16 13:04:16.516 E/ActivityThread( 1410): 	at com.android.email.service.EmailBroadcastProcessorService.reconcileAndStartServices(EmailBroadcastProcessorService.java:305)
06-16 13:04:16.516 E/ActivityThread( 1410): 	at com.android.email.service.EmailBroadcastProcessorService.onBootCompleted(EmailBroadcastProcessorService.java:295)
06-16 13:04:16.516 E/ActivityThread( 1410): 	at com.android.email.service.EmailBroadcastProcessorService.onHandleIntent(EmailBroadcastProcessorService.java:130)
06-16 13:04:16.516 E/ActivityThread( 1410): 	at android.app.IntentService$ServiceHandler.handleMessage(IntentService.java:67)
06-16 13:04:16.516 E/ActivityThread( 1410): 	at android.os.Handler.dispatchMessage(Handler.java:102)
06-16 13:04:16.516 E/ActivityThread( 1410): 	at android.os.Looper.loop(Looper.java:154)
06-16 13:04:16.516 E/ActivityThread( 1410): 	at android.os.HandlerThread.run(HandlerThread.java:61)
06-16 13:04:16.516 W/ActivityManager(  592): Unbind failed: could not find connection for android.os.BinderProxy@a3b64d9
06-16 13:04:16.516 W/ActivityManager(  592): Unable to start service Intent { act=com.android.email.EXCHANGE_INTENT pkg=com.android.exchange } U=0: not found
06-16 13:04:16.518 W/ActivityManager(  592): Unable to start service Intent { act=com.android.email.EXCHANGE_INTENT pkg=com.android.exchange } U=0: not found
06-16 13:04:16.523 W/art     ( 1447): Unexpected CPU variant for X86 using defaults: x86_64
06-16 13:04:16.529 I/ActivityManager(  592): Start proc 1447:com.android.messaging/u0a59 for broadcast com.android.messaging/.receiver.BootAndPackageReplacedReceiver
06-16 13:04:16.547 W/System  ( 1447): ClassLoader referenced unknown path: /system/app/messaging/lib/x86_64
06-16 13:04:16.666 I/Binder:729_1(  741): type=1400 audit(0.0:460): avc: denied { sendto } for path="/dev/socket/logdw" scontext=u:r:radio:s0 tcontext=u:r:init:s0 tclass=unix_dgram_socket permissive=1
06-16 13:04:16.674 I/timeinitialize( 1465): type=1400 audit(0.0:461): avc: denied { sendto } for path="/dev/socket/logdw" scontext=u:r:priv_app:s0:c512,c768 tcontext=u:r:init:s0 tclass=unix_dgram_socket permissive=1
06-16 13:04:16.677 W/art     ( 1465): Unexpected CPU variant for X86 using defaults: x86_64
06-16 13:04:16.678 I/JDWP    ( 1472): type=1400 audit(0.0:462): avc: denied { connectto } for path=006A6477702D636F6E74726F6C scontext=u:r:priv_app:s0:c512,c768 tcontext=u:r:init:s0 tclass=unix_stream_socket permissive=1
06-16 13:04:16.679 I/ActivityManager(  592): Start proc 1465:com.android.onetimeinitializer/u0a17 for broadcast com.android.onetimeinitializer/.OneTimeInitializerReceiver
06-16 13:04:16.682 I/Thread-2( 1463): type=1400 audit(0.0:463): avc: denied { sendto } for path="/dev/socket/logdw" scontext=u:r:platform_app:s0:c512,c768 tcontext=u:r:init:s0 tclass=unix_dgram_socket permissive=1
06-16 13:04:16.685 W/MessagingApp( 1447): canonicalizeMccMnc: invalid mccmnc:null ,null
06-16 13:04:16.687 W/MmsServiceBroker(  592): MmsService not connected. Try connecting...
06-16 13:04:16.687 I/MmsServiceBroker(  592): Connecting to MmsService
06-16 13:04:16.687 W/ContextImpl(  592): Calling a method in the system process without a qualified user: android.app.ContextImpl.bindService:1449 com.android.server.MmsServiceBroker.tryConnecting:240 com.android.server.MmsServiceBroker.-wrap3:-1 com.android.server.MmsServiceBroker$1.handleMessage:82 android.os.Handler.dispatchMessage:102 
06-16 13:04:16.689 I/MessagingApp( 1447): Carrier config changed. Reloading MMS config.
06-16 13:04:16.690 W/System  ( 1465): ClassLoader referenced unknown path: /system/priv-app/OneTimeInitializer/lib/x86_64
06-16 13:04:16.701 W/System  (  729): ClassLoader referenced unknown path: /system/priv-app/MmsService/lib/x86_64
06-16 13:04:16.704 I/MmsServiceBroker(  592): MmsService connected
06-16 13:04:16.705 I/MmsService(  729): mms config for sub 1: null
06-16 13:04:16.705 I/MessagingApp( 1447): Carrier configs loaded: Bundle[{smsToMmsTextThreshold=-1, maxMessageTextSize=-1, recipientLimit=-1, maxImageHeight=480, maxMessageSize=307200, maxImageWidth=640, enabledMMS=true, enableMultipartSMS=true}] from resources+system for subId=1
06-16 13:04:16.705 I/MessagingAppDataModel( 1447): Fixup: Send failed - 0 Download failed - 0
06-16 13:04:16.708 I/MmsService(  729): MmsConfigManager receiver action: android.intent.action.SIM_STATE_CHANGED
06-16 13:04:16.708 I/MmsService(  729): MmsConfigManager receiver action: android.telephony.action.CARRIER_CONFIG_CHANGED
06-16 13:04:16.724 I/MmsService(  729): MmsConfigManager loads in background mcc/mnc: 310/270
06-16 13:04:16.725 I/MmsService(  729): MmsConfigManager loads in background mcc/mnc: 310/270
06-16 13:04:16.729 I/MmsService(  729): MmsConfigManager loads in background mcc/mnc: 310/270
06-16 13:04:16.790 W/MessagingApp( 1447): canonicalizeMccMnc: invalid mccmnc:null ,null
06-16 13:04:16.792 I/MessagingAppDataModel( 1447): SyncMessagesAction: Starting batch for messages from 1646714763786 to 1750093456661 (message update limit = 80, message scan limit = 4000)
06-16 13:04:16.794 I/MmsService(  729): mms config for sub 1: Bundle[{httpSocketTimeout=60000, aliasMinChars=2, smsToMmsTextThreshold=-1, enableSMSDeliveryReports=true, maxMessageTextSize=-1, supportMmsContentDisposition=true, enabledTransID=false, aliasEnabled=false, supportHttpCharsetHeader=false, allowAttachAudio=true, smsToMmsTextLengthThreshold=-1, recipientLimit=2147483647, uaProfTagName=x-wap-profile, aliasMaxChars=48, maxImageHeight=1944, enableMMSDeliveryReports=false, userAgent=, config_cellBroadcastAppLinks=true, maxSubjectLength=40, httpParams=, enableGroupMms=true, emailGatewayNumber=, maxMessageSize=1048576, naiSuffix=, enableMMSReadReports=false, maxImageWidth=2592, uaProfUrl=, enabledMMS=true, enabledNotifyWapMMSC=false, sendMultipartSmsAsSeparateMessages=false, enableMultipartSMS=true}]
06-16 13:04:16.794 I/MessagingApp( 1447): Carrier configs loaded: Bundle[{httpSocketTimeout=60000, aliasMinChars=2, smsToMmsTextThreshold=-1, enableSMSDeliveryReports=true, maxMessageTextSize=-1, supportMmsContentDisposition=true, enabledTransID=false, aliasEnabled=false, supportHttpCharsetHeader=false, allowAttachAudio=true, smsToMmsTextLengthThreshold=-1, recipientLimit=2147483647, uaProfTagName=x-wap-profile, aliasMaxChars=48, maxImageHeight=1944, enableMMSDeliveryReports=false, userAgent=, config_cellBroadcastAppLinks=true, maxSubjectLength=40, httpParams=, enableGroupMms=true, emailGatewayNumber=, maxMessageSize=1048576, naiSuffix=, enableMMSReadReports=false, maxImageWidth=2592, uaProfUrl=, enabledMMS=true, enabledNotifyWapMMSC=false, sendMultipartSmsAsSeparateMessages=false, enableMultipartSMS=true}] from resources+system for subId=1
06-16 13:04:16.797 I/CalendarProvider2( 1369): Sending notification intent: Intent { act=android.intent.action.PROVIDER_CHANGED dat=content://com.android.calendar flg=0x20000000 }
06-16 13:04:16.797 W/ContentResolver( 1369): Failed to get type for: content://com.android.calendar (Unknown URL content://com.android.calendar)
06-16 13:04:16.798 W/MessagingApp( 1447): canonicalizeMccMnc: invalid mccmnc:null ,null
06-16 13:04:16.800 I/MmsService(  729): mms config for sub 1: Bundle[{httpSocketTimeout=60000, aliasMinChars=2, smsToMmsTextThreshold=-1, enableSMSDeliveryReports=true, maxMessageTextSize=-1, supportMmsContentDisposition=true, enabledTransID=false, aliasEnabled=false, supportHttpCharsetHeader=false, allowAttachAudio=true, smsToMmsTextLengthThreshold=-1, recipientLimit=2147483647, uaProfTagName=x-wap-profile, aliasMaxChars=48, maxImageHeight=1944, enableMMSDeliveryReports=false, userAgent=, config_cellBroadcastAppLinks=true, maxSubjectLength=40, httpParams=, enableGroupMms=true, emailGatewayNumber=, maxMessageSize=1048576, naiSuffix=, enableMMSReadReports=false, maxImageWidth=2592, uaProfUrl=, enabledMMS=true, enabledNotifyWapMMSC=false, sendMultipartSmsAsSeparateMessages=false, enableMultipartSMS=true}]
06-16 13:04:16.800 I/MessagingApp( 1447): Carrier configs loaded: Bundle[{httpSocketTimeout=60000, aliasMinChars=2, smsToMmsTextThreshold=-1, enableSMSDeliveryReports=true, maxMessageTextSize=-1, supportMmsContentDisposition=true, enabledTransID=false, aliasEnabled=false, supportHttpCharsetHeader=false, allowAttachAudio=true, smsToMmsTextLengthThreshold=-1, recipientLimit=2147483647, uaProfTagName=x-wap-profile, aliasMaxChars=48, maxImageHeight=1944, enableMMSDeliveryReports=false, userAgent=, config_cellBroadcastAppLinks=true, maxSubjectLength=40, httpParams=, enableGroupMms=true, emailGatewayNumber=, maxMessageSize=1048576, naiSuffix=, enableMMSReadReports=false, maxImageWidth=2592, uaProfUrl=, enabledMMS=true, enabledNotifyWapMMSC=false, sendMultipartSmsAsSeparateMessages=false, enableMultipartSMS=true}] from resources+system for subId=1
06-16 13:04:16.842 I/MessagingAppDataModel( 1447): SyncMessagesAction: All messages now in sync
06-16 13:04:16.894 I/otion.superuse( 1492): type=1400 audit(0.0:464): avc: denied { sendto } for path="/dev/socket/logdw" scontext=u:r:system_app:s0 tcontext=u:r:init:s0 tclass=unix_dgram_socket permissive=1
06-16 13:04:16.904 I/ActivityManager(  592): Start proc 1492:com.genymotion.superuser/1000 for broadcast com.genymotion.superuser/com.koushikdutta.superuser.SuCheckerReceiver
06-16 13:04:16.926 I/lmkd    (  260): type=1400 audit(0.0:465): avc: denied { read } for path="socket:[13357]" dev="sockfs" ino=13357 scontext=u:r:lmkd:s0 tcontext=u:r:init:s0 tclass=unix_stream_socket permissive=1
06-16 13:04:16.926 W/art     ( 1492): Unexpected CPU variant for X86 using defaults: x86_64
06-16 13:04:16.959 W/System  ( 1492): ClassLoader referenced unknown path: /system/app/Superuser/lib/x86_64
06-16 13:04:16.978 I/art     (  592): Starting a blocking GC Explicit
06-16 13:04:16.998 I/Thread-2( 1511): type=1400 audit(0.0:466): avc: denied { execute } for name="su" dev="xvda5" ino=3656 scontext=u:r:system_app:s0 tcontext=u:object_r:su_exec:s0 tclass=file permissive=1
06-16 13:04:17.000 I/art     (  592): Explicit concurrent mark sweep GC freed 4686(385KB) AllocSpace objects, 3(380KB) LOS objects, 33% free, 8MB/12MB, paused 275us total 22.251ms
06-16 13:04:17.002 I/Thread-2( 1511): type=1400 audit(0.0:467): avc: denied { read open } for path="/system/xbin/su" dev="xvda5" ino=3656 scontext=u:r:system_app:s0 tcontext=u:object_r:su_exec:s0 tclass=file permissive=1
06-16 13:04:17.014 I/OmtpVvmCarrierCfgHlpr(  729): Requesting VVM activation for subId: 1
06-16 13:04:17.022 I/Thread-2( 1511): type=1400 audit(0.0:468): avc: denied { execute_no_trans } for path="/system/xbin/su" dev="xvda5" ino=3656 scontext=u:r:system_app:s0 tcontext=u:object_r:su_exec:s0 tclass=file permissive=1
06-16 13:04:17.026 I/Superuser( 1492): Result: 16 com.genymotion.superuser
06-16 13:04:17.062 I/rild    (  285): type=1400 audit(0.0:469): avc: denied { read } for path="socket:[13862]" dev="sockfs" ino=13862 scontext=u:r:rild:s0 tcontext=u:r:init:s0 tclass=unix_stream_socket permissive=1
06-16 13:04:17.062 I/rild    (  285): type=1400 audit(0.0:470): avc: denied { sendto } for path="/dev/socket/logdw" scontext=u:r:rild:s0 tcontext=u:r:init:s0 tclass=unix_dgram_socket permissive=1
06-16 13:04:17.062 I/genybaseband(  571): type=1400 audit(0.0:471): avc: denied { read } for path="socket:[9158]" dev="sockfs" ino=9158 scontext=u:r:logwrapper:s0 tcontext=u:r:init:s0 tclass=unix_stream_socket permissive=1
06-16 13:04:17.062 I/genybaseband(  571): type=1400 audit(0.0:472): avc: denied { sendto } for path="/dev/socket/logdw" scontext=u:r:logwrapper:s0 tcontext=u:r:init:s0 tclass=unix_dgram_socket permissive=1
06-16 13:04:17.090 I/genybaseband( 1514): type=1400 audit(0.0:473): avc: denied { write } for path="socket:[9158]" dev="sockfs" ino=9158 scontext=u:r:logwrapper:s0 tcontext=u:r:init:s0 tclass=unix_stream_socket permissive=1
06-16 13:04:17.098 I/OmtpVvmCarrierCfgHlpr(  729): Requesting VVM activation for subId: 1
06-16 13:04:17.114 I/genybaseband(  571): type=1400 audit(0.0:474): avc: denied { write } for path="socket:[9156]" dev="sockfs" ino=9156 scontext=u:r:logwrapper:s0 tcontext=u:r:logwrapper:s0 tclass=tcp_socket permissive=1
06-16 13:04:17.114 I/genybaseband(  571): type=1400 audit(0.0:475): avc: denied { read } for path="socket:[9156]" dev="sockfs" ino=9156 scontext=u:r:logwrapper:s0 tcontext=u:r:logwrapper:s0 tclass=tcp_socket permissive=1
06-16 13:04:17.142 I/rild    (  285): type=1400 audit(0.0:476): avc: denied { write } for path="socket:[13862]" dev="sockfs" ino=13862 scontext=u:r:rild:s0 tcontext=u:r:init:s0 tclass=unix_stream_socket permissive=1
06-16 13:04:17.180 W/MediaScanner( 1181): Error opening directory '/oem/media/', skipping: No such file or directory.
