--------- beginning of main
06-16 13:20:34.632 W/auditd  (  112): type=2000 audit(0.0:1): initialized
06-16 13:20:34.876 I/auditd  (  112): type=1403 audit(0.0:2): policy loaded auid=4294967295 ses=4294967295
06-16 13:20:34.896 I/init    (   89): type=1400 audit(0.0:3): avc: denied { execute_no_trans } for path="/init" dev="rootfs" ino=7810 scontext=u:r:init:s0 tcontext=u:object_r:init_exec:s0 tclass=file permissive=1
06-16 13:20:34.896 I/ueventd (   89): type=1400 audit(0.0:4): avc: denied { create } for name="__kmsg__" scontext=u:r:init:s0 tcontext=u:object_r:device:s0 tclass=chr_file permissive=1
06-16 13:20:34.896 I/ueventd (   89): type=1400 audit(0.0:5): avc: denied { unlink } for name="__kmsg__" dev="tmpfs" ino=7938 scontext=u:r:init:s0 tcontext=u:object_r:device:s0 tclass=chr_file permissive=1
06-16 13:20:34.896 I/ueventd (   89): type=1400 audit(0.0:6): avc: denied { create } for scontext=u:r:init:s0 tcontext=u:r:init:s0 tclass=netlink_kobject_uevent_socket permissive=1
06-16 13:20:34.896 I/ueventd (   89): type=1400 audit(0.0:7): avc: denied { setopt } for scontext=u:r:init:s0 tcontext=u:r:init:s0 tclass=netlink_kobject_uevent_socket permissive=1
06-16 13:20:34.896 I/ueventd (   89): type=1400 audit(0.0:8): avc: denied { bind } for scontext=u:r:init:s0 tcontext=u:r:init:s0 tclass=netlink_kobject_uevent_socket permissive=1
06-16 13:20:34.896 I/ueventd (   89): type=1400 audit(0.0:9): avc: denied { read } for scontext=u:r:init:s0 tcontext=u:r:init:s0 tclass=netlink_kobject_uevent_socket permissive=1
06-16 13:20:34.896 I/ueventd (   89): type=1400 audit(0.0:10): avc: denied { create } for name="rtc0" scontext=u:r:init:s0 tcontext=u:object_r:rtc_device:s0 tclass=chr_file permissive=1
06-16 13:20:38.892 I/vold    (  117): type=1400 audit(0.0:68): avc: denied { read write } for path="socket:[1139]" dev="sockfs" ino=1139 scontext=u:r:vold:s0 tcontext=u:r:init:s0 tclass=unix_stream_socket permissive=1
06-16 13:20:39.160 I/debuggerd64(  116): type=1400 audit(0.0:69): avc: denied { sendto } for path="/dev/socket/logdw" scontext=u:r:debuggerd:s0 tcontext=u:r:init:s0 tclass=unix_dgram_socket permissive=1
06-16 13:20:39.160 I/        (  116): debuggerd: starting
06-16 13:20:39.280 I/vold    (  117): type=1400 audit(0.0:70): avc: denied { sendto } for path="/dev/socket/logdw" scontext=u:r:vold:s0 tcontext=u:r:init:s0 tclass=unix_dgram_socket permissive=1
--------- beginning of system
06-16 13:20:39.281 I/vold    (  117): Vold 3.0 (the awakening) firing up
06-16 13:20:39.512 I/        (  115): debuggerd: starting
06-16 13:20:39.536 I/ueventd (   89): type=1400 audit(0.0:71): avc: denied { relabelfrom } for name="ram0" dev="tmpfs" ino=8063 scontext=u:r:init:s0 tcontext=u:object_r:ram_device:s0 tclass=blk_file permissive=1
06-16 13:20:39.536 I/ueventd (   89): type=1400 audit(0.0:72): avc: denied { relabelto } for name="ram0" dev="tmpfs" ino=8063 scontext=u:r:init:s0 tcontext=u:object_r:ram_device:s0 tclass=blk_file permissive=1
06-16 13:20:39.536 I/vold    (  117): type=1400 audit(0.0:73): avc: denied { listen } for path="/dev/socket/vold" scontext=u:r:vold:s0 tcontext=u:r:init:s0 tclass=unix_stream_socket permissive=1
06-16 13:20:39.536 I/ueventd (   89): type=1400 audit(0.0:74): avc: denied { relabelfrom } for name="xvda" dev="tmpfs" ino=7948 scontext=u:r:init:s0 tcontext=u:object_r:block_device:s0 tclass=blk_file permissive=1
06-16 13:20:39.536 I/ueventd (   89): type=1400 audit(0.0:75): avc: denied { relabelto } for name="xvda" dev="tmpfs" ino=7948 scontext=u:r:init:s0 tcontext=u:object_r:block_device:s0 tclass=blk_file permissive=1
06-16 13:20:39.544 I/vdc     (  122): type=1400 audit(0.0:76): avc: denied { connectto } for path="/dev/socket/cryptd" scontext=u:r:vdc:s0 tcontext=u:r:init:s0 tclass=unix_stream_socket permissive=1
06-16 13:20:39.544 I/vold    (  129): type=1400 audit(0.0:77): avc: denied { accept } for path="/dev/socket/cryptd" scontext=u:r:vold:s0 tcontext=u:r:init:s0 tclass=unix_stream_socket permissive=1
06-16 13:20:39.544 I/vold    (  129): type=1400 audit(0.0:78): avc: denied { getopt } for path="/dev/socket/cryptd" scontext=u:r:vold:s0 tcontext=u:r:init:s0 tclass=unix_stream_socket permissive=1
06-16 13:20:39.566 I/vdc     (    1): 200 122 Command succeeded
06-16 13:20:39.568 I/ueventd (   89): type=1400 audit(0.0:79): avc: denied { relabelfrom } for name="loop0" dev="tmpfs" ino=8073 scontext=u:r:init:s0 tcontext=u:object_r:loop_device:s0 tclass=blk_file permissive=1
06-16 13:20:39.568 I/ueventd (   89): type=1400 audit(0.0:80): avc: denied { relabelto } for name="loop0" dev="tmpfs" ino=8073 scontext=u:r:init:s0 tcontext=u:object_r:loop_device:s0 tclass=blk_file permissive=1
06-16 13:20:39.604 I/tzdatacheck(  130): type=1400 audit(0.0:81): avc: denied { sendto } for path="/dev/socket/logdw" scontext=u:r:tzdatacheck:s0 tcontext=u:r:init:s0 tclass=unix_dgram_socket permissive=1
06-16 13:20:39.605 I//system/bin/tzdatacheck(  130): tzdata file /data/misc/zoneinfo/current/tzdata does not exist. No action required.
06-16 13:20:39.612 I/ueventd (   89): type=1400 audit(0.0:82): avc: denied { read } for scontext=u:r:init:s0 tcontext=u:r:init:s0 tclass=netlink_kobject_uevent_socket permissive=1
06-16 13:20:39.672 I/init    (    1): type=1400 audit(0.0:83): avc: denied { read } for name="httpd" dev="xvda5" ino=3526 scontext=u:r:init:s0 tcontext=u:object_r:httpd_exec:s0 tclass=lnk_file permissive=1
06-16 13:20:39.672 I/init    (    1): type=1400 audit(0.0:84): avc: denied { getattr } for path="/system/xbin/busybox" dev="xvda5" ino=3451 scontext=u:r:init:s0 tcontext=u:object_r:busybox_exec:s0 tclass=file permissive=1
06-16 13:20:39.680 I/init    (  134): type=1400 audit(0.0:85): avc: denied { execute } for name="busybox" dev="xvda5" ino=3451 scontext=u:r:init:s0 tcontext=u:object_r:busybox_exec:s0 tclass=file permissive=1
06-16 13:20:39.680 I/init    (  134): type=1400 audit(0.0:86): avc: denied { read open } for path="/system/xbin/busybox" dev="xvda5" ino=3451 scontext=u:r:init:s0 tcontext=u:object_r:busybox_exec:s0 tclass=file permissive=1
06-16 13:20:39.680 I/init    (  134): type=1400 audit(0.0:87): avc: denied { execute_no_trans } for path="/system/xbin/busybox" dev="xvda5" ino=3451 scontext=u:r:init:s0 tcontext=u:object_r:busybox_exec:s0 tclass=file permissive=1
06-16 13:20:39.692 I/cp      (  135): type=1400 audit(0.0:88): avc: denied { read } for name="www" dev="xvda7" ino=7939 scontext=u:r:toolbox:s0 tcontext=u:object_r:system_data_file:s0 tclass=dir permissive=1
06-16 13:20:39.696 I/cp      (  135): type=1400 audit(0.0:89): avc: denied { open } for path="/data/www" dev="xvda7" ino=7939 scontext=u:r:toolbox:s0 tcontext=u:object_r:system_data_file:s0 tclass=dir permissive=1
06-16 13:20:39.704 I/cp      (  135): type=1400 audit(0.0:90): avc: denied { write } for name="definition.v1.yaml" dev="xvda7" ino=7941 scontext=u:r:toolbox:s0 tcontext=u:object_r:system_data_file:s0 tclass=file permissive=1
06-16 13:20:39.704 I/cp      (  135): type=1400 audit(0.0:91): avc: denied { open } for path="/data/www/api/definition.v1.yaml" dev="xvda7" ino=7941 scontext=u:r:toolbox:s0 tcontext=u:object_r:system_data_file:s0 tclass=file permissive=1
06-16 13:20:39.792 I/httpd   (  134): type=1400 audit(0.0:92): avc: denied { create } for scontext=u:r:init:s0 tcontext=u:r:init:s0 tclass=tcp_socket permissive=1
06-16 13:20:39.792 I/httpd   (  134): type=1400 audit(0.0:93): avc: denied { setopt } for scontext=u:r:init:s0 tcontext=u:r:init:s0 tclass=tcp_socket permissive=1
06-16 13:20:39.792 I/httpd   (  134): type=1400 audit(0.0:94): avc: denied { bind } for scontext=u:r:init:s0 tcontext=u:r:init:s0 tclass=tcp_socket permissive=1
06-16 13:20:39.792 I/httpd   (  134): type=1400 audit(0.0:95): avc: denied { name_bind } for src=80 scontext=u:r:init:s0 tcontext=u:object_r:port:s0 tclass=tcp_socket permissive=1
06-16 13:20:39.792 I/httpd   (  134): type=1400 audit(0.0:96): avc: denied { node_bind } for src=80 scontext=u:r:init:s0 tcontext=u:object_r:node:s0 tclass=tcp_socket permissive=1
06-16 13:20:39.792 I/httpd   (  134): type=1400 audit(0.0:97): avc: denied { net_bind_service } for capability=10 scontext=u:r:init:s0 tcontext=u:r:init:s0 tclass=capability permissive=1
06-16 13:20:39.792 I/httpd   (  134): type=1400 audit(0.0:98): avc: denied { listen } for lport=80 scontext=u:r:init:s0 tcontext=u:r:init:s0 tclass=tcp_socket permissive=1
06-16 13:20:39.792 I/httpd   (  134): type=1400 audit(0.0:99): avc: denied { accept } for lport=80 scontext=u:r:init:s0 tcontext=u:r:init:s0 tclass=tcp_socket permissive=1
06-16 13:20:39.880 I/sshd    (  133): type=1400 audit(0.0:100): avc: denied { sendto } for path="/dev/socket/logdw" scontext=u:r:start-ssh:s0 tcontext=u:r:init:s0 tclass=unix_dgram_socket permissive=1
06-16 13:20:39.880 I//system/bin/sshd(  133): Server listening on :: port 22.
06-16 13:20:39.880 I//system/bin/sshd(  133): Server listening on 0.0.0.0 port 22.
06-16 13:20:39.880 E//system/bin/sshd(  133): error: Couldn't create pid file "/var/run/sshd.pid": No such file or directory
06-16 13:20:42.156 I/logd    (  120): type=1400 audit(0.0:102): avc: denied { getopt } for path="/dev/socket/logd" scontext=u:r:logd:s0 tcontext=u:r:init:s0 tclass=unix_stream_socket permissive=1
06-16 13:20:42.156 I/logd.control(  120): type=1400 audit(0.0:103): avc: denied { sendto } for path="/dev/socket/logdw" scontext=u:r:logd:s0 tcontext=u:r:init:s0 tclass=unix_dgram_socket permissive=1
06-16 13:20:42.188 I/init    (  142): type=1400 audit(0.0:104): avc: denied { execute_no_trans } for path="/sbin/adbd" dev="rootfs" ino=7824 scontext=u:r:init:s0 tcontext=u:object_r:rootfs:s0 tclass=file permissive=1
06-16 13:20:42.192 I/adbd    (  142): type=1400 audit(0.0:105): avc: denied { write } for name="property_service" dev="tmpfs" ino=1096 scontext=u:r:init:s0 tcontext=u:object_r:property_socket:s0 tclass=sock_file permissive=1
06-16 13:20:42.212 I/perfprofd(  141): type=1400 audit(0.0:106): avc: denied { sendto } for path="/dev/socket/logdw" scontext=u:r:perfprofd:s0 tcontext=u:r:init:s0 tclass=unix_dgram_socket permissive=1
06-16 13:20:42.213 I/perfprofd(  141): starting Android Wide Profiling daemon
06-16 13:20:42.216 I/gatekeeperd(  140): type=1400 audit(0.0:107): avc: denied { sendto } for path="/dev/socket/logdw" scontext=u:r:gatekeeperd:s0 tcontext=u:r:init:s0 tclass=unix_dgram_socket permissive=1
06-16 13:20:42.218 I/gatekeeperd(  140): Starting gatekeeperd...
06-16 13:20:42.218 E/perfprofd(  141): unable to open configuration file /data/data/com.google.android.gms/files/perfprofd.conf
06-16 13:20:42.218 I/perfprofd(  141): random seed set to 4293374537
06-16 13:20:42.640 I/ueventd (   89): type=1400 audit(0.0:108): avc: denied { create } for name="fb0" scontext=u:r:init:s0 tcontext=u:object_r:graphics_device:s0 tclass=chr_file permissive=1
06-16 13:20:42.784 I/diskeventd(  251): type=1400 audit(0.0:109): avc: denied { create } for scontext=u:r:init:s0 tcontext=u:r:init:s0 tclass=netlink_kobject_uevent_socket permissive=1
06-16 13:20:42.784 I/diskeventd(  251): type=1400 audit(0.0:110): avc: denied { setopt } for scontext=u:r:init:s0 tcontext=u:r:init:s0 tclass=netlink_kobject_uevent_socket permissive=1
06-16 13:20:42.784 I/diskeventd(  251): type=1400 audit(0.0:111): avc: denied { bind } for scontext=u:r:init:s0 tcontext=u:r:init:s0 tclass=netlink_kobject_uevent_socket permissive=1
06-16 13:20:42.784 I/diskeventd(  251): type=1400 audit(0.0:112): avc: denied { getopt } for scontext=u:r:init:s0 tcontext=u:r:init:s0 tclass=netlink_kobject_uevent_socket permissive=1
06-16 13:20:42.788 I/lmkd    (  255): type=1400 audit(0.0:113): avc: denied { read write } for path="socket:[8775]" dev="sockfs" ino=8775 scontext=u:r:lmkd:s0 tcontext=u:r:init:s0 tclass=unix_stream_socket permissive=1
06-16 13:20:42.792 I/crond   (  263): type=1400 audit(0.0:114): avc: denied { read } for name="crontab" dev="xvda7" ino=119043 scontext=u:r:vbox86-setup:s0 tcontext=u:object_r:system_data_file:s0 tclass=dir permissive=1
06-16 13:20:42.792 I/crond   (  263): type=1400 audit(0.0:115): avc: denied { open } for path="/data/crontab" dev="xvda7" ino=119043 scontext=u:r:vbox86-setup:s0 tcontext=u:object_r:system_data_file:s0 tclass=dir permissive=1
06-16 13:20:42.792 I/crond   (  263): type=1400 audit(0.0:116): avc: denied { read } for name="root" dev="xvda7" ino=119044 scontext=u:r:vbox86-setup:s0 tcontext=u:object_r:system_data_file:s0 tclass=file permissive=1
06-16 13:20:42.792 I/crond   (  263): type=1400 audit(0.0:117): avc: denied { open } for path="/data/crontab/root" dev="xvda7" ino=119044 scontext=u:r:vbox86-setup:s0 tcontext=u:object_r:system_data_file:s0 tclass=file permissive=1
06-16 13:20:42.792 I/crond   (  263): type=1400 audit(0.0:118): avc: denied { getattr } for path="/data/crontab/root" dev="xvda7" ino=119044 scontext=u:r:vbox86-setup:s0 tcontext=u:object_r:system_data_file:s0 tclass=file permissive=1
06-16 13:20:42.792 I/crond   (  263): crond: crond (busybox 1.22.1 bionic) started, log level 8
06-16 13:20:42.796 I/logwrapper(  253): type=1400 audit(0.0:119): avc: denied { read write } for path="socket:[9299]" dev="sockfs" ino=9299 scontext=u:r:logwrapper:s0 tcontext=u:r:init:s0 tclass=unix_stream_socket permissive=1
06-16 13:20:42.824 I/init    (    1): type=1400 audit(0.0:120): avc: denied { getattr } for path="/system/xbin/su" dev="xvda5" ino=3656 scontext=u:r:init:s0 tcontext=u:object_r:su_exec:s0 tclass=file permissive=1
06-16 13:20:42.828 I/rild    (  282): type=1400 audit(0.0:121): avc: denied { read write } for path="socket:[8787]" dev="sockfs" ino=8787 scontext=u:r:rild:s0 tcontext=u:r:init:s0 tclass=unix_stream_socket permissive=1
06-16 13:20:42.828 I/init    (  274): type=1400 audit(0.0:122): avc: denied { execute } for name="su" dev="xvda5" ino=3656 scontext=u:r:init:s0 tcontext=u:object_r:su_exec:s0 tclass=file permissive=1
06-16 13:20:42.828 I/init    (  274): type=1400 audit(0.0:123): avc: denied { read open } for path="/system/xbin/su" dev="xvda5" ino=3656 scontext=u:r:init:s0 tcontext=u:object_r:su_exec:s0 tclass=file permissive=1
06-16 13:20:42.828 I/init    (  274): type=1400 audit(0.0:124): avc: denied { execute_no_trans } for path="/system/xbin/su" dev="xvda5" ino=3656 scontext=u:r:init:s0 tcontext=u:object_r:su_exec:s0 tclass=file permissive=1
06-16 13:20:42.828 I/init    (  271): type=1400 audit(0.0:125): avc: denied { create } for name="audio_out" scontext=u:r:init:s0 tcontext=u:object_r:socket_device:s0 tclass=sock_file permissive=1
06-16 13:20:42.828 I/init    (  271): type=1400 audit(0.0:126): avc: denied { setattr } for name="audio_out" dev="tmpfs" ino=8850 scontext=u:r:init:s0 tcontext=u:object_r:socket_device:s0 tclass=sock_file permissive=1
06-16 13:20:42.838 I/lowmemorykiller(  255): Using in-kernel low memory killer interface
06-16 13:20:42.841 E/network_profile_handler(  256): init_all_network_profile_state: wlan: wlan0 phone:rmnet0
06-16 13:20:42.841 I/network_profile(  256): Redis connect
06-16 13:20:42.844 I/network_profile(  256): Redis PUB: network_profile status ready
06-16 13:20:42.846 W/vinput  (  259): Empty command, we ignore it
06-16 13:20:42.848 I/        (  275): installd firing up
06-16 13:20:42.849 W/vinput  (  259): Vinput: Publish command vinput status ready configured:0 has no receiver
06-16 13:20:42.858 I/network_profile(  256): Redis read thread
06-16 13:20:42.858 I/network_profile(  256): Redis read wait
06-16 13:20:42.858 W/network_profile(  256): message not properly formated
06-16 13:20:42.859 E/SELinux (  257): avc:  denied  { add } for service=batteryproperties pid=288 uid=0 scontext=u:r:init:s0 tcontext=u:object_r:batteryproperties_service:s0 tclass=service_manager permissive=1
06-16 13:20:42.872 I/Netd    (  281): Netd 1.0 starting
06-16 13:20:42.928 I/keystore(  276): Found keymaster0 module Keymaster OpenSSL HAL, version 2
06-16 13:20:42.928 I/SoftKeymaster(  276): system/keymaster/soft_keymaster_device.cpp, Line 131: Creating device
06-16 13:20:42.928 I/keystore(  276): Keymaster0 module is software-only.  Using SoftKeymasterDevice instead.
06-16 13:20:42.928 I/SoftKeymaster(  276): system/keymaster/soft_keymaster_device.cpp, Line 131: Creating device
06-16 13:20:42.929 W/baseband-redis(  291): Redis message not properly formated
06-16 13:20:43.060 I/SurfaceFlinger(  261): SurfaceFlinger is starting
06-16 13:20:43.072 I/SurfaceFlinger(  261): SurfaceFlinger's main thread ready to run. Initializing graphics H/W...
06-16 13:20:43.072 E/libEGL  (  261): load_driver(/vendor/lib64/egl/libGLES_swiftshader.so): dlopen failed: library "/vendor/lib64/egl/libGLES_swiftshader.so" not found
06-16 13:20:43.220 I/gatekeeperd(  140): type=1400 audit(0.0:201): avc: denied { sendto } for path="/dev/socket/logdw" scontext=u:r:gatekeeperd:s0 tcontext=u:r:init:s0 tclass=unix_dgram_socket permissive=1
06-16 13:20:43.221 W/gatekeeperd(  140): falling back to software GateKeeper
06-16 13:20:43.272 I/mediacodec(  277): type=1400 audit(0.0:202): avc: denied { sendto } for path="/dev/socket/logdw" scontext=u:r:mediacodec:s0 tcontext=u:r:init:s0 tclass=unix_dgram_socket permissive=1
06-16 13:20:43.272 I/logd.writer(  119): type=1400 audit(0.0:203): avc: denied { read } for path="/dev/socket/logdw" scontext=u:r:logd:s0 tcontext=u:r:init:s0 tclass=unix_dgram_socket permissive=1
06-16 13:20:43.275 I/mediacodec(  277): @@@ mediacodecservice starting
06-16 13:20:43.276 I/audioserver(  271): type=1400 audit(0.0:204): avc: denied { sendto } for path="/dev/socket/logdw" scontext=u:r:audioserver:s0 tcontext=u:r:init:s0 tclass=unix_dgram_socket permissive=1
06-16 13:20:43.276 I/cameraserver(  272): type=1400 audit(0.0:205): avc: denied { sendto } for path="/dev/socket/logdw" scontext=u:r:cameraserver:s0 tcontext=u:r:init:s0 tclass=unix_dgram_socket permissive=1
06-16 13:20:43.276 W/        (  277): No seccomp filter defined for this architecture.
06-16 13:20:43.278 I/iptables(  281): iptables v1.4.20: Couldn't find target `fw_dozable'
06-16 13:20:43.278 I/iptables(  281): 
06-16 13:20:43.278 I/iptables(  281): Try `iptables -h' or 'iptables --help' for more information.
06-16 13:20:43.279 I/        (  271): sMaxFastTracks = 8
06-16 13:20:43.279 I/audioserver(  271): ServiceManager: 0xe841afc0
06-16 13:20:43.279 W/BatteryNotifier(  271): batterystats service unavailable!
06-16 13:20:43.279 I/AudioFlinger(  271): Using default 3000 mSec as standby time.
06-16 13:20:43.279 I/AudioPolicyService(  271): AudioPolicyService CSTOR in new mode
06-16 13:20:43.279 I/cameraserver(  272): ServiceManager: 0xe771afc0
06-16 13:20:43.282 I/CameraService(  272): CameraService started (pid=272)
06-16 13:20:43.282 I/CameraService(  272): CameraService process starting
06-16 13:20:43.283 W/BatteryNotifier(  272): batterystats service unavailable!
06-16 13:20:43.283 W/BatteryNotifier(  272): batterystats service unavailable!
06-16 13:20:43.284 I/iptables(  281): iptables terminated by exit(2)
06-16 13:20:43.284 E/Netd    (  281): exec() res=0, status=512 for /system/bin/iptables -w -t filter -D fw_INPUT -j fw_dozable 
06-16 13:20:43.286 I/APM::ConfigParsingUtils(  271): loadAudioPolicyConfig() loaded /system/etc/audio_policy.conf
06-16 13:20:43.286 I/ip6tables(  281): ip6tables v1.4.20: Couldn't find target `fw_dozable'
06-16 13:20:43.286 I/ip6tables(  281): 
06-16 13:20:43.286 I/ip6tables(  281): Try `ip6tables -h' or 'ip6tables --help' for more information.
06-16 13:20:43.292 I/iptables-restor(  475): type=1400 audit(0.0:206): avc: denied { module_request } for kmod="ipt_owner" scontext=u:r:netd:s0 tcontext=u:r:kernel:s0 tclass=system permissive=1
06-16 13:20:43.292 I/ip6tables(  281): ip6tables terminated by exit(2)
06-16 13:20:43.292 E/Netd    (  281): exec() res=0, status=512 for /system/bin/ip6tables -w -t filter -D fw_INPUT -j fw_dozable 
06-16 13:20:43.297 E/Netd    (  281): /system/bin/iptables-restore failed with res=0, status=256
06-16 13:20:43.299 E/Netd    (  281): /system/bin/ip6tables-restore failed with res=0, status=256
06-16 13:20:43.300 I/iptables(  281): iptables v1.4.20: Couldn't find target `fw_standby'
06-16 13:20:43.300 I/iptables(  281): 
06-16 13:20:43.300 I/iptables(  281): Try `iptables -h' or 'iptables --help' for more information.
06-16 13:20:43.301 I/iptables(  281): iptables terminated by exit(2)
06-16 13:20:43.301 E/Netd    (  281): exec() res=0, status=512 for /system/bin/iptables -w -t filter -D fw_INPUT -j fw_standby 
06-16 13:20:43.302 I/ip6tables(  281): ip6tables v1.4.20: Couldn't find target `fw_standby'
06-16 13:20:43.302 I/ip6tables(  281): 
06-16 13:20:43.302 I/ip6tables(  281): Try `ip6tables -h' or 'ip6tables --help' for more information.
06-16 13:20:43.302 I/ip6tables(  281): ip6tables terminated by exit(2)
06-16 13:20:43.302 E/Netd    (  281): exec() res=0, status=512 for /system/bin/ip6tables -w -t filter -D fw_INPUT -j fw_standby 
06-16 13:20:43.308 I/iptables(  281): iptables v1.4.20: Couldn't find target `fw_powersave'
06-16 13:20:43.308 I/iptables(  281): 
06-16 13:20:43.308 I/iptables(  281): Try `iptables -h' or 'iptables --help' for more information.
06-16 13:20:43.308 I/iptables(  281): iptables terminated by exit(2)
06-16 13:20:43.308 E/Netd    (  281): exec() res=0, status=512 for /system/bin/iptables -w -t filter -D fw_INPUT -j fw_powersave 
06-16 13:20:43.309 I/ip6tables(  281): ip6tables v1.4.20: Couldn't find target `fw_powersave'
06-16 13:20:43.309 I/ip6tables(  281): 
06-16 13:20:43.309 I/ip6tables(  281): Try `ip6tables -h' or 'ip6tables --help' for more information.
06-16 13:20:43.315 I/ip6tables(  281): ip6tables terminated by exit(2)
06-16 13:20:43.315 E/Netd    (  281): exec() res=0, status=512 for /system/bin/ip6tables -w -t filter -D fw_INPUT -j fw_powersave 
06-16 13:20:43.317 E/Netd    (  281): /system/bin/iptables-restore failed with res=0, status=256
06-16 13:20:43.318 E/Netd    (  281): /system/bin/ip6tables-restore failed with res=0, status=256
06-16 13:20:43.341 E/genymotion_audio(  271): Fail to get mixer ctl: Master Playback Switch
06-16 13:20:43.341 E/genymotion_audio(  271): Fail to get mixer ctl: Master Playback Volume
06-16 13:20:43.341 E/genymotion_audio(  271): Fail to get mixer ctl: PCM Playback Switch
06-16 13:20:43.341 E/genymotion_audio(  271): Fail to get mixer ctl: PCM Playback Volume
06-16 13:20:43.341 E/genymotion_audio(  271): Fail to get mixer ctl: Capture Switch
06-16 13:20:43.341 E/genymotion_audio(  271): Fail to get mixer ctl: Capture Volume
06-16 13:20:43.341 I/genymotion_audio(  271): Starting audio input server
06-16 13:20:43.341 I/genymotion_audio(  271): Starting input server...
06-16 13:20:43.341 I/genymotion_audio(  271): pcm dump: lock server init ret: 0
06-16 13:20:43.341 I/genymotion_audio(  271): pcm dump: init input buffer with 1764 frames of 4 bytes
06-16 13:20:43.341 I/genymotion_audio(  271): Starting input pcm server
06-16 13:20:43.341 I/AudioFlinger(  271): loadHwModule() Loaded primary audio interface from Generic audio HW HAL (audio) handle 10
06-16 13:20:43.341 I/AudioFlinger(  271): openOutput(), module 10 Device 2, SamplingRate 44100, Format 0x000001, Channels 3, flags 2
06-16 13:20:43.341 I/genymotion_audio(  271): Starting pcm out server
06-16 13:20:43.341 W/AudioFlinger(  271): HAL output buffer size is 661 frames but AudioMixer requires multiples of 16 frames
06-16 13:20:43.341 I/AudioFlinger(  271): HAL output buffer size 661 frames, normal sink buffer size 1056 frames
06-16 13:20:43.344 I/cameraserver(  272): type=1400 audit(0.0:207): avc: denied { create } for scontext=u:r:cameraserver:s0 tcontext=u:r:cameraserver:s0 tclass=tcp_socket permissive=1
06-16 13:20:43.344 I/cameraserver(  272): type=1400 audit(0.0:208): avc: denied { write } for name="fwmarkd" dev="tmpfs" ino=8818 scontext=u:r:cameraserver:s0 tcontext=u:object_r:fwmarkd_socket:s0 tclass=sock_file permissive=1
06-16 13:20:43.344 I/cameraserver(  272): type=1400 audit(0.0:209): avc: denied { connect } for scontext=u:r:cameraserver:s0 tcontext=u:r:cameraserver:s0 tclass=tcp_socket permissive=1
06-16 13:20:43.344 I/cameraserver(  272): type=1400 audit(0.0:210): avc: denied { name_connect } for dest=24801 scontext=u:r:cameraserver:s0 tcontext=u:object_r:port:s0 tclass=tcp_socket permissive=1
06-16 13:20:43.346 I/BufferProvider(  271): found effect "Multichannel Downmix To Stereo" from The Android Open Source Project
06-16 13:20:43.346 I/AudioFlinger(  271): Using module 10 has the primary audio interface
06-16 13:20:43.348 I/cameraserver(  272): type=1400 audit(0.0:211): avc: denied { setopt } for laddr=127.0.0.1 lport=41234 faddr=127.0.0.1 fport=24801 scontext=u:r:cameraserver:s0 tcontext=u:r:cameraserver:s0 tclass=tcp_socket permissive=1
06-16 13:20:43.348 E/EmulatedCamera_Factory(  272): 2 cameras are being emulated.
06-16 13:20:43.348 E/EmulatedCamera_HotplugThread(  272): createFileIfNotExists: Could not create file '/data/misc/media/emulator.camera.hotplug.0', error: 'Permission denied' (13)
06-16 13:20:43.348 E/EmulatedCamera_HotplugThread(  272): createFileIfNotExists: Could not create file '/data/misc/media/emulator.camera.hotplug.1', error: 'Permission denied' (13)
06-16 13:20:43.348 E/cutils-trace(  272): Error opening trace file: Permission denied (13)
06-16 13:20:43.348 I/CameraService(  272): Loaded "Emulated Camera Module" camera module
06-16 13:20:43.348 E/CameraService(  272): setUpVendorTags: Vendor tag operations not fully defined. Ignoring definitions.
06-16 13:20:43.348 I/CameraFlashlight(  272): Opening camera 0
06-16 13:20:43.348 I/ServiceManager(  272): Waiting for service SurfaceFlinger...
06-16 13:20:43.352 I/AudioFlinger(  271): AudioFlinger's thread 0xe7e9ba40 ready to run
06-16 13:20:43.356 I/audioserver(  505): type=1400 audit(0.0:212): avc: denied { listen } for path="/dev/socket/audio_out" scontext=u:r:audioserver:s0 tcontext=u:r:init:s0 tclass=unix_stream_socket permissive=1
06-16 13:20:43.356 I/audioserver(  505): type=1400 audit(0.0:213): avc: denied { accept } for path="/dev/socket/audio_out" scontext=u:r:audioserver:s0 tcontext=u:r:init:s0 tclass=unix_stream_socket permissive=1
06-16 13:20:43.356 I/genymotion_audio(  271): out sampling rate 0
06-16 13:20:43.356 I/genymotion_audio(  271): Input server: Trying to get unix socket
06-16 13:20:43.356 I/genymotion_audio(  271): Input server: done, checking...
06-16 13:20:43.356 W/BatteryNotifier(  271): batterystats service unavailable!
06-16 13:20:43.356 I/genymotion_audio(  271): Input server: socket is okay, listening on it...
06-16 13:20:43.356 I/genymotion_audio(  271): Input server: done listening
06-16 13:20:43.356 I/genymotion_audio(  271): Input server waiting for connection
06-16 13:20:43.356 W/BatteryNotifier(  271): batterystats service unavailable!
06-16 13:20:43.357 W/BatteryNotifier(  271): batterystats service unavailable!
06-16 13:20:43.357 W/AudioFlinger(  271): no wake lock to update, system not ready yet
06-16 13:20:43.357 E/cutils-trace(  271): Error opening trace file: Permission denied (13)
06-16 13:20:43.357 I/genymotion_audio(  271): pcm dump: lock init ret: 0
06-16 13:20:43.357 I/genymotion_audio(  271): pcm dump: in->pcm_config.rate: 44100
06-16 13:20:43.357 I/genymotion_audio(  271): pcm dump: in->pcm_config.period_size: 441
06-16 13:20:43.357 I/genymotion_audio(  271): pcm dump: in->pcm_config.period_count: 4
06-16 13:20:43.357 I/genymotion_audio(  271): pcm dump: in->pcm_config.channels: 2
06-16 13:20:43.357 I/genymotion_audio(  271): pcm dump: to byte: 2
06-16 13:20:43.357 I/genymotion_audio(  271): in_read_worker: Start.  channels 2 format 0 rate 44100
06-16 13:20:43.357 I/genymotion_audio(  271): in_read_worker dump: in->pcm_config.period_size: 441
06-16 13:20:43.357 I/genymotion_audio(  271): in_read_worker dump: in->pcm_config.period_count: 4
06-16 13:20:43.357 I/genymotion_audio(  271): in_read_worker dump: in->pcm_config.channels: 2
06-16 13:20:43.357 I/genymotion_audio(  271): in_read_worker dump: to byte: 2
06-16 13:20:43.357 I/genymotion_audio(  271): in_read_worker standby/restart
06-16 13:20:43.360 I/AudioFlinger(  271): AudioFlinger's thread 0xe77832c0 ready to run
06-16 13:20:43.360 E/FastThread(  271): did not receive expected priority boost
06-16 13:20:43.360 I/RadioService(  271): RadioService
06-16 13:20:43.360 I/RadioService(  271): onFirstRef
06-16 13:20:43.360 E/RadioService(  271): couldn't load radio module radio.primary (No such file or directory)
06-16 13:20:43.360 E/SoundTriggerHwService(  271): couldn't load sound trigger module sound_trigger.primary (No such file or directory)
06-16 13:20:43.392 I/mediaextractor(  279): type=1400 audit(0.0:214): avc: denied { sendto } for path="/dev/socket/logdw" scontext=u:r:mediaextractor:s0 tcontext=u:r:init:s0 tclass=unix_dgram_socket permissive=1
06-16 13:20:43.395 W//system/bin/mediaextractor(  279): libminijail: allowing syscall: socketcall
06-16 13:20:43.395 W//system/bin/mediaextractor(  279): libminijail: allowing syscall: writev
06-16 13:20:43.395 W//system/bin/mediaextractor(  279): libminijail: allowing syscall: fcntl64
06-16 13:20:43.395 W//system/bin/mediaextractor(  279): libminijail: allowing syscall: clock_gettime
06-16 13:20:43.395 W//system/bin/mediaextractor(  279): libminijail: logging seccomp filter failures
06-16 13:20:43.422 E/Netd    (  281): /system/bin/iptables-restore failed with res=0, status=256
06-16 13:20:43.424 E/Netd    (  281): /system/bin/ip6tables-restore failed with res=0, status=256
06-16 13:20:43.428 I/netd    (  281): type=1400 audit(0.0:215): avc: denied { sys_module } for capability=16 scontext=u:r:netd:s0 tcontext=u:r:netd:s0 tclass=capability permissive=1
06-16 13:20:43.432 I/netd    (  281): type=1400 audit(0.0:216): avc: denied { listen } for path="/dev/socket/dnsproxyd" scontext=u:r:netd:s0 tcontext=u:r:init:s0 tclass=unix_stream_socket permissive=1
06-16 13:20:43.432 I/netd    (  538): type=1400 audit(0.0:217): avc: denied { sendto } for path="/dev/socket/logdw" scontext=u:r:netd:s0 tcontext=u:r:init:s0 tclass=unix_dgram_socket permissive=1
06-16 13:20:43.432 E/Netd    (  281): cannot find interface dummy0
06-16 13:20:43.433 E/Netd    (  281): Unable to create netlink socket: Protocol not supported
06-16 13:20:43.433 E/Netd    (  281): Unable to open quota socket
06-16 13:20:43.444 I/mediadrmserver(  278): type=1400 audit(0.0:218): avc: denied { sendto } for path="/dev/socket/logdw" scontext=u:r:mediadrmserver:s0 tcontext=u:r:init:s0 tclass=unix_dgram_socket permissive=1
06-16 13:20:43.444 I/mediaserver(  280): type=1400 audit(0.0:219): avc: denied { sendto } for path="/dev/socket/logdw" scontext=u:r:mediaserver:s0 tcontext=u:r:init:s0 tclass=unix_dgram_socket permissive=1
06-16 13:20:43.448 I/mediaserver(  278): ServiceManager: 0xeadbc040
06-16 13:20:43.448 I/mediaserver(  280): ServiceManager: 0xe76bc040
06-16 13:20:43.479 W/BatteryNotifier(  280): batterystats service unavailable!
06-16 13:20:43.856 I/surfaceflinger(  261): type=1400 audit(0.0:220): avc: denied { sendto } for path="/dev/socket/logdw" scontext=u:r:surfaceflinger:s0 tcontext=u:r:init:s0 tclass=unix_dgram_socket permissive=1
06-16 13:20:43.890 I/gralloc (  261): using (fd=11)
06-16 13:20:43.890 I/gralloc (  261): id           = Virtual FB
06-16 13:20:43.890 I/gralloc (  261): xres         = 600 px
06-16 13:20:43.890 I/gralloc (  261): yres         = 1024 px
06-16 13:20:43.890 I/gralloc (  261): xres_virtual = 600 px
06-16 13:20:43.890 I/gralloc (  261): yres_virtual = 2048 px
06-16 13:20:43.890 I/gralloc (  261): bpp          = 32
06-16 13:20:43.890 I/gralloc (  261): r            = 16:8
06-16 13:20:43.890 I/gralloc (  261): g            =  8:8
06-16 13:20:43.890 I/gralloc (  261): b            =  0:8
06-16 13:20:43.890 I/gralloc (  261): width        = 95 mm (160.421051 dpi)
06-16 13:20:43.890 I/gralloc (  261): height       = 162 mm (160.553085 dpi)
06-16 13:20:43.890 I/gralloc (  261): refresh rate = 60.00 Hz
06-16 13:20:43.891 E/SurfaceFlinger(  261): hwcomposer module not found
06-16 13:20:43.891 I/SurfaceFlinger(  261): Trying a simpler query for non-RGBA_8888
06-16 13:20:43.891 I/SurfaceFlinger(  261): EGL information: format=0x5
06-16 13:20:43.891 I/SurfaceFlinger(  261): vendor    : Android
06-16 13:20:43.891 I/SurfaceFlinger(  261): version   : 1.4 Android META-EGL
06-16 13:20:43.891 I/SurfaceFlinger(  261): extensions: EGL_KHR_get_all_proc_addresses EGL_ANDROID_presentation_time EGL_KHR_swap_buffers_with_damage EGL_ANDROID_create_native_client_buffer EGL_ANDROID_front_buffer_auto_refresh EGL_KHR_image_base EGL_KHR_gl_texture_2D_image EGL_KHR_gl_texture_cubemap_image EGL_KHR_gl_renderbuffer_image EGL_KHR_fence_sync EGL_KHR_create_context EGL_ANDROID_recordable 
06-16 13:20:43.891 I/SurfaceFlinger(  261): Client API: OpenGL_ES
06-16 13:20:43.891 I/SurfaceFlinger(  261): EGLSurface: 8-8-8-8, config=0x2f
06-16 13:20:43.894 I/SurfaceFlinger(  261): OpenGL ES informations: format=0x5
06-16 13:20:43.894 I/SurfaceFlinger(  261): vendor    : Google Inc.
06-16 13:20:43.894 I/SurfaceFlinger(  261): renderer  : Google SwiftShader
06-16 13:20:43.894 I/SurfaceFlinger(  261): version   : OpenGL ES 2.0 SwiftShader 3.3.0.2
06-16 13:20:43.894 I/SurfaceFlinger(  261): extensions: GL_OES_compressed_ETC1_RGB8_texture GL_OES_depth24 GL_OES_depth32 GL_OES_depth_texture GL_OES_depth_texture_cube_map GL_OES_EGL_image GL_OES_EGL_image_external GL_OES_EGL_sync GL_OES_element_index_uint GL_OES_framebuffer_object GL_OES_packed_depth_stencil GL_OES_rgb8_rgba8 GL_OES_standard_derivatives GL_OES_texture_float GL_OES_texture_float_linear GL_OES_texture_half_float GL_OES_texture_half_float_linear GL_OES_texture_npot GL_OES_texture_3D GL_OES_vertex_half_float GL_EXT_blend_minmax GL_EXT_color_buffer_half_float GL_EXT_draw_buffers GL_EXT_instanced_arrays GL_EXT_occlusion_query_boolean GL_EXT_read_format_bgra GL_EXT_texture_filter_anisotropic GL_EXT_texture_format_BGRA8888 GL_EXT_texture_rg GL_ANGLE_framebuffer_blit GL_ANGLE_framebuffer_multisample GL_ANGLE_instanced_arrays GL_CHROMIUM_texture_filtering_hint GL_NV_fence GL_NV_framebuffer_blit GL_NV_read_depth 
06-16 13:20:43.894 I/SurfaceFlinger(  261): GL_MAX_TEXTURE_SIZE = 8192
06-16 13:20:43.894 I/SurfaceFlinger(  261): GL_MAX_VIEWPORT_DIMS = 8192
06-16 13:20:43.894 E/cutils-trace(  261): Error opening trace file: Permission denied (13)
06-16 13:20:44.120 E/libEGL  (  552): load_driver(/vendor/lib64/egl/libGLES_swiftshader.so): dlopen failed: library "/vendor/lib64/egl/libGLES_swiftshader.so" not found
06-16 13:20:44.128 E/cutils-trace(  552): Error opening trace file: Permission denied (13)
06-16 13:20:44.360 I/CameraFlashlight(  272): Destroying camera 0
06-16 13:20:44.360 I/CameraFlashlight(  272): Opening camera 1
06-16 13:20:44.360 I/CameraFlashlight(  272): Destroying camera 1
06-16 13:20:44.361 I/ServiceManager(  272): Waiting for service media.camera.proxy...
06-16 13:20:44.368 I/BootAnimation(  556): type=1400 audit(0.0:226): avc: denied { execmem } for scontext=u:r:bootanim:s0 tcontext=u:r:bootanim:s0 tclass=process permissive=1
06-16 13:20:45.361 I/ServiceManager(  272): Waiting for service media.camera.proxy...
06-16 13:20:45.472 I/zygote  (  270): type=1400 audit(0.0:227): avc: denied { sendto } for path="/dev/socket/logdw" scontext=u:r:zygote:s0 tcontext=u:r:init:s0 tclass=unix_dgram_socket permissive=1
06-16 13:20:45.684 I/zygote  (  270): type=1400 audit(0.0:228): avc: denied { write } for name="trace_marker" dev="tracefs" ino=39 scontext=u:r:zygote:s0 tcontext=u:object_r:debugfs_tracing:s0 tclass=file permissive=1
06-16 13:20:45.688 I/zygote  (  270): type=1400 audit(0.0:229): avc: denied { open } for path="/sys/kernel/debug/tracing/trace_marker" dev="tracefs" ino=39 scontext=u:r:zygote:s0 tcontext=u:object_r:debugfs_tracing:s0 tclass=file permissive=1
06-16 13:20:45.755 I/art     (  270): option[0]=-Xzygote
06-16 13:20:45.756 I/art     (  270): option[1]=-Xstacktracefile:/data/anr/traces.txt
06-16 13:20:45.756 I/art     (  270): option[2]=exit
06-16 13:20:45.756 I/art     (  270): option[3]=vfprintf
06-16 13:20:45.756 I/art     (  270): option[4]=sensitiveThread
06-16 13:20:45.756 I/art     (  270): option[5]=-verbose:gc
06-16 13:20:45.756 I/art     (  270): option[6]=-Xms8m
06-16 13:20:45.756 I/art     (  270): option[7]=-Xmx512m
06-16 13:20:45.756 I/art     (  270): option[8]=-XX:HeapGrowthLimit=192m
06-16 13:20:45.756 I/art     (  270): option[9]=-XX:HeapMinFree=512k
06-16 13:20:45.756 I/art     (  270): option[10]=-XX:HeapMaxFree=8m
06-16 13:20:45.756 I/art     (  270): option[11]=-XX:HeapTargetUtilization=0.75
06-16 13:20:45.756 I/art     (  270): option[12]=-Xusejit:true
06-16 13:20:45.756 I/art     (  270): option[13]=-Xjitsaveprofilinginfo
06-16 13:20:45.756 I/art     (  270): option[14]=-agentlib:jdwp=transport=dt_android_adb,suspend=n,server=y
06-16 13:20:45.756 I/art     (  270): option[15]=-Xlockprofthreshold:500
06-16 13:20:45.756 I/art     (  270): option[16]=-Ximage-compiler-option
06-16 13:20:45.756 I/art     (  270): option[17]=--runtime-arg
06-16 13:20:45.756 I/art     (  270): option[18]=-Ximage-compiler-option
06-16 13:20:45.756 I/art     (  270): option[19]=-Xms64m
06-16 13:20:45.756 I/art     (  270): option[20]=-Ximage-compiler-option
06-16 13:20:45.756 I/art     (  270): option[21]=--runtime-arg
06-16 13:20:45.756 I/art     (  270): option[22]=-Ximage-compiler-option
06-16 13:20:45.756 I/art     (  270): option[23]=-Xmx64m
06-16 13:20:45.756 I/art     (  270): option[24]=-Ximage-compiler-option
06-16 13:20:45.756 I/art     (  270): option[25]=--image-classes=/system/etc/preloaded-classes
06-16 13:20:45.756 I/art     (  270): option[26]=-Ximage-compiler-option
06-16 13:20:45.756 I/art     (  270): option[27]=--compiled-classes=/system/etc/compiled-classes
06-16 13:20:45.756 I/art     (  270): option[28]=-Xcompiler-option
06-16 13:20:45.756 I/art     (  270): option[29]=--runtime-arg
06-16 13:20:45.756 I/art     (  270): option[30]=-Xcompiler-option
06-16 13:20:45.756 I/art     (  270): option[31]=-Xms64m
06-16 13:20:45.756 I/art     (  270): option[32]=-Xcompiler-option
06-16 13:20:45.756 I/art     (  270): option[33]=--runtime-arg
06-16 13:20:45.756 I/art     (  270): option[34]=-Xcompiler-option
06-16 13:20:45.756 I/art     (  270): option[35]=-Xmx512m
06-16 13:20:45.756 I/art     (  270): option[36]=-Ximage-compiler-option
06-16 13:20:45.756 I/art     (  270): option[37]=--instruction-set-variant=x86
06-16 13:20:45.756 I/art     (  270): option[38]=-Xcompiler-option
06-16 13:20:45.756 I/art     (  270): option[39]=--instruction-set-variant=x86
06-16 13:20:45.756 I/art     (  270): option[40]=-Ximage-compiler-option
06-16 13:20:45.756 I/art     (  270): option[41]=--instruction-set-features=default
06-16 13:20:45.756 I/art     (  270): option[42]=-Xcompiler-option
06-16 13:20:45.756 I/art     (  270): option[43]=--instruction-set-features=default
06-16 13:20:45.756 I/art     (  270): option[44]=-Duser.locale=en-US
06-16 13:20:45.756 I/art     (  270): option[45]=--cpu-abilist=x86
06-16 13:20:45.756 I/art     (  270): option[46]=-Xfingerprint:Android/cloud/cloud:7.0/NBD92Y/1313:userdebug/test-keys
06-16 13:20:46.237 I/art     (  269): option[0]=-Xzygote
06-16 13:20:46.237 I/art     (  269): option[1]=-Xstacktracefile:/data/anr/traces.txt
06-16 13:20:46.237 I/art     (  269): option[2]=exit
06-16 13:20:46.237 I/art     (  269): option[3]=vfprintf
06-16 13:20:46.237 I/art     (  269): option[4]=sensitiveThread
06-16 13:20:46.237 I/art     (  269): option[5]=-verbose:gc
06-16 13:20:46.237 I/art     (  269): option[6]=-Xms8m
06-16 13:20:46.237 I/art     (  269): option[7]=-Xmx512m
06-16 13:20:46.237 I/art     (  269): option[8]=-XX:HeapGrowthLimit=192m
06-16 13:20:46.237 I/art     (  269): option[9]=-XX:HeapMinFree=512k
06-16 13:20:46.237 I/art     (  269): option[10]=-XX:HeapMaxFree=8m
06-16 13:20:46.237 I/art     (  269): option[11]=-XX:HeapTargetUtilization=0.75
06-16 13:20:46.237 I/art     (  269): option[12]=-Xusejit:true
06-16 13:20:46.237 I/art     (  269): option[13]=-Xjitsaveprofilinginfo
06-16 13:20:46.237 I/art     (  269): option[14]=-agentlib:jdwp=transport=dt_android_adb,suspend=n,server=y
06-16 13:20:46.237 I/art     (  269): option[15]=-Xlockprofthreshold:500
06-16 13:20:46.237 I/art     (  269): option[16]=-Ximage-compiler-option
06-16 13:20:46.237 I/art     (  269): option[17]=--runtime-arg
06-16 13:20:46.237 I/art     (  269): option[18]=-Ximage-compiler-option
06-16 13:20:46.237 I/art     (  269): option[19]=-Xms64m
06-16 13:20:46.237 I/art     (  269): option[20]=-Ximage-compiler-option
06-16 13:20:46.237 I/art     (  269): option[21]=--runtime-arg
06-16 13:20:46.237 I/art     (  269): option[22]=-Ximage-compiler-option
06-16 13:20:46.237 I/art     (  269): option[23]=-Xmx64m
06-16 13:20:46.237 I/art     (  269): option[24]=-Ximage-compiler-option
06-16 13:20:46.237 I/art     (  269): option[25]=--image-classes=/system/etc/preloaded-classes
06-16 13:20:46.237 I/art     (  269): option[26]=-Ximage-compiler-option
06-16 13:20:46.237 I/art     (  269): option[27]=--compiled-classes=/system/etc/compiled-classes
06-16 13:20:46.237 I/art     (  269): option[28]=-Xcompiler-option
06-16 13:20:46.237 I/art     (  269): option[29]=--runtime-arg
06-16 13:20:46.237 I/art     (  269): option[30]=-Xcompiler-option
06-16 13:20:46.237 I/art     (  269): option[31]=-Xms64m
06-16 13:20:46.237 I/art     (  269): option[32]=-Xcompiler-option
06-16 13:20:46.237 I/art     (  269): option[33]=--runtime-arg
06-16 13:20:46.237 I/art     (  269): option[34]=-Xcompiler-option
06-16 13:20:46.237 I/art     (  269): option[35]=-Xmx512m
06-16 13:20:46.237 I/art     (  269): option[36]=-Ximage-compiler-option
06-16 13:20:46.237 I/art     (  269): option[37]=--instruction-set-variant=x86_64
06-16 13:20:46.237 I/art     (  269): option[38]=-Xcompiler-option
06-16 13:20:46.237 I/art     (  269): option[39]=--instruction-set-variant=x86_64
06-16 13:20:46.237 I/art     (  269): option[40]=-Ximage-compiler-option
06-16 13:20:46.237 I/art     (  269): option[41]=--instruction-set-features=default
06-16 13:20:46.237 I/art     (  269): option[42]=-Xcompiler-option
06-16 13:20:46.237 I/art     (  269): option[43]=--instruction-set-features=default
06-16 13:20:46.237 I/art     (  269): option[44]=-Duser.locale=en-US
06-16 13:20:46.237 I/art     (  269): option[45]=--cpu-abilist=x86_64
06-16 13:20:46.237 I/art     (  269): option[46]=-Xfingerprint:Android/cloud/cloud:7.0/NBD92Y/1313:userdebug/test-keys
06-16 13:20:46.361 I/ServiceManager(  272): Waiting for service media.camera.proxy...
06-16 13:20:46.364 I/AudioOut_D(  507): type=1400 audit(0.0:230): avc: denied { sendto } for path="/dev/socket/logdw" scontext=u:r:audioserver:s0 tcontext=u:r:init:s0 tclass=unix_dgram_socket permissive=1
06-16 13:20:46.367 W/BatteryNotifier(  271): batterystats service unavailable!
06-16 13:20:47.361 I/ServiceManager(  272): Waiting for service media.camera.proxy...
06-16 13:20:47.760 E/memtrack(  270): Couldn't load memtrack module (No such file or directory)
06-16 13:20:47.760 E/android.os.Debug(  270): failed to load memtrack module: -2
06-16 13:20:47.761 I/Radio-JNI(  270): register_android_hardware_Radio DONE
06-16 13:20:47.778 I/SamplingProfilerIntegration(  270): Profiling disabled.
06-16 13:20:47.780 I/main    (  270): type=1400 audit(0.0:231): avc: denied { listen } for path="/dev/socket/zygote_secondary" scontext=u:r:zygote:s0 tcontext=u:r:init:s0 tclass=unix_stream_socket permissive=1
06-16 13:20:47.780 I/Zygote  (  270): Installing ICU cache reference pinning...
06-16 13:20:47.781 I/Zygote  (  270): Preloading ICU data...
06-16 13:20:48.061 I/Zygote  (  270): Preloading classes...
06-16 13:20:48.362 I/ServiceManager(  272): Waiting for service media.camera.proxy...
06-16 13:20:48.883 E/memtrack(  269): Couldn't load memtrack module (No such file or directory)
06-16 13:20:48.883 E/android.os.Debug(  269): failed to load memtrack module: -2
06-16 13:20:48.886 I/Radio-JNI(  269): register_android_hardware_Radio DONE
06-16 13:20:49.095 I/SamplingProfilerIntegration(  269): Profiling disabled.
06-16 13:20:49.138 I/Zygote  (  269): Installing ICU cache reference pinning...
06-16 13:20:49.140 I/Zygote  (  269): Preloading ICU data...
06-16 13:20:49.230 I/Zygote  (  269): Preloading classes...
06-16 13:20:49.458 E/Typeface(  270): Error mapping font file /system/fonts/DroidSansFallback.ttf
06-16 13:20:49.458 E/Typeface(  269): Error mapping font file /system/fonts/DroidSansFallback.ttf
06-16 13:20:49.858 I/art     (  270): Thread[1,tid=270,Native,Thread*=0xed78b400,peer=0x12c060d0,"main"] recursive attempt to load library "/system/lib/libmedia_jni.so"
06-16 13:20:49.859 I/art     (  270): Thread[1,tid=270,Native,Thread*=0xed78b400,peer=0x12c060d0,"main"] recursive attempt to load library "/system/lib/libmedia_jni.so"
06-16 13:20:49.859 I/art     (  270): Thread[1,tid=270,Native,Thread*=0xed78b400,peer=0x12c060d0,"main"] recursive attempt to load library "/system/lib/libmedia_jni.so"
06-16 13:20:49.860 I/art     (  269): Thread[1,tid=269,Native,Thread*=0x7ffbf3095a00,peer=0x12c060d0,"main"] recursive attempt to load library "/system/lib64/libmedia_jni.so"
06-16 13:20:49.861 I/art     (  269): Thread[1,tid=269,Native,Thread*=0x7ffbf3095a00,peer=0x12c060d0,"main"] recursive attempt to load library "/system/lib64/libmedia_jni.so"
06-16 13:20:49.861 I/art     (  269): Thread[1,tid=269,Native,Thread*=0x7ffbf3095a00,peer=0x12c060d0,"main"] recursive attempt to load library "/system/lib64/libmedia_jni.so"
06-16 13:20:49.955 E/linker  (  270): library /system/lib/libavcodec.so with text relocation is whitelisted
06-16 13:20:49.955 W/linker  (  270): /system/lib/libavcodec.so has text relocations. This is wasting memory and prevents security hardening. Please fix.
06-16 13:20:49.955 E/linker  (  270): library /system/lib/libavcodec.so with text relocation is whitelisted
06-16 13:20:50.020 I/main    (  270): type=1400 audit(0.0:232): avc: denied { execmod } for path="/system/lib/libavcodec.so" dev="xvda5" ino=2166 scontext=u:r:zygote:s0 tcontext=u:object_r:system_file:s0 tclass=file permissive=1
06-16 13:20:50.049 E/linker  (  270): library /system/lib/libswresample.so with text relocation is whitelisted
06-16 13:20:50.049 W/linker  (  270): /system/lib/libswresample.so has text relocations. This is wasting memory and prevents security hardening. Please fix.
06-16 13:20:50.049 E/linker  (  270): library /system/lib/libswresample.so with text relocation is whitelisted
06-16 13:20:50.205 I/System  (  270): Loaded time zone names for "" in 53ms (53ms in ICU)
06-16 13:20:50.243 I/System  (  270): Loaded time zone names for "en_US" in 37ms (37ms in ICU)
06-16 13:20:50.260 I/Zygote  (  270): ...preloaded 4161 classes in 2199ms.
06-16 13:20:50.260 I/art     (  270): VMRuntime.preloadDexCaches starting
06-16 13:20:50.316 I/art     (  270): VMRuntime.preloadDexCaches strings total=282418 before=39296 after=39296
06-16 13:20:50.316 I/art     (  270): VMRuntime.preloadDexCaches types total=23493 before=7835 after=7862
06-16 13:20:50.316 I/art     (  270): VMRuntime.preloadDexCaches fields total=111426 before=40635 after=40849
06-16 13:20:50.316 I/art     (  270): VMRuntime.preloadDexCaches methods total=196896 before=82193 after=82753
06-16 13:20:50.316 I/art     (  270): VMRuntime.preloadDexCaches finished
06-16 13:20:50.382 I/Zygote  (  270): Preloading resources...
06-16 13:20:50.446 W/Resources(  270): Preloaded drawable resource #0x1080298 (android:drawable/editbox_dropdown_background_dark) that varies with configuration!!
06-16 13:20:50.452 W/Resources(  270): Preloaded drawable resource #0x108030a (android:drawable/ic_clear_disabled) that varies with configuration!!
06-16 13:20:50.452 W/Resources(  270): Preloaded drawable resource #0x108030f (android:drawable/ic_clear_normal) that varies with configuration!!
06-16 13:20:50.453 W/Resources(  270): Preloaded drawable resource #0x1080344 (android:drawable/ic_go) that varies with configuration!!
06-16 13:20:50.454 W/Resources(  270): Preloaded drawable resource #0x1080038 (android:drawable/ic_menu_close_clear_cancel) that varies with configuration!!
06-16 13:20:50.454 W/Resources(  270): Preloaded drawable resource #0x1080045 (android:drawable/ic_menu_more) that varies with configuration!!
06-16 13:20:50.458 W/Resources(  270): Preloaded drawable resource #0x10804d2 (android:drawable/menu_background_fill_parent_width) that varies with configuration!!
06-16 13:20:50.471 W/Resources(  270): Preloaded drawable resource #0x1080765 (android:drawable/text_edit_paste_window) that varies with configuration!!
06-16 13:20:50.474 W/Resources(  270): Preloaded drawable resource #0x1080096 (android:drawable/toast_frame) that varies with configuration!!
06-16 13:20:50.474 I/Zygote  (  270): ...preloaded 114 resources in 92ms.
06-16 13:20:50.475 I/Zygote  (  270): ...preloaded 41 resources in 1ms.
06-16 13:20:50.498 E/libEGL  (  270): load_driver(/vendor/lib/egl/libGLES_swiftshader.so): dlopen failed: library "/vendor/lib/egl/libGLES_swiftshader.so" not found
06-16 13:20:50.527 I/System  (  269): Loaded time zone names for "" in 5ms (4ms in ICU)
06-16 13:20:50.531 I/System  (  269): Loaded time zone names for "en_US" in 3ms (3ms in ICU)
06-16 13:20:50.546 I/Zygote  (  269): ...preloaded 4161 classes in 1316ms.
06-16 13:20:50.546 I/art     (  269): VMRuntime.preloadDexCaches starting
06-16 13:20:50.579 I/art     (  269): VMRuntime.preloadDexCaches strings total=282418 before=39296 after=39296
06-16 13:20:50.579 I/art     (  269): VMRuntime.preloadDexCaches types total=23493 before=7835 after=7862
06-16 13:20:50.579 I/art     (  269): VMRuntime.preloadDexCaches fields total=111426 before=40635 after=40849
06-16 13:20:50.579 I/art     (  269): VMRuntime.preloadDexCaches methods total=196896 before=82193 after=82753
06-16 13:20:50.579 I/art     (  269): VMRuntime.preloadDexCaches finished
06-16 13:20:50.592 I/Zygote  (  269): Preloading resources...
