06-16 13:21:01.325 I/Telecom (  573): PhoneAccountRegistrar: [ComponentInfo{com.android.phone/com.android.services.telephony.TelephonyConnectionService}, [e0184adedf913b076626646d3f52c3b49c39ad6d], UserHandle{0}(icon: Icon(typ=BITMAP size=19x24) -> Icon(typ=BITMAP size=19x24))]: TSI.rPA@ABI
06-16 13:21:01.325 I/Telecom (  573): : Sending phone-account registered intent as user: TSI.rPA@ABI
06-16 13:21:01.326 I/Telephony(  755): AccountEntry: Registered phoneAccount: [[ ] PhoneAccount: ComponentInfo{com.android.phone/com.android.services.telephony.TelephonyConnectionService}, [e0184adedf913b076626646d3f52c3b49c39ad6d], UserHandle{0} Capabilities: CallProvider MultiUser PlaceEmerg SimSub  Schemes: tel voicemail  Extras: null] with handle: ComponentInfo{com.android.phone/com.android.services.telephony.TelephonyConnectionService}, [e0184adedf913b076626646d3f52c3b49c39ad6d], UserHandle{0}
06-16 13:21:01.326 I/Telephony(  755): PstnIncomingCallNotifier: Registering: Handler (com.android.internal.telephony.GsmCdmaPhone) {3145ce8}
06-16 13:21:01.329 W/System  ( 1244): ClassLoader referenced unknown path: /system/priv-app/DownloadProvider/lib/x86_64
06-16 13:21:01.396 I/ndroid.systemui(  672): type=1400 audit(0.0:416): avc: denied { sendto } for path="/dev/socket/logdw" scontext=u:r:platform_app:s0:c512,c768 tcontext=u:r:init:s0 tclass=unix_dgram_socket permissive=1
06-16 13:21:01.398 W/System  (  672): ClassLoader referenced unknown path: 
06-16 13:21:01.400 I/rild    (  289): type=1400 audit(0.0:417): avc: denied { read } for path="socket:[13671]" dev="sockfs" ino=13671 scontext=u:r:rild:s0 tcontext=u:r:init:s0 tclass=unix_stream_socket permissive=1
06-16 13:21:01.400 I/rild    (  289): type=1400 audit(0.0:418): avc: denied { write } for path="socket:[13671]" dev="sockfs" ino=13671 scontext=u:r:rild:s0 tcontext=u:r:init:s0 tclass=unix_stream_socket permissive=1
06-16 13:21:01.405 W/System  ( 1244): ClassLoader referenced unknown path: /system/priv-app/MediaProvider/lib/x86_64
06-16 13:21:01.406 I/GnssLocationProvider(  573): WakeLock acquired by sendMessage(12, 0, null)
06-16 13:21:01.407 E/GnssLocationProvider(  573): no AGPS interface in set_agps_server
06-16 13:21:01.407 I/GnssLocationProvider(  573): WakeLock released by handleMessage(12, 0, null)
06-16 13:21:01.490 W/WindowManager(  573): App freeze timeout expired.
06-16 13:21:01.490 W/WindowManager(  573): Force clearing freeze: AppWindowToken{e000005 token=Token{850866f ActivityRecord{7db954e u0 com.android.launcher3/.Launcher t1}}}
06-16 13:21:01.490 W/WindowManager(  573): Window freeze timeout expired.
06-16 13:21:01.490 W/WindowManager(  573): Force clearing orientation change: Window{7538986 u0 com.android.systemui.ImageWallpaper}
06-16 13:21:01.559 I/art     (  755): Background partial concurrent mark sweep GC freed 19257(1414KB) AllocSpace objects, 0(0B) LOS objects, 40% free, 2MB/4MB, paused 58us total 228.518ms
06-16 13:21:01.650 I/GnssLocationProvider(  573): WakeLock acquired by sendMessage(12, 0, null)
06-16 13:21:01.651 E/GnssLocationProvider(  573): no AGPS interface in set_agps_server
06-16 13:21:01.651 I/GnssLocationProvider(  573): WakeLock released by handleMessage(12, 0, null)
06-16 13:21:01.654 I/art     (  672): Background sticky concurrent mark sweep GC freed 7687(1839KB) AllocSpace objects, 0(0B) LOS objects, 18% free, 7MB/8MB, paused 70us total 162.964ms
06-16 13:21:01.721 E/BluetoothAdapter(  672): Bluetooth binder is null
06-16 13:21:01.792 I/crond   (  263): type=1400 audit(0.0:419): avc: denied { read } for name="crontab" dev="xvda7" ino=119043 scontext=u:r:vbox86-setup:s0 tcontext=u:object_r:system_data_file:s0 tclass=dir permissive=1
06-16 13:21:01.792 I/crond   (  263): type=1400 audit(0.0:420): avc: denied { open } for path="/data/crontab" dev="xvda7" ino=119043 scontext=u:r:vbox86-setup:s0 tcontext=u:object_r:system_data_file:s0 tclass=dir permissive=1
06-16 13:21:01.792 I/crond   (  263): type=1400 audit(0.0:421): avc: denied { read } for name="root" dev="xvda7" ino=119044 scontext=u:r:vbox86-setup:s0 tcontext=u:object_r:system_data_file:s0 tclass=file permissive=1
06-16 13:21:01.792 I/crond   (  263): type=1400 audit(0.0:422): avc: denied { open } for path="/data/crontab/root" dev="xvda7" ino=119044 scontext=u:r:vbox86-setup:s0 tcontext=u:object_r:system_data_file:s0 tclass=file permissive=1
06-16 13:21:01.792 I/crond   (  263): type=1400 audit(0.0:423): avc: denied { getattr } for path="/data/crontab/root" dev="xvda7" ino=119044 scontext=u:r:vbox86-setup:s0 tcontext=u:object_r:system_data_file:s0 tclass=file permissive=1
06-16 13:21:01.801 I/GnssLocationProvider(  573): WakeLock acquired by sendMessage(12, 0, null)
06-16 13:21:01.802 E/GnssLocationProvider(  573): no AGPS interface in set_agps_server
06-16 13:21:01.802 I/GnssLocationProvider(  573): WakeLock released by handleMessage(12, 0, null)
06-16 13:21:01.804 I/cameraserver(  272): type=1400 audit(0.0:424): avc: denied { sendto } for path="/dev/socket/logdw" scontext=u:r:cameraserver:s0 tcontext=u:r:init:s0 tclass=unix_dgram_socket permissive=1
06-16 13:21:01.804 I/CameraManagerGlobal(  672): Connecting to camera service
06-16 13:21:01.806 I/CameraService(  272): getCameraCharacteristics: Switching to HAL1 shim implementation...
06-16 13:21:01.806 I/CameraService(  272): CameraService::connect call (PID -1 "cameraserver", camera ID 0) for HAL version default and Camera API version 1
06-16 13:21:01.806 E/CameraService(  272): getCameraPriorityFromProcState: Received invalid process state -1 from ActivityManagerService!
06-16 13:21:01.879 I/ActivityManager(  573): Start proc 1269:com.android.cellbroadcastreceiver/u0a4 for broadcast com.android.cellbroadcastreceiver/.CellBroadcastReceiver
06-16 13:21:01.892 I/Binder:280_2(  743): type=1400 audit(0.0:425): avc: denied { execmod } for path="/system/lib/libavcodec.so" dev="xvda5" ino=2166 scontext=u:r:mediaserver:s0 tcontext=u:object_r:system_file:s0 tclass=file permissive=1
06-16 13:21:01.894 E/linker  (  280): library /system/lib/libavcodec.so with text relocation is whitelisted
06-16 13:21:01.894 W/linker  (  280): /system/lib/libavcodec.so has text relocations. This is wasting memory and prevents security hardening. Please fix.
06-16 13:21:01.894 E/linker  (  280): library /system/lib/libavcodec.so with text relocation is whitelisted
06-16 13:21:01.895 E/linker  (  280): library /system/lib/libswresample.so with text relocation is whitelisted
06-16 13:21:01.895 W/linker  (  280): /system/lib/libswresample.so has text relocations. This is wasting memory and prevents security hardening. Please fix.
06-16 13:21:01.895 E/linker  (  280): library /system/lib/libswresample.so with text relocation is whitelisted
06-16 13:21:01.896 E/GnssLocationProvider(  573): no AGPS interface in set_agps_server
06-16 13:21:01.897 E/WVMExtractor(  280): Failed to open libwvm.so: dlopen failed: library "libwvm.so" not found
06-16 13:21:01.956 I/logd.writer(  119): type=1400 audit(0.0:426): avc: denied { read } for path="/dev/socket/logdw" scontext=u:r:logd:s0 tcontext=u:r:init:s0 tclass=unix_dgram_socket permissive=1
06-16 13:21:01.964 I/JDWP    ( 1280): type=1400 audit(0.0:427): avc: denied { connectto } for path=006A6477702D636F6E74726F6C scontext=u:r:platform_app:s0:c512,c768 tcontext=u:r:init:s0 tclass=unix_stream_socket permissive=1
06-16 13:21:01.964 W/art     ( 1269): Unexpected CPU variant for X86 using defaults: x86_64
06-16 13:21:01.967 I/FFmpegExtractor(  279): android-source:0xf16e0600
06-16 13:21:01.968 W/art     (  573): Long monitor contention with owner Binder:573_7 (810) at int com.android.server.wm.WindowManagerService.relayoutWindow(com.android.server.wm.Session, android.view.IWindow, int, android.view.WindowManager$LayoutParams, int, int, int, int, android.graphics.Rect, android.graphics.Rect, android.graphics.Rect, android.graphics.Rect, android.graphics.Rect, android.graphics.Rect, android.graphics.Rect, android.content.res.Configuration, android.view.Surface)(WindowManagerService.java:2767) waiters=0 in void com.android.server.wm.WindowAnimator$1.doFrame(long) for 233ms
06-16 13:21:01.969 I/OpenGLRenderer( 1062): Initialized EGL, version 1.4
06-16 13:21:01.969 I/FFMPEG  (  279): Input #0, ogg, from 'android-source:0xf16e0600':
06-16 13:21:01.969 I/FFMPEG  (  279):   Duration: 00:00:00.42, start: 0.000000, bitrate: 113 kb/s
06-16 13:21:01.969 I/FFMPEG  (  279):     Stream #0:0: Audio: vorbis, 48000 Hz, mono, fltp, 48 kb/s
06-16 13:21:01.969 I/FFMPEG  (  279):     Metadata:
06-16 13:21:01.969 I/FFMPEG  (  279):       TITLE           : Camera Shutter
06-16 13:21:01.969 I/FFMPEG  (  279):       ARTIST          : (c) 2012 Android Open Source Project
06-16 13:21:01.969 I/FFmpegExtractor(  279): FFmpegExtrator, url: android-source:0xf16e0600, format_name: ogg, format_long_name: Ogg
06-16 13:21:01.969 I/FFmpegExtractor(  279): list the formats suppoted by ffmpeg: 
06-16 13:21:01.969 I/FFmpegExtractor(  279): ========================================
06-16 13:21:01.969 I/FFmpegExtractor(  279): ========================================
06-16 13:21:01.969 I/FFmpegExtractor(  279): adjust mime(application/ogg -> audio/vorbis)
06-16 13:21:01.969 I/FFmpegExtractor(  279): sniff through BetterSniffFFMPEG success
06-16 13:21:02.044 W/AlarmManagerService(  573): Unable to set rtc to 1750094462: No such device
06-16 13:21:02.059 W/System  ( 1269): ClassLoader referenced unknown path: /system/priv-app/CellBroadcastReceiver/lib/x86_64
06-16 13:21:02.134 I/Telephony(  755): PstnIncomingCallNotifier: Unregistering: Handler (com.android.internal.telephony.GsmCdmaPhone) {3145ce8}
06-16 13:21:02.200 I/genybaseband(  600): type=1400 audit(0.0:428): avc: denied { read } for path="socket:[9586]" dev="sockfs" ino=9586 scontext=u:r:logwrapper:s0 tcontext=u:r:init:s0 tclass=unix_stream_socket permissive=1
06-16 13:21:02.202 I/Telecom (  573): PhoneAccountRegistrar: New phone account registered: [[ ] PhoneAccount: ComponentInfo{com.android.phone/com.android.services.telephony.TelephonyConnectionService}, [5fef04621e9a9b41849c3df35e75799299008300], UserHandle{0} Capabilities: CallProvider MultiUser PlaceEmerg SimSub  Schemes: tel voicemail  Extras: null]: TSI.rPA@ABY
06-16 13:21:02.203 I/Telecom (  573): : Sending phone-account registered intent as user: TSI.rPA@ABY
06-16 13:21:02.203 I/Telephony(  755): AccountEntry: Registered phoneAccount: [[ ] PhoneAccount: ComponentInfo{com.android.phone/com.android.services.telephony.TelephonyConnectionService}, [5fef04621e9a9b41849c3df35e75799299008300], UserHandle{0} Capabilities: CallProvider MultiUser PlaceEmerg SimSub  Schemes: tel voicemail  Extras: null] with handle: ComponentInfo{com.android.phone/com.android.services.telephony.TelephonyConnectionService}, [5fef04621e9a9b41849c3df35e75799299008300], UserHandle{0}
06-16 13:21:02.203 I/Telephony(  755): PstnIncomingCallNotifier: Registering: Handler (com.android.internal.telephony.GsmCdmaPhone) {3145ce8}
06-16 13:21:02.203 I/Telephony(  755): TelecomAccountRegistry: Unregistering phone account ComponentInfo{com.android.phone/com.android.services.telephony.TelephonyConnectionService}, [e0184adedf913b076626646d3f52c3b49c39ad6d], UserHandle{0}.
06-16 13:21:02.204 I/Telecom (  573): : Sending phone-account unregistered intent as user: TSI.uPA@ABg
06-16 13:21:02.208 I/genybaseband( 1294): type=1400 audit(0.0:429): avc: denied { write } for path="socket:[9586]" dev="sockfs" ino=9586 scontext=u:r:logwrapper:s0 tcontext=u:r:init:s0 tclass=unix_stream_socket permissive=1
06-16 13:21:02.219 I/GnssLocationProvider(  573): WakeLock acquired by sendMessage(12, 0, null)
06-16 13:21:02.282 I/FFmpegExtractor(  279): android-source:0xee806c00
06-16 13:21:02.283 E/GnssLocationProvider(  573): no AGPS interface in set_agps_server
06-16 13:21:02.283 I/GnssLocationProvider(  573): WakeLock released by handleMessage(12, 0, null)
06-16 13:21:02.296 I/FFMPEG  (  279): Input #0, ogg, from 'android-source:0xee806c00':
06-16 13:21:02.296 I/FFMPEG  (  279):   Duration: 00:00:00.54, start: 0.000000, bitrate: 95 kb/s
06-16 13:21:02.296 I/FFMPEG  (  279):     Stream #0:0: Audio: vorbis, 48000 Hz, mono, fltp, 48 kb/s
06-16 13:21:02.296 I/FFMPEG  (  279):     Metadata:
06-16 13:21:02.296 I/FFMPEG  (  279):       TITLE           : Video Record
06-16 13:21:02.296 I/FFMPEG  (  279):       ARTIST          : (c) 2012 Android Open Source Project
06-16 13:21:02.296 I/FFmpegExtractor(  279): FFmpegExtrator, url: android-source:0xee806c00, format_name: ogg, format_long_name: Ogg
06-16 13:21:02.296 I/FFmpegExtractor(  279): list the formats suppoted by ffmpeg: 
06-16 13:21:02.296 I/FFmpegExtractor(  279): ========================================
06-16 13:21:02.296 I/FFmpegExtractor(  279): ========================================
06-16 13:21:02.296 I/FFmpegExtractor(  279): adjust mime(application/ogg -> audio/vorbis)
06-16 13:21:02.296 I/FFmpegExtractor(  279): sniff through BetterSniffFFMPEG success
06-16 13:21:02.379 I/FFmpegExtractor(  279): android-source:0xf16e3800
06-16 13:21:02.380 I/FFMPEG  (  279): Input #0, ogg, from 'android-source:0xf16e3800':
06-16 13:21:02.380 I/FFMPEG  (  279):   Duration: 00:00:00.51, start: 0.000000, bitrate: 101 kb/s
06-16 13:21:02.380 I/FFMPEG  (  279):     Stream #0:0: Audio: vorbis, 48000 Hz, mono, fltp, 48 kb/s
06-16 13:21:02.380 I/FFMPEG  (  279):     Metadata:
06-16 13:21:02.380 I/FFMPEG  (  279):       TITLE           : Video Stop
06-16 13:21:02.380 I/FFMPEG  (  279):       ARTIST          : (c) 2012 Android Open Source Project
06-16 13:21:02.380 I/FFmpegExtractor(  279): FFmpegExtrator, url: android-source:0xf16e3800, format_name: ogg, format_long_name: Ogg
06-16 13:21:02.380 I/FFmpegExtractor(  279): list the formats suppoted by ffmpeg: 
06-16 13:21:02.380 I/FFmpegExtractor(  279): ========================================
06-16 13:21:02.380 I/FFmpegExtractor(  279): ========================================
06-16 13:21:02.380 I/FFmpegExtractor(  279): adjust mime(application/ogg -> audio/vorbis)
06-16 13:21:02.380 I/FFmpegExtractor(  279): sniff through BetterSniffFFMPEG success
06-16 13:21:02.522 I/CameraFlashlight(  272): Opening camera 0
06-16 13:21:02.522 I/CameraFlashlight(  272): Destroying camera 0
06-16 13:21:02.522 I/CameraService(  272): disconnect: Disconnected client for camera 0 for PID 272
06-16 13:21:02.523 W/ActivityManager(  573): Slow operation: 303ms so far, now at startProcess: returned from zygote!
06-16 13:21:02.523 W/ActivityManager(  573): Slow operation: 303ms so far, now at startProcess: done updating battery stats
06-16 13:21:02.523 W/ActivityManager(  573): Slow operation: 303ms so far, now at startProcess: building log message
06-16 13:21:02.523 I/ActivityManager(  573): Start proc 1299:com.android.quicksearchbox/u0a57 for broadcast com.android.quicksearchbox/.SearchWidgetProvider
06-16 13:21:02.523 W/ActivityManager(  573): Slow operation: 303ms so far, now at startProcess: starting to update pids map
06-16 13:21:02.523 W/ActivityManager(  573): Slow operation: 303ms so far, now at startProcess: done updating pids map
06-16 13:21:02.523 W/ActivityManager(  573): Slow operation: 303ms so far, now at startProcess: done starting proc!
06-16 13:21:02.523 W/art     (  573): Long monitor contention with owner Binder:573_9 (1041) at void com.android.server.am.BroadcastQueue.processNextBroadcast(boolean)(BroadcastQueue.java:759) waiters=0 in void com.android.server.am.ActivityManagerService.dispatchUidsChanged() for 242ms
06-16 13:21:02.523 W/art     (  573): Long monitor contention with owner Binder:573_9 (1041) at void com.android.server.am.BroadcastQueue.processNextBroadcast(boolean)(BroadcastQueue.java:759) waiters=1 in void com.android.server.am.ActivityStack$ActivityStackHandler.handleMessage(android.os.Message) for 243ms
06-16 13:21:02.523 W/art     (  573): Long monitor contention with owner Binder:573_9 (1041) at void com.android.server.am.BroadcastQueue.processNextBroadcast(boolean)(BroadcastQueue.java:759) waiters=3 in int com.android.server.am.ActivityManagerService.broadcastIntent(android.app.IApplicationThread, android.content.Intent, java.lang.String, android.content.IIntentReceiver, int, java.lang.String, android.os.Bundle, java.lang.String[], int, android.os.Bundle, boolean, boolean, int) for 241ms
06-16 13:21:02.524 I/.quicksearchbo( 1299): type=1400 audit(0.0:430): avc: denied { sendto } for path="/dev/socket/logdw" scontext=u:r:untrusted_app:s0:c512,c768 tcontext=u:r:init:s0 tclass=unix_dgram_socket permissive=1
06-16 13:21:02.524 I/CameraService(  272): getCameraCharacteristics: Switching to HAL1 shim implementation...
06-16 13:21:02.524 I/CameraService(  272): CameraService::connect call (PID -1 "cameraserver", camera ID 1) for HAL version default and Camera API version 1
06-16 13:21:02.524 E/CameraService(  272): getCameraPriorityFromProcState: Received invalid process state -1 from ActivityManagerService!
06-16 13:21:02.528 I/JDWP    ( 1308): type=1400 audit(0.0:431): avc: denied { connectto } for path=006A6477702D636F6E74726F6C scontext=u:r:untrusted_app:s0:c512,c768 tcontext=u:r:init:s0 tclass=unix_stream_socket permissive=1
06-16 13:21:02.532 W/art     ( 1299): Unexpected CPU variant for X86 using defaults: x86_64
06-16 13:21:02.539 I/FFmpegExtractor(  279): android-source:0xee804400
06-16 13:21:02.542 I/FFMPEG  (  279): Input #0, ogg, from 'android-source:0xee804400':
06-16 13:21:02.542 I/FFMPEG  (  279):   Duration: 00:00:00.42, start: 0.000000, bitrate: 113 kb/s
06-16 13:21:02.542 I/FFMPEG  (  279):     Stream #0:0: Audio: vorbis, 48000 Hz, mono, fltp, 48 kb/s
06-16 13:21:02.542 I/FFMPEG  (  279):     Metadata:
06-16 13:21:02.542 I/FFMPEG  (  279):       TITLE           : Camera Shutter
06-16 13:21:02.542 I/FFMPEG  (  279):       ARTIST          : (c) 2012 Android Open Source Project
06-16 13:21:02.542 I/FFmpegExtractor(  279): FFmpegExtrator, url: android-source:0xee804400, format_name: ogg, format_long_name: Ogg
06-16 13:21:02.542 I/FFmpegExtractor(  279): list the formats suppoted by ffmpeg: 
06-16 13:21:02.542 I/FFmpegExtractor(  279): ========================================
06-16 13:21:02.542 I/FFmpegExtractor(  279): ========================================
06-16 13:21:02.542 I/FFmpegExtractor(  279): adjust mime(application/ogg -> audio/vorbis)
06-16 13:21:02.542 I/FFmpegExtractor(  279): sniff through BetterSniffFFMPEG success
06-16 13:21:02.600 I//system/bin/mediaserver( 1304): type=1400 audit(0.0:432): avc: denied { sendto } for comm=4E75506C6179657244726976657220 path="/dev/socket/logdw" scontext=u:r:mediaserver:s0 tcontext=u:r:init:s0 tclass=unix_dgram_socket permissive=1
06-16 13:21:02.602 I/GnssLocationProvider(  573): WakeLock acquired by sendMessage(12, 0, null)
06-16 13:21:02.603 E/GnssLocationProvider(  573): no AGPS interface in set_agps_server
06-16 13:21:02.603 I/GnssLocationProvider(  573): WakeLock released by handleMessage(12, 0, null)
06-16 13:21:02.604 I/rild    (  289): type=1400 audit(0.0:433): avc: denied { sendto } for path="/dev/socket/logdw" scontext=u:r:rild:s0 tcontext=u:r:init:s0 tclass=unix_dgram_socket permissive=1
06-16 13:21:02.612 I/Binder:279_3( 1129): type=1400 audit(0.0:434): avc: denied { sendto } for path="/dev/socket/logdw" scontext=u:r:mediaextractor:s0 tcontext=u:r:init:s0 tclass=unix_dgram_socket permissive=1
06-16 13:21:02.612 W/System  ( 1299): ClassLoader referenced unknown path: /system/app/QuickSearchBox/lib/x86_64
06-16 13:21:02.615 I/FFmpegExtractor(  279): android-source:0xf16e0600
06-16 13:21:02.616 I/FFMPEG  (  279): Input #0, ogg, from 'android-source:0xf16e0600':
06-16 13:21:02.616 I/FFMPEG  (  279):   Duration: 00:00:00.54, start: 0.000000, bitrate: 95 kb/s
06-16 13:21:02.616 I/FFMPEG  (  279):     Stream #0:0: Audio: vorbis, 48000 Hz, mono, fltp, 48 kb/s
06-16 13:21:02.616 I/FFMPEG  (  279):     Metadata:
06-16 13:21:02.616 I/FFMPEG  (  279):       TITLE           : Video Record
06-16 13:21:02.616 I/FFMPEG  (  279):       ARTIST          : (c) 2012 Android Open Source Project
06-16 13:21:02.616 I/FFmpegExtractor(  279): FFmpegExtrator, url: android-source:0xf16e0600, format_name: ogg, format_long_name: Ogg
06-16 13:21:02.616 I/FFmpegExtractor(  279): list the formats suppoted by ffmpeg: 
06-16 13:21:02.616 I/FFmpegExtractor(  279): ========================================
06-16 13:21:02.616 I/FFmpegExtractor(  279): ========================================
06-16 13:21:02.616 I/FFmpegExtractor(  279): adjust mime(application/ogg -> audio/vorbis)
06-16 13:21:02.616 I/FFmpegExtractor(  279): sniff through BetterSniffFFMPEG success
06-16 13:21:02.622 I/Telephony(  755): PstnIncomingCallNotifier: Unregistering: Handler (com.android.internal.telephony.GsmCdmaPhone) {3145ce8}
06-16 13:21:02.692 I/Binder:272_1(  570): type=1400 audit(0.0:435): avc: denied { sendto } for path="/dev/socket/logdw" scontext=u:r:cameraserver:s0 tcontext=u:r:init:s0 tclass=unix_dgram_socket permissive=1
06-16 13:21:02.692 I/FFmpegExtractor(  279): android-source:0xf16e3800
06-16 13:21:02.694 I/FFMPEG  (  279): Input #0, ogg, from 'android-source:0xf16e3800':
06-16 13:21:02.694 I/FFMPEG  (  279):   Duration: 00:00:00.51, start: 0.000000, bitrate: 101 kb/s
06-16 13:21:02.694 I/FFMPEG  (  279):     Stream #0:0: Audio: vorbis, 48000 Hz, mono, fltp, 48 kb/s
06-16 13:21:02.694 I/FFMPEG  (  279):     Metadata:
06-16 13:21:02.694 I/FFMPEG  (  279):       TITLE           : Video Stop
06-16 13:21:02.694 I/FFMPEG  (  279):       ARTIST          : (c) 2012 Android Open Source Project
06-16 13:21:02.694 I/FFmpegExtractor(  279): FFmpegExtrator, url: android-source:0xf16e3800, format_name: ogg, format_long_name: Ogg
06-16 13:21:02.694 I/FFmpegExtractor(  279): list the formats suppoted by ffmpeg: 
06-16 13:21:02.694 I/FFmpegExtractor(  279): ========================================
06-16 13:21:02.694 I/FFmpegExtractor(  279): ========================================
06-16 13:21:02.694 I/FFmpegExtractor(  279): adjust mime(application/ogg -> audio/vorbis)
06-16 13:21:02.694 I/FFmpegExtractor(  279): sniff through BetterSniffFFMPEG success
06-16 13:21:02.695 I/CameraFlashlight(  272): Opening camera 1
06-16 13:21:02.696 I/CameraFlashlight(  272): Destroying camera 1
06-16 13:21:02.696 I/CameraService(  272): disconnect: Disconnected client for camera 1 for PID 272
06-16 13:21:02.766 I/StatusBar(  672): isKeyguardShowing() called before startKeyguard(), returning true
06-16 13:21:02.766 W/StatusBar(  672): isKeyguardSecure() called before startKeyguard(), returning false
06-16 13:21:02.766 W/StatusBar(  672): java.lang.Throwable
06-16 13:21:02.766 W/StatusBar(  672): 	at com.android.systemui.statusbar.BaseStatusBar.isKeyguardSecure(BaseStatusBar.java:2609)
06-16 13:21:02.766 W/StatusBar(  672): 	at com.android.systemui.statusbar.BaseStatusBar.isCameraAllowedByAdmin(BaseStatusBar.java:2632)
06-16 13:21:02.766 W/StatusBar(  672): 	at com.android.systemui.statusbar.phone.KeyguardBottomAreaView.updateCameraVisibility(KeyguardBottomAreaView.java:302)
06-16 13:21:02.766 W/StatusBar(  672): 	at com.android.systemui.statusbar.phone.KeyguardBottomAreaView.setPhoneStatusBar(KeyguardBottomAreaView.java:269)
06-16 13:21:02.766 W/StatusBar(  672): 	at com.android.systemui.statusbar.phone.PhoneStatusBar.makeStatusBarView(PhoneStatusBar.java:874)
06-16 13:21:02.766 W/StatusBar(  672): 	at com.android.systemui.statusbar.phone.PhoneStatusBar.addStatusBarWindow(PhoneStatusBar.java:3248)
06-16 13:21:02.766 W/StatusBar(  672): 	at com.android.systemui.statusbar.phone.PhoneStatusBar.createAndAddWindows(PhoneStatusBar.java:3244)
06-16 13:21:02.766 W/StatusBar(  672): 	at com.android.systemui.statusbar.BaseStatusBar.start(BaseStatusBar.java:752)
06-16 13:21:02.766 W/StatusBar(  672): 	at com.android.systemui.statusbar.phone.PhoneStatusBar.start(PhoneStatusBar.java:657)
06-16 13:21:02.766 W/StatusBar(  672): 	at com.android.systemui.statusbar.SystemBars.createStatusBarFromConfig(SystemBars.java:106)
06-16 13:21:02.766 W/StatusBar(  672): 	at com.android.systemui.statusbar.SystemBars.onNoService(SystemBars.java:58)
06-16 13:21:02.766 W/StatusBar(  672): 	at com.android.systemui.statusbar.ServiceMonitor.startService(ServiceMonitor.java:230)
06-16 13:21:02.766 W/StatusBar(  672): 	at com.android.systemui.statusbar.ServiceMonitor.-wrap5(ServiceMonitor.java)
06-16 13:21:02.766 W/StatusBar(  672): 	at com.android.systemui.statusbar.ServiceMonitor$1.handleMessage(ServiceMonitor.java:73)
06-16 13:21:02.766 W/StatusBar(  672): 	at android.os.Handler.dispatchMessage(Handler.java:102)
06-16 13:21:02.766 W/StatusBar(  672): 	at android.os.Looper.loop(Looper.java:154)
06-16 13:21:02.766 W/StatusBar(  672): 	at android.app.ActivityThread.main(ActivityThread.java:6077)
06-16 13:21:02.766 W/StatusBar(  672): 	at java.lang.reflect.Method.invoke(Native Method)
06-16 13:21:02.766 W/StatusBar(  672): 	at com.android.internal.os.ZygoteInit$MethodAndArgsCaller.run(ZygoteInit.java:865)
06-16 13:21:02.766 W/StatusBar(  672): 	at com.android.internal.os.ZygoteInit.main(ZygoteInit.java:755)
06-16 13:21:02.767 I/StatusBar(  672): isKeyguardShowing() called before startKeyguard(), returning true
06-16 13:21:02.767 W/StatusBar(  672): isKeyguardSecure() called before startKeyguard(), returning false
06-16 13:21:02.767 W/StatusBar(  672): java.lang.Throwable
06-16 13:21:02.767 W/StatusBar(  672): 	at com.android.systemui.statusbar.BaseStatusBar.isKeyguardSecure(BaseStatusBar.java:2609)
06-16 13:21:02.767 W/StatusBar(  672): 	at com.android.systemui.statusbar.BaseStatusBar.isCameraAllowedByAdmin(BaseStatusBar.java:2632)
06-16 13:21:02.767 W/StatusBar(  672): 	at com.android.systemui.statusbar.phone.KeyguardBottomAreaView.updateCameraVisibility(KeyguardBottomAreaView.java:302)
06-16 13:21:02.767 W/StatusBar(  672): 	at com.android.systemui.statusbar.phone.KeyguardBottomAreaView.setUserSetupComplete(KeyguardBottomAreaView.java:274)
06-16 13:21:02.767 W/StatusBar(  672): 	at com.android.systemui.statusbar.phone.PhoneStatusBar.makeStatusBarView(PhoneStatusBar.java:875)
06-16 13:21:02.767 W/StatusBar(  672): 	at com.android.systemui.statusbar.phone.PhoneStatusBar.addStatusBarWindow(PhoneStatusBar.java:3248)
06-16 13:21:02.767 W/StatusBar(  672): 	at com.android.systemui.statusbar.phone.PhoneStatusBar.createAndAddWindows(PhoneStatusBar.java:3244)
06-16 13:21:02.767 W/StatusBar(  672): 	at com.android.systemui.statusbar.BaseStatusBar.start(BaseStatusBar.java:752)
06-16 13:21:02.767 W/StatusBar(  672): 	at com.android.systemui.statusbar.phone.PhoneStatusBar.start(PhoneStatusBar.java:657)
06-16 13:21:02.767 W/StatusBar(  672): 	at com.android.systemui.statusbar.SystemBars.createStatusBarFromConfig(SystemBars.java:106)
06-16 13:21:02.767 W/StatusBar(  672): 	at com.android.systemui.statusbar.SystemBars.onNoService(SystemBars.java:58)
06-16 13:21:02.767 W/StatusBar(  672): 	at com.android.systemui.statusbar.ServiceMonitor.startService(ServiceMonitor.java:230)
06-16 13:21:02.767 W/StatusBar(  672): 	at com.android.systemui.statusbar.ServiceMonitor.-wrap5(ServiceMonitor.java)
06-16 13:21:02.767 W/StatusBar(  672): 	at com.android.systemui.statusbar.ServiceMonitor$1.handleMessage(ServiceMonitor.java:73)
06-16 13:21:02.767 W/StatusBar(  672): 	at android.os.Handler.dispatchMessage(Handler.java:102)
06-16 13:21:02.767 W/StatusBar(  672): 	at android.os.Looper.loop(Looper.java:154)
06-16 13:21:02.767 W/StatusBar(  672): 	at android.app.ActivityThread.main(ActivityThread.java:6077)
06-16 13:21:02.767 W/StatusBar(  672): 	at java.lang.reflect.Method.invoke(Native Method)
06-16 13:21:02.767 W/StatusBar(  672): 	at com.android.internal.os.ZygoteInit$MethodAndArgsCaller.run(ZygoteInit.java:865)
06-16 13:21:02.767 W/StatusBar(  672): 	at com.android.internal.os.ZygoteInit.main(ZygoteInit.java:755)
06-16 13:21:02.771 I/Telecom (  573): PhoneAccountRegistrar: [ComponentInfo{com.android.phone/com.android.services.telephony.TelephonyConnectionService}, [5fef04621e9a9b41849c3df35e75799299008300], UserHandle{0}(icon: Icon(typ=BITMAP size=19x24) -> Icon(typ=BITMAP size=19x24))]: TSI.rPA@ABo
06-16 13:21:02.771 I/Telecom (  573): : Sending phone-account registered intent as user: TSI.rPA@ABo
06-16 13:21:02.772 I/Telephony(  755): AccountEntry: Registered phoneAccount: [[ ] PhoneAccount: ComponentInfo{com.android.phone/com.android.services.telephony.TelephonyConnectionService}, [5fef04621e9a9b41849c3df35e75799299008300], UserHandle{0} Capabilities: CallProvider MultiUser PlaceEmerg SimSub  Schemes: tel voicemail  Extras: null] with handle: ComponentInfo{com.android.phone/com.android.services.telephony.TelephonyConnectionService}, [5fef04621e9a9b41849c3df35e75799299008300], UserHandle{0}
06-16 13:21:02.772 I/Telephony(  755): PstnIncomingCallNotifier: Registering: Handler (com.android.internal.telephony.GsmCdmaPhone) {3145ce8}
06-16 13:21:02.845 I/Telephony(  755): PstnIncomingCallNotifier: Unregistering: Handler (com.android.internal.telephony.GsmCdmaPhone) {3145ce8}
06-16 13:21:02.855 I/Telecom (  573): PhoneAccountRegistrar: [ComponentInfo{com.android.phone/com.android.services.telephony.TelephonyConnectionService}, [5fef04621e9a9b41849c3df35e75799299008300], UserHandle{0}(icon: Icon(typ=BITMAP size=19x24) -> Icon(typ=BITMAP size=19x24))]: TSI.rPA@AB4
06-16 13:21:02.855 I/Telecom (  573): : Sending phone-account registered intent as user: TSI.rPA@AB4
06-16 13:21:02.856 I/Telephony(  755): AccountEntry: Registered phoneAccount: [[ ] PhoneAccount: ComponentInfo{com.android.phone/com.android.services.telephony.TelephonyConnectionService}, [5fef04621e9a9b41849c3df35e75799299008300], UserHandle{0} Capabilities: CallProvider MultiUser PlaceEmerg SimSub  Schemes: tel voicemail  Extras: null] with handle: ComponentInfo{com.android.phone/com.android.services.telephony.TelephonyConnectionService}, [5fef04621e9a9b41849c3df35e75799299008300], UserHandle{0}
06-16 13:21:02.856 I/Telephony(  755): PstnIncomingCallNotifier: Registering: Handler (com.android.internal.telephony.GsmCdmaPhone) {3145ce8}
06-16 13:21:02.920 I/healthd (  288): type=1400 audit(0.0:436): avc: denied { call } for scontext=u:r:init:s0 tcontext=u:r:system_server:s0 tclass=binder permissive=1
06-16 13:21:02.928 I/Telephony(  755): PstnIncomingCallNotifier: Unregistering: Handler (com.android.internal.telephony.GsmCdmaPhone) {3145ce8}
06-16 13:21:02.932 I/Telecom (  573): PhoneAccountRegistrar: [ComponentInfo{com.android.phone/com.android.services.telephony.TelephonyConnectionService}, [5fef04621e9a9b41849c3df35e75799299008300], UserHandle{0}(icon: Icon(typ=BITMAP size=19x24) -> Icon(typ=BITMAP size=19x24))]: TSI.rPA@ACI
06-16 13:21:02.932 I/Telecom (  573): : Sending phone-account registered intent as user: TSI.rPA@ACI
06-16 13:21:02.933 I/Telephony(  755): AccountEntry: Registered phoneAccount: [[ ] PhoneAccount: ComponentInfo{com.android.phone/com.android.services.telephony.TelephonyConnectionService}, [5fef04621e9a9b41849c3df35e75799299008300], UserHandle{0} Capabilities: CallProvider MultiUser PlaceEmerg SimSub  Schemes: tel voicemail  Extras: null] with handle: ComponentInfo{com.android.phone/com.android.services.telephony.TelephonyConnectionService}, [5fef04621e9a9b41849c3df35e75799299008300], UserHandle{0}
06-16 13:21:02.933 I/Telephony(  755): PstnIncomingCallNotifier: Registering: Handler (com.android.internal.telephony.GsmCdmaPhone) {3145ce8}
06-16 13:21:03.007 I/StatusBar(  672): isKeyguardShowing() called before startKeyguard(), returning true
06-16 13:21:03.007 W/StatusBar(  672): isKeyguardSecure() called before startKeyguard(), returning false
06-16 13:21:03.007 W/StatusBar(  672): java.lang.Throwable
06-16 13:21:03.007 W/StatusBar(  672): 	at com.android.systemui.statusbar.BaseStatusBar.isKeyguardSecure(BaseStatusBar.java:2609)
06-16 13:21:03.007 W/StatusBar(  672): 	at com.android.systemui.statusbar.BaseStatusBar.isCameraAllowedByAdmin(BaseStatusBar.java:2632)
06-16 13:21:03.007 W/StatusBar(  672): 	at com.android.systemui.statusbar.phone.KeyguardBottomAreaView.updateCameraVisibility(KeyguardBottomAreaView.java:302)
06-16 13:21:03.007 W/StatusBar(  672): 	at com.android.systemui.statusbar.phone.KeyguardBottomAreaView.setUserSetupComplete(KeyguardBottomAreaView.java:274)
06-16 13:21:03.007 W/StatusBar(  672): 	at com.android.systemui.statusbar.phone.PhoneStatusBar$1.onChange(PhoneStatusBar.java:421)
06-16 13:21:03.007 W/StatusBar(  672): 	at com.android.systemui.statusbar.phone.PhoneStatusBar.resetUserSetupObserver(PhoneStatusBar.java:3474)
06-16 13:21:03.007 W/StatusBar(  672): 	at com.android.systemui.statusbar.phone.PhoneStatusBar.makeStatusBarView(PhoneStatusBar.java:948)
06-16 13:21:03.007 W/StatusBar(  672): 	at com.android.systemui.statusbar.phone.PhoneStatusBar.addStatusBarWindow(PhoneStatusBar.java:3248)
06-16 13:21:03.007 W/StatusBar(  672): 	at com.android.systemui.statusbar.phone.PhoneStatusBar.createAndAddWindows(PhoneStatusBar.java:3244)
06-16 13:21:03.007 W/StatusBar(  672): 	at com.android.systemui.statusbar.BaseStatusBar.start(BaseStatusBar.java:752)
06-16 13:21:03.007 W/StatusBar(  672): 	at com.android.systemui.statusbar.phone.PhoneStatusBar.start(PhoneStatusBar.java:657)
06-16 13:21:03.007 W/StatusBar(  672): 	at com.android.systemui.statusbar.SystemBars.createStatusBarFromConfig(SystemBars.java:106)
06-16 13:21:03.007 W/StatusBar(  672): 	at com.android.systemui.statusbar.SystemBars.onNoService(SystemBars.java:58)
06-16 13:21:03.007 W/StatusBar(  672): 	at com.android.systemui.statusbar.ServiceMonitor.startService(ServiceMonitor.java:230)
06-16 13:21:03.007 W/StatusBar(  672): 	at com.android.systemui.statusbar.ServiceMonitor.-wrap5(ServiceMonitor.java)
06-16 13:21:03.007 W/StatusBar(  672): 	at com.android.systemui.statusbar.ServiceMonitor$1.handleMessage(ServiceMonitor.java:73)
06-16 13:21:03.007 W/StatusBar(  672): 	at android.os.Handler.dispatchMessage(Handler.java:102)
06-16 13:21:03.007 W/StatusBar(  672): 	at android.os.Looper.loop(Looper.java:154)
06-16 13:21:03.007 W/StatusBar(  672): 	at android.app.ActivityThread.main(ActivityThread.java:6077)
06-16 13:21:03.007 W/StatusBar(  672): 	at java.lang.reflect.Method.invoke(Native Method)
06-16 13:21:03.007 W/StatusBar(  672): 	at com.android.internal.os.ZygoteInit$MethodAndArgsCaller.run(ZygoteInit.java:865)
06-16 13:21:03.007 W/StatusBar(  672): 	at com.android.internal.os.ZygoteInit.main(ZygoteInit.java:755)
06-16 13:21:03.009 I/Telecom (  573): PhoneAccountRegistrar: [ComponentInfo{com.android.phone/com.android.services.telephony.TelephonyConnectionService}, [5fef04621e9a9b41849c3df35e75799299008300], UserHandle{0}(icon: Icon(typ=BITMAP size=19x24) -> Icon(typ=BITMAP size=19x24))]: TSI.rPA@ACY
06-16 13:21:03.009 I/Telecom (  573): : Sending phone-account registered intent as user: TSI.rPA@ACY
06-16 13:21:03.016 I/Telephony(  755): PstnIncomingCallNotifier: Unregistering: Handler (com.android.internal.telephony.GsmCdmaPhone) {3145ce8}
06-16 13:21:03.018 I/Telecom (  573): PhoneAccountRegistrar: [ComponentInfo{com.android.phone/com.android.services.telephony.TelephonyConnectionService}, [5fef04621e9a9b41849c3df35e75799299008300], UserHandle{0}(icon: Icon(typ=BITMAP size=19x24) -> Icon(typ=BITMAP size=19x24))]: TSI.rPA@ACc
06-16 13:21:03.019 I/Telecom (  573): : Sending phone-account registered intent as user: TSI.rPA@ACc
06-16 13:21:03.019 I/Telephony(  755): AccountEntry: Registered phoneAccount: [[ ] PhoneAccount: ComponentInfo{com.android.phone/com.android.services.telephony.TelephonyConnectionService}, [5fef04621e9a9b41849c3df35e75799299008300], UserHandle{0} Capabilities: CallProvider MultiUser PlaceEmerg SimSub  Schemes: tel voicemail  Extras: null] with handle: ComponentInfo{com.android.phone/com.android.services.telephony.TelephonyConnectionService}, [5fef04621e9a9b41849c3df35e75799299008300], UserHandle{0}
06-16 13:21:03.019 I/Telephony(  755): PstnIncomingCallNotifier: Registering: Handler (com.android.internal.telephony.GsmCdmaPhone) {3145ce8}
06-16 13:21:03.096 I/WindowManager(  573): Destroying surface Surface(name=com.android.settings/com.android.settings.FallbackHome) called by com.android.server.wm.WindowStateAnimator.destroySurface:2016 com.android.server.wm.WindowStateAnimator.destroySurfaceLocked:882 com.android.server.wm.WindowState.destroyOrSaveSurface:2100 com.android.server.wm.WindowManagerService.tryStartExitingAnimation:3030 com.android.server.wm.WindowManagerService.relayoutWindow:2910 com.android.server.wm.Session.relayout:224 android.view.IWindowSession$Stub.onTransact:286 com.android.server.wm.Session.onTransact:145 
06-16 13:21:03.167 I/Telephony(  755): PstnIncomingCallNotifier: Unregistering: Handler (com.android.internal.telephony.GsmCdmaPhone) {3145ce8}
06-16 13:21:03.171 I/Telecom (  573): PhoneAccountRegistrar: [ComponentInfo{com.android.phone/com.android.services.telephony.TelephonyConnectionService}, [5fef04621e9a9b41849c3df35e75799299008300], UserHandle{0}(icon: Icon(typ=BITMAP size=19x24) -> Icon(typ=BITMAP size=19x24))]: TSI.rPA@ACo
06-16 13:21:03.171 I/Telecom (  573): : Sending phone-account registered intent as user: TSI.rPA@ACo
06-16 13:21:03.172 I/Telephony(  755): AccountEntry: Registered phoneAccount: [[ ] PhoneAccount: ComponentInfo{com.android.phone/com.android.services.telephony.TelephonyConnectionService}, [5fef04621e9a9b41849c3df35e75799299008300], UserHandle{0} Capabilities: CallProvider MultiUser PlaceEmerg SimSub  Schemes: tel voicemail  Extras: null] with handle: ComponentInfo{com.android.phone/com.android.services.telephony.TelephonyConnectionService}, [5fef04621e9a9b41849c3df35e75799299008300], UserHandle{0}
06-16 13:21:03.172 I/Telephony(  755): PstnIncomingCallNotifier: Registering: Handler (com.android.internal.telephony.GsmCdmaPhone) {3145ce8}
06-16 13:21:03.173 I/NotificationMgr(  755): updateMwi(): subId 1 update to false
06-16 13:21:03.173 I/Telecom (  573): PhoneAccountRegistrar: [ComponentInfo{com.android.phone/com.android.services.telephony.TelephonyConnectionService}, [5fef04621e9a9b41849c3df35e75799299008300], UserHandle{0}(icon: Icon(typ=BITMAP size=19x24) -> Icon(typ=BITMAP size=19x24))]: TSI.rPA@AC4
06-16 13:21:03.174 I/Telecom (  573): : Sending phone-account registered intent as user: TSI.rPA@AC4
06-16 13:21:03.174 I/Telecom (  573): PhoneAccountRegistrar: [ComponentInfo{com.android.phone/com.android.services.telephony.TelephonyConnectionService}, [5fef04621e9a9b41849c3df35e75799299008300], UserHandle{0}(icon: Icon(typ=BITMAP size=19x24) -> Icon(typ=BITMAP size=19x24))]: TSI.rPA@ADA
06-16 13:21:03.175 I/Telecom (  573): : Sending phone-account registered intent as user: TSI.rPA@ADA
06-16 13:21:03.175 I/Telecom (  573): PhoneAccountRegistrar: [ComponentInfo{com.android.phone/com.android.services.telephony.TelephonyConnectionService}, [5fef04621e9a9b41849c3df35e75799299008300], UserHandle{0}(icon: Icon(typ=BITMAP size=19x24) -> Icon(typ=BITMAP size=19x24))]: TSI.rPA@ADI
06-16 13:21:03.175 I/Telecom (  573): : Sending phone-account registered intent as user: TSI.rPA@ADI
06-16 13:21:03.248 I/surfaceflinger(  261): type=1400 audit(0.0:437): avc: denied { sendto } for path="/dev/socket/logdw" scontext=u:r:surfaceflinger:s0 tcontext=u:r:init:s0 tclass=unix_dgram_socket permissive=1
06-16 13:21:03.253 E/Layer   (  261): [com.android.systemui.ImageWallpaper] rejecting buffer: bufWidth=600, bufHeight=1024, front.active.{w=1, h=1}
06-16 13:21:03.321 W/art     (  573): Long monitor contention with owner Binder:573_2 (585) at int com.android.server.wm.WindowManagerService.relayoutWindow(com.android.server.wm.Session, android.view.IWindow, int, android.view.WindowManager$LayoutParams, int, int, int, int, android.graphics.Rect, android.graphics.Rect, android.graphics.Rect, android.graphics.Rect, android.graphics.Rect, android.graphics.Rect, android.graphics.Rect, android.content.res.Configuration, android.view.Surface)(WindowManagerService.java:2767) waiters=0 in void com.android.server.wm.WindowManagerService$H.handleMessage(android.os.Message) for 151ms
06-16 13:21:03.400 I/wpa_supplicant(  857): type=1400 audit(0.0:438): avc: denied { read } for path="/dev/socket/wpa_wlan0" scontext=u:r:wpa:s0 tcontext=u:r:init:s0 tclass=unix_dgram_socket permissive=1
06-16 13:21:03.400 I/wpa_supplicant(  857): type=1400 audit(0.0:439): avc: denied { getopt } for path="/dev/socket/wpa_wlan0" scontext=u:r:wpa:s0 tcontext=u:r:init:s0 tclass=unix_dgram_socket permissive=1
06-16 13:21:03.400 I/wpa_supplicant(  857): type=1400 audit(0.0:440): avc: denied { ioctl } for path="socket:[13222]" dev="sockfs" ino=13222 ioctlcmd=5411 scontext=u:r:wpa:s0 tcontext=u:r:init:s0 tclass=unix_dgram_socket permissive=1
06-16 13:21:03.400 I/wpa_supplicant(  857): type=1400 audit(0.0:441): avc: denied { write } for path="/dev/socket/wpa_wlan0" scontext=u:r:wpa:s0 tcontext=u:r:init:s0 tclass=unix_dgram_socket permissive=1
06-16 13:21:03.400 I/wpa_supplicant(  857): type=1400 audit(0.0:442): avc: denied { sendto } for path="/data/misc/wifi/sockets/wpa_ctrl_573-1" scontext=u:r:init:s0 tcontext=u:r:system_server:s0 tclass=unix_dgram_socket permissive=1
06-16 13:21:03.487 I/Telecom (  573): PhoneAccountRegistrar: SimCallManager queried, returning: null: TSI.gSCMFU@ADM
06-16 13:21:03.488 I/Telecom (  573): PhoneAccountRegistrar: [ComponentInfo{com.android.phone/com.android.services.telephony.TelephonyConnectionService}, [5fef04621e9a9b41849c3df35e75799299008300], UserHandle{0}(icon: Icon(typ=BITMAP size=19x24) -> Icon(typ=BITMAP size=19x24))]: TSI.rPA@ADU
06-16 13:21:03.488 I/Telecom (  573): : Sending phone-account registered intent as user: TSI.rPA@ADU
06-16 13:21:03.489 I/Telecom (  573): PhoneAccountRegistrar: [ComponentInfo{com.android.phone/com.android.services.telephony.TelephonyConnectionService}, [5fef04621e9a9b41849c3df35e75799299008300], UserHandle{0}(icon: Icon(typ=BITMAP size=19x24) -> Icon(typ=BITMAP size=19x24))]: TSI.rPA@ADc
06-16 13:21:03.489 I/Telecom (  573): : Sending phone-account registered intent as user: TSI.rPA@ADc
06-16 13:21:03.641 I/Choreographer( 1062): Skipped 95 frames!  The application may be doing too much work on its main thread.
06-16 13:21:03.655 I/art     (  672): Background partial concurrent mark sweep GC freed 2926(281KB) AllocSpace objects, 1(2MB) LOS objects, 40% free, 7MB/12MB, paused 102us total 158.543ms
06-16 13:21:03.659 I/ActivityManager(  573): Displayed com.android.launcher3/.Launcher: +5s763ms
06-16 13:21:03.724 W/WindowManager(  573): Window freeze timeout expired.
06-16 13:21:03.727 I/WindowManager(  573): Screen frozen for +4s482ms due to Window{7538986 u0 com.android.systemui.ImageWallpaper}
06-16 13:21:04.136 W/art     (  573): Long monitor contention with owner android.display (594) at void com.android.server.wm.WindowManagerService$H.handleMessage(android.os.Message)(WindowManagerService.java:8091) waiters=1 in void com.android.server.wm.WindowManagerService.finishDrawingWindow(com.android.server.wm.Session, android.view.IWindow) for 401ms
06-16 13:21:04.141 W/KeyguardUpdateMonitor(  672): invalid subId in handleSimStateChange()
06-16 13:21:04.285 W/FingerprintManager(  672): isFingerprintHardwareDetected(): Service not connected!
06-16 13:21:04.286 I/Choreographer(  672): Skipped 157 frames!  The application may be doing too much work on its main thread.
06-16 13:21:04.601 I/WindowManager(  573): Destroying surface Surface(name=KeyguardScrim) called by com.android.server.wm.WindowStateAnimator.destroySurface:2016 com.android.server.wm.WindowStateAnimator.destroySurfaceLocked:882 com.android.server.wm.WindowState.destroyOrSaveSurface:2100 com.android.server.wm.WindowSurfacePlacer.performSurfacePlacementInner:429 com.android.server.wm.WindowSurfacePlacer.performSurfacePlacementLoop:232 com.android.server.wm.WindowSurfacePlacer.performSurfacePlacement:180 com.android.server.wm.WindowManagerService$H.handleMessage:8092 android.os.Handler.dispatchMessage:102 
06-16 13:21:04.602 W/art     (  573): Long monitor contention with owner android.display (594) at void com.android.server.wm.WindowAnimator$1.doFrame(long)(WindowAnimator.java:138) waiters=1 in int com.android.server.wm.WindowManagerService.relayoutWindow(com.android.server.wm.Session, android.view.IWindow, int, android.view.WindowManager$LayoutParams, int, int, int, int, android.graphics.Rect, android.graphics.Rect, android.graphics.Rect, android.graphics.Rect, android.graphics.Rect, android.graphics.Rect, android.graphics.Rect, android.content.res.Configuration, android.view.Surface) for 153ms
06-16 13:21:04.688 I/surfaceflinger(  261): type=1400 audit(0.0:443): avc: denied { execmem } for scontext=u:r:surfaceflinger:s0 tcontext=u:r:surfaceflinger:s0 tclass=process permissive=1
06-16 13:21:04.765 W/art     (  573): Long monitor contention with owner android.display (594) at void com.android.server.wm.WindowManagerService$H.handleMessage(android.os.Message)(WindowManagerService.java:8091) waiters=1 in void com.android.server.wm.WindowManagerService.finishDrawingWindow(com.android.server.wm.Session, android.view.IWindow) for 229ms
06-16 13:21:04.766 W/art     (  573): Long monitor contention with owner android.display (594) at void com.android.server.wm.WindowAnimator$1.doFrame(long)(WindowAnimator.java:138) waiters=1 in int com.android.server.wm.WindowManagerService.relayoutWindow(com.android.server.wm.Session, android.view.IWindow, int, android.view.WindowManager$LayoutParams, int, int, int, int, android.graphics.Rect, android.graphics.Rect, android.graphics.Rect, android.graphics.Rect, android.graphics.Rect, android.graphics.Rect, android.graphics.Rect, android.content.res.Configuration, android.view.Surface) for 163ms
06-16 13:21:04.928 I/RenderThread(  957): type=1400 audit(0.0:444): avc: denied { search } for name="graphics" dev="tmpfs" ino=1688 scontext=u:r:platform_app:s0:c512,c768 tcontext=u:object_r:graphics_device:s0 tclass=dir permissive=1
06-16 13:21:04.932 I/Choreographer( 1062): Skipped 44 frames!  The application may be doing too much work on its main thread.
06-16 13:21:04.932 I/OpenGLRenderer(  672): Initialized EGL, version 1.4
06-16 13:21:04.943 W/IInputConnectionWrapper(  573): reportFullscreenMode on inexistent InputConnection
06-16 13:21:05.172 W/KeyguardUpdateMonitor(  672): invalid subId in handleServiceStateChange()
06-16 13:21:05.401 W/KeyguardUpdateMonitor(  672): invalid subId in handleServiceStateChange()
06-16 13:21:05.401 W/KeyguardUpdateMonitor(  672): invalid subId in handleSimStateChange()
06-16 13:21:05.401 W/KeyguardUpdateMonitor(  672): invalid subId in handleSimStateChange()
06-16 13:21:05.407 I/Choreographer(  672): Skipped 66 frames!  The application may be doing too much work on its main thread.
06-16 13:21:06.136 I/art     (  573): Starting a blocking GC Explicit
06-16 13:21:06.147 I/art     (  573): Explicit concurrent mark sweep GC freed 22176(1891KB) AllocSpace objects, 22(984KB) LOS objects, 33% free, 7MB/11MB, paused 120us total 10.315ms
06-16 13:21:06.444 I/Choreographer(  672): Skipped 59 frames!  The application may be doing too much work on its main thread.
06-16 13:21:06.607 I/RecoverySystem(  573): No recovery log file
06-16 13:21:06.682 I/BootReceiver(  573): Copying audit failures to DropBox
06-16 13:21:06.682 I/BootReceiver(  573): Checking for fsck errors
06-16 13:21:06.920 I/healthd (  288): type=1400 audit(0.0:445): avc: denied { read } for name="capacity" dev="fuse" ino=8 scontext=u:r:init:s0 tcontext=u:object_r:fuse:s0 tclass=file permissive=1
06-16 13:21:06.920 I/healthd (  288): type=1400 audit(0.0:446): avc: denied { open } for path="/dev/pipe/battery/BAT0/capacity" dev="fuse" ino=8 scontext=u:r:init:s0 tcontext=u:object_r:fuse:s0 tclass=file permissive=1
06-16 13:21:06.920 I/main    (  269): type=1400 audit(0.0:447): avc: denied { getattr } for path="/sys/kernel/debug/tracing/trace_marker" dev="tracefs" ino=39 scontext=u:r:zygote:s0 tcontext=u:object_r:debugfs_tracing:s0 tclass=file permissive=1
06-16 13:21:06.920 I/main    ( 1341): type=1400 audit(0.0:448): avc: denied { write } for name="trace_marker" dev="tracefs" ino=39 scontext=u:r:zygote:s0 tcontext=u:object_r:debugfs_tracing:s0 tclass=file permissive=1
06-16 13:21:06.920 I/main    ( 1341): type=1400 audit(0.0:449): avc: denied { open } for path="/sys/kernel/debug/tracing/trace_marker" dev="tracefs" ino=39 scontext=u:r:zygote:s0 tcontext=u:object_r:debugfs_tracing:s0 tclass=file permissive=1
06-16 13:21:06.924 I/.android.diale( 1341): type=1400 audit(0.0:450): avc: denied { sendto } for path="/dev/socket/logdw" scontext=u:r:priv_app:s0:c512,c768 tcontext=u:r:init:s0 tclass=unix_dgram_socket permissive=1
06-16 13:21:06.924 I/JDWP    ( 1348): type=1400 audit(0.0:451): avc: denied { connectto } for path=006A6477702D636F6E74726F6C scontext=u:r:priv_app:s0:c512,c768 tcontext=u:r:init:s0 tclass=unix_stream_socket permissive=1
06-16 13:21:06.926 W/art     ( 1341): Unexpected CPU variant for X86 using defaults: x86_64
06-16 13:21:06.933 I/ActivityManager(  573): Start proc 1341:com.android.dialer/u0a8 for broadcast com.android.dialer/.calllog.CallLogReceiver
06-16 13:21:07.007 W/System  ( 1341): ClassLoader referenced unknown path: /system/priv-app/Dialer/lib/x86_64
06-16 13:21:07.648 I/m.android.phone(  755): type=1400 audit(0.0:452): avc: denied { sendto } for path="/dev/socket/logdw" scontext=u:r:radio:s0 tcontext=u:r:init:s0 tclass=unix_dgram_socket permissive=1
06-16 13:21:07.656 I/ndroid.calenda( 1359): type=1400 audit(0.0:453): avc: denied { sendto } for path="/dev/socket/logdw" scontext=u:r:untrusted_app:s0:c512,c768 tcontext=u:r:init:s0 tclass=unix_dgram_socket permissive=1
06-16 13:21:07.660 I/JDWP    ( 1366): type=1400 audit(0.0:454): avc: denied { connectto } for path=006A6477702D636F6E74726F6C scontext=u:r:untrusted_app:s0:c512,c768 tcontext=u:r:init:s0 tclass=unix_stream_socket permissive=1
06-16 13:21:07.660 W/art     ( 1359): Unexpected CPU variant for X86 using defaults: x86_64
