06-16 13:21:07.665 I/ActivityManager(  573): Start proc 1359:com.android.calendar/u0a31 for broadcast com.android.calendar/.alerts.AlertReceiver
06-16 13:21:07.669 I/Telecom (  573): PhoneAccountRegistrar: SimCallManager queried, returning: null: TSI.gSCMFU@ADk
06-16 13:21:07.671 W/System  ( 1359): ClassLoader referenced unknown path: /system/app/Calendar/lib/x86_64
06-16 13:21:07.690 W/CountryDetector( 1341): No location permissions, not registering for location updates.
06-16 13:21:07.695 I/AlarmClock(  896): AlarmInitReceiver android.intent.action.BOOT_COMPLETED
06-16 13:21:07.703 W/art     ( 1381): Unexpected CPU variant for X86 using defaults: x86_64
06-16 13:21:07.711 I/ActivityManager(  573): Start proc 1381:com.android.email/u0a42 for broadcast com.android.email/.service.EmailBroadcastReceiver
06-16 13:21:07.717 W/System  ( 1381): ClassLoader referenced unknown path: /system/app/Email/lib/x86_64
06-16 13:21:07.806 W/ActivityManager(  573): Unable to start service Intent { act=com.android.email.EXCHANGE_INTENT pkg=com.android.exchange } U=0: not found
06-16 13:21:07.812 W/ActivityManager(  573): Unable to start service Intent { act=com.android.email.EXCHANGE_INTENT pkg=com.android.exchange } U=0: not found
06-16 13:21:07.813 W/ActivityManager(  573): Unable to start service Intent { act=com.android.email.EXCHANGE_INTENT pkg=com.android.exchange } U=0: not found
06-16 13:21:07.828 I/SystemBroadcastReceiver(  667): Boot has been completed
06-16 13:21:07.828 I/SystemBroadcastReceiver(  667): toggleAppIcon() : FLAG_SYSTEM = true
06-16 13:21:07.832 I/gedprovisionin( 1403): type=1400 audit(0.0:455): avc: denied { sendto } for path="/dev/socket/logdw" scontext=u:r:platform_app:s0:c512,c768 tcontext=u:r:init:s0 tclass=unix_dgram_socket permissive=1
06-16 13:21:07.834 W/art     ( 1403): Unexpected CPU variant for X86 using defaults: x86_64
06-16 13:21:07.836 I/JDWP    ( 1410): type=1400 audit(0.0:456): avc: denied { connectto } for path=006A6477702D636F6E74726F6C scontext=u:r:platform_app:s0:c512,c768 tcontext=u:r:init:s0 tclass=unix_stream_socket permissive=1
06-16 13:21:07.841 I/ActivityManager(  573): Start proc 1403:com.android.managedprovisioning/u0a15 for broadcast com.android.managedprovisioning/.BootReminder
06-16 13:21:07.848 W/System  ( 1403): ClassLoader referenced unknown path: /system/priv-app/ManagedProvisioning/lib/x86_64
06-16 13:21:07.857 W/ActivityManager(  573): Unable to start service Intent { act=com.android.email.EXCHANGE_INTENT pkg=com.android.exchange } U=0: not found
06-16 13:21:07.858 W/ActivityManager(  573): Unable to start service Intent { cmp=com.android.email/.service.AttachmentService } U=0: not found
06-16 13:21:07.858 W/ActivityManager(  573): Unable to start service Intent { cmp=com.android.email/.service.AttachmentService } U=0: not found
06-16 13:21:07.859 W/ActivityManager(  573): Unable to start service Intent { act=com.android.email.EXCHANGE_INTENT pkg=com.android.exchange } U=0: not found
06-16 13:21:07.860 W/ActivityManager(  573): Unable to start service Intent { act=com.android.email.EXCHANGE_INTENT pkg=com.android.exchange } U=0: not found
06-16 13:21:07.860 W/ActivityManager(  573): Unable to start service Intent { cmp=com.android.email/.service.AttachmentService } U=0: not found
06-16 13:21:07.861 E/ActivityThread( 1381): Service com.android.email.service.EmailBroadcastProcessorService has leaked ServiceConnection com.android.emailcommon.service.ServiceProxy$ProxyConnection@7a8ed70 that was originally bound here
06-16 13:21:07.861 E/ActivityThread( 1381): android.app.ServiceConnectionLeaked: Service com.android.email.service.EmailBroadcastProcessorService has leaked ServiceConnection com.android.emailcommon.service.ServiceProxy$ProxyConnection@7a8ed70 that was originally bound here
06-16 13:21:07.861 E/ActivityThread( 1381): 	at android.app.LoadedApk$ServiceDispatcher.<init>(LoadedApk.java:1336)
06-16 13:21:07.861 E/ActivityThread( 1381): 	at android.app.LoadedApk.getServiceDispatcher(LoadedApk.java:1231)
06-16 13:21:07.861 E/ActivityThread( 1381): 	at android.app.ContextImpl.bindServiceCommon(ContextImpl.java:1478)
06-16 13:21:07.861 E/ActivityThread( 1381): 	at android.app.ContextImpl.bindService(ContextImpl.java:1450)
06-16 13:21:07.861 E/ActivityThread( 1381): 	at android.content.ContextWrapper.bindService(ContextWrapper.java:636)
06-16 13:21:07.861 E/ActivityThread( 1381): 	at com.android.emailcommon.service.ServiceProxy.setTask(ServiceProxy.java:181)
06-16 13:21:07.861 E/ActivityThread( 1381): 	at com.android.emailcommon.service.ServiceProxy.test(ServiceProxy.java:224)
06-16 13:21:07.861 E/ActivityThread( 1381): 	at com.android.email.service.EmailServiceUtils.isServiceAvailable(EmailServiceUtils.java:160)
06-16 13:21:07.861 E/ActivityThread( 1381): 	at com.android.email.provider.AccountReconciler.reconcileAccountsInternal(AccountReconciler.java:171)
06-16 13:21:07.861 E/ActivityThread( 1381): 	at com.android.email.provider.AccountReconciler.reconcileAccounts(AccountReconciler.java:115)
06-16 13:21:07.861 E/ActivityThread( 1381): 	at com.android.email.service.EmailBroadcastProcessorService.reconcileAndStartServices(EmailBroadcastProcessorService.java:305)
06-16 13:21:07.861 E/ActivityThread( 1381): 	at com.android.email.service.EmailBroadcastProcessorService.onBootCompleted(EmailBroadcastProcessorService.java:295)
06-16 13:21:07.861 E/ActivityThread( 1381): 	at com.android.email.service.EmailBroadcastProcessorService.onHandleIntent(EmailBroadcastProcessorService.java:130)
06-16 13:21:07.861 E/ActivityThread( 1381): 	at android.app.IntentService$ServiceHandler.handleMessage(IntentService.java:67)
06-16 13:21:07.861 E/ActivityThread( 1381): 	at android.os.Handler.dispatchMessage(Handler.java:102)
06-16 13:21:07.861 E/ActivityThread( 1381): 	at android.os.Looper.loop(Looper.java:154)
06-16 13:21:07.861 E/ActivityThread( 1381): 	at android.os.HandlerThread.run(HandlerThread.java:61)
06-16 13:21:07.861 W/ActivityManager(  573): Unbind failed: could not find connection for android.os.BinderProxy@d3b9d74
06-16 13:21:07.861 I/Email   ( 1381): Observing account changes for notifications
06-16 13:21:07.863 W/art     ( 1419): Unexpected CPU variant for X86 using defaults: x86_64
06-16 13:21:07.872 I/ActivityManager(  573): Start proc 1419:com.android.messaging/u0a59 for broadcast com.android.messaging/.receiver.BootAndPackageReplacedReceiver
06-16 13:21:07.872 W/ActivityManager(  573): Unable to start service Intent { act=com.android.email.EXCHANGE_INTENT pkg=com.android.exchange } U=0: not found
06-16 13:21:07.873 W/ActivityManager(  573): Unable to start service Intent { act=com.android.email.EXCHANGE_INTENT pkg=com.android.exchange } U=0: not found
06-16 13:21:07.878 W/System  ( 1419): ClassLoader referenced unknown path: /system/app/messaging/lib/x86_64
06-16 13:21:07.998 W/art     ( 1437): Unexpected CPU variant for X86 using defaults: x86_64
06-16 13:21:08.004 I/ActivityManager(  573): Start proc 1437:com.android.onetimeinitializer/u0a17 for broadcast com.android.onetimeinitializer/.OneTimeInitializerReceiver
06-16 13:21:08.006 I/MessagingApp( 1419): Carrier config changed. Reloading MMS config.
06-16 13:21:08.010 W/MessagingApp( 1419): canonicalizeMccMnc: invalid mccmnc:null ,null
06-16 13:21:08.011 W/System  ( 1437): ClassLoader referenced unknown path: /system/priv-app/OneTimeInitializer/lib/x86_64
06-16 13:21:08.013 I/MessagingAppDataModel( 1419): Fixup: Send failed - 0 Download failed - 0
06-16 13:21:08.015 W/MmsServiceBroker(  573): MmsService not connected. Try connecting...
06-16 13:21:08.015 I/MmsServiceBroker(  573): Connecting to MmsService
06-16 13:21:08.015 W/ContextImpl(  573): Calling a method in the system process without a qualified user: android.app.ContextImpl.bindService:1449 com.android.server.MmsServiceBroker.tryConnecting:240 com.android.server.MmsServiceBroker.-wrap3:-1 com.android.server.MmsServiceBroker$1.handleMessage:82 android.os.Handler.dispatchMessage:102 
06-16 13:21:08.019 W/System  (  755): ClassLoader referenced unknown path: /system/priv-app/MmsService/lib/x86_64
06-16 13:21:08.021 I/MmsServiceBroker(  573): MmsService connected
06-16 13:21:08.021 I/MmsService(  755): mms config for sub 1: null
06-16 13:21:08.022 I/MessagingApp( 1419): Carrier configs loaded: Bundle[{smsToMmsTextThreshold=-1, maxMessageTextSize=-1, recipientLimit=-1, maxImageHeight=480, maxMessageSize=307200, maxImageWidth=640, enabledMMS=true, enableMultipartSMS=true}] from resources+system for subId=1
06-16 13:21:08.024 I/MmsService(  755): MmsConfigManager receiver action: android.intent.action.SIM_STATE_CHANGED
06-16 13:21:08.024 I/MmsService(  755): MmsConfigManager receiver action: android.telephony.action.CARRIER_CONFIG_CHANGED
06-16 13:21:08.025 I/MmsService(  755): MmsConfigManager loads in background mcc/mnc: 310/270
06-16 13:21:08.025 I/MmsService(  755): MmsConfigManager loads in background mcc/mnc: 310/270
06-16 13:21:08.025 I/MmsService(  755): MmsConfigManager loads in background mcc/mnc: 310/270
06-16 13:21:08.025 W/MessagingApp( 1419): canonicalizeMccMnc: invalid mccmnc:null ,null
06-16 13:21:08.027 I/MmsService(  755): mms config for sub 1: null
06-16 13:21:08.027 I/MessagingApp( 1419): Carrier configs loaded: Bundle[{smsToMmsTextThreshold=-1, maxMessageTextSize=-1, recipientLimit=-1, maxImageHeight=480, maxMessageSize=307200, maxImageWidth=640, enabledMMS=true, enableMultipartSMS=true}] from resources+system for subId=1
06-16 13:21:08.028 W/MessagingApp( 1419): canonicalizeMccMnc: invalid mccmnc:null ,null
06-16 13:21:08.033 I/MmsService(  755): mms config for sub 1: Bundle[{httpSocketTimeout=60000, aliasMinChars=2, smsToMmsTextThreshold=-1, enableSMSDeliveryReports=true, maxMessageTextSize=-1, supportMmsContentDisposition=true, enabledTransID=false, aliasEnabled=false, supportHttpCharsetHeader=false, allowAttachAudio=true, smsToMmsTextLengthThreshold=-1, recipientLimit=2147483647, uaProfTagName=x-wap-profile, aliasMaxChars=48, maxImageHeight=1944, enableMMSDeliveryReports=false, userAgent=, config_cellBroadcastAppLinks=true, maxSubjectLength=40, httpParams=, enableGroupMms=true, emailGatewayNumber=, maxMessageSize=1048576, naiSuffix=, enableMMSReadReports=false, maxImageWidth=2592, uaProfUrl=, enabledMMS=true, enabledNotifyWapMMSC=false, sendMultipartSmsAsSeparateMessages=false, enableMultipartSMS=true}]
06-16 13:21:08.033 I/MessagingApp( 1419): Carrier configs loaded: Bundle[{httpSocketTimeout=60000, aliasMinChars=2, smsToMmsTextThreshold=-1, enableSMSDeliveryReports=true, maxMessageTextSize=-1, supportMmsContentDisposition=true, enabledTransID=false, aliasEnabled=false, supportHttpCharsetHeader=false, allowAttachAudio=true, smsToMmsTextLengthThreshold=-1, recipientLimit=2147483647, uaProfTagName=x-wap-profile, aliasMaxChars=48, maxImageHeight=1944, enableMMSDeliveryReports=false, userAgent=, config_cellBroadcastAppLinks=true, maxSubjectLength=40, httpParams=, enableGroupMms=true, emailGatewayNumber=, maxMessageSize=1048576, naiSuffix=, enableMMSReadReports=false, maxImageWidth=2592, uaProfUrl=, enabledMMS=true, enabledNotifyWapMMSC=false, sendMultipartSmsAsSeparateMessages=false, enableMultipartSMS=true}] from resources+system for subId=1
06-16 13:21:08.040 I/MessagingAppDataModel( 1419): SyncMessagesAction: Starting batch for messages from 1646714763786 to 1750094467988 (message update limit = 80, message scan limit = 4000)
06-16 13:21:08.077 I/MessagingAppDataModel( 1419): SyncMessagesAction: All messages now in sync
06-16 13:21:08.136 I/main    (  269): type=1400 audit(0.0:457): avc: denied { read } for path="/dev/socket/zygote" scontext=u:r:zygote:s0 tcontext=u:r:init:s0 tclass=unix_stream_socket permissive=1
06-16 13:21:08.136 I/main    (  269): type=1400 audit(0.0:458): avc: denied { getattr } for path="socket:[12907]" dev="sockfs" ino=12907 scontext=u:r:zygote:s0 tcontext=u:r:init:s0 tclass=unix_stream_socket permissive=1
06-16 13:21:08.140 I/main    (  269): type=1400 audit(0.0:459): avc: denied { write } for path="/dev/socket/zygote" scontext=u:r:zygote:s0 tcontext=u:r:init:s0 tclass=unix_stream_socket permissive=1
06-16 13:21:08.140 I/otion.superuse( 1463): type=1400 audit(0.0:460): avc: denied { sendto } for path="/dev/socket/logdw" scontext=u:r:system_app:s0 tcontext=u:r:init:s0 tclass=unix_dgram_socket permissive=1
06-16 13:21:08.144 I/lmkd    (  255): type=1400 audit(0.0:461): avc: denied { read } for path="socket:[13340]" dev="sockfs" ino=13340 scontext=u:r:lmkd:s0 tcontext=u:r:init:s0 tclass=unix_stream_socket permissive=1
06-16 13:21:08.145 W/art     ( 1463): Unexpected CPU variant for X86 using defaults: x86_64
06-16 13:21:08.149 I/ActivityManager(  573): Start proc 1463:com.genymotion.superuser/1000 for broadcast com.genymotion.superuser/com.koushikdutta.superuser.SuCheckerReceiver
06-16 13:21:08.215 W/System  ( 1463): ClassLoader referenced unknown path: /system/app/Superuser/lib/x86_64
06-16 13:21:08.292 I/Thread-2( 1478): type=1400 audit(0.0:462): avc: denied { execute } for name="su" dev="xvda5" ino=3656 scontext=u:r:system_app:s0 tcontext=u:object_r:su_exec:s0 tclass=file permissive=1
06-16 13:21:08.292 I/Thread-2( 1478): type=1400 audit(0.0:463): avc: denied { read open } for path="/system/xbin/su" dev="xvda5" ino=3656 scontext=u:r:system_app:s0 tcontext=u:object_r:su_exec:s0 tclass=file permissive=1
06-16 13:21:08.292 I/Thread-2( 1478): type=1400 audit(0.0:464): avc: denied { execute_no_trans } for path="/system/xbin/su" dev="xvda5" ino=3656 scontext=u:r:system_app:s0 tcontext=u:object_r:su_exec:s0 tclass=file permissive=1
06-16 13:21:08.296 I/Superuser( 1463): Result: 16 com.genymotion.superuser
06-16 13:21:08.364 I/rild    (  289): type=1400 audit(0.0:465): avc: denied { read } for path="socket:[13671]" dev="sockfs" ino=13671 scontext=u:r:rild:s0 tcontext=u:r:init:s0 tclass=unix_stream_socket permissive=1
06-16 13:21:08.364 I/rild    (  289): type=1400 audit(0.0:466): avc: denied { write } for path="socket:[13671]" dev="sockfs" ino=13671 scontext=u:r:rild:s0 tcontext=u:r:init:s0 tclass=unix_stream_socket permissive=1
06-16 13:21:08.364 I/AlarmClock(  896): AlarmInitReceiver android.intent.action.TIME_SET
06-16 13:21:08.447 I/OmtpVvmCarrierCfgHlpr(  755): Requesting VVM activation for subId: 1
06-16 13:21:08.448 I/genybaseband(  600): type=1400 audit(0.0:467): avc: denied { read } for path="socket:[9586]" dev="sockfs" ino=9586 scontext=u:r:logwrapper:s0 tcontext=u:r:init:s0 tclass=unix_stream_socket permissive=1
06-16 13:21:08.452 I/genybaseband( 1497): type=1400 audit(0.0:468): avc: denied { write } for path="socket:[9586]" dev="sockfs" ino=9586 scontext=u:r:logwrapper:s0 tcontext=u:r:init:s0 tclass=unix_stream_socket permissive=1
06-16 13:21:08.456 I/genybaseband(  600): type=1400 audit(0.0:469): avc: denied { write } for path="socket:[9581]" dev="sockfs" ino=9581 scontext=u:r:logwrapper:s0 tcontext=u:r:logwrapper:s0 tclass=tcp_socket permissive=1
06-16 13:21:08.456 I/genybaseband(  600): type=1400 audit(0.0:470): avc: denied { read } for path="socket:[9581]" dev="sockfs" ino=9581 scontext=u:r:logwrapper:s0 tcontext=u:r:logwrapper:s0 tclass=tcp_socket permissive=1
06-16 13:21:08.536 I/OmtpVvmCarrierCfgHlpr(  755): Requesting VVM activation for subId: 1
06-16 13:21:08.608 I/OmtpVvmCarrierCfgHlpr(  755): Requesting VVM activation for subId: 1
06-16 13:21:08.691 W/MediaScanner( 1244): Error opening directory '/oem/media/', skipping: No such file or directory.
06-16 13:21:08.864 I/healthd (  288): type=1400 audit(0.0:471): avc: denied { call } for scontext=u:r:init:s0 tcontext=u:r:system_server:s0 tclass=binder permissive=1
06-16 13:21:09.444 I/wpa_supplicant(  857): type=1400 audit(0.0:472): avc: denied { read } for path="/dev/socket/wpa_wlan0" scontext=u:r:wpa:s0 tcontext=u:r:init:s0 tclass=unix_dgram_socket permissive=1
06-16 13:21:09.444 I/wpa_supplicant(  857): type=1400 audit(0.0:473): avc: denied { getopt } for path="/dev/socket/wpa_wlan0" scontext=u:r:wpa:s0 tcontext=u:r:init:s0 tclass=unix_dgram_socket permissive=1
06-16 13:21:09.444 I/wpa_supplicant(  857): type=1400 audit(0.0:474): avc: denied { ioctl } for path="socket:[13222]" dev="sockfs" ino=13222 ioctlcmd=5411 scontext=u:r:wpa:s0 tcontext=u:r:init:s0 tclass=unix_dgram_socket permissive=1
06-16 13:21:09.444 I/wpa_supplicant(  857): type=1400 audit(0.0:475): avc: denied { write } for path="/dev/socket/wpa_wlan0" scontext=u:r:wpa:s0 tcontext=u:r:init:s0 tclass=unix_dgram_socket permissive=1
06-16 13:21:09.444 I/wpa_supplicant(  857): type=1400 audit(0.0:476): avc: denied { sendto } for path="/data/misc/wifi/sockets/wpa_ctrl_573-1" scontext=u:r:init:s0 tcontext=u:r:system_server:s0 tclass=unix_dgram_socket permissive=1
06-16 13:21:13.297 I/GlobalDismissManager( 1359): no sender configured
06-16 13:21:17.456 W/WifiMode(  573): WiredSSID, Invalid SupportedRates!!!
06-16 13:21:17.456 W/WifiMode(  573): WiredSSID, Invalid SupportedRates!!!
06-16 13:21:17.456 W/WifiMode(  573): WiredSSID, Invalid SupportedRates!!!
06-16 13:21:22.715 I/ActivityManager(  573): Waited long enough for: ServiceRecord{34e9486 u0 com.android.calendar/.alerts.InitAlarmsService}
06-16 13:21:23.488 I/healthd (  288): type=1400 audit(0.0:477): avc: denied { read } for scontext=u:r:init:s0 tcontext=u:r:init:s0 tclass=netlink_kobject_uevent_socket permissive=1
06-16 13:21:23.488 I/netd    (  533): type=1400 audit(0.0:478): avc: denied { write } for path="socket:[12836]" dev="sockfs" ino=12836 scontext=u:r:netd:s0 tcontext=u:r:init:s0 tclass=unix_stream_socket permissive=1
06-16 13:21:37.455 W/WifiMode(  573): WiredSSID, Invalid SupportedRates!!!
06-16 13:21:37.455 W/WifiMode(  573): WiredSSID, Invalid SupportedRates!!!
06-16 13:21:37.455 W/WifiMode(  573): WiredSSID, Invalid SupportedRates!!!
06-16 13:22:00.001 I/ActivityManager(  573): Killing 1045:com.android.keychain/1000 (adj 906): empty #17
06-16 13:22:17.455 W/WifiMode(  573): WiredSSID, Invalid SupportedRates!!!
06-16 13:22:17.455 W/WifiMode(  573): WiredSSID, Invalid SupportedRates!!!
06-16 13:22:17.456 W/WifiMode(  573): WiredSSID, Invalid SupportedRates!!!
06-16 13:23:37.454 W/WifiMode(  573): WiredSSID, Invalid SupportedRates!!!
06-16 13:23:37.454 W/WifiMode(  573): WiredSSID, Invalid SupportedRates!!!
06-16 13:23:37.455 W/WifiMode(  573): WiredSSID, Invalid SupportedRates!!!
06-16 13:23:49.044 I//sbin/adbd(  143): type=1400 audit(0.0:479): avc: denied { setopt } for comm=73657276657220736F636B6574 laddr=::ffff:172.20.54.158 lport=5555 faddr=::ffff:172.20.26.152 fport=59418 scontext=u:r:init:s0 tcontext=u:r:init:s0 tclass=tcp_socket permissive=1
06-16 13:23:49.044 I//sbin/adbd(  143): type=1400 audit(0.0:480): avc: denied { accept } for comm=73657276657220736F636B6574 lport=5555 scontext=u:r:init:s0 tcontext=u:r:init:s0 tclass=tcp_socket permissive=1
06-16 13:23:49.044 I/<-0.0.0.06888( 1522): type=1400 audit(0.0:481): avc: denied { read } for path="socket:[1371]" dev="sockfs" ino=1371 scontext=u:r:init:s0 tcontext=u:r:init:s0 tclass=tcp_socket permissive=1
06-16 13:23:49.044 I/->0.0.0.06888( 1521): type=1400 audit(0.0:482): avc: denied { write } for path="socket:[1371]" dev="sockfs" ino=1371 scontext=u:r:init:s0 tcontext=u:r:init:s0 tclass=tcp_socket permissive=1
06-16 13:23:49.048 I/adbd    ( 1523): type=1400 audit(0.0:483): avc: denied { execute_no_trans } for path="/system/bin/sh" dev="xvda5" ino=489 scontext=u:r:init:s0 tcontext=u:object_r:shell_exec:s0 tclass=file permissive=1
06-16 13:23:49.048 I/getprop ( 1523): type=1400 audit(0.0:484): avc: denied { read write } for path="socket:[16980]" dev="sockfs" ino=16980 scontext=u:r:toolbox:s0 tcontext=u:r:init:s0 tclass=unix_stream_socket permissive=1
06-16 13:23:49.052 I/getprop ( 1523): type=1400 audit(0.0:485): avc: denied { getattr } for path="socket:[16980]" dev="sockfs" ino=16980 scontext=u:r:toolbox:s0 tcontext=u:r:init:s0 tclass=unix_stream_socket permissive=1
06-16 13:23:49.080 I/unknown ( 1529): type=1400 audit(0.0:486): avc: denied { write } for comm=73657276696365203432 name="etc" dev="xvda5" ino=559 scontext=u:r:init:s0 tcontext=u:object_r:system_file:s0 tclass=dir permissive=1
06-16 13:23:49.080 I/unknown ( 1529): type=1400 audit(0.0:487): avc: denied { remove_name } for comm=73657276696365203432 name="hosts" dev="xvda5" ino=576 scontext=u:r:init:s0 tcontext=u:object_r:system_file:s0 tclass=dir permissive=1
06-16 13:23:49.080 I/unknown ( 1529): type=1400 audit(0.0:488): avc: denied { unlink } for comm=73657276696365203432 name="hosts" dev="xvda5" ino=576 scontext=u:r:init:s0 tcontext=u:object_r:system_file:s0 tclass=file permissive=1
06-16 13:23:49.080 I/unknown ( 1529): type=1400 audit(0.0:489): avc: denied { add_name } for comm=73657276696365203432 name="hosts" scontext=u:r:init:s0 tcontext=u:object_r:system_file:s0 tclass=dir permissive=1
06-16 13:23:49.080 I/unknown ( 1529): type=1400 audit(0.0:490): avc: denied { create } for comm=73657276696365203432 name="hosts" scontext=u:r:init:s0 tcontext=u:object_r:system_file:s0 tclass=file permissive=1
06-16 13:23:49.080 I/unknown ( 1529): type=1400 audit(0.0:491): avc: denied { write } for comm=73657276696365203432 path="/system/etc/hosts" dev="xvda5" ino=576 scontext=u:r:init:s0 tcontext=u:object_r:system_file:s0 tclass=file permissive=1
06-16 13:23:49.080 I/unknown ( 1529): type=1400 audit(0.0:492): avc: denied { setattr } for comm=73657276696365203432 name="hosts" dev="xvda5" ino=576 scontext=u:r:init:s0 tcontext=u:object_r:system_file:s0 tclass=file permissive=1
06-16 13:23:55.484 I/adbd    ( 1530): type=1400 audit(0.0:493): avc: denied { ioctl } for path="/dev/pts/1" dev="devpts" ino=4 ioctlcmd=540e scontext=u:r:init:s0 tcontext=u:object_r:devpts:s0 tclass=chr_file permissive=1
06-16 13:23:55.484 I/sh      ( 1530): type=1400 audit(0.0:494): avc: denied { getattr } for path="/dev/pts/1" dev="devpts" ino=4 scontext=u:r:init:s0 tcontext=u:object_r:devpts:s0 tclass=chr_file permissive=1
06-16 13:23:55.484 I/sh      ( 1532): type=1400 audit(0.0:495): avc: denied { execute_no_trans } for path="/system/bin/cmd" dev="xvda5" ino=291 scontext=u:r:init:s0 tcontext=u:object_r:system_file:s0 tclass=file permissive=1
06-16 13:23:55.492 I/cmd     ( 1532): type=1400 audit(0.0:496): avc: denied { call } for scontext=u:r:init:s0 tcontext=u:r:servicemanager:s0 tclass=binder permissive=1
06-16 13:23:55.492 I/servicemanager(  257): type=1400 audit(0.0:497): avc: denied { search } for name="1532" dev="proc" ino=17006 scontext=u:r:servicemanager:s0 tcontext=u:r:init:s0 tclass=dir permissive=1
06-16 13:23:55.492 I/servicemanager(  257): type=1400 audit(0.0:498): avc: denied { read } for name="current" dev="proc" ino=17022 scontext=u:r:servicemanager:s0 tcontext=u:r:init:s0 tclass=file permissive=1
06-16 13:23:55.492 I/servicemanager(  257): type=1400 audit(0.0:499): avc: denied { open } for path="/proc/1532/attr/current" dev="proc" ino=17022 scontext=u:r:servicemanager:s0 tcontext=u:r:init:s0 tclass=file permissive=1
06-16 13:23:55.492 I/servicemanager(  257): type=1400 audit(0.0:500): avc: denied { getattr } for scontext=u:r:servicemanager:s0 tcontext=u:r:init:s0 tclass=process permissive=1
06-16 13:23:55.492 I/servicemanager(  257): type=1400 audit(0.0:501): avc: denied { sendto } for path="/dev/socket/logdw" scontext=u:r:servicemanager:s0 tcontext=u:r:init:s0 tclass=unix_dgram_socket permissive=1
06-16 13:23:55.492 I/servicemanager(  257): type=1400 audit(0.0:502): avc: denied { transfer } for scontext=u:r:servicemanager:s0 tcontext=u:r:init:s0 tclass=binder permissive=1
06-16 13:23:55.492 I/cmd     ( 1532): type=1400 audit(0.0:503): avc: denied { transfer } for scontext=u:r:init:s0 tcontext=u:r:system_server:s0 tclass=binder permissive=1
06-16 13:23:55.492 I/logd.writer(  119): type=1400 audit(0.0:504): avc: denied { read } for path="/dev/socket/logdw" scontext=u:r:logd:s0 tcontext=u:r:init:s0 tclass=unix_dgram_socket permissive=1
06-16 13:23:55.495 E/SELinux (  257): avc:  denied  { find } for service=package pid=1532 uid=0 scontext=u:r:init:s0 tcontext=u:object_r:package_service:s0 tclass=service_manager permissive=1
06-16 13:23:55.524 I/installd(  275): type=1400 audit(0.0:505): avc: denied { read } for path="socket:[12663]" dev="sockfs" ino=12663 scontext=u:r:installd:s0 tcontext=u:r:init:s0 tclass=unix_stream_socket permissive=1
06-16 13:23:55.524 I/installd(  275): type=1400 audit(0.0:506): avc: denied { sendto } for path="/dev/socket/logdw" scontext=u:r:installd:s0 tcontext=u:r:init:s0 tclass=unix_dgram_socket permissive=1
06-16 13:23:55.524 I/installd(  275): type=1400 audit(0.0:507): avc: denied { write } for path="socket:[12663]" dev="sockfs" ino=12663 scontext=u:r:installd:s0 tcontext=u:r:init:s0 tclass=unix_stream_socket permissive=1
06-16 13:23:55.528 I/        (  275): free_cache(136818582) avail 2195734528
06-16 13:23:57.875 W/art     (  573): Long monitor contention with owner PackageInstaller (619) at void com.android.org.conscrypt.NativeCrypto.EVP_DigestUpdateDirect(com.android.org.conscrypt.NativeRef$EVP_MD_CTX, long, int)(NativeCrypto.java:-2) waiters=0 in android.content.pm.PackageInstaller$SessionInfo com.android.server.pm.PackageInstallerSession.generateInfo() for 469ms
06-16 13:23:57.894 W/art     ( 1536): Unexpected CPU variant for X86 using defaults: x86_64
06-16 13:23:57.901 I/ActivityManager(  573): Start proc 1536:com.android.defcontainer/u0a7 for service com.android.defcontainer/.DefaultContainerService
06-16 13:23:57.921 I/SELinux (  275): SELinux: Loaded file_contexts contexts from /file_contexts.bin.
06-16 13:23:57.921 I/PackageManager.DexOptimizer(  573): Running dexopt (dex2oat) on: /data/app/vmdl7325841.tmp/base.apk pkg=jp.jaxa.iss.kibo.rpc.sampleapk isa=x86_64 vmSafeMode=false debuggable=true target-filter=interpret-only oatDir = /data/app/vmdl7325841.tmp/oat sharedLibraries=null
06-16 13:23:57.928 I/dex2oat ( 1551): type=1400 audit(0.0:508): avc: denied { sendto } for path="/dev/socket/logdw" scontext=u:r:dex2oat:s0 tcontext=u:r:init:s0 tclass=unix_dgram_socket permissive=1
06-16 13:23:57.931 W/dex2oat ( 1551): Unexpected CPU variant for X86 using defaults: x86_64
06-16 13:23:57.931 I/dex2oat ( 1551): /system/bin/dex2oat --compiler-filter=interpret-only --debuggable
06-16 13:23:57.931 E/cutils-trace( 1551): Error opening trace file: Permission denied (13)
06-16 13:23:58.177 W/dex2oat ( 1551): Before Android 4.1, method int android.support.v7.widget.ListViewCompat.lookForSelectablePosition(int, boolean) would have incorrectly overridden the package-private method in android.widget.ListView
06-16 13:23:58.209 W/dex2oat ( 1551): Before Android 4.1, method android.graphics.PorterDuffColorFilter android.support.graphics.drawable.VectorDrawableCompat.updateTintFilter(android.graphics.PorterDuffColorFilter, android.content.res.ColorStateList, android.graphics.PorterDuff$Mode) would have incorrectly overridden the package-private method in android.graphics.drawable.Drawable
06-16 13:23:58.416 W/dex2oat ( 1551): Before Android 4.1, method double java.util.concurrent.ThreadLocalRandom.internalNextDouble(double, double) would have incorrectly overridden the package-private method in java.util.Random
06-16 13:23:58.416 W/dex2oat ( 1551): Before Android 4.1, method int java.util.concurrent.ThreadLocalRandom.internalNextInt(int, int) would have incorrectly overridden the package-private method in java.util.Random
06-16 13:23:58.416 W/dex2oat ( 1551): Before Android 4.1, method long java.util.concurrent.ThreadLocalRandom.internalNextLong(long, long) would have incorrectly overridden the package-private method in java.util.Random
06-16 13:23:58.773 I/dex2oat ( 1551): dex2oat took 842.142ms (threads: 2) arena alloc=1970KB (2018240B) java alloc=11MB (12082592B) native alloc=15MB (16409432B) free=4MB (4562088B)
06-16 13:23:58.804 I/vold    (  128): type=1400 audit(0.0:509): avc: denied { read } for path="socket:[12813]" dev="sockfs" ino=12813 scontext=u:r:vold:s0 tcontext=u:r:init:s0 tclass=unix_stream_socket permissive=1
06-16 13:23:58.804 I/vold    (  128): type=1400 audit(0.0:510): avc: denied { sendto } for path="/dev/socket/logdw" scontext=u:r:vold:s0 tcontext=u:r:init:s0 tclass=unix_dgram_socket permissive=1
06-16 13:23:58.804 I/vold    (  128): type=1400 audit(0.0:511): avc: denied { write } for path="socket:[12813]" dev="sockfs" ino=12813 scontext=u:r:vold:s0 tcontext=u:r:init:s0 tclass=unix_stream_socket permissive=1
06-16 13:23:58.804 I/VoldConnector(  633): type=1400 audit(0.0:512): avc: denied { sendto } for path="/dev/socket/logdw" scontext=u:r:system_server:s0 tcontext=u:r:init:s0 tclass=unix_dgram_socket permissive=1
06-16 13:23:58.806 I/GnssLocationProvider(  573): WakeLock acquired by sendMessage(3, 0, com.android.server.location.GnssLocationProvider$GpsRequest@2ed6c04)
06-16 13:23:58.810 I/GnssLocationProvider(  573): WakeLock released by handleMessage(3, 0, com.android.server.location.GnssLocationProvider$GpsRequest@2ed6c04)
06-16 13:23:58.810 I/GnssLocationProvider(  573): WakeLock acquired by sendMessage(3, 0, com.android.server.location.GnssLocationProvider$GpsRequest@51865ed)
06-16 13:23:58.810 I/GnssLocationProvider(  573): WakeLock released by handleMessage(3, 0, com.android.server.location.GnssLocationProvider$GpsRequest@51865ed)
06-16 13:23:58.821 I/art     (  573): Starting a blocking GC Explicit
06-16 13:23:58.828 I/installd(  275): type=1400 audit(0.0:513): avc: denied { sendto } for path="/dev/socket/logdw" scontext=u:r:installd:s0 tcontext=u:r:init:s0 tclass=unix_dgram_socket permissive=1
06-16 13:23:58.828 I/Binder:573_7(  810): type=1400 audit(0.0:514): avc: denied { call } for scontext=u:r:system_server:s0 tcontext=u:r:init:s0 tclass=binder permissive=1
06-16 13:23:58.828 I/->0.0.0.06888( 1521): type=1400 audit(0.0:515): avc: denied { write } for path="socket:[1371]" dev="sockfs" ino=1371 scontext=u:r:init:s0 tcontext=u:r:init:s0 tclass=tcp_socket permissive=1
06-16 13:23:58.832 I/<-0.0.0.06888( 1522): type=1400 audit(0.0:516): avc: denied { read } for path="socket:[1371]" dev="sockfs" ino=1371 scontext=u:r:init:s0 tcontext=u:r:init:s0 tclass=tcp_socket permissive=1
06-16 13:23:58.832 I/art     (  573): Explicit concurrent mark sweep GC freed 23275(1307KB) AllocSpace objects, 9(224KB) LOS objects, 33% free, 8MB/12MB, paused 117us total 11.232ms
06-16 13:23:58.833 E/        (  275): Couldn't opendir /data/app/vmdl7325841.tmp: No such file or directory
06-16 13:23:58.844 I/main    (  269): type=1400 audit(0.0:517): avc: denied { getattr } for path="/sys/kernel/debug/tracing/trace_marker" dev="tracefs" ino=39 scontext=u:r:zygote:s0 tcontext=u:object_r:debugfs_tracing:s0 tclass=file permissive=1
06-16 13:23:58.848 I/main    ( 1554): type=1400 audit(0.0:518): avc: denied { write } for name="trace_marker" dev="tracefs" ino=39 scontext=u:r:zygote:s0 tcontext=u:object_r:debugfs_tracing:s0 tclass=file permissive=1
06-16 13:23:58.848 I/main    ( 1554): type=1400 audit(0.0:519): avc: denied { open } for path="/sys/kernel/debug/tracing/trace_marker" dev="tracefs" ino=39 scontext=u:r:zygote:s0 tcontext=u:object_r:debugfs_tracing:s0 tclass=file permissive=1
06-16 13:23:58.848 I/droid.gallery3( 1554): type=1400 audit(0.0:520): avc: denied { sendto } for path="/dev/socket/logdw" scontext=u:r:untrusted_app:s0:c512,c768 tcontext=u:r:init:s0 tclass=unix_dgram_socket permissive=1
06-16 13:23:58.848 I/JDWP    ( 1561): type=1400 audit(0.0:521): avc: denied { connectto } for path=006A6477702D636F6E74726F6C scontext=u:r:untrusted_app:s0:c512,c768 tcontext=u:r:init:s0 tclass=unix_stream_socket permissive=1
06-16 13:23:58.848 I/InputReader(  573): Reconfiguring input devices.  changes=0x00000010
06-16 13:23:58.853 W/art     ( 1554): Unexpected CPU variant for X86 using defaults: x86_64
06-16 13:23:58.856 I/m.android.phone(  755): type=1400 audit(0.0:522): avc: denied { sendto } for path="/dev/socket/logdw" scontext=u:r:radio:s0 tcontext=u:r:init:s0 tclass=unix_dgram_socket permissive=1
06-16 13:23:58.856 I/ActivityManager(  573): Start proc 1554:com.android.gallery3d/u0a45 for broadcast com.android.gallery3d/.app.PackagesMonitor
06-16 13:23:58.864 I/healthd (  288): type=1400 audit(0.0:523): avc: denied { read } for name="capacity" dev="fuse" ino=8 scontext=u:r:init:s0 tcontext=u:object_r:fuse:s0 tclass=file permissive=1
06-16 13:23:58.864 I/healthd (  288): type=1400 audit(0.0:524): avc: denied { open } for path="/dev/pipe/battery/BAT0/capacity" dev="fuse" ino=8 scontext=u:r:init:s0 tcontext=u:object_r:fuse:s0 tclass=file permissive=1
06-16 13:23:58.866 W/VoiceInteractionManagerService(  573): no available voice recognition services found for user 0
06-16 13:23:58.866 W/LocationProviderProxy-network(  573): Odd, no component found for service com.android.location.service.v3.NetworkLocationProvider
06-16 13:23:58.866 W/GeocoderProxy(  573): Odd, no component found for service com.android.location.service.GeocodeProvider
06-16 13:23:58.866 W/GeofenceProxy(  573): Odd, no component found for service com.android.location.service.GeofenceProvider
06-16 13:23:58.866 W/ActivityRecognitionProxy(  573): Odd, no component found for service com.android.location.service.ActivityRecognitionProvider
06-16 13:23:58.940 I/android.musicf( 1571): type=1400 audit(0.0:525): avc: denied { sendto } for path="/dev/socket/logdw" scontext=u:r:priv_app:s0:c512,c768 tcontext=u:r:init:s0 tclass=unix_dgram_socket permissive=1
06-16 13:23:58.943 W/art     ( 1571): Unexpected CPU variant for X86 using defaults: x86_64
06-16 13:23:58.944 I/JDWP    ( 1578): type=1400 audit(0.0:526): avc: denied { connectto } for path=006A6477702D636F6E74726F6C scontext=u:r:priv_app:s0:c512,c768 tcontext=u:r:init:s0 tclass=unix_stream_socket permissive=1
06-16 13:23:58.948 I/ActivityManager(  573): Start proc 1571:com.android.musicfx/u0a16 for broadcast com.android.musicfx/.Compatibility$Receiver
06-16 13:23:58.949 I/ActivityManager(  573): Killing 1104:com.genymobile.genymotionacme/1000 (adj 906): empty #17
06-16 13:23:58.956 W/System  ( 1571): ClassLoader referenced unknown path: /system/priv-app/MusicFX/lib/x86_64
06-16 13:23:58.969 W/art     ( 1588): Unexpected CPU variant for X86 using defaults: x86_64
06-16 13:23:58.975 I/ActivityManager(  573): Start proc 1588:com.svox.pico/u0a54 for broadcast com.svox.pico/.VoiceDataInstallerReceiver
06-16 13:23:58.977 I/ActivityManager(  573): Killing 980:com.android.printspooler/u0a56 (adj 906): empty #17
06-16 13:23:58.987 I/ActivityManager(  573): Killing 1341:com.android.dialer/u0a8 (adj 906): empty #17
06-16 13:24:00.124 I/genybaseband(  600): type=1400 audit(0.0:527): avc: denied { sendto } for path="/dev/socket/logdw" scontext=u:r:logwrapper:s0 tcontext=u:r:init:s0 tclass=unix_dgram_socket permissive=1
06-16 13:24:00.624 I/wpa_supplicant(  857): type=1400 audit(0.0:528): avc: denied { read } for path="/dev/socket/wpa_wlan0" scontext=u:r:wpa:s0 tcontext=u:r:init:s0 tclass=unix_dgram_socket permissive=1
06-16 13:24:00.624 I/wpa_supplicant(  857): type=1400 audit(0.0:529): avc: denied { getopt } for path="/dev/socket/wpa_wlan0" scontext=u:r:wpa:s0 tcontext=u:r:init:s0 tclass=unix_dgram_socket permissive=1
06-16 13:24:00.624 I/wpa_supplicant(  857): type=1400 audit(0.0:530): avc: denied { ioctl } for path="socket:[13222]" dev="sockfs" ino=13222 ioctlcmd=5411 scontext=u:r:wpa:s0 tcontext=u:r:init:s0 tclass=unix_dgram_socket permissive=1
06-16 13:24:00.624 I/wpa_supplicant(  857): type=1400 audit(0.0:531): avc: denied { write } for path="/dev/socket/wpa_wlan0" scontext=u:r:wpa:s0 tcontext=u:r:init:s0 tclass=unix_dgram_socket permissive=1
06-16 13:24:02.684 I/netd    (  540): type=1400 audit(0.0:532): avc: denied { accept } for path="/dev/socket/fwmarkd" scontext=u:r:netd:s0 tcontext=u:r:init:s0 tclass=unix_stream_socket permissive=1
06-16 13:24:02.684 I/netd    (  540): type=1400 audit(0.0:533): avc: denied { getopt } for path="/dev/socket/fwmarkd" scontext=u:r:netd:s0 tcontext=u:r:init:s0 tclass=unix_stream_socket permissive=1
06-16 13:24:02.684 I/netd    (  540): type=1400 audit(0.0:534): avc: denied { read } for path="/dev/socket/fwmarkd" scontext=u:r:netd:s0 tcontext=u:r:init:s0 tclass=unix_stream_socket permissive=1
06-16 13:24:02.728 I/com.genymobile.webrtcd( 1124): type=1400 audit(0.0:535): avc: denied { sendto } for comm=4E616E6F4874747064204D61696E20 path="/dev/socket/logdw" scontext=u:r:system_app:s0 tcontext=u:r:init:s0 tclass=unix_dgram_socket permissive=1
06-16 13:24:07.928 I/lmkd    (  255): type=1400 audit(0.0:536): avc: denied { read } for path="socket:[13340]" dev="sockfs" ino=13340 scontext=u:r:lmkd:s0 tcontext=u:r:init:s0 tclass=unix_stream_socket permissive=1
06-16 13:24:07.939 I/ActivityManager(  573): Killing 1403:com.android.managedprovisioning/u0a15 (adj 906): empty #17
06-16 13:25:00.204 I/rild    (  289): type=1400 audit(0.0:537): avc: denied { read } for path="socket:[13671]" dev="sockfs" ino=13671 scontext=u:r:rild:s0 tcontext=u:r:init:s0 tclass=unix_stream_socket permissive=1
06-16 13:25:00.208 I/rild    (  289): type=1400 audit(0.0:538): avc: denied { write } for path="socket:[13671]" dev="sockfs" ino=13671 scontext=u:r:rild:s0 tcontext=u:r:init:s0 tclass=unix_stream_socket permissive=1
06-16 13:25:00.808 I/netd    (  533): type=1400 audit(0.0:539): avc: denied { write } for path="socket:[12836]" dev="sockfs" ino=12836 scontext=u:r:netd:s0 tcontext=u:r:init:s0 tclass=unix_stream_socket permissive=1
06-16 13:25:00.808 I/diskeventd(  262): type=1400 audit(0.0:540): avc: denied { read } for scontext=u:r:init:s0 tcontext=u:r:init:s0 tclass=netlink_kobject_uevent_socket permissive=1
06-16 13:26:17.455 W/WifiMode(  573): WiredSSID, Invalid SupportedRates!!!
06-16 13:26:17.455 W/WifiMode(  573): WiredSSID, Invalid SupportedRates!!!
06-16 13:26:17.456 W/WifiMode(  573): WiredSSID, Invalid SupportedRates!!!
06-16 13:26:41.668 I/adbd    ( 1611): type=1400 audit(0.0:541): avc: denied { execute_no_trans } for path="/system/bin/sh" dev="xvda5" ino=489 scontext=u:r:init:s0 tcontext=u:object_r:shell_exec:s0 tclass=file permissive=1
06-16 13:26:41.668 I/sh      ( 1611): type=1400 audit(0.0:542): avc: denied { execute_no_trans } for path="/system/bin/am" dev="xvda5" ino=256 scontext=u:r:init:s0 tcontext=u:object_r:system_file:s0 tclass=file permissive=1
06-16 13:26:41.804 I/app_process( 1611): type=1400 audit(0.0:543): avc: denied { sendto } for path="/dev/socket/logdw" scontext=u:r:zygote:s0 tcontext=u:r:init:s0 tclass=unix_dgram_socket permissive=1
06-16 13:26:41.816 I/main    ( 1611): type=1400 audit(0.0:544): avc: denied { execmem } for scontext=u:r:zygote:s0 tcontext=u:r:zygote:s0 tclass=process permissive=1
06-16 13:26:41.816 I/main    ( 1611): type=1400 audit(0.0:545): avc: denied { execute } for path="/dev/ashmem" dev="tmpfs" ino=8050 scontext=u:r:zygote:s0 tcontext=u:object_r:ashmem_device:s0 tclass=chr_file permissive=1
06-16 13:26:41.816 I/main    ( 1611): type=1400 audit(0.0:546): avc: denied { execute } for path=2F6465762F6173686D656D2F64616C76696B2D6A69742D636F64652D6361636865202864656C6574656429 dev="tmpfs" ino=17308 scontext=u:r:zygote:s0 tcontext=u:object_r:zygote_tmpfs:s0 tclass=file permissive=1
06-16 13:26:41.818 W/art     ( 1611): Unexpected CPU variant for X86 using defaults: x86_64
06-16 13:26:41.832 I/main    ( 1611): type=1400 audit(0.0:547): avc: denied { call } for scontext=u:r:zygote:s0 tcontext=u:r:servicemanager:s0 tclass=binder permissive=1
06-16 13:26:41.832 I/servicemanager(  257): type=1400 audit(0.0:548): avc: denied { search } for name="1611" dev="proc" ino=17185 scontext=u:r:servicemanager:s0 tcontext=u:r:zygote:s0 tclass=dir permissive=1
06-16 13:26:41.832 I/servicemanager(  257): type=1400 audit(0.0:549): avc: denied { read } for name="current" dev="proc" ino=17414 scontext=u:r:servicemanager:s0 tcontext=u:r:zygote:s0 tclass=file permissive=1
06-16 13:26:41.832 I/servicemanager(  257): type=1400 audit(0.0:550): avc: denied { open } for path="/proc/1611/attr/current" dev="proc" ino=17414 scontext=u:r:servicemanager:s0 tcontext=u:r:zygote:s0 tclass=file permissive=1
06-16 13:26:41.832 I/servicemanager(  257): type=1400 audit(0.0:551): avc: denied { getattr } for scontext=u:r:servicemanager:s0 tcontext=u:r:zygote:s0 tclass=process permissive=1
06-16 13:26:41.832 I/servicemanager(  257): type=1400 audit(0.0:552): avc: denied { sendto } for path="/dev/socket/logdw" scontext=u:r:servicemanager:s0 tcontext=u:r:init:s0 tclass=unix_dgram_socket permissive=1
06-16 13:26:41.832 I/main    ( 1611): type=1400 audit(0.0:553): avc: denied { call } for scontext=u:r:zygote:s0 tcontext=u:r:system_server:s0 tclass=binder permissive=1
06-16 13:26:41.833 E/memtrack( 1611): Couldn't load memtrack module (No such file or directory)
06-16 13:26:41.833 E/android.os.Debug( 1611): failed to load memtrack module: -2
06-16 13:26:41.834 I/Radio-JNI( 1611): register_android_hardware_Radio DONE
06-16 13:26:41.836 E/SELinux (  257): avc:  denied  { find } for service=activity pid=1611 uid=0 scontext=u:r:zygote:s0 tcontext=u:object_r:activity_service:s0 tclass=service_manager permissive=1
06-16 13:26:41.836 E/SELinux (  257): avc:  denied  { find } for service=package pid=1611 uid=0 scontext=u:r:zygote:s0 tcontext=u:object_r:package_service:s0 tclass=service_manager permissive=1
06-16 13:26:41.852 I/art     ( 1621): Late-enabling -Xcheck:jni
06-16 13:26:41.852 W/art     ( 1621): Unexpected CPU variant for X86 using defaults: x86_64
06-16 13:26:41.860 I/ActivityManager(  573): Start proc 1621:gov.nasa.arc.astrobee.android.gs.manager/u0a63 for service gov.nasa.arc.astrobee.android.gs.manager/.ManagerService
06-16 13:26:41.866 W/System  ( 1621): ClassLoader referenced unknown path: /data/app/gov.nasa.arc.astrobee.android.gs.manager-1/lib/x86_64
06-16 13:26:41.926 E/Notification( 1621): setLatestEventInfo() is deprecated and you should feel deprecated.
06-16 13:26:41.926 E/Notification( 1621): java.lang.Throwable
06-16 13:26:41.926 E/Notification( 1621): 	at android.app.Notification.setLatestEventInfo(Notification.java:2048)
06-16 13:26:41.926 E/Notification( 1621): 	at org.ros.android.NodeMainExecutorService.onStartCommand(NodeMainExecutorService.java:220)
06-16 13:26:41.926 E/Notification( 1621): 	at android.app.ActivityThread.handleServiceArgs(ActivityThread.java:3297)
06-16 13:26:41.926 E/Notification( 1621): 	at android.app.ActivityThread.-wrap21(ActivityThread.java)
06-16 13:26:41.926 E/Notification( 1621): 	at android.app.ActivityThread$H.handleMessage(ActivityThread.java:1565)
06-16 13:26:41.926 E/Notification( 1621): 	at android.os.Handler.dispatchMessage(Handler.java:102)
06-16 13:26:41.926 E/Notification( 1621): 	at android.os.Looper.loop(Looper.java:154)
06-16 13:26:41.926 E/Notification( 1621): 	at android.app.ActivityThread.main(ActivityThread.java:6077)
06-16 13:26:41.926 E/Notification( 1621): 	at java.lang.reflect.Method.invoke(Native Method)
06-16 13:26:41.926 E/Notification( 1621): 	at com.android.internal.os.ZygoteInit$MethodAndArgsCaller.run(ZygoteInit.java:865)
06-16 13:26:41.926 E/Notification( 1621): 	at com.android.internal.os.ZygoteInit.main(ZygoteInit.java:755)
06-16 13:26:41.945 I/Registrar( 1621): MasterXmlRpcEndpoint URI: http://llp:11311
06-16 13:26:41.948 I/Registrar( 1621): Registering publisher: Publisher<PublisherDefinition<PublisherIdentifier<NodeIdentifier</guest_science_manager, http://hlp:39727/>, TopicIdentifier</rosout>>, Topic<TopicIdentifier</rosout>, TopicDescription<rosgraph_msgs/Log, acffd30cd6b6de30f120938c17c593fb>>>>
06-16 13:26:41.960 I/netd    (  537): type=1400 audit(0.0:554): avc: denied { accept } for path="/dev/socket/dnsproxyd" scontext=u:r:netd:s0 tcontext=u:r:init:s0 tclass=unix_stream_socket permissive=1
06-16 13:26:41.960 I/netd    (  537): type=1400 audit(0.0:555): avc: denied { getopt } for path="/dev/socket/dnsproxyd" scontext=u:r:netd:s0 tcontext=u:r:init:s0:c512,c768 tclass=unix_stream_socket permissive=1
06-16 13:26:41.960 I/netd    (  537): type=1400 audit(0.0:556): avc: denied { read } for path="socket:[17337]" dev="sockfs" ino=17337 scontext=u:r:netd:s0 tcontext=u:r:init:s0:c512,c768 tclass=unix_stream_socket permissive=1
06-16 13:26:41.968 I/netd    ( 1651): type=1400 audit(0.0:557): avc: denied { write } for path="socket:[17337]" dev="sockfs" ino=17337 scontext=u:r:netd:s0 tcontext=u:r:init:s0:c512,c768 tclass=unix_stream_socket permissive=1
06-16 13:26:41.985 I/Registrar( 1621): Response<Success, Registered [/guest_science_manager] as publisher of [/rosout], [http://172.20.26.152:35127/]>
06-16 13:26:41.985 I/DefaultPublisher( 1621): Publisher registered: Publisher<PublisherDefinition<PublisherIdentifier<NodeIdentifier</guest_science_manager, http://hlp:39727/>, TopicIdentifier</rosout>>, Topic<TopicIdentifier</rosout>, TopicDescription<rosgraph_msgs/Log, acffd30cd6b6de30f120938c17c593fb>>>>
06-16 13:26:41.995 I/Registrar( 1621): Registering subscriber: Subscriber<Topic<TopicIdentifier</clock>, TopicDescription<rosgraph_msgs/Clock, a9c97c1d230cfc112e270351a944ee47>>>
06-16 13:26:42.040 I/Registrar( 1621): Response<Success, Subscribed to [/clock], [http://172.20.26.152:39975/]>
06-16 13:26:42.041 I/DefaultSubscriber( 1621): Subscriber registered: Subscriber<Topic<TopicIdentifier</clock>, TopicDescription<rosgraph_msgs/Clock, a9c97c1d230cfc112e270351a944ee47>>>
06-16 13:26:42.044 I/Registrar( 1621): Registering publisher: Publisher<PublisherDefinition<PublisherIdentifier<NodeIdentifier</guest_science_manager, http://hlp:39727/>, TopicIdentifier</gs/gs_manager/ack>>, Topic<TopicIdentifier</gs/gs_manager/ack>, TopicDescription<ff_msgs/AckStamped, cebddec69fd770df54633be444a9187d>>>>
06-16 13:26:42.048 I/Registrar( 1621): Registering publisher: Publisher<PublisherDefinition<PublisherIdentifier<NodeIdentifier</guest_science_manager, http://hlp:39727/>, TopicIdentifier</gs/gs_manager/config>>, Topic<TopicIdentifier</gs/gs_manager/config>, TopicDescription<ff_msgs/GuestScienceConfig, c6f632ed2411de4159494a3e7754794e>>>>
06-16 13:26:42.050 I/Registrar( 1621): Registering publisher: Publisher<PublisherDefinition<PublisherIdentifier<NodeIdentifier</guest_science_manager, http://hlp:39727/>, TopicIdentifier</gs/data>>, Topic<TopicIdentifier</gs/data>, TopicDescription<ff_msgs/GuestScienceData, edd2c791ea93ffa7cb0ec80c5bb00972>>>>
06-16 13:26:42.052 I/Registrar( 1621): Registering publisher: Publisher<PublisherDefinition<PublisherIdentifier<NodeIdentifier</guest_science_manager, http://hlp:39727/>, TopicIdentifier</gs/gs_manager/state>>, Topic<TopicIdentifier</gs/gs_manager/state>, TopicDescription<ff_msgs/GuestScienceState, 24e5a1ba8527257cc710720a32de6e51>>>>
06-16 13:26:42.054 I/Registrar( 1621): Registering publisher: Publisher<PublisherDefinition<PublisherIdentifier<NodeIdentifier</guest_science_manager, http://hlp:39727/>, TopicIdentifier</heartbeat>>, Topic<TopicIdentifier</heartbeat>, TopicDescription<ff_msgs/Heartbeat, 00da4d5a529de9d778f78787c87e306c>>>>
06-16 13:26:42.056 I/Registrar( 1621): Registering subscriber: Subscriber<Topic<TopicIdentifier</mgt/executive/command>, TopicDescription<ff_msgs/CommandStamped, ac01350894b1be9e3a7b4f390a14812d>>>
06-16 13:26:42.075 I/art     ( 1693): Late-enabling -Xcheck:jni
06-16 13:26:42.076 W/art     ( 1693): Unexpected CPU variant for X86 using defaults: x86_64
06-16 13:26:42.081 I/ActivityManager(  573): Start proc 1693:jp.jaxa.iss.kibo.rpc.sampleapk/u0a64 for broadcast jp.jaxa.iss.kibo.rpc.sampleapk/gov.nasa.arc.astrobee.android.gs.InfoInqueryBroadcastReceiver
06-16 13:26:42.088 I/ActivityManager(  573): Killing 1437:com.android.onetimeinitializer/u0a17 (adj 906): empty #17
06-16 13:26:42.091 I/Registrar( 1621): Response<Success, Registered [/guest_science_manager] as publisher of [/gs/gs_manager/config], [http://172.20.26.152:41243/]>
06-16 13:26:42.093 I/DefaultPublisher( 1621): Publisher registered: Publisher<PublisherDefinition<PublisherIdentifier<NodeIdentifier</guest_science_manager, http://hlp:39727/>, TopicIdentifier</gs/gs_manager/config>>, Topic<TopicIdentifier</gs/gs_manager/config>, TopicDescription<ff_msgs/GuestScienceConfig, c6f632ed2411de4159494a3e7754794e>>>>
06-16 13:26:42.096 I/Registrar( 1621): Response<Success, Registered [/guest_science_manager] as publisher of [/gs/gs_manager/ack], [http://172.20.26.152:41243/]>
06-16 13:26:42.096 I/DefaultPublisher( 1621): Publisher registered: Publisher<PublisherDefinition<PublisherIdentifier<NodeIdentifier</guest_science_manager, http://hlp:39727/>, TopicIdentifier</gs/gs_manager/ack>>, Topic<TopicIdentifier</gs/gs_manager/ack>, TopicDescription<ff_msgs/AckStamped, cebddec69fd770df54633be444a9187d>>>>
06-16 13:26:42.096 I/Registrar( 1621): Response<Success, Registered [/guest_science_manager] as publisher of [/gs/data], []>
06-16 13:26:42.097 I/DefaultPublisher( 1621): Publisher registered: Publisher<PublisherDefinition<PublisherIdentifier<NodeIdentifier</guest_science_manager, http://hlp:39727/>, TopicIdentifier</gs/data>>, Topic<TopicIdentifier</gs/data>, TopicDescription<ff_msgs/GuestScienceData, edd2c791ea93ffa7cb0ec80c5bb00972>>>>
06-16 13:26:42.104 I/Registrar( 1621): Response<Success, Registered [/guest_science_manager] as publisher of [/gs/gs_manager/state], [http://172.20.26.152:41243/]>
06-16 13:26:42.104 I/DefaultPublisher( 1621): Publisher registered: Publisher<PublisherDefinition<PublisherIdentifier<NodeIdentifier</guest_science_manager, http://hlp:39727/>, TopicIdentifier</gs/gs_manager/state>>, Topic<TopicIdentifier</gs/gs_manager/state>, TopicDescription<ff_msgs/GuestScienceState, 24e5a1ba8527257cc710720a32de6e51>>>>
06-16 13:26:42.114 I/Registrar( 1621): Response<Success, Registered [/guest_science_manager] as publisher of [/heartbeat], [http://172.20.26.152:42581/]>
06-16 13:26:42.114 I/DefaultPublisher( 1621): Publisher registered: Publisher<PublisherDefinition<PublisherIdentifier<NodeIdentifier</guest_science_manager, http://hlp:39727/>, TopicIdentifier</heartbeat>>, Topic<TopicIdentifier</heartbeat>, TopicDescription<ff_msgs/Heartbeat, 00da4d5a529de9d778f78787c87e306c>>>>
