06-16 13:20:55.453 E/UsbDeviceManager(  573): java.io.FileNotFoundException: /sys/class/android_usb/android0/state (No such file or directory)
06-16 13:20:55.453 E/UsbDeviceManager(  573): 	at java.io.FileInputStream.open(Native Method)
06-16 13:20:55.453 E/UsbDeviceManager(  573): 	at java.io.FileInputStream.<init>(FileInputStream.java:146)
06-16 13:20:55.453 E/UsbDeviceManager(  573): 	at android.os.FileUtils.readTextFile(FileUtils.java:263)
06-16 13:20:55.453 E/UsbDeviceManager(  573): 	at com.android.server.usb.UsbDeviceManager$UsbHandler.<init>(UsbDeviceManager.java:352)
06-16 13:20:55.453 E/UsbDeviceManager(  573): 	at com.android.server.usb.UsbDeviceManager.<init>(UsbDeviceManager.java:204)
06-16 13:20:55.453 E/UsbDeviceManager(  573): 	at com.android.server.usb.UsbService.<init>(UsbService.java:116)
06-16 13:20:55.453 E/UsbDeviceManager(  573): 	at com.android.server.usb.UsbService$Lifecycle.onStart(UsbService.java:65)
06-16 13:20:55.453 E/UsbDeviceManager(  573): 	at com.android.server.SystemServiceManager.startService(SystemServiceManager.java:112)
06-16 13:20:55.453 E/UsbDeviceManager(  573): 	at com.android.server.SystemServiceManager.startService(SystemServiceManager.java:66)
06-16 13:20:55.453 E/UsbDeviceManager(  573): 	at com.android.server.SystemServer.startOtherServices(SystemServer.java:971)
06-16 13:20:55.453 E/UsbDeviceManager(  573): 	at com.android.server.SystemServer.run(SystemServer.java:324)
06-16 13:20:55.453 E/UsbDeviceManager(  573): 	at com.android.server.SystemServer.main(SystemServer.java:209)
06-16 13:20:55.453 E/UsbDeviceManager(  573): 	at java.lang.reflect.Method.invoke(Native Method)
06-16 13:20:55.453 E/UsbDeviceManager(  573): 	at com.android.internal.os.ZygoteInit$MethodAndArgsCaller.run(ZygoteInit.java:865)
06-16 13:20:55.453 E/UsbDeviceManager(  573): 	at com.android.internal.os.ZygoteInit.main(ZygoteInit.java:755)
06-16 13:20:55.453 E/UsbDeviceManagerJNI(  573): could not open /dev/usb_accessory
06-16 13:20:55.454 I/SystemServer(  573): StartSerialService
06-16 13:20:55.454 E/HardwarePropertiesManagerService-JNI(  573): Couldn't load thermal module (No such file or directory)
06-16 13:20:55.455 I/SystemServiceManager(  573): Starting com.android.server.twilight.TwilightService
06-16 13:20:55.456 I/SystemServiceManager(  573): Starting com.android.server.job.JobSchedulerService
06-16 13:20:55.457 I/SystemServiceManager(  573): Starting com.android.server.soundtrigger.SoundTriggerService
06-16 13:20:55.457 I/SystemServiceManager(  573): Starting com.android.server.backup.BackupManagerService$Lifecycle
06-16 13:20:55.458 I/SystemServiceManager(  573): Starting com.android.server.appwidget.AppWidgetService
06-16 13:20:55.460 I/SurfaceFlinger(  261): Boot is finished (12399 ms)
06-16 13:20:55.461 I/SystemServiceManager(  573): Starting com.android.server.voiceinteraction.VoiceInteractionManagerService
06-16 13:20:55.462 I/SystemServer(  573): Gesture Launcher Service
06-16 13:20:55.462 I/SystemServiceManager(  573): Starting com.android.server.GestureLauncherService
06-16 13:20:55.463 I/SystemServiceManager(  573): Starting com.android.server.SensorNotificationService
06-16 13:20:55.463 I/SystemServiceManager(  573): Starting com.android.server.ContextHubSystemService
06-16 13:20:55.463 E/ContextHubService(  573): ** Could not load context_hub module : err No such file or directory
06-16 13:20:55.463 W/ContextHubService(  573): No Context Hub Module present
06-16 13:20:55.463 I/SystemServer(  573): StartDiskStatsService
06-16 13:20:55.464 I/SystemServer(  573): StartSamplingProfilerService
06-16 13:20:55.465 I/SystemServer(  573): StartNetworkTimeUpdateService
06-16 13:20:55.466 I/SystemServer(  573): StartCommonTimeManagementService
06-16 13:20:55.466 I/SystemServer(  573): CertBlacklister
06-16 13:20:55.469 I/SystemServiceManager(  573): Starting com.android.server.dreams.DreamManagerService
06-16 13:20:55.470 I/SystemServer(  573): StartAssetAtlasService
06-16 13:20:55.471 I/SystemServiceManager(  573): Starting com.android.server.print.PrintManagerService
06-16 13:20:55.475 I/SystemServiceManager(  573): Starting com.android.server.restrictions.RestrictionsManagerService
06-16 13:20:55.477 I/SystemServiceManager(  573): Starting com.android.server.media.MediaSessionService
06-16 13:20:55.482 I/SystemServer(  573): StartMediaRouterService
06-16 13:20:55.487 I/SystemServiceManager(  573): Starting com.android.server.trust.TrustManagerService
06-16 13:20:55.488 I/SystemServer(  573): StartBackgroundDexOptService
06-16 13:20:55.488 I/SystemServiceManager(  573): Starting com.android.server.pm.ShortcutService$Lifecycle
06-16 13:20:55.489 I/SystemServiceManager(  573): Starting com.android.server.pm.LauncherAppsService
06-16 13:20:55.490 I/SystemServiceManager(  573): Starting com.android.server.media.projection.MediaProjectionManagerService
06-16 13:20:55.492 I/WindowManager(  573): SAFE MODE not enabled
06-16 13:20:55.492 I/SystemServiceManager(  573): Starting com.android.server.MmsServiceBroker
06-16 13:20:55.493 W/VibratorService(  573): Tried to stop vibrating but there is no vibrator device.
06-16 13:20:55.508 E/LockSettingsStorage(  573): Cannot read file java.io.FileNotFoundException: /data/system/gatekeeper.password.key: open failed: ENOENT (No such file or directory)
06-16 13:20:55.508 E/LockSettingsStorage(  573): Cannot read file java.io.FileNotFoundException: /data/system/password.key: open failed: ENOENT (No such file or directory)
06-16 13:20:55.508 E/LockSettingsStorage(  573): Cannot read file java.io.FileNotFoundException: /data/system/gatekeeper.pattern.key: open failed: ENOENT (No such file or directory)
06-16 13:20:55.508 E/LockSettingsStorage(  573): Cannot read file java.io.FileNotFoundException: /data/system/gatekeeper.gesture.key: open failed: ENOENT (No such file or directory)
06-16 13:20:55.508 E/LockSettingsStorage(  573): Cannot read file java.io.FileNotFoundException: /data/system/gesture.key: open failed: ENOENT (No such file or directory)
06-16 13:20:55.508 I/SystemServiceManager(  573): Starting phase 480
06-16 13:20:55.510 I/DevicePolicyManagerService(  573): Set ro.device_owner property to false
06-16 13:20:55.512 I/SystemServiceManager(  573): Starting phase 500
06-16 13:20:55.516 I/WifiService(  573): WifiService starting up with Wi-Fi enabled
06-16 13:20:55.516 I/WifiScanningService(  573): Starting wifiscanner
06-16 13:20:55.520 I/RttService(  573): Registering rttmanager
06-16 13:20:55.520 I/EthernetServiceImpl(  573): Starting Ethernet service
06-16 13:20:55.528 W/SoundTriggerHelper(  573): listModules status=0, # of modules=0
06-16 13:20:55.545 W/KeyguardServiceDelegate(  573): onScreenTurningOn(): no keyguard service!
06-16 13:20:55.545 I/DefaultPermGrantPolicy(  573): Granting permissions to default platform handlers for user 0
06-16 13:20:55.545 W/VoiceInteractionManagerService(  573): no available voice interaction services found for user 0
06-16 13:20:55.545 W/VoiceInteractionManagerService(  573): no available voice recognition services found for user 0
06-16 13:20:55.550 I/ActivityManager(  573): System now ready
06-16 13:20:55.556 I/SystemServer(  573): Making services ready
06-16 13:20:55.556 I/SystemServiceManager(  573): Starting phase 550
06-16 13:20:55.557 E/InputMethodManagerService(  573): Ignoring updateSystemUiLocked due to an invalid token. uid:1000 token:null
06-16 13:20:55.564 I/surfaceflinger(  261): type=1400 audit(0.0:273): avc: denied { execmem } for scontext=u:r:surfaceflinger:s0 tcontext=u:r:surfaceflinger:s0 tclass=process permissive=1
06-16 13:20:55.624 I/main    (  269): type=1400 audit(0.0:274): avc: denied { accept } for path="/dev/socket/zygote" scontext=u:r:zygote:s0 tcontext=u:r:init:s0 tclass=unix_stream_socket permissive=1
06-16 13:20:55.624 I/main    (  269): type=1400 audit(0.0:275): avc: denied { getopt } for path="/dev/socket/zygote" scontext=u:r:zygote:s0 tcontext=u:r:init:s0 tclass=unix_stream_socket permissive=1
06-16 13:20:55.624 I/main    (  269): type=1400 audit(0.0:276): avc: denied { setopt } for path="/dev/socket/zygote" scontext=u:r:zygote:s0 tcontext=u:r:init:s0 tclass=unix_stream_socket permissive=1
06-16 13:20:55.624 I/main    (  269): type=1400 audit(0.0:277): avc: denied { read } for path="/dev/socket/zygote" scontext=u:r:zygote:s0 tcontext=u:r:init:s0 tclass=unix_stream_socket permissive=1
06-16 13:20:55.624 I/main    (  269): type=1400 audit(0.0:278): avc: denied { getattr } for path="socket:[12907]" dev="sockfs" ino=12907 scontext=u:r:zygote:s0 tcontext=u:r:init:s0 tclass=unix_stream_socket permissive=1
06-16 13:20:55.624 I/main    (  269): type=1400 audit(0.0:279): avc: denied { write } for path="/dev/socket/zygote" scontext=u:r:zygote:s0 tcontext=u:r:init:s0 tclass=unix_stream_socket permissive=1
06-16 13:20:55.635 I/Zygote  (  573): Process: zygote socket opened, supported ABIS: x86_64
06-16 13:20:55.635 I/art     (  269): Starting a blocking GC HeapTrim
06-16 13:20:55.637 I/ActivityManager(  573): Start proc 667:com.android.inputmethod.latin/u0a48 for service com.android.inputmethod.latin/.LatinIME
06-16 13:20:55.640 I/vold    (  129): type=1400 audit(0.0:280): avc: denied { read } for path="socket:[12814]" dev="sockfs" ino=12814 scontext=u:r:vold:s0 tcontext=u:r:init:s0 tclass=unix_stream_socket permissive=1
06-16 13:20:55.640 I/vold    (  129): type=1400 audit(0.0:281): avc: denied { write } for path="socket:[12814]" dev="sockfs" ino=12814 scontext=u:r:vold:s0 tcontext=u:r:init:s0 tclass=unix_stream_socket permissive=1
06-16 13:20:55.640 I/logd.writer(  119): type=1400 audit(0.0:282): avc: denied { read } for path="/dev/socket/logdw" scontext=u:r:logd:s0 tcontext=u:r:init:s0 tclass=unix_dgram_socket permissive=1
06-16 13:20:55.640 E/BitmapFactory(  573): Unable to decode stream: java.io.FileNotFoundException: /data/system/users/0/wallpaper_orig (No such file or directory)
06-16 13:20:55.640 E/WallpaperManagerService(  573): Invalid wallpaper data
06-16 13:20:55.640 E/WallpaperManagerService(  573): Unable to apply new wallpaper
06-16 13:20:55.643 I/ActivityManager(  573): Start proc 672:com.android.systemui/u0a23 for service com.android.systemui/.ImageWallpaper
06-16 13:20:55.644 I/vold    (  128): type=1400 audit(0.0:283): avc: denied { sendto } for path="/dev/socket/logdw" scontext=u:r:vold:s0 tcontext=u:r:init:s0 tclass=unix_dgram_socket permissive=1
06-16 13:20:55.644 I/ndroid.systemu(  672): type=1400 audit(0.0:284): avc: denied { sendto } for path="/dev/socket/logdw" scontext=u:r:platform_app:s0:c512,c768 tcontext=u:r:init:s0 tclass=unix_dgram_socket permissive=1
06-16 13:20:55.644 I/putmethod.lati(  667): type=1400 audit(0.0:285): avc: denied { sendto } for path="/dev/socket/logdw" scontext=u:r:untrusted_app:s0:c512,c768 tcontext=u:r:init:s0 tclass=unix_dgram_socket permissive=1
06-16 13:20:55.644 E/BluetoothAdapter(  573): Bluetooth binder is null
06-16 13:20:55.644 E/BluetoothAdapter(  573): Bluetooth binder is null
06-16 13:20:55.644 I/ActivityManager(  573): Force stopping com.android.providers.media appid=10010 user=-1: vold reset
06-16 13:20:55.645 I/AudioFlinger(  271): systemReady
06-16 13:20:55.646 W/art     (  667): Unexpected CPU variant for X86 using defaults: x86_64
06-16 13:20:55.647 W/art     (  672): Unexpected CPU variant for X86 using defaults: x86_64
06-16 13:20:55.648 I/SystemServer(  573): WebViewFactory preparation
06-16 13:20:55.652 W/sdcard  (  677): Device explicitly disabled sdcardfs
06-16 13:20:55.655 E/WVMExtractor(  573): Failed to open libwvm.so: dlopen failed: library "libwvm.so" not found
06-16 13:20:55.657 E/linker  (  279): library /system/lib/libavcodec.so with text relocation is whitelisted
06-16 13:20:55.657 W/linker  (  279): /system/lib/libavcodec.so has text relocations. This is wasting memory and prevents security hardening. Please fix.
06-16 13:20:55.657 E/linker  (  279): library /system/lib/libavcodec.so with text relocation is whitelisted
06-16 13:20:55.658 E/linker  (  279): library /system/lib/libswresample.so with text relocation is whitelisted
06-16 13:20:55.658 W/linker  (  279): /system/lib/libswresample.so has text relocations. This is wasting memory and prevents security hardening. Please fix.
06-16 13:20:55.658 E/linker  (  279): library /system/lib/libswresample.so with text relocation is whitelisted
06-16 13:20:55.667 I/FFmpegExtractor(  279): android-source:0xf16dc000
06-16 13:20:55.673 I/Zygote  (  573): Process: zygote socket opened, supported ABIS: x86
06-16 13:20:55.673 I/art     (  270): Starting a blocking GC Background
06-16 13:20:55.687 I/ActivityManager(  573): Start proc 703:WebViewLoader-x86/1037 [android.webkit.WebViewFactory$RelroFileCreator] for 
06-16 13:20:55.693 W/art     (  708): Unexpected CPU variant for X86 using defaults: x86_64
06-16 13:20:55.694 W/art     (  703): Unexpected CPU variant for X86 using defaults: x86
06-16 13:20:55.698 I/ActivityManager(  573): Start proc 708:WebViewLoader-x86_64/1037 [android.webkit.WebViewFactory$RelroFileCreator] for 
06-16 13:20:55.699 I/NetworkManagement(  573): not enabling bandwidth control
06-16 13:20:55.712 W/System  (  672): ClassLoader referenced unknown path: /system/priv-app/SystemUI/lib/x86_64
06-16 13:20:55.728 I/FFMPEG  (  279): Input #0, ogg, from 'android-source:0xf16dc000':
06-16 13:20:55.728 I/FFMPEG  (  279):   Duration: 00:00:00.09, start: 0.000000, bitrate: 437 kb/s
06-16 13:20:55.728 I/FFMPEG  (  279):     Stream #0:0: Audio: vorbis, 48000 Hz, stereo, fltp, 96 kb/s
06-16 13:20:55.728 I/FFmpegExtractor(  279): FFmpegExtrator, url: android-source:0xf16dc000, format_name: ogg, format_long_name: Ogg
06-16 13:20:55.728 I/FFmpegExtractor(  279): list the formats suppoted by ffmpeg: 
06-16 13:20:55.728 I/FFmpegExtractor(  279): ========================================
06-16 13:20:55.728 I/FFmpegExtractor(  279): ========================================
06-16 13:20:55.728 I/FFmpegExtractor(  279): adjust mime(application/ogg -> audio/vorbis)
06-16 13:20:55.728 I/FFmpegExtractor(  279): sniff through BetterSniffFFMPEG success
06-16 13:20:55.730 I/MediaPlayerService(  280): MediaPlayerService::getOMX
06-16 13:20:55.730 I/OMXClient(  280): MuxOMX ctor
06-16 13:20:55.731 I/MediaPlayerService(  280): MediaPlayerService::getOMX
06-16 13:20:55.732 I/OMXClient(  280): MuxOMX ctor
06-16 13:20:55.732 I/OMXMaster(  277): makeComponentInstance(OMX.google.mp3.decoder) in mediacodec process
06-16 13:20:55.745 W/NetworkManagement(  573): setDataSaverMode(): already false
06-16 13:20:55.747 W/NetworkStats(  573): bandwidth controls disabled, unable to track stats
06-16 13:20:55.747 W/NetworkPolicy(  573): bandwidth controls disabled, unable to enforce policy
06-16 13:20:55.757 I/SystemServiceManager(  573): Starting phase 600
06-16 13:20:55.760 I/MediaPlayerService(  280): MediaPlayerService::getOMX
06-16 13:20:55.760 I/OMXClient(  280): MuxOMX ctor
06-16 13:20:55.761 I/OMXMaster(  277): makeComponentInstance(OMX.google.amrnb.decoder) in mediacodec process
06-16 13:20:55.763 I/GnssLocationProvider(  573): WakeLock acquired by sendMessage(13, 0, null)
06-16 13:20:55.763 E/GnssLocationProvider(  573): no AGPS interface in set_agps_server
06-16 13:20:55.764 W/ServiceWatcher(  573): com.google.android.gms not found
06-16 13:20:55.764 W/ServiceWatcher(  573): com.google.android.gms not found
06-16 13:20:55.764 W/LocationProviderProxy-network(  573): Odd, no component found for service com.android.location.service.v3.NetworkLocationProvider
06-16 13:20:55.764 W/ServiceWatcher(  573): com.google.android.gms not found
06-16 13:20:55.765 W/ServiceWatcher(  573): com.google.android.gms not found
06-16 13:20:55.765 W/GeocoderProxy(  573): Odd, no component found for service com.android.location.service.GeocodeProvider
06-16 13:20:55.765 E/FlpHardwareProvider(  573): Error hw_get_module 'flp': -2
06-16 13:20:55.765 W/ServiceWatcher(  573): com.google.android.gms not found
06-16 13:20:55.766 W/GeofenceProxy(  573): Odd, no component found for service com.android.location.service.GeofenceProvider
06-16 13:20:55.766 E/ActivityRecognitionHardware(  573): Error hw_get_module: -2
06-16 13:20:55.766 W/ServiceWatcher(  573): com.google.android.gms not found
06-16 13:20:55.766 W/ActivityRecognitionProxy(  573): Odd, no component found for service com.android.location.service.ActivityRecognitionProvider
06-16 13:20:55.766 I/GnssLocationProvider(  573): WakeLock acquired by sendMessage(2, 1, null)
06-16 13:20:55.766 I/GnssLocationProvider(  573): WakeLock released by handleMessage(13, 0, null)
06-16 13:20:55.766 I/art     (  703): System.exit called, status: 0
06-16 13:20:55.766 I/AndroidRuntime(  703): VM exiting with result code 0, cleanup skipped.
06-16 13:20:55.773 E/GnssLocationProvider(  573): no AGPS interface in set_agps_server
06-16 13:20:55.773 I/GnssLocationProvider(  573): WakeLock released by handleMessage(2, 1, null)
06-16 13:20:55.774 I/MediaPlayerService(  280): MediaPlayerService::getOMX
06-16 13:20:55.774 I/OMXClient(  280): MuxOMX ctor
06-16 13:20:55.774 I/OMXMaster(  277): makeComponentInstance(OMX.google.amrwb.decoder) in mediacodec process
06-16 13:20:55.775 I/MediaPlayerService(  280): MediaPlayerService::getOMX
06-16 13:20:55.775 I/OMXClient(  280): MuxOMX ctor
06-16 13:20:55.775 I/OMXMaster(  277): makeComponentInstance(OMX.google.aac.decoder) in mediacodec process
06-16 13:20:55.778 I/CommonTimeManagementService(  573): No common time service detected on this platform.  Common time services will be unavailable.
06-16 13:20:55.778 I/InputReader(  573): Reconfiguring input devices.  changes=0x00000020
06-16 13:20:55.779 I/MmsServiceBroker(  573): Delay connecting to MmsService until an API is called
06-16 13:20:55.779 I/MediaPlayerService(  280): MediaPlayerService::getOMX
06-16 13:20:55.779 I/InputReader(  573): Reconfiguring input devices.  changes=0x00000010
06-16 13:20:55.779 I/OMXClient(  280): MuxOMX ctor
06-16 13:20:55.780 I/OMXMaster(  277): makeComponentInstance(OMX.google.g711.alaw.decoder) in mediacodec process
06-16 13:20:55.780 W/VoiceInteractionManagerService(  573): no available voice interaction services found for user 0
06-16 13:20:55.780 W/VoiceInteractionManagerService(  573): no available voice recognition services found for user 0
06-16 13:20:55.783 W/art     (  755): Unexpected CPU variant for X86 using defaults: x86_64
06-16 13:20:55.790 I/ActivityManager(  573): Start proc 755:com.android.phone/1001 for added application com.android.phone
06-16 13:20:55.798 W/art     (  762): Unexpected CPU variant for X86 using defaults: x86_64
06-16 13:20:55.799 I/MediaPlayerService(  280): MediaPlayerService::getOMX
06-16 13:20:55.799 I/OMXClient(  280): MuxOMX ctor
06-16 13:20:55.799 I/OMXMaster(  277): makeComponentInstance(OMX.google.g711.mlaw.decoder) in mediacodec process
06-16 13:20:55.801 I/ActivityManager(  573): Start proc 762:com.genymobile.webrtcd/1000 for added application com.genymobile.webrtcd
06-16 13:20:55.801 I/ActivityManager(  573): START u0 {act=android.intent.action.MAIN cat=[android.intent.category.HOME] flg=0x10000100 cmp=com.android.settings/.FallbackHome} from uid 0 on display 0
06-16 13:20:55.801 W/System  (  573): ClassLoader referenced unknown path: 
06-16 13:20:55.801 W/System  (  573): ClassLoader referenced unknown path: /system/priv-app/Settings/lib/x86_64
06-16 13:20:55.803 I/ActivityManager(  573): Loaded persisted task ids for user 0
06-16 13:20:55.806 W/art     (  778): Unexpected CPU variant for X86 using defaults: x86_64
06-16 13:20:55.811 I/art     (  708): System.exit called, status: 0
06-16 13:20:55.811 I/AndroidRuntime(  708): VM exiting with result code 0, cleanup skipped.
06-16 13:20:55.812 I/MediaPlayerService(  280): MediaPlayerService::getOMX
06-16 13:20:55.812 I/OMXClient(  280): MuxOMX ctor
06-16 13:20:55.812 I/OMXMaster(  277): makeComponentInstance(OMX.google.vorbis.decoder) in mediacodec process
06-16 13:20:55.814 I/ActivityManager(  573): Start proc 778:com.android.settings/1000 for activity com.android.settings/.FallbackHome
06-16 13:20:55.823 I/SystemServer(  573): Enabled StrictMode for system server main thread.
06-16 13:20:55.824 W/ContextImpl(  573): Calling a method in the system process without a qualified user: android.app.ContextImpl.startService:1385 com.android.server.content.SyncManager$13.run:631 android.os.Handler.handleCallback:751 android.os.Handler.dispatchMessage:95 android.os.Looper.loop:154 
06-16 13:20:55.829 W/System  (  755): ClassLoader referenced unknown path: /system/priv-app/TeleService/lib/x86_64
06-16 13:20:55.831 I/MediaPlayerService(  280): MediaPlayerService::getOMX
06-16 13:20:55.831 I/OMXClient(  280): MuxOMX ctor
06-16 13:20:55.831 I/OMXMaster(  277): makeComponentInstance(OMX.google.gsm.decoder) in mediacodec process
06-16 13:20:55.849 I/MediaPlayerService(  280): MediaPlayerService::getOMX
06-16 13:20:55.849 I/OMXClient(  280): MuxOMX ctor
06-16 13:20:55.849 I/OMXMaster(  277): makeComponentInstance(OMX.google.opus.decoder) in mediacodec process
06-16 13:20:55.857 I/LatinIME(  667): Hardware accelerated drawing: true
06-16 13:20:55.876 W/LocationProviderProxy-network(  573): Odd, no component found for service com.android.location.service.v3.NetworkLocationProvider
06-16 13:20:55.876 W/GeocoderProxy(  573): Odd, no component found for service com.android.location.service.GeocodeProvider
06-16 13:20:55.876 W/GeofenceProxy(  573): Odd, no component found for service com.android.location.service.GeofenceProvider
06-16 13:20:55.876 W/ActivityRecognitionProxy(  573): Odd, no component found for service com.android.location.service.ActivityRecognitionProvider
06-16 13:20:55.879 I/MediaPlayerService(  280): MediaPlayerService::getOMX
06-16 13:20:55.879 I/OMXClient(  280): MuxOMX ctor
06-16 13:20:55.879 I/OMXMaster(  277): makeComponentInstance(OMX.google.raw.decoder) in mediacodec process
06-16 13:20:55.882 W/System  (  755): ClassLoader referenced unknown path: /system/priv-app/TelephonyProvider/lib/x86_64
06-16 13:20:55.890 W/System  (  778): ClassLoader referenced unknown path: /system/priv-app/Settings/lib/x86_64
06-16 13:20:55.898 W/InputAttributes(  667): No editor info for this field. Bug?
06-16 13:20:55.907 I/MediaPlayerService(  280): MediaPlayerService::getOMX
06-16 13:20:55.907 I/OMXClient(  280): MuxOMX ctor
06-16 13:20:55.907 I/OMXMaster(  277): makeComponentInstance(OMX.google.flac.decoder) in mediacodec process
06-16 13:20:55.907 E/OMX     (  277): FAILED to allocate omx component 'OMX.google.flac.decoder' err=InvalidComponentName(0x80001002)
06-16 13:20:55.907 I/MediaPlayerService(  280): MediaPlayerService::getOMX
06-16 13:20:55.907 I/OMXClient(  280): MuxOMX ctor
06-16 13:20:55.907 I/OMXMaster(  277): makeComponentInstance(OMX.google.mp2.decoder) in mediacodec process
06-16 13:20:55.907 E/OMX     (  277): FAILED to allocate omx component 'OMX.google.mp2.decoder' err=InvalidComponentName(0x80001002)
06-16 13:20:55.907 I/MediaPlayerService(  280): MediaPlayerService::getOMX
06-16 13:20:55.907 I/OMXClient(  280): MuxOMX ctor
06-16 13:20:55.907 I/OMXMaster(  277): makeComponentInstance(OMX.google.ac3.decoder) in mediacodec process
06-16 13:20:55.907 E/OMX     (  277): FAILED to allocate omx component 'OMX.google.ac3.decoder' err=InvalidComponentName(0x80001002)
06-16 13:20:55.907 I/MediaPlayerService(  280): MediaPlayerService::getOMX
06-16 13:20:55.907 I/OMXClient(  280): MuxOMX ctor
06-16 13:20:55.907 I/OMXMaster(  277): makeComponentInstance(OMX.ffmpeg.pcm.decoder) in mediacodec process
06-16 13:20:55.910 E/linker  (  277): library /system/lib/libavcodec.so with text relocation is whitelisted
06-16 13:20:55.910 W/linker  (  277): /system/lib/libavcodec.so has text relocations. This is wasting memory and prevents security hardening. Please fix.
06-16 13:20:55.910 E/linker  (  277): library /system/lib/libavcodec.so with text relocation is whitelisted
06-16 13:20:55.910 E/linker  (  277): library /system/lib/libswresample.so with text relocation is whitelisted
06-16 13:20:55.910 W/linker  (  277): /system/lib/libswresample.so has text relocations. This is wasting memory and prevents security hardening. Please fix.
06-16 13:20:55.910 E/linker  (  277): library /system/lib/libswresample.so with text relocation is whitelisted
06-16 13:20:55.912 I/LatinIME:LogUtils(  667): Dictionary info: dictionary = userunigram.en_US ; version = 1750094455 ; date = ?
06-16 13:20:55.913 E/ActivityThread(  667): Failed to find provider info for user_dictionary
06-16 13:20:55.913 I/LatinIME:LogUtils(  667): Dictionary info: dictionary = UserHistoryDictionary.en_US ; version = 1750094455 ; date = ?
06-16 13:20:55.924 I/WifiScanningService(  573): wifi driver unloaded
06-16 13:20:55.928 W/System  (  573): ClassLoader referenced unknown path: /system/priv-app/Telecom/lib/x86_64
06-16 13:20:55.942 W/FingerprintManager(  672): isFingerprintHardwareDetected(): Service not connected!
06-16 13:20:55.942 W/FingerprintManager(  672): addLockoutResetCallback(): Service not connected!
06-16 13:20:55.943 I/MediaPlayerService(  280): MediaPlayerService::getOMX
06-16 13:20:55.943 I/OMXClient(  280): MuxOMX ctor
06-16 13:20:55.943 I/OMXMaster(  277): makeComponentInstance(OMX.google.h263.decoder) in mediacodec process
06-16 13:20:55.943 I/LatinIME:LogUtils(  667): Dictionary info: dictionary = main:en ; version = 54 ; date = 1414726273
06-16 13:20:55.945 W/ContextImpl(  762): Calling a method in the system process without a qualified user: android.app.ContextImpl.startService:1385 android.content.ContextWrapper.startService:613 com.genymobile.webrtcd.WebrtcdApp.onCreate:19 android.app.Instrumentation.callApplicationOnCreate:1024 android.app.ActivityThread.handleBindApplication:5361 
06-16 13:20:55.956 I/Webrtcd.Service(  762): Received start id 1: Intent { cmp=com.genymobile.webrtcd/.LifecycleService }
06-16 13:20:55.956 I/Webrtcd.Service(  762): Starting server
06-16 13:20:55.964 E/BluetoothAdapter(  573): Bluetooth binder is null
06-16 13:20:55.973 I/Telecom (  573): SystemStateProvider: Registering car mode receiver: android.content.IntentFilter@8cc30f9: TS.init@AAA
06-16 13:20:55.975 E/OMXNodeInstance(  277): getExtensionIndex(115000c:google.h263.decoder, OMX.google.android.index.configureVideoTunnelMode) ERROR: UnsupportedIndex(0x8000101a)
06-16 13:20:55.975 W/OMXNodeInstance(  277): [115000c:google.h263.decoder] component does not support metadata mode; using fallback
06-16 13:20:55.976 I/MediaPlayerService(  280): MediaPlayerService::getOMX
06-16 13:20:55.976 I/OMXClient(  280): MuxOMX ctor
06-16 13:20:55.976 I/OMXMaster(  277): makeComponentInstance(OMX.google.h264.decoder) in mediacodec process
06-16 13:20:55.977 E/WVMExtractor(  672): Failed to open libwvm.so: dlopen failed: library "libwvm.so" not found
06-16 13:20:55.979 I/FFmpegExtractor(  279): android-source:0xf16dca00
06-16 13:20:55.981 I/FFMPEG  (  279): Input #0, ogg, from 'android-source:0xf16dca00':
06-16 13:20:55.981 I/FFMPEG  (  279):   Duration: 00:00:00.23, start: 0.000000, bitrate: 293 kb/s
06-16 13:20:55.981 I/FFMPEG  (  279):     Stream #0:0: Audio: vorbis, 44100 Hz, stereo, fltp, 160 kb/s
06-16 13:20:55.981 I/FFmpegExtractor(  279): FFmpegExtrator, url: android-source:0xf16dca00, format_name: ogg, format_long_name: Ogg
06-16 13:20:55.981 I/FFmpegExtractor(  279): list the formats suppoted by ffmpeg: 
06-16 13:20:55.981 I/FFmpegExtractor(  279): ========================================
06-16 13:20:55.981 I/FFmpegExtractor(  279): ========================================
06-16 13:20:55.981 I/FFmpegExtractor(  279): adjust mime(application/ogg -> audio/vorbis)
06-16 13:20:55.981 I/FFmpegExtractor(  279): sniff through BetterSniffFFMPEG success
06-16 13:20:55.982 I/Telecom (  573): Telecom: Non-call EVENT: AUDIO_ROUTE, Entering state QuiescentEarpieceRoute
06-16 13:20:55.996 I/Telecom (  573): CallAudioModeStateMachine: Message received: null.: TS.init->CAMSM.pM_1@AAA_0
06-16 13:20:56.006 E/BluetoothAdapter(  573): Bluetooth binder is null
06-16 13:20:56.006 E/ActivityThread(  573): Failed to find provider info for call_log
06-16 13:20:56.008 W/ACodec  (  280): [OMX.google.h264.decoder] stopping checking profiles after 32: 2/8000
06-16 13:20:56.008 E/OMXNodeInstance(  277): getExtensionIndex(115000d:google.h264.decoder, OMX.google.android.index.configureVideoTunnelMode) ERROR: UnsupportedIndex(0x8000101a)
06-16 13:20:56.008 W/OMXNodeInstance(  277): [115000d:google.h264.decoder] component does not support metadata mode; using fallback
06-16 13:20:56.009 I/Telecom (  573): Class: TelecomSystem.INSTANCE being set
06-16 13:20:56.009 E/BluetoothAdapter(  573): Bluetooth binder is null
06-16 13:20:56.013 W/System  (  573): ClassLoader referenced unknown path: /system/priv-app/FusedLocation/lib/x86_64
06-16 13:20:56.022 I/MediaPlayerService(  280): MediaPlayerService::getOMX
06-16 13:20:56.022 I/OMXClient(  280): MuxOMX ctor
06-16 13:20:56.022 I/OMXMaster(  277): makeComponentInstance(OMX.google.vp8.decoder) in mediacodec process
06-16 13:20:56.027 E/SoftapController(  281): Softap fwReload - NULL path for STA
06-16 13:20:56.029 E/WifiMonitor(  573): killSupplicant p2pfalse init.svc.wpa_supplicant=unknown init.svc.p2p_supplicant=unknown
06-16 13:20:56.029 E/wifi    (  573): Can not initialize the vendor function pointer table
06-16 13:20:56.029 E/WifiNative-HAL(  573): Could not start hal
06-16 13:20:56.029 E/WifiStateMachine(  573): Failed to start HAL
06-16 13:20:56.040 I/OpenGLRenderer(  778): Initialized EGL, version 1.4
06-16 13:20:56.045 I/SyncManager(  573): Got SyncJobService instance.
06-16 13:20:56.058 E/OMXNodeInstance(  277): getExtensionIndex(115000e:google.vp8.decoder, OMX.google.android.index.configureVideoTunnelMode) ERROR: UnsupportedIndex(0x8000101a)
06-16 13:20:56.058 W/OMXNodeInstance(  277): [115000e:google.vp8.decoder] component does not support metadata mode; using fallback
06-16 13:20:56.059 I/MediaPlayerService(  280): MediaPlayerService::getOMX
06-16 13:20:56.063 I/OMXClient(  280): MuxOMX ctor
06-16 13:20:56.063 I/OMXMaster(  277): makeComponentInstance(OMX.google.vp9.decoder) in mediacodec process
06-16 13:20:56.073 I/SystemServiceManager(  573): Starting phase 1000
06-16 13:20:56.079 I/vol.Events(  672): writeEvent collection_started
06-16 13:20:56.088 I/vold    (  129): type=1400 audit(0.0:323): avc: denied { read } for path="socket:[12814]" dev="sockfs" ino=12814 scontext=u:r:vold:s0 tcontext=u:r:init:s0 tclass=unix_stream_socket permissive=1
06-16 13:20:56.088 I/vold    (  129): type=1400 audit(0.0:324): avc: denied { write } for path="socket:[12814]" dev="sockfs" ino=12814 scontext=u:r:vold:s0 tcontext=u:r:init:s0 tclass=unix_stream_socket permissive=1
06-16 13:20:56.089 I/ActivityManager(  573): Start proc 869:android.ext.services/u0a12 for on-hold
06-16 13:20:56.092 I/logd.writer(  119): type=1400 audit(0.0:325): avc: denied { read } for path="/dev/socket/logdw" scontext=u:r:logd:s0 tcontext=u:r:init:s0 tclass=unix_dgram_socket permissive=1
06-16 13:20:56.093 W/art     (  869): Unexpected CPU variant for X86 using defaults: x86_64
06-16 13:20:56.108 I/JDWP    (  878): type=1400 audit(0.0:326): avc: denied { connectto } for path=006A6477702D636F6E74726F6C scontext=u:r:platform_app:s0:c512,c768 tcontext=u:r:init:s0 tclass=unix_stream_socket permissive=1
06-16 13:20:56.109 E/OMXNodeInstance(  277): getExtensionIndex(115000f:google.vp9.decoder, OMX.google.android.index.configureVideoTunnelMode) ERROR: UnsupportedIndex(0x8000101a)
06-16 13:20:56.109 W/OMXNodeInstance(  277): [115000f:google.vp9.decoder] component does not support metadata mode; using fallback
06-16 13:20:56.112 I/MediaPlayerService(  280): MediaPlayerService::getOMX
06-16 13:20:56.112 I/OMXClient(  280): MuxOMX ctor
06-16 13:20:56.113 I/OMXMaster(  277): makeComponentInstance(OMX.google.hevc.decoder) in mediacodec process
06-16 13:20:56.116 I/wpa_supplicant(  857): type=1400 audit(0.0:327): avc: denied { sendto } for path="/dev/socket/logdw" scontext=u:r:wpa:s0 tcontext=u:r:init:s0 tclass=unix_dgram_socket permissive=1
06-16 13:20:56.116 I/wpa_supplicant(  857): Successfully initialized wpa_supplicant
06-16 13:20:56.200 I/Thread-2(  887): type=1400 audit(0.0:328): avc: denied { write } for name="token.js" dev="xvda7" ino=8120 scontext=u:r:system_app:s0 tcontext=u:object_r:system_data_file:s0 tclass=file permissive=1
06-16 13:20:56.204 E/wpa_supplicant(  857): global ctrl interface @android:wpa_wlan0 matches ctrl interface wlan0 - do not open per-interface ctrl interface
06-16 13:20:56.210 E/OMXNodeInstance(  277): getExtensionIndex(1150010:google.hevc.decoder, OMX.google.android.index.configureVideoTunnelMode) ERROR: UnsupportedIndex(0x8000101a)
06-16 13:20:56.210 W/OMXNodeInstance(  277): [1150010:google.hevc.decoder] component does not support metadata mode; using fallback
06-16 13:20:56.211 I/MediaPlayerService(  280): MediaPlayerService::getOMX
06-16 13:20:56.211 I/OMXClient(  280): MuxOMX ctor
06-16 13:20:56.211 I/OMXMaster(  277): makeComponentInstance(OMX.google.mpeg2v.decoder) in mediacodec process
06-16 13:20:56.211 E/OMX     (  277): FAILED to allocate omx component 'OMX.google.mpeg2v.decoder' err=InvalidComponentName(0x80001002)
06-16 13:20:56.212 I/wpa_supplicant(  857): type=1400 audit(0.0:329): avc: denied { getopt } for path="/dev/socket/wpa_wlan0" scontext=u:r:wpa:s0 tcontext=u:r:init:s0 tclass=unix_dgram_socket permissive=1
06-16 13:20:56.212 I/wpa_supplicant(  857): type=1400 audit(0.0:330): avc: denied { ioctl } for path="socket:[13222]" dev="sockfs" ino=13222 ioctlcmd=5411 scontext=u:r:wpa:s0 tcontext=u:r:init:s0 tclass=unix_dgram_socket permissive=1
06-16 13:20:56.212 I/wpa_supplicant(  857): type=1400 audit(0.0:331): avc: denied { sendto } for path="/data/misc/wifi/sockets/wpa_ctrl_573-2" scontext=u:r:init:s0 tcontext=u:r:system_server:s0 tclass=unix_dgram_socket permissive=1
06-16 13:20:56.212 I/MediaPlayerService(  280): MediaPlayerService::getOMX
06-16 13:20:56.212 I/OMXClient(  280): MuxOMX ctor
06-16 13:20:56.212 I/OMXMaster(  277): makeComponentInstance(OMX.ffmpeg.mpeg4.decoder) in mediacodec process
06-16 13:20:56.215 E/linker  (  277): library /system/lib/libavcodec.so with text relocation is whitelisted
06-16 13:20:56.215 W/linker  (  277): /system/lib/libavcodec.so has text relocations. This is wasting memory and prevents security hardening. Please fix.
06-16 13:20:56.215 E/linker  (  277): library /system/lib/libavcodec.so with text relocation is whitelisted
06-16 13:20:56.215 E/linker  (  277): library /system/lib/libswscale.so with text relocation is whitelisted
06-16 13:20:56.215 W/linker  (  277): /system/lib/libswscale.so has text relocations. This is wasting memory and prevents security hardening. Please fix.
06-16 13:20:56.215 E/linker  (  277): library /system/lib/libswscale.so with text relocation is whitelisted
06-16 13:20:56.221 W/art     (  573): Long monitor contention with owner ActivityManager (587) at void com.android.server.am.ActivityManagerService.finishBooting()(ActivityManagerService.java:6844) waiters=2 in java.lang.String com.android.server.am.ActivityManagerService.checkContentProviderAccess(java.lang.String, int) for 139ms
06-16 13:20:56.281 E/linker  (  277): library /system/lib/libswresample.so with text relocation is whitelisted
06-16 13:20:56.281 W/linker  (  277): /system/lib/libswresample.so has text relocations. This is wasting memory and prevents security hardening. Please fix.
06-16 13:20:56.281 E/linker  (  277): library /system/lib/libswresample.so with text relocation is whitelisted
06-16 13:20:56.288 I/org.webrtc.Logging(  762): EglBase14Impl: SDK version: 24. isEGL14Supported: true
06-16 13:20:56.288 I/org.webrtc.Logging(  762): EglBase14Impl: Using OpenGL ES version 2
06-16 13:20:56.289 I/ActivityManager(  573): Displayed com.android.settings/.FallbackHome: +485ms
06-16 13:20:56.290 E/OMXNodeInstance(  277): getParameter(1150011:ffmpeg.mpeg4.decoder, ParamVideoProfileLevelQuerySupported(0x600000f)) ERROR: UnsupportedIndex(0x8000101a)
06-16 13:20:56.295 W/KeyguardServiceDelegate(  573): onScreenTurningOn(): no keyguard service!
06-16 13:20:56.354 E/OMXNodeInstance(  277): getExtensionIndex(1150011:ffmpeg.mpeg4.decoder, OMX.google.android.index.configureVideoTunnelMode) ERROR: UnsupportedIndex(0x8000101a)
06-16 13:20:56.354 W/OMXNodeInstance(  277): [1150011:ffmpeg.mpeg4.decoder] component does not support metadata mode; using fallback
06-16 13:20:56.354 E/OMXNodeInstance(  277): getExtensionIndex(1150011:ffmpeg.mpeg4.decoder, OMX.google.android.index.prepareForAdaptivePlayback) ERROR: UnsupportedIndex(0x8000101a)
06-16 13:20:56.361 I/MediaPlayerService(  280): MediaPlayerService::getOMX
06-16 13:20:56.361 I/OMXClient(  280): MuxOMX ctor
06-16 13:20:56.361 I/OMXMaster(  277): makeComponentInstance(OMX.google.aac.encoder) in mediacodec process
06-16 13:20:56.362 W/System  (  869): ClassLoader referenced unknown path: /system/priv-app/ExtServices/lib/x86_64
06-16 13:20:56.362 W/WifiNetworkHistory(  573): Upgrading network 0 to android.uid.system:1000
06-16 13:20:56.363 W/VibratorService(  573): Tried to stop vibrating but there is no vibrator device.
06-16 13:20:56.363 E/IpConfigStore(  573): Error parsing configuration: java.io.FileNotFoundException: /data/misc/wifi/ipconfig.txt (No such file or directory)
06-16 13:20:56.367 I/org.webrtc.Logging(  762): NativeLibrary: Loading native library: jingle_peerconnection_so
06-16 13:20:56.367 I/org.webrtc.Logging(  762): NativeLibrary: Loading library: jingle_peerconnection_so
06-16 13:20:56.375 I/ActivityManager(  573): Start proc 896:com.android.deskclock/u0a38 for broadcast com.android.deskclock/.AlarmInitReceiver
06-16 13:20:56.376 I/WifiConnectivityManager(  573): PNO settings: min5GHzRssi -82 min24GHzRssi -85 currentConnectionBonus 16 sameNetworkBonus 24 secureNetworkBonus 80 initialScoreMax 100
06-16 13:20:56.376 I/WifiConnectivityManager(  573): ConnectivityScanManager initialized 
06-16 13:20:56.376 E/WifiLogger(  573): no ring buffers found
06-16 13:20:56.376 E/WifiLogger(  573): Failed to start packet fate monitoring
06-16 13:20:56.377 W/art     (  896): Unexpected CPU variant for X86 using defaults: x86_64
06-16 13:20:56.437 I/MediaPlayerService(  280): MediaPlayerService::getOMX
06-16 13:20:56.437 I/OMXClient(  280): MuxOMX ctor
06-16 13:20:56.437 I/OMXMaster(  277): makeComponentInstance(OMX.google.amrnb.encoder) in mediacodec process
06-16 13:20:56.440 I/JDWP    (  905): type=1400 audit(0.0:332): avc: denied { connectto } for path=006A6477702D636F6E74726F6C scontext=u:r:untrusted_app:s0:c512,c768 tcontext=u:r:init:s0 tclass=unix_stream_socket permissive=1
06-16 13:20:56.444 I/viders.calenda(  914): type=1400 audit(0.0:333): avc: denied { sendto } for path="/dev/socket/logdw" scontext=u:r:priv_app:s0:c512,c768 tcontext=u:r:init:s0 tclass=unix_dgram_socket permissive=1
06-16 13:20:56.444 I/mediacodec(  277): type=1400 audit(0.0:334): avc: denied { sendto } for path="/dev/socket/logdw" scontext=u:r:mediacodec:s0 tcontext=u:r:init:s0 tclass=unix_dgram_socket permissive=1
06-16 13:20:56.444 I/WifiStateMachin(  644): type=1400 audit(0.0:335): avc: denied { sendto } for path="/dev/socket/wpa_wlan0" scontext=u:r:system_server:s0 tcontext=u:r:init:s0 tclass=unix_dgram_socket permissive=1
06-16 13:20:56.445 W/art     (  914): Unexpected CPU variant for X86 using defaults: x86_64
06-16 13:20:56.445 W/ActivityManager(  573): Slow operation: 68ms so far, now at startProcess: returned from zygote!
06-16 13:20:56.445 W/ActivityManager(  573): Slow operation: 68ms so far, now at startProcess: done updating battery stats
06-16 13:20:56.446 W/ActivityManager(  573): Slow operation: 68ms so far, now at startProcess: building log message
06-16 13:20:56.446 I/ActivityManager(  573): Start proc 914:com.android.providers.calendar/u0a2 for content provider com.android.providers.calendar/.CalendarProvider2
06-16 13:20:56.446 W/ActivityManager(  573): Slow operation: 68ms so far, now at startProcess: starting to update pids map
06-16 13:20:56.446 W/ActivityManager(  573): Slow operation: 68ms so far, now at startProcess: done updating pids map
06-16 13:20:56.446 W/ActivityManager(  573): Slow operation: 68ms so far, now at startProcess: done starting proc!
06-16 13:20:56.446 W/ActivityManager(  573): Slow operation: 68ms so far, now at getContentProviderImpl: after start process
06-16 13:20:56.446 W/ActivityManager(  573): Slow operation: 68ms so far, now at getContentProviderImpl: updating data structures
06-16 13:20:56.446 W/ActivityManager(  573): Slow operation: 68ms so far, now at getContentProviderImpl: done!
06-16 13:20:56.446 I/MediaPlayerService(  280): MediaPlayerService::getOMX
06-16 13:20:56.446 I/OMXClient(  280): MuxOMX ctor
06-16 13:20:56.446 I/OMXMaster(  277): makeComponentInstance(OMX.google.amrwb.encoder) in mediacodec process
06-16 13:20:56.448 I/JDWP    (  924): type=1400 audit(0.0:336): avc: denied { connectto } for path=006A6477702D636F6E74726F6C scontext=u:r:priv_app:s0:c512,c768 tcontext=u:r:init:s0 tclass=unix_stream_socket permissive=1
06-16 13:20:56.448 I/WifiConnectivityManager(  573): Set WiFi enabled
06-16 13:20:56.448 I/WifiConnectivityManager(  573): scheduleWatchdogTimer
06-16 13:20:56.448 W/AlarmManager(  573): Unrecognized alarm listener com.android.server.wifi.WifiConnectivityManager$3@3a951b1
06-16 13:20:56.448 E/WifiScanner(  573): listener cannot be found
06-16 13:20:56.448 E/BatteryStatsService(  573): no controller energy info supplied
06-16 13:20:56.449 E/WifiConnectivityManager(  573): SingleScanListener onFailure: reason: -1 description: not available
06-16 13:20:56.516 I/rild    (  289): type=1400 audit(0.0:337): avc: denied { sendto } for path="/dev/socket/logdw" scontext=u:r:rild:s0 tcontext=u:r:init:s0 tclass=unix_dgram_socket permissive=1
06-16 13:20:56.516 I/MediaPlayerService(  280): MediaPlayerService::getOMX
06-16 13:20:56.516 I/OMXClient(  280): MuxOMX ctor
06-16 13:20:56.516 I/OMXMaster(  277): makeComponentInstance(OMX.google.h263.encoder) in mediacodec process
06-16 13:20:56.517 E/BatteryStatsService(  573): no controller energy info supplied
06-16 13:20:56.524 I/droid.deskclock(  896): type=1400 audit(0.0:338): avc: denied { sendto } for path="/dev/socket/logdw" scontext=u:r:untrusted_app:s0:c512,c768 tcontext=u:r:init:s0 tclass=unix_dgram_socket permissive=1
06-16 13:20:56.527 W/System  (  896): ClassLoader referenced unknown path: /system/app/DeskClock/lib/x86_64
06-16 13:20:56.537 I/Telecom (  573): WiredHeadsetManager: ACTION_HEADSET_PLUG event, plugged in: false, : WHC.oADA@AAE
06-16 13:20:56.603 I/ActivityManager(  573): user 0 is still locked. Cannot load recents
06-16 13:20:56.603 I/art     (  573): Background sticky concurrent mark sweep GC freed 26850(1388KB) AllocSpace objects, 2(72KB) LOS objects, 16% free, 7MB/9MB, paused 1.925ms total 155.177ms
06-16 13:20:56.608 I/DefaultPermGrantPolicy(  573): Granting permissions to default sms app for user:0
06-16 13:20:56.676 I/viders.calendar(  914): type=1400 audit(0.0:339): avc: denied { sendto } for path="/dev/socket/logdw" scontext=u:r:priv_app:s0:c512,c768 tcontext=u:r:init:s0 tclass=unix_dgram_socket permissive=1
06-16 13:20:56.677 I/DefaultPermGrantPolicy(  573): Granting permissions to default dialer app for user:0
06-16 13:20:56.679 W/System  (  914): ClassLoader referenced unknown path: /system/priv-app/CalendarProvider/lib/x86_64
06-16 13:20:56.760 I/Telecom (  573): PhoneAccountRegistrar: SimCallManager queried, returning: null: TSI.gSCM@AAM
06-16 13:20:56.768 I/m.android.phone(  755): type=1400 audit(0.0:340): avc: denied { sendto } for path="/dev/socket/logdw" scontext=u:r:radio:s0 tcontext=u:r:init:s0 tclass=unix_dgram_socket permissive=1
06-16 13:20:56.840 I/FusedLocation(  573): engine started (com.android.location.fused)
06-16 13:20:56.844 I/VolumeDialogCon(  874): type=1400 audit(0.0:341): avc: denied { sendto } for path="/dev/socket/logdw" scontext=u:r:platform_app:s0:c512,c768 tcontext=u:r:init:s0 tclass=unix_dgram_socket permissive=1
06-16 13:20:56.844 E/BluetoothAdapter(  755): Bluetooth binder is null
06-16 13:20:56.847 I/vol.Events(  672): writeEvent level_changed STREAM_ALARM 6
06-16 13:20:56.847 I/vol.Events(  672): writeEvent level_changed STREAM_BLUETOOTH_SCO 7
06-16 13:20:56.848 I/vol.Events(  672): writeEvent level_changed STREAM_MUSIC 11
06-16 13:20:56.848 I/vol.Events(  672): writeEvent level_changed STREAM_RING 5
06-16 13:20:56.848 I/vol.Events(  672): writeEvent level_changed STREAM_SYSTEM 5
06-16 13:20:56.848 I/vol.Events(  672): writeEvent level_changed STREAM_VOICE_CALL 4
06-16 13:20:56.849 I/vol.Events(  672): writeEvent external_ringer_mode_changed normal
06-16 13:20:56.855 I/SoftMPEG4Encoder(  277): Construct SoftMPEG4Encoder
06-16 13:20:56.912 I/healthd (  288): type=1400 audit(0.0:342): avc: denied { read } for name="capacity" dev="fuse" ino=8 scontext=u:r:init:s0 tcontext=u:object_r:fuse:s0 tclass=file permissive=1
06-16 13:20:56.917 W/ACodec  (  280): do not know color format 0x7f000789 = 2130708361
06-16 13:20:56.917 E/OMXNodeInstance(  277): getConfig(1150015:google.h263.encoder, ConfigAndroidIntraRefresh(0x6f60000a)) ERROR: Undefined(0x80001001)
06-16 13:20:56.917 I/org.webrtc.Logging(  762): PeerConnectionFactory: PeerConnectionFactory was initialized without an injected Loggable. Any existing Loggable will be deleted.
06-16 13:20:56.920 I/MediaPlayerService(  280): MediaPlayerService::getOMX
06-16 13:20:56.921 I/OMXClient(  280): MuxOMX ctor
06-16 13:20:56.926 I/OMXMaster(  277): makeComponentInstance(OMX.google.h264.encoder) in mediacodec process
06-16 13:20:57.005 I/art     (  573): Background partial concurrent mark sweep GC freed 17359(1639KB) AllocSpace objects, 4(140KB) LOS objects, 33% free, 7MB/11MB, paused 124us total 164.713ms
06-16 13:20:57.006 W/art     (  950): Unexpected CPU variant for X86 using defaults: x86_64
06-16 13:20:57.075 W/ActivityManager(  573): Slow operation: 74ms so far, now at startProcess: returned from zygote!
06-16 13:20:57.075 W/ActivityManager(  573): Slow operation: 74ms so far, now at startProcess: done updating battery stats
06-16 13:20:57.075 W/ActivityManager(  573): Slow operation: 74ms so far, now at startProcess: building log message
06-16 13:20:57.075 I/ActivityManager(  573): Start proc 950:android.process.acore/u0a1 for content provider com.android.providers.contacts/.ContactsProvider2
06-16 13:20:57.075 W/ActivityManager(  573): Slow operation: 74ms so far, now at startProcess: starting to update pids map
06-16 13:20:57.075 W/ActivityManager(  573): Slow operation: 74ms so far, now at startProcess: done updating pids map
06-16 13:20:57.075 W/ActivityManager(  573): Slow operation: 74ms so far, now at startProcess: done starting proc!
06-16 13:20:57.075 W/ActivityManager(  573): Slow operation: 74ms so far, now at getContentProviderImpl: after start process
06-16 13:20:57.075 W/ActivityManager(  573): Slow operation: 74ms so far, now at getContentProviderImpl: updating data structures
06-16 13:20:57.075 W/ActivityManager(  573): Slow operation: 74ms so far, now at getContentProviderImpl: done!
06-16 13:20:57.088 I/org.webrtc.Logging(  762): WebRtcAudioManagerExternal: Sample rate is set to 44100 Hz
06-16 13:20:57.088 I/org.webrtc.Logging(  762): WebRtcAudioManagerExternal: Sample rate is set to 44100 Hz
06-16 13:20:57.088 I/org.webrtc.Logging(  762): JavaAudioDeviceModule: createAudioDeviceModule
06-16 13:20:57.088 I/org.webrtc.Logging(  762): JavaAudioDeviceModule: HW NS will not be used.
06-16 13:20:57.088 I/org.webrtc.Logging(  762): JavaAudioDeviceModule: HW AEC will not be used.
06-16 13:20:57.089 I/org.webrtc.Logging(  762): WebRtcAudioEffectsExternal: ctor@[name=Thread-2, id=36]
06-16 13:20:57.089 I/org.webrtc.Logging(  762): WebRtcAudioRecordExternal: ctor@[name=Thread-2, id=36]
06-16 13:20:57.089 I/org.webrtc.Logging(  762): WebRtcAudioTrackExternal: ctor@[name=Thread-2, id=36]
06-16 13:20:57.156 I/audioserver(  271): type=1400 audit(0.0:346): avc: denied { sendto } for path="/dev/socket/logdw" scontext=u:r:audioserver:s0 tcontext=u:r:init:s0 tclass=unix_dgram_socket permissive=1
06-16 13:20:57.157 I/Telephony(  755): TtyManager: updateUiTtyMode -1 -> 0
06-16 13:20:57.159 W/ACodec  (  280): do not know color format 0x7f000789 = 2130708361
06-16 13:20:57.168 I/MediaPlayerService(  280): MediaPlayerService::getOMX
06-16 13:20:57.168 I/OMXClient(  280): MuxOMX ctor
06-16 13:20:57.168 I/OMXMaster(  277): makeComponentInstance(OMX.google.mpeg4.encoder) in mediacodec process
06-16 13:20:57.172 I/CalendarProvider2(  914): Created com.android.providers.calendar.CalendarAlarmManager@f3a8c27(com.android.providers.calendar.CalendarProvider2@fcbbed4)
06-16 13:20:57.176 I/AlarmClock(  896): AlarmInitReceiver android.intent.action.LOCKED_BOOT_COMPLETED
06-16 13:20:57.236 I/genybaseband(  600): type=1400 audit(0.0:347): avc: denied { read } for path="socket:[9586]" dev="sockfs" ino=9586 scontext=u:r:logwrapper:s0 tcontext=u:r:init:s0 tclass=unix_stream_socket permissive=1
06-16 13:20:57.236 I/genybaseband(  600): type=1400 audit(0.0:348): avc: denied { sendto } for path="/dev/socket/logdw" scontext=u:r:logwrapper:s0 tcontext=u:r:init:s0 tclass=unix_dgram_socket permissive=1
06-16 13:20:57.236 I/genybaseband(  600): type=1400 audit(0.0:349): avc: denied { write } for path="socket:[9581]" dev="sockfs" ino=9581 scontext=u:r:logwrapper:s0 tcontext=u:r:logwrapper:s0 tclass=tcp_socket permissive=1
06-16 13:20:57.236 I/genybaseband(  600): type=1400 audit(0.0:350): avc: denied { read } for path="socket:[9581]" dev="sockfs" ino=9581 scontext=u:r:logwrapper:s0 tcontext=u:r:logwrapper:s0 tclass=tcp_socket permissive=1
06-16 13:20:57.241 I/GnssLocationProvider(  573): WakeLock acquired by sendMessage(12, 0, null)
06-16 13:20:57.242 I/GnssLocationProvider(  573): WakeLock released by handleMessage(12, 0, null)
06-16 13:20:57.243 I/BackupManagerService(  573): Found stale backup journal, scheduling
